 RightInvariant_EKF_sfun

 Timestamp is 5abb9363 (Wed Mar 28 09:06:43 2018)

 Preferred load address is 0000000180000000

 Start         Length     Name                   Class
 0001:00000000 0004e770H .text$mn                CODE
 0001:0004e770 00000012H .text$mn$00             CODE
 0001:0004e782 00000081H .text$x                 CODE
 0002:00000000 000005e8H .idata$5                DATA
 0002:000005e8 00000010H .00cfg                  DATA
 0002:000005f8 00000008H .CRT$XCA                DATA
 0002:00000600 00000008H .CRT$XCZ                DATA
 0002:00000608 00000008H .CRT$XIA                DATA
 0002:00000610 00000008H .CRT$XIZ                DATA
 0002:00000618 00000008H .CRT$XPA                DATA
 0002:00000620 00000008H .CRT$XPZ                DATA
 0002:00000628 00000008H .CRT$XTA                DATA
 0002:00000630 00000010H .CRT$XTZ                DATA
 0002:00000640 000059c4H .rdata                  DATA
 0002:00006004 0000022cH .rdata$zzzdbg           DATA
 0002:00006230 00000008H .rtc$IAA                DATA
 0002:00006238 00000008H .rtc$IZZ                DATA
 0002:00006240 00000008H .rtc$TAA                DATA
 0002:00006248 00000008H .rtc$TZZ                DATA
 0002:00006250 00002fa0H .xdata                  DATA
 0002:000091f0 00000060H .edata                  DATA
 0002:00009250 00000104H .idata$2                DATA
 0002:00009354 00000014H .idata$3                DATA
 0002:00009368 000005e8H .idata$4                DATA
 0002:00009950 000011aeH .idata$6                DATA
 0003:00000000 00001fc0H .data                   DATA
 0003:00001fc0 00000758H .bss                    DATA
 0004:00000000 00002094H .pdata                  DATA
 0005:00000000 00000018H .gfids$y                DATA

  Address         Publics by Value              Rva+Base               Lib:Object

 0000:00000000       __guard_longjmp_count      0000000000000000     <absolute>
 0000:00000000       __dynamic_value_reloc_table 0000000000000000     <absolute>
 0000:00000000       __guard_fids_count         0000000000000000     <absolute>
 0000:00000000       __guard_iat_count          0000000000000000     <absolute>
 0000:00000000       ___safe_se_handler_count   0000000000000000     <absolute>
 0000:00000000       __guard_iat_table          0000000000000000     <absolute>
 0000:00000000       ___safe_se_handler_table   0000000000000000     <absolute>
 0000:00000000       __guard_longjmp_table      0000000000000000     <absolute>
 0000:00000000       __guard_fids_table         0000000000000000     <absolute>
 0000:00000100       __guard_flags              0000000000000100     <absolute>
 0000:00000000       __ImageBase                0000000180000000     <linker-defined>
 0001:00000000       RightInvariant_EKF_debug_initialize 0000000180001000 f   RightInvariant_EKF_sfun.obj
 0001:00000070       RightInvariant_EKF_initializer 0000000180001070 f   RightInvariant_EKF_sfun.obj
 0001:00000080       RightInvariant_EKF_register_exported_symbols 0000000180001080 f   RightInvariant_EKF_sfun.obj
 0001:00000090       RightInvariant_EKF_terminator 0000000180001090 f   RightInvariant_EKF_sfun.obj
 0001:000000a0       load_RightInvariant_EKF_optimization_info 00000001800010a0 f   RightInvariant_EKF_sfun.obj
 0001:00000150       sf_RightInvariant_EKF_autoinheritance_info 0000000180001150 f   RightInvariant_EKF_sfun.obj
 0001:000002a0       sf_RightInvariant_EKF_get_eml_resolved_functions_info 00000001800012a0 f   RightInvariant_EKF_sfun.obj
 0001:00000390       sf_RightInvariant_EKF_jit_fallback_info 0000000180001390 f   RightInvariant_EKF_sfun.obj
 0001:000004e0       sf_RightInvariant_EKF_method_dispatcher 00000001800014e0 f   RightInvariant_EKF_sfun.obj
 0001:00000540       sf_RightInvariant_EKF_process_check_sum_call 0000000180001540 f   RightInvariant_EKF_sfun.obj
 0001:00000820       sf_RightInvariant_EKF_third_party_uses_info 0000000180001820 f   RightInvariant_EKF_sfun.obj
 0001:00000970       sf_RightInvariant_EKF_updateBuildInfo_args_info 0000000180001970 f   RightInvariant_EKF_sfun.obj
 0001:00000ac0       unload_RightInvariant_EKF_optimization_info 0000000180001ac0 f   RightInvariant_EKF_sfun.obj
 0001:00000af0       c1_RightInvariant_EKF_method_dispatcher 0000000180001af0 f   c1_RightInvariant_EKF.obj
 0001:00007dd0       sf_c1_RightInvariant_EKF_get_autoinheritance_info 0000000180008dd0 f   c1_RightInvariant_EKF.obj
 0001:00008630       sf_c1_RightInvariant_EKF_get_check_sum 0000000180009630 f   c1_RightInvariant_EKF.obj
 0001:000086a0       sf_c1_RightInvariant_EKF_get_eml_resolved_functions_info 00000001800096a0 f   c1_RightInvariant_EKF.obj
 0001:00008720       sf_c1_RightInvariant_EKF_get_post_codegen_info 0000000180009720 f   c1_RightInvariant_EKF.obj
 0001:000087e0       sf_c1_RightInvariant_EKF_jit_fallback_info 00000001800097e0 f   c1_RightInvariant_EKF.obj
 0001:00008930       sf_c1_RightInvariant_EKF_third_party_uses_info 0000000180009930 f   c1_RightInvariant_EKF.obj
 0001:00008940       sf_c1_RightInvariant_EKF_updateBuildInfo_args_info 0000000180009940 f   c1_RightInvariant_EKF.obj
 0001:00009030       c2_RightInvariant_EKF_method_dispatcher 000000018000a030 f   c2_RightInvariant_EKF.obj
 0001:0000bbd0       sf_c2_RightInvariant_EKF_get_autoinheritance_info 000000018000cbd0 f   c2_RightInvariant_EKF.obj
 0001:0000c240       sf_c2_RightInvariant_EKF_get_check_sum 000000018000d240 f   c2_RightInvariant_EKF.obj
 0001:0000c2b0       sf_c2_RightInvariant_EKF_get_eml_resolved_functions_info 000000018000d2b0 f   c2_RightInvariant_EKF.obj
 0001:0000c340       sf_c2_RightInvariant_EKF_get_post_codegen_info 000000018000d340 f   c2_RightInvariant_EKF.obj
 0001:0000c400       sf_c2_RightInvariant_EKF_jit_fallback_info 000000018000d400 f   c2_RightInvariant_EKF.obj
 0001:0000c550       sf_c2_RightInvariant_EKF_third_party_uses_info 000000018000d550 f   c2_RightInvariant_EKF.obj
 0001:0000c560       sf_c2_RightInvariant_EKF_updateBuildInfo_args_info 000000018000d560 f   c2_RightInvariant_EKF.obj
 0001:0000f020       c40_RightInvariant_EKF_method_dispatcher 0000000180010020 f   c40_RightInvariant_EKF.obj
 0001:00019450       sf_c40_RightInvariant_EKF_get_autoinheritance_info 000000018001a450 f   c40_RightInvariant_EKF.obj
 0001:0001a050       sf_c40_RightInvariant_EKF_get_check_sum 000000018001b050 f   c40_RightInvariant_EKF.obj
 0001:0001a0c0       sf_c40_RightInvariant_EKF_get_eml_resolved_functions_info 000000018001b0c0 f   c40_RightInvariant_EKF.obj
 0001:0001a170       sf_c40_RightInvariant_EKF_get_post_codegen_info 000000018001b170 f   c40_RightInvariant_EKF.obj
 0001:0001a230       sf_c40_RightInvariant_EKF_jit_fallback_info 000000018001b230 f   c40_RightInvariant_EKF.obj
 0001:0001a380       sf_c40_RightInvariant_EKF_third_party_uses_info 000000018001b380 f   c40_RightInvariant_EKF.obj
 0001:0001a390       sf_c40_RightInvariant_EKF_updateBuildInfo_args_info 000000018001b390 f   c40_RightInvariant_EKF.obj
 0001:0001ad00       ProcessMexSfunctionEveryCall 000000018001bd00 f   RightInvariant_EKF_sfun_registry.obj
 0001:0001b4b0       __local_stdio_printf_options 000000018001c4b0 f i RightInvariant_EKF_sfun_registry.obj
 0001:0001b560       _ssGetAbsTol               000000018001c560 f   RightInvariant_EKF_sfun_registry.obj
 0001:0001b620       _ssGetCallSystemNumFcnCallDestinations 000000018001c620 f   RightInvariant_EKF_sfun_registry.obj
 0001:0001b660       _ssGetCompInputPortSymbolicDimsId 000000018001c660 f   RightInvariant_EKF_sfun_registry.obj
 0001:0001b6a0       _ssGetCompOutputPortSymbolicDimsId 000000018001c6a0 f   RightInvariant_EKF_sfun_registry.obj
 0001:0001b6e0       _ssGetCurrentInputPortWidth 000000018001c6e0 f   RightInvariant_EKF_sfun_registry.obj
 0001:0001b740       _ssGetCurrentOutputPortWidth 000000018001c740 f   RightInvariant_EKF_sfun_registry.obj
 0001:0001b7a0       _ssGetInputPortSignalFcn   000000018001c7a0 f   RightInvariant_EKF_sfun_registry.obj
 0001:0001ba40       _ssGetInputPortSignalPtrsFcn 000000018001ca40 f   RightInvariant_EKF_sfun_registry.obj
 0001:0001bce0       _ssGetNumSymbolicDims      000000018001cce0 f   RightInvariant_EKF_sfun_registry.obj
 0001:0001bd30       _ssGetSymbolicDim          000000018001cd30 f   RightInvariant_EKF_sfun_registry.obj
 0001:0001bd70       _ssRegisterSymbolicDims    000000018001cd70 f   RightInvariant_EKF_sfun_registry.obj
 0001:0001bdc0       _ssRegisterSymbolicDimsDivide 000000018001cdc0 f   RightInvariant_EKF_sfun_registry.obj
 0001:0001be00       _ssRegisterSymbolicDimsExpr 000000018001ce00 f   RightInvariant_EKF_sfun_registry.obj
 0001:0001be50       _ssRegisterSymbolicDimsIntValue 000000018001ce50 f   RightInvariant_EKF_sfun_registry.obj
 0001:0001be90       _ssRegisterSymbolicDimsMinus 000000018001ce90 f   RightInvariant_EKF_sfun_registry.obj
 0001:0001bed0       _ssRegisterSymbolicDimsMultiply 000000018001ced0 f   RightInvariant_EKF_sfun_registry.obj
 0001:0001bf10       _ssRegisterSymbolicDimsPlus 000000018001cf10 f   RightInvariant_EKF_sfun_registry.obj
 0001:0001bf50       _ssRegisterSymbolicDimsString 000000018001cf50 f   RightInvariant_EKF_sfun_registry.obj
 0001:0001bfa0       _ssSetCompDWorkSymbolicDimsId 000000018001cfa0 f   RightInvariant_EKF_sfun_registry.obj
 0001:0001bfe0       _ssSetCompInputPortSymbolicDimsId 000000018001cfe0 f   RightInvariant_EKF_sfun_registry.obj
 0001:0001c020       _ssSetCompOutputPortSymbolicDimsId 000000018001d020 f   RightInvariant_EKF_sfun_registry.obj
 0001:0001c060       _ssSetInputPortDirectFeedThroughFcn 000000018001d060 f   RightInvariant_EKF_sfun_registry.obj
 0001:0001c1c0       _ssSetInputPortMatrixDimensions 000000018001d1c0 f   RightInvariant_EKF_sfun_registry.obj
 0001:0001c260       _ssSetInputPortReusableFcn 000000018001d260 f   RightInvariant_EKF_sfun_registry.obj
 0001:0001c300       _ssSetInputPortSymbolicDimsId 000000018001d300 f   RightInvariant_EKF_sfun_registry.obj
 0001:0001c340       _ssSetInputPortVectorDimension 000000018001d340 f   RightInvariant_EKF_sfun_registry.obj
 0001:0001c3a0       _ssSetOutputPortMatrixDimensions 000000018001d3a0 f   RightInvariant_EKF_sfun_registry.obj
 0001:0001c440       _ssSetOutputPortReusableFcn 000000018001d440 f   RightInvariant_EKF_sfun_registry.obj
 0001:0001c4e0       _ssSetOutputPortSymbolicDimsId 000000018001d4e0 f   RightInvariant_EKF_sfun_registry.obj
 0001:0001c520       _ssSetOutputPortVectorDimension 000000018001d520 f   RightInvariant_EKF_sfun_registry.obj
 0001:0001c580       _ssSetStateAbsTol          000000018001d580 f   RightInvariant_EKF_sfun_registry.obj
 0001:0001c5f0       _ssSetSymbolicDimsSupport  000000018001d5f0 f   RightInvariant_EKF_sfun_registry.obj
 0001:0001c620       _vsnprintf_l               000000018001d620 f i RightInvariant_EKF_sfun_registry.obj
 0001:0001c690       _vsprintf_l                000000018001d690 f i RightInvariant_EKF_sfun_registry.obj
 0001:0001c700       callCustomFcn              000000018001d700 f   RightInvariant_EKF_sfun_registry.obj
 0001:0001c750       mdlGetSimState             000000018001d750 f   RightInvariant_EKF_sfun_registry.obj
 0001:0001c860       mdlSetSimState             000000018001d860 f   RightInvariant_EKF_sfun_registry.obj
 0001:0001cc20       mexFunction                000000018001dc20 f   RightInvariant_EKF_sfun_registry.obj
 0001:0001d6d0       sf_machine_global_initializer 000000018001e6d0 f   RightInvariant_EKF_sfun_registry.obj
 0001:0001d770       sf_machine_global_initializer_called 000000018001e770 f   RightInvariant_EKF_sfun_registry.obj
 0001:0001d780       sf_machine_global_method_dispatcher 000000018001e780 f   RightInvariant_EKF_sfun_registry.obj
 0001:0001d850       sf_machine_global_terminator 000000018001e850 f   RightInvariant_EKF_sfun_registry.obj
 0001:0001d890       sf_mex_unlock_call         000000018001e890 f   RightInvariant_EKF_sfun_registry.obj
 0001:0001d930       sf_process_autoinheritance_call 000000018001e930 f   RightInvariant_EKF_sfun_registry.obj
 0001:0001dad0       sf_process_check_sum_call  000000018001ead0 f   RightInvariant_EKF_sfun_registry.obj
 0001:0001db50       sf_process_get_eml_resolved_functions_info_call 000000018001eb50 f   RightInvariant_EKF_sfun_registry.obj
 0001:0001dcd0       sf_process_get_jit_fallback_info_call 000000018001ecd0 f   RightInvariant_EKF_sfun_registry.obj
 0001:0001de70       sf_process_get_third_party_uses_info_call 000000018001ee70 f   RightInvariant_EKF_sfun_registry.obj
 0001:0001e010       sf_process_get_updateBuildInfo_args_info_call 000000018001f010 f   RightInvariant_EKF_sfun_registry.obj
 0001:0001e1b0       sf_register_machine_exported_symbols 000000018001f1b0 f   RightInvariant_EKF_sfun_registry.obj
 0001:0001e1e0       sprintf                    000000018001f1e0 f i RightInvariant_EKF_sfun_registry.obj
 0001:0001e240       ssCloneAndAddZcSignalInfo  000000018001f240 f   RightInvariant_EKF_sfun_registry.obj
 0001:0001e280       ssCreateAndAddZcSignalInfo 000000018001f280 f   RightInvariant_EKF_sfun_registry.obj
 0001:0001e2c0       ssGetDTypeIdFromMxArray    000000018001f2c0 f   RightInvariant_EKF_sfun_registry.obj
 0001:0001e390       ssGetIsInputPortElementContinuous 000000018001f390 f   RightInvariant_EKF_sfun_registry.obj
 0001:0001e400       ssGetIsZeroCrossControlDisabled 000000018001f400 f   RightInvariant_EKF_sfun_registry.obj
 0001:0001e440       ssGetNumZcSignals          000000018001f440 f   RightInvariant_EKF_sfun_registry.obj
 0001:0001e480       ssGetParameterTuningCompliance 000000018001f480 f   RightInvariant_EKF_sfun_registry.obj
 0001:0001e4c0       ssGetSFuncBlockHandle      000000018001f4c0 f   RightInvariant_EKF_sfun_registry.obj
 0001:0001e500       ssGetZcSignalIsZcElementDisc 000000018001f500 f   RightInvariant_EKF_sfun_registry.obj
 0001:0001e570       ssGetZcSignalName          000000018001f570 f   RightInvariant_EKF_sfun_registry.obj
 0001:0001e5c0       ssGetZcSignalNeedsEventNotification 000000018001f5c0 f   RightInvariant_EKF_sfun_registry.obj
 0001:0001e600       ssGetZcSignalType          000000018001f600 f   RightInvariant_EKF_sfun_registry.obj
 0001:0001e640       ssGetZcSignalVector        000000018001f640 f   RightInvariant_EKF_sfun_registry.obj
 0001:0001e690       ssGetZcSignalWidth         000000018001f690 f   RightInvariant_EKF_sfun_registry.obj
 0001:0001e6d0       ssGetZcSignalZcEventType   000000018001f6d0 f   RightInvariant_EKF_sfun_registry.obj
 0001:0001e710       ssGetZcSignalZcEvents      000000018001f710 f   RightInvariant_EKF_sfun_registry.obj
 0001:0001e760       ssGetZcSignalZcTol         000000018001f760 f   RightInvariant_EKF_sfun_registry.obj
 0001:0001e7a0       ssIsRunTimeParamTunable    000000018001f7a0 f   RightInvariant_EKF_sfun_registry.obj
 0001:0001e7e0       ssSetIsInputPortUsedForContZcSignal 000000018001f7e0 f   RightInvariant_EKF_sfun_registry.obj
 0001:0001e820       ssSetZcSignalIsZcElementDisc 000000018001f820 f   RightInvariant_EKF_sfun_registry.obj
 0001:0001e880       ssSetZcSignalName          000000018001f880 f   RightInvariant_EKF_sfun_registry.obj
 0001:0001e8b0       ssSetZcSignalNeedsEventNotification 000000018001f8b0 f   RightInvariant_EKF_sfun_registry.obj
 0001:0001e8f0       ssSetZcSignalType          000000018001f8f0 f   RightInvariant_EKF_sfun_registry.obj
 0001:0001e930       ssSetZcSignalWidth         000000018001f930 f   RightInvariant_EKF_sfun_registry.obj
 0001:0001e970       ssSetZcSignalZcEventType   000000018001f970 f   RightInvariant_EKF_sfun_registry.obj
 0001:0001e9b0       ssSetZcSignalZcTol         000000018001f9b0 f   RightInvariant_EKF_sfun_registry.obj
 0001:0001e9f0       ssWarning                  000000018001f9f0 f   RightInvariant_EKF_sfun_registry.obj
 0001:0001ead0       ssWriteRTWMx2dMatParam     000000018001fad0 f   RightInvariant_EKF_sfun_registry.obj
 0001:0001eb20       ssWriteRTWMxVectParam      000000018001fb20 f   RightInvariant_EKF_sfun_registry.obj
 0001:0001eb60       ssWriteRTWNameValuePair    000000018001fb60 f   RightInvariant_EKF_sfun_registry.obj
 0001:0001ed50       ssWriteRTWParamSettings    000000018001fd50 f   RightInvariant_EKF_sfun_registry.obj
 0001:0001f020       ssWriteRTWParameters       0000000180020020 f   RightInvariant_EKF_sfun_registry.obj
 0001:0001f210       ssWriteRTWStr              0000000180020210 f   RightInvariant_EKF_sfun_registry.obj
 0001:0001f230       ssWriteRTWWorkVect         0000000180020230 f   RightInvariant_EKF_sfun_registry.obj
 0001:0001f5b0       Cos                        00000001800205b0 f i p_RightToeBottom_src.obj
 0001:0001f5c0       Sin                        00000001800205c0 f i p_RightToeBottom_src.obj
 0001:00020540       p_RightToeBottom_src       0000000180021540 f   p_RightToeBottom_src.obj
 0001:000214e0       p_LeftToeBottom_src        00000001800224e0 f   p_LeftToeBottom_src.obj
 0001:000214f0       J_RightToeBottom_src       00000001800224f0 f   J_RightToeBottom_src.obj
 0001:00025d90       J_LeftToeBottom_src        0000000180026d90 f   J_LeftToeBottom_src.obj
 0001:0002b1c0       p_VectorNav_to_RightToeBottom_src 000000018002c1c0 f   p_VectorNav_to_RightToeBottom_src.obj
 0001:0002b1d0       R_VectorNav_to_RightToeBottom_src 000000018002c1d0 f   R_VectorNav_to_RightToeBottom_src.obj
 0001:0002c2b0       p_VectorNav_to_LeftToeBottom_src 000000018002d2b0 f   p_VectorNav_to_LeftToeBottom_src.obj
 0001:0002c2c0       R_VectorNav_to_LeftToeBottom_src 000000018002d2c0 f   R_VectorNav_to_LeftToeBottom_src.obj
 0001:0002c850       J_VectorNav_to_RightToeBottom_src 000000018002d850 f   J_VectorNav_to_RightToeBottom_src.obj
 0001:0002ee50       J_VectorNav_to_LeftToeBottom_src 000000018002fe50 f   J_VectorNav_to_LeftToeBottom_src.obj
 0001:000313e0       p_VectorNav_to_Pelvis_src  00000001800323e0 f   p_VectorNav_to_Pelvis_src.obj
 0001:00031410       R_VectorNav_to_Pelvis_src  0000000180032410 f   R_VectorNav_to_Pelvis_src.obj
 0001:00031490       StateEstimation_debug_initialize 0000000180032490 f   StateEstimation_sfun:StateEstimation_sfun.obj
 0001:00031500       StateEstimation_initializer 0000000180032500 f   StateEstimation_sfun:StateEstimation_sfun.obj
 0001:00031510       StateEstimation_register_exported_symbols 0000000180032510 f   StateEstimation_sfun:StateEstimation_sfun.obj
 0001:00031520       StateEstimation_terminator 0000000180032520 f   StateEstimation_sfun:StateEstimation_sfun.obj
 0001:00031530       load_StateEstimation_optimization_info 0000000180032530 f   StateEstimation_sfun:StateEstimation_sfun.obj
 0001:000315e0       sf_StateEstimation_autoinheritance_info 00000001800325e0 f   StateEstimation_sfun:StateEstimation_sfun.obj
 0001:00031730       sf_StateEstimation_get_eml_resolved_functions_info 0000000180032730 f   StateEstimation_sfun:StateEstimation_sfun.obj
 0001:00031820       sf_StateEstimation_jit_fallback_info 0000000180032820 f   StateEstimation_sfun:StateEstimation_sfun.obj
 0001:00031970       sf_StateEstimation_method_dispatcher 0000000180032970 f   StateEstimation_sfun:StateEstimation_sfun.obj
 0001:000319d0       sf_StateEstimation_process_check_sum_call 00000001800329d0 f   StateEstimation_sfun:StateEstimation_sfun.obj
 0001:00031bf0       sf_StateEstimation_third_party_uses_info 0000000180032bf0 f   StateEstimation_sfun:StateEstimation_sfun.obj
 0001:00031d40       sf_StateEstimation_updateBuildInfo_args_info 0000000180032d40 f   StateEstimation_sfun:StateEstimation_sfun.obj
 0001:00031e90       unload_StateEstimation_optimization_info 0000000180032e90 f   StateEstimation_sfun:StateEstimation_sfun.obj
 0001:00031ec0       c21_StateEstimation_method_dispatcher 0000000180032ec0 f   StateEstimation_sfun:c21_StateEstimation.obj
 0001:00034b90       sf_c21_StateEstimation_get_autoinheritance_info 0000000180035b90 f   StateEstimation_sfun:c21_StateEstimation.obj
 0001:00035200       sf_c21_StateEstimation_get_check_sum 0000000180036200 f   StateEstimation_sfun:c21_StateEstimation.obj
 0001:00035270       sf_c21_StateEstimation_get_eml_resolved_functions_info 0000000180036270 f   StateEstimation_sfun:c21_StateEstimation.obj
 0001:00035300       sf_c21_StateEstimation_get_post_codegen_info 0000000180036300 f   StateEstimation_sfun:c21_StateEstimation.obj
 0001:000353c0       sf_c21_StateEstimation_jit_fallback_info 00000001800363c0 f   StateEstimation_sfun:c21_StateEstimation.obj
 0001:00035510       sf_c21_StateEstimation_third_party_uses_info 0000000180036510 f   StateEstimation_sfun:c21_StateEstimation.obj
 0001:00035520       sf_c21_StateEstimation_updateBuildInfo_args_info 0000000180036520 f   StateEstimation_sfun:c21_StateEstimation.obj
 0001:00038bc0       c41_StateEstimation_method_dispatcher 0000000180039bc0 f   StateEstimation_sfun:c41_StateEstimation.obj
 0001:00040d70       sf_c41_StateEstimation_get_autoinheritance_info 0000000180041d70 f   StateEstimation_sfun:c41_StateEstimation.obj
 0001:00041490       sf_c41_StateEstimation_get_check_sum 0000000180042490 f   StateEstimation_sfun:c41_StateEstimation.obj
 0001:00041500       sf_c41_StateEstimation_get_eml_resolved_functions_info 0000000180042500 f   StateEstimation_sfun:c41_StateEstimation.obj
 0001:000415b0       sf_c41_StateEstimation_get_post_codegen_info 00000001800425b0 f   StateEstimation_sfun:c41_StateEstimation.obj
 0001:00041670       sf_c41_StateEstimation_jit_fallback_info 0000000180042670 f   StateEstimation_sfun:c41_StateEstimation.obj
 0001:000417c0       sf_c41_StateEstimation_third_party_uses_info 00000001800427c0 f   StateEstimation_sfun:c41_StateEstimation.obj
 0001:000417d0       sf_c41_StateEstimation_updateBuildInfo_args_info 00000001800427d0 f   StateEstimation_sfun:c41_StateEstimation.obj
 0001:00041d90       c42_StateEstimation_method_dispatcher 0000000180042d90 f   StateEstimation_sfun:c42_StateEstimation.obj
 0001:000449f0       sf_c42_StateEstimation_get_autoinheritance_info 00000001800459f0 f   StateEstimation_sfun:c42_StateEstimation.obj
 0001:00044e70       sf_c42_StateEstimation_get_check_sum 0000000180045e70 f   StateEstimation_sfun:c42_StateEstimation.obj
 0001:00044ee0       sf_c42_StateEstimation_get_eml_resolved_functions_info 0000000180045ee0 f   StateEstimation_sfun:c42_StateEstimation.obj
 0001:00044f70       sf_c42_StateEstimation_get_post_codegen_info 0000000180045f70 f   StateEstimation_sfun:c42_StateEstimation.obj
 0001:00045030       sf_c42_StateEstimation_jit_fallback_info 0000000180046030 f   StateEstimation_sfun:c42_StateEstimation.obj
 0001:00045180       sf_c42_StateEstimation_third_party_uses_info 0000000180046180 f   StateEstimation_sfun:c42_StateEstimation.obj
 0001:00045190       sf_c42_StateEstimation_updateBuildInfo_args_info 0000000180046190 f   StateEstimation_sfun:c42_StateEstimation.obj
 0001:00046a80       UDP_Communication_debug_initialize 0000000180047a80 f   UDP_Communication_sfun:UDP_Communication_sfun.obj
 0001:00046af0       UDP_Communication_initializer 0000000180047af0 f   UDP_Communication_sfun:UDP_Communication_sfun.obj
 0001:00046b00       UDP_Communication_register_exported_symbols 0000000180047b00 f   UDP_Communication_sfun:UDP_Communication_sfun.obj
 0001:00046b10       UDP_Communication_terminator 0000000180047b10 f   UDP_Communication_sfun:UDP_Communication_sfun.obj
 0001:00046b20       load_UDP_Communication_optimization_info 0000000180047b20 f   UDP_Communication_sfun:UDP_Communication_sfun.obj
 0001:00046bd0       sf_UDP_Communication_autoinheritance_info 0000000180047bd0 f   UDP_Communication_sfun:UDP_Communication_sfun.obj
 0001:00046cd0       sf_UDP_Communication_get_eml_resolved_functions_info 0000000180047cd0 f   UDP_Communication_sfun:UDP_Communication_sfun.obj
 0001:00046da0       sf_UDP_Communication_jit_fallback_info 0000000180047da0 f   UDP_Communication_sfun:UDP_Communication_sfun.obj
 0001:00046ea0       sf_UDP_Communication_method_dispatcher 0000000180047ea0 f   UDP_Communication_sfun:UDP_Communication_sfun.obj
 0001:00046ed0       sf_UDP_Communication_process_check_sum_call 0000000180047ed0 f   UDP_Communication_sfun:UDP_Communication_sfun.obj
 0001:000470c0       sf_UDP_Communication_third_party_uses_info 00000001800480c0 f   UDP_Communication_sfun:UDP_Communication_sfun.obj
 0001:000471c0       sf_UDP_Communication_updateBuildInfo_args_info 00000001800481c0 f   UDP_Communication_sfun:UDP_Communication_sfun.obj
 0001:000472c0       unload_UDP_Communication_optimization_info 00000001800482c0 f   UDP_Communication_sfun:UDP_Communication_sfun.obj
 0001:000485a0       c43_UDP_Communication_method_dispatcher 00000001800495a0 f   UDP_Communication_sfun:c43_UDP_Communication.obj
 0001:0004b1d0       sf_c43_UDP_Communication_get_autoinheritance_info 000000018004c1d0 f   UDP_Communication_sfun:c43_UDP_Communication.obj
 0001:0004b650       sf_c43_UDP_Communication_get_check_sum 000000018004c650 f   UDP_Communication_sfun:c43_UDP_Communication.obj
 0001:0004b6c0       sf_c43_UDP_Communication_get_eml_resolved_functions_info 000000018004c6c0 f   UDP_Communication_sfun:c43_UDP_Communication.obj
 0001:0004b740       sf_c43_UDP_Communication_get_post_codegen_info 000000018004c740 f   UDP_Communication_sfun:c43_UDP_Communication.obj
 0001:0004b800       sf_c43_UDP_Communication_jit_fallback_info 000000018004c800 f   UDP_Communication_sfun:c43_UDP_Communication.obj
 0001:0004b950       sf_c43_UDP_Communication_third_party_uses_info 000000018004c950 f   UDP_Communication_sfun:c43_UDP_Communication.obj
 0001:0004b960       sf_c43_UDP_Communication_updateBuildInfo_args_info 000000018004c960 f   UDP_Communication_sfun:c43_UDP_Communication.obj
 0001:0004cffa       sf_load_rtw_optimization_info 000000018004dffa f   sf_runtime:sf_runtime.dll
 0001:0004d000       sf_debug_initialize_machine 000000018004e000 f   sf_runtime:sf_runtime.dll
 0001:0004d006       sf_debug_set_machine_event_thresholds 000000018004e006 f   sf_runtime:sf_runtime.dll
 0001:0004d00c       sf_debug_set_machine_data_thresholds 000000018004e00c f   sf_runtime:sf_runtime.dll
 0001:0004d012       sf_init_ChartRunTimeInfo   000000018004e012 f   sf_runtime:sf_runtime.dll
 0001:0004d018       sf_free_ChartRunTimeInfo   000000018004e018 f   sf_runtime:sf_runtime.dll
 0001:0004d01e       sf_get_chart_instance_ptr  000000018004e01e f   sf_runtime:sf_runtime.dll
 0001:0004d024       sf_rtw_info_uint_prop      000000018004e024 f   sf_runtime:sf_runtime.dll
 0001:0004d02a       sf_update_buildInfo        000000018004e02a f   sf_runtime:sf_runtime.dll
 0001:0004d030       sf_is_chart_inlinable      000000018004e030 f   sf_runtime:sf_runtime.dll
 0001:0004d036       sf_mark_chart_reusable_outputs 000000018004e036 f   sf_runtime:sf_runtime.dll
 0001:0004d03c       sf_mark_chart_expressionable_inputs 000000018004e03c f   sf_runtime:sf_runtime.dll
 0001:0004d042       sim_mode_is_rtw_gen        000000018004e042 f   sf_runtime:sf_runtime.dll
 0001:0004d048       sim_mode_is_external       000000018004e048 f   sf_runtime:sf_runtime.dll
 0001:0004d04e       sim_mode_is_modelref_sim   000000018004e04e f   sf_runtime:sf_runtime.dll
 0001:0004d054       sf_mex_listen_for_ctrl_c_with_debugger 000000018004e054 f   sf_runtime:sf_runtime.dll
 0001:0004d05a       sf_clear_rtw_identifier    000000018004e05a f   sf_runtime:sf_runtime.dll
 0001:0004d060       sf_set_rtw_dwork_info      000000018004e060 f   sf_runtime:sf_runtime.dll
 0001:0004d066       sf_get_time                000000018004e066 f   sf_runtime:sf_runtime.dll
 0001:0004d06c       sf_is_first_init_cond      000000018004e06c f   sf_runtime:sf_runtime.dll
 0001:0004d072       sf_set_chart_accesses_machine_info 000000018004e072 f   sf_runtime:sf_runtime.dll
 0001:0004d078       sf_register_codegen_names_for_scoped_functions_defined_by_chart 000000018004e078 f   sf_runtime:sf_runtime.dll
 0001:0004d07e       sf_mex_call_debug          000000018004e07e f   sf_runtime:sf_runtime.dll
 0001:0004d084       sf_mex_error_message       000000018004e084 f   sf_runtime:sf_runtime.dll
 0001:0004d08a       sf_mex_create              000000018004e08a f   sf_runtime:sf_runtime.dll
 0001:0004d090       sf_mex_createcellmatrix    000000018004e090 f   sf_runtime:sf_runtime.dll
 0001:0004d096       sf_mex_setcell             000000018004e096 f   sf_runtime:sf_runtime.dll
 0001:0004d09c       sf_mex_getcell             000000018004e09c f   sf_runtime:sf_runtime.dll
 0001:0004d0a2       sf_mex_assign              000000018004e0a2 f   sf_runtime:sf_runtime.dll
 0001:0004d0a8       sf_mex_dup                 000000018004e0a8 f   sf_runtime:sf_runtime.dll
 0001:0004d0ae       sf_mex_destroy             000000018004e0ae f   sf_runtime:sf_runtime.dll
 0001:0004d0b4       sf_mex_import              000000018004e0b4 f   sf_runtime:sf_runtime.dll
 0001:0004d0ba       sf_mex_import_vs           000000018004e0ba f   sf_runtime:sf_runtime.dll
 0001:0004d0c0       sf_mex_decode_encoded_mx_struct_array 000000018004e0c0 f   sf_runtime:sf_runtime.dll
 0001:0004d0c6       ssGetCurrentOutputPortDimensions_wrapper 000000018004e0c6 f   sf_runtime:sf_runtime.dll
 0001:0004d0cc       ssSetCurrentOutputPortDimensions_wrapper 000000018004e0cc f   sf_runtime:sf_runtime.dll
 0001:0004d0d2       ssGetInputPortSignal_wrapper 000000018004e0d2 f   sf_runtime:sf_runtime.dll
 0001:0004d0d8       ssGetOutputPortSignal_wrapper 000000018004e0d8 f   sf_runtime:sf_runtime.dll
 0001:0004d0de       sf_eml_array_bounds_check  000000018004e0de f   sf_runtime:sf_runtime.dll
 0001:0004d0e4       sf_debug_initialize_chart  000000018004e0e4 f   sf_runtime:sf_runtime.dll
 0001:0004d0ea       sf_debug_call              000000018004e0ea f   sf_runtime:sf_runtime.dll
 0001:0004d0f0       eml_debug_line_call        000000018004e0f0 f   sf_runtime:sf_runtime.dll
 0001:0004d0f6       cv_eml_eval                000000018004e0f6 f   sf_runtime:sf_runtime.dll
 0001:0004d0fc       cv_eml_init_script         000000018004e0fc f   sf_runtime:sf_runtime.dll
 0001:0004d102       cv_eml_init_fcn            000000018004e102 f   sf_runtime:sf_runtime.dll
 0001:0004d108       cv_eml_init_if             000000018004e108 f   sf_runtime:sf_runtime.dll
 0001:0004d10e       cv_eml_init_while          000000018004e10e f   sf_runtime:sf_runtime.dll
 0001:0004d114       cv_eml_init_mcdc           000000018004e114 f   sf_runtime:sf_runtime.dll
 0001:0004d11a       cv_script_eval             000000018004e11a f   sf_runtime:sf_runtime.dll
 0001:0004d120       cv_script_init_script      000000018004e120 f   sf_runtime:sf_runtime.dll
 0001:0004d126       cv_script_init_fcn         000000018004e126 f   sf_runtime:sf_runtime.dll
 0001:0004d12c       sf_debug_reset_current_state_configuration 000000018004e12c f   sf_runtime:sf_runtime.dll
 0001:0004d132       sf_debug_check_for_state_inconsistency 000000018004e132 f   sf_runtime:sf_runtime.dll
 0001:0004d138       sf_debug_set_chart_data_props 000000018004e138 f   sf_runtime:sf_runtime.dll
 0001:0004d13e       sf_debug_set_chart_data_compiled_props 000000018004e13e f   sf_runtime:sf_runtime.dll
 0001:0004d144       sf_debug_symbol_scope_push 000000018004e144 f   sf_runtime:sf_runtime.dll
 0001:0004d14a       sf_debug_symbol_scope_push_eml 000000018004e14a f   sf_runtime:sf_runtime.dll
 0001:0004d150       sf_debug_symbol_scope_pop  000000018004e150 f   sf_runtime:sf_runtime.dll
 0001:0004d156       sf_debug_symbol_scope_add_eml 000000018004e156 f   sf_runtime:sf_runtime.dll
 0001:0004d15c       sf_debug_symbol_scope_add_eml_importable 000000018004e15c f   sf_runtime:sf_runtime.dll
 0001:0004d162       sf_debug_symbol_scope_add_eml_dyn_importable 000000018004e162 f   sf_runtime:sf_runtime.dll
 0001:0004d168       sf_debug_set_instance_data_value_ptr 000000018004e168 f   sf_runtime:sf_runtime.dll
 0001:0004d16e       sf_debug_set_chart_disable_implicit_casting 000000018004e16e f   sf_runtime:sf_runtime.dll
 0001:0004d174       sf_debug_set_chart_event_thresholds 000000018004e174 f   sf_runtime:sf_runtime.dll
 0001:0004d17a       sf_debug_set_chart_state_info 000000018004e17a f   sf_runtime:sf_runtime.dll
 0001:0004d180       sf_debug_set_chart_decomposition 000000018004e180 f   sf_runtime:sf_runtime.dll
 0001:0004d186       sf_debug_set_chart_substate_count 000000018004e186 f   sf_runtime:sf_runtime.dll
 0001:0004d18c       sf_debug_dim_size_geq_check 000000018004e18c f   sf_runtime:sf_runtime.dll
 0001:0004d192       sf_debug_data_range_wrapper 000000018004e192 f   sf_runtime:sf_runtime.dll
 0001:0004d198       sf_debug_cv_init_trans     000000018004e198 f   sf_runtime:sf_runtime.dll
 0001:0004d19e       sf_debug_cv_init_chart     000000018004e19e f   sf_runtime:sf_runtime.dll
 0001:0004d1a4       sf_debug_cv_init_state     000000018004e1a4 f   sf_runtime:sf_runtime.dll
 0001:0004d1aa       sf_debug_get_script_id     000000018004e1aa f   sf_runtime:sf_runtime.dll
 0001:0004d1b0       sf_debug_set_script_translation 000000018004e1b0 f   sf_runtime:sf_runtime.dll
 0001:0004d1b6       cv_eval_relational         000000018004e1b6 f   sf_runtime:sf_runtime.dll
 0001:0004d1bc       cv_eml_init_relational     000000018004e1bc f   sf_runtime:sf_runtime.dll
 0001:0004d1c2       cv_script_init_if          000000018004e1c2 f   sf_runtime:sf_runtime.dll
 0001:0004d1c8       sf_debug_symbol_switch     000000018004e1c8 f   sf_runtime:sf_runtime.dll
 0001:0004d1ce       sf_get_ChartInfoStruct_CodeGen 000000018004e1ce f   sf_runtime:sf_runtime.dll
 0001:0004d1d4       sf_get_isEnhancedMooreMachine 000000018004e1d4 f   sf_runtime:sf_runtime.dll
 0001:0004d1da       sf_set_compiledInfo        000000018004e1da f   sf_runtime:sf_runtime.dll
 0001:0004d1e0       callMdlMethodAndReportError 000000018004e1e0 f   sf_runtime:sf_runtime.dll
 0001:0004d1e6       call_sf_machine_global_method_dispatcher 000000018004e1e6 f   sf_runtime:sf_runtime.dll
 0001:0004d1ec       sf_mex_error_direct_call   000000018004e1ec f   sf_runtime:sf_runtime.dll
 0001:0004d1f2       sf_clear_error_manager_info 000000018004e1f2 f   sf_runtime:sf_runtime.dll
 0001:0004d1f8       sf_debug_create_debug_instance_struct 000000018004e1f8 f   sf_runtime:sf_runtime.dll
 0001:0004d1fe       sf_debug_terminate         000000018004e1fe f   sf_runtime:sf_runtime.dll
 0001:0004d204       sf_debug_api               000000018004e204 f   sf_runtime:sf_runtime.dll
 0001:0004d20a       sf_mex_addfield            000000018004e20a f   sf_runtime:sf_runtime.dll
 0001:0004d210       sf_mex_createstruct        000000018004e210 f   sf_runtime:sf_runtime.dll
 0001:0004d216       sf_integer_check           000000018004e216 f   sf_runtime:sf_runtime.dll
 0001:0004d21c       cv_script_init_relational  000000018004e21c f   sf_runtime:sf_runtime.dll
 0001:0004d222       cv_script_init_switch      000000018004e222 f   sf_runtime:sf_runtime.dll
 0001:0004d228       mxIsChar                   000000018004e228 f   libmx:libmx.dll
 0001:0004d22e       mxGetPr                    000000018004e22e f   libmx:libmx.dll
 0001:0004d234       mxGetScalar                000000018004e234 f   libmx:libmx.dll
 0001:0004d23a       mxDestroyArray             000000018004e23a f   libmx:libmx.dll
 0001:0004d240       mxCreateDoubleMatrix_730   000000018004e240 f   libmx:libmx.dll
 0001:0004d246       mxGetString_730            000000018004e246 f   libmx:libmx.dll
 0001:0004d24c       mxDuplicateArray           000000018004e24c f   libmx:libmx.dll
 0001:0004d252       mxIsEmpty                  000000018004e252 f   libmx:libmx.dll
 0001:0004d258       mxSetField_730             000000018004e258 f   libmx:libmx.dll
 0001:0004d25e       mxCreateDoubleScalar       000000018004e25e f   libmx:libmx.dll
 0001:0004d264       mxCreateString             000000018004e264 f   libmx:libmx.dll
 0001:0004d26a       mxCreateCellMatrix_730     000000018004e26a f   libmx:libmx.dll
 0001:0004d270       mxCreateCellArray_730      000000018004e270 f   libmx:libmx.dll
 0001:0004d276       mxCreateStructMatrix_730   000000018004e276 f   libmx:libmx.dll
 0001:0004d27c       mxCreateStructArray_730    000000018004e27c f   libmx:libmx.dll
 0001:0004d282       mxCalloc                   000000018004e282 f   libmx:libmx.dll
 0001:0004d288       mxGetM                     000000018004e288 f   libmx:libmx.dll
 0001:0004d28e       mxGetClassID               000000018004e28e f   libmx:libmx.dll
 0001:0004d294       mxIsNumeric                000000018004e294 f   libmx:libmx.dll
 0001:0004d29a       mxIsComplex                000000018004e29a f   libmx:libmx.dll
 0001:0004d2a0       mxGetN                     000000018004e2a0 f   libmx:libmx.dll
 0001:0004d2a6       mexMakeArrayPersistent     000000018004e2a6 f   libmex:libmex.dll
 0001:0004d2ac       mexErrMsgTxt               000000018004e2ac f   libmex:libmex.dll
 0001:0004d2b2       mexWarnMsgTxt              000000018004e2b2 f   libmex:libmex.dll
 0001:0004d2b8       mexCallMATLABWithObject    000000018004e2b8 f   libmex:libmex.dll
 0001:0004d2be       mexLock                    000000018004e2be f   libmex:libmex.dll
 0001:0004d2c4       mexUnlock                  000000018004e2c4 f   libmex:libmex.dll
 0001:0004d2ca       mexIsLocked                000000018004e2ca f   libmex:libmex.dll
 0001:0004d2d0       utMalloc                   000000018004e2d0 f   libut:libut.dll
 0001:0004d2d6       utFree                     000000018004e2d6 f   libut:libut.dll
 0001:0004d2dc       muDoubleScalarAbs          000000018004e2dc f   libmwmathutil:libmwmathutil.dll
 0001:0004d2e2       muDoubleScalarFloor        000000018004e2e2 f   libmwmathutil:libmwmathutil.dll
 0001:0004d2e8       muDoubleScalarRound        000000018004e2e8 f   libmwmathutil:libmwmathutil.dll
 0001:0004d2ee       muDoubleScalarExp          000000018004e2ee f   libmwmathutil:libmwmathutil.dll
 0001:0004d2f4       muDoubleScalarLog          000000018004e2f4 f   libmwmathutil:libmwmathutil.dll
 0001:0004d2fa       muDoubleScalarIsNaN        000000018004e2fa f   libmwmathutil:libmwmathutil.dll
 0001:0004d300       muDoubleScalarCos          000000018004e300 f   libmwmathutil:libmwmathutil.dll
 0001:0004d306       muDoubleScalarSin          000000018004e306 f   libmwmathutil:libmwmathutil.dll
 0001:0004d30c       muDoubleScalarAsin         000000018004e30c f   libmwmathutil:libmwmathutil.dll
 0001:0004d312       muDoubleScalarAtan2        000000018004e312 f   libmwmathutil:libmwmathutil.dll
 0001:0004d318       muDoubleScalarSqrt         000000018004e318 f   libmwmathutil:libmwmathutil.dll
 0001:0004d31e       muDoubleScalarMax          000000018004e31e f   libmwmathutil:libmwmathutil.dll
 0001:0004d324       muDoubleScalarMin          000000018004e324 f   libmwmathutil:libmwmathutil.dll
 0001:0004d32a       emlrtNameCaptureMxArrayR2016a 000000018004e32a f   libemlrt:libemlrt.dll
 0001:0004d330       __GSHandlerCheck           000000018004e330 f   MSVCRT:_gshandler_.obj
 0001:0004d350       __GSHandlerCheckCommon     000000018004e350 f   MSVCRT:_gshandler_.obj
 0001:0004d3c0       __security_check_cookie    000000018004e3c0 f   MSVCRT:_amdsecgs_.obj
 0001:0004d3e4       __raise_securityfailure    000000018004e3e4 f   MSVCRT:gs_report.obj
 0001:0004d418       __report_gsfailure         000000018004e418 f   MSVCRT:gs_report.obj
 0001:0004d4ec       __report_rangecheckfailure 000000018004e4ec f   MSVCRT:gs_report.obj
 0001:0004d500       __report_securityfailure   000000018004e500 f   MSVCRT:gs_report.obj
 0001:0004d59c       __report_securityfailureEx 000000018004e59c f   MSVCRT:gs_report.obj
 0001:0004d7a0       __chkstk                   000000018004e7a0 f   MSVCRT:_chkstk_.obj
 0001:0004d7a0       _alloca_probe              000000018004e7a0 f   MSVCRT:_chkstk_.obj
 0001:0004db40       _CRT_INIT                  000000018004eb40 f   MSVCRT:dll_dllmain.obj
 0001:0004db48       _DllMainCRTStartup         000000018004eb48 f   MSVCRT:dll_dllmain.obj
 0001:0004db88       ??$__crt_fast_decode_pointer@PEAP6AXXZ@@YAPEAP6AXXZQEAP6AXXZ@Z 000000018004eb88 f i MSVCRT:utility.obj
 0001:0004dba0       ??$__crt_fast_encode_pointer@PEAP6AXXZ@@YAPEAP6AXXZQEAP6AXXZ@Z 000000018004eba0 f i MSVCRT:utility.obj
 0001:0004dbc0       ?__crt_rotate_pointer_value@@YA_K_KH@Z 000000018004ebc0 f i MSVCRT:utility.obj
 0001:0004dbcc       ?configure_argv@__scrt_narrow_argv_policy@@SAHXZ 000000018004ebcc f i MSVCRT:utility.obj
 0001:0004dc5c       NtCurrentTeb               000000018004ec5c f i MSVCRT:utility.obj
 0001:0004dc68       __scrt_acquire_startup_lock 000000018004ec68 f   MSVCRT:utility.obj
 0001:0004dca4       __scrt_dllmain_after_initialize_c 000000018004eca4 f   MSVCRT:utility.obj
 0001:0004dcd8       __scrt_dllmain_before_initialize_c 000000018004ecd8 f   MSVCRT:utility.obj
 0001:0004dcf0       __scrt_dllmain_crt_thread_attach 000000018004ecf0 f   MSVCRT:utility.obj
 0001:0004dd18       __scrt_dllmain_crt_thread_detach 000000018004ed18 f   MSVCRT:utility.obj
 0001:0004dd30       __scrt_dllmain_exception_filter 000000018004ed30 f   MSVCRT:utility.obj
 0001:0004dd94       __scrt_dllmain_uninitialize_c 000000018004ed94 f   MSVCRT:utility.obj
 0001:0004ddc4       __scrt_dllmain_uninitialize_critical 000000018004edc4 f   MSVCRT:utility.obj
 0001:0004ddd8       __scrt_initialize_crt      000000018004edd8 f   MSVCRT:utility.obj
 0001:0004de24       __scrt_initialize_onexit_tables 000000018004ee24 f   MSVCRT:utility.obj
 0001:0004def0       __scrt_is_nonwritable_in_current_image 000000018004eef0 f   MSVCRT:utility.obj
 0001:0004df8c       __scrt_release_startup_lock 000000018004ef8c f   MSVCRT:utility.obj
 0001:0004dfb0       __scrt_uninitialize_crt    000000018004efb0 f   MSVCRT:utility.obj
 0001:0004dfdc       _onexit                    000000018004efdc f   MSVCRT:utility.obj
 0001:0004e02c       at_quick_exit              000000018004f02c f   MSVCRT:utility.obj
 0001:0004e064       atexit                     000000018004f064 f   MSVCRT:utility.obj
 0001:0004e07c       __security_init_cookie     000000018004f07c f   MSVCRT:gs_support.obj
 0001:0004e128       DllMain                    000000018004f128 f   MSVCRT:dll_dllmain_stub.obj
 0001:0004e14c       ?__scrt_initialize_type_info@@YAXXZ 000000018004f14c f   MSVCRT:tncleanup.obj
 0001:0004e15c       ?__scrt_uninitialize_type_info@@YAXXZ 000000018004f15c f   MSVCRT:tncleanup.obj
 0001:0004e168       __local_stdio_scanf_options 000000018004f168 f i MSVCRT:default_local_stdio_options.obj
 0001:0004e170       __scrt_initialize_default_local_stdio_options 000000018004f170 f   MSVCRT:default_local_stdio_options.obj
 0001:0004e18c       __scrt_get_dyn_tls_init_callback 000000018004f18c f   MSVCRT:dyn_tls_init.obj
 0001:0004e194       __crt_debugger_hook        000000018004f194 f   MSVCRT:utility_desktop.obj
 0001:0004e19c       __scrt_fastfail            000000018004f19c f   MSVCRT:utility_desktop.obj
 0001:0004e2e4       __scrt_get_show_window_mode 000000018004f2e4 f   MSVCRT:utility_desktop.obj
 0001:0004e320       __scrt_initialize_winrt    000000018004f320 f   MSVCRT:utility_desktop.obj
 0001:0004e324       __scrt_is_managed_app      000000018004f324 f   MSVCRT:utility_desktop.obj
 0001:0004e378       __scrt_set_unhandled_exception_filter 000000018004f378 f   MSVCRT:utility_desktop.obj
 0001:0004e388       __scrt_unhandled_exception_filter 000000018004f388 f   MSVCRT:utility_desktop.obj
 0001:0004e3c0       _RTC_Initialize            000000018004f3c0 f   MSVCRT:_initsect_.obj
 0001:0004e40c       _RTC_Terminate             000000018004f40c f   MSVCRT:_initsect_.obj
 0001:0004e458       _guard_check_icall         000000018004f458 f i MSVCRT:checkcfg.obj
 0001:0004e460       __isa_available_init       000000018004f460 f   MSVCRT:_cpu_disp_.obj
 0001:0004e628       _get_startup_argv_mode     000000018004f628 f   MSVCRT:argv_mode.obj
 0001:0004e630       __scrt_is_ucrt_dll_in_use  000000018004f630 f   MSVCRT:ucrt_detection.obj
 0001:0004e63c       _guard_check_icall_nop     000000018004f63c f i MSVCRT:guard_support.obj
 0001:0004e640       _guard_icall_checks_enforced 000000018004f640 f i MSVCRT:guard_support.obj
 0001:0004e660       RtlCaptureContext          000000018004f660 f   kernel32:KERNEL32.dll
 0001:0004e666       RtlLookupFunctionEntry     000000018004f666 f   kernel32:KERNEL32.dll
 0001:0004e66c       RtlVirtualUnwind           000000018004f66c f   kernel32:KERNEL32.dll
 0001:0004e672       UnhandledExceptionFilter   000000018004f672 f   kernel32:KERNEL32.dll
 0001:0004e678       SetUnhandledExceptionFilter 000000018004f678 f   kernel32:KERNEL32.dll
 0001:0004e67e       GetCurrentProcess          000000018004f67e f   kernel32:KERNEL32.dll
 0001:0004e684       TerminateProcess           000000018004f684 f   kernel32:KERNEL32.dll
 0001:0004e68a       IsProcessorFeaturePresent  000000018004f68a f   kernel32:KERNEL32.dll
 0001:0004e690       QueryPerformanceCounter    000000018004f690 f   kernel32:KERNEL32.dll
 0001:0004e696       GetCurrentProcessId        000000018004f696 f   kernel32:KERNEL32.dll
 0001:0004e69c       GetCurrentThreadId         000000018004f69c f   kernel32:KERNEL32.dll
 0001:0004e6a2       GetSystemTimeAsFileTime    000000018004f6a2 f   kernel32:KERNEL32.dll
 0001:0004e6a8       DisableThreadLibraryCalls  000000018004f6a8 f   kernel32:KERNEL32.dll
 0001:0004e6ae       InitializeSListHead        000000018004f6ae f   kernel32:KERNEL32.dll
 0001:0004e6b4       IsDebuggerPresent          000000018004f6b4 f   kernel32:KERNEL32.dll
 0001:0004e6ba       GetStartupInfoW            000000018004f6ba f   kernel32:KERNEL32.dll
 0001:0004e6c0       GetModuleHandleW           000000018004f6c0 f   kernel32:KERNEL32.dll
 0001:0004e6c6       memcpy                     000000018004f6c6 f   vcruntime:VCRUNTIME140.dll
 0001:0004e6cc       memset                     000000018004f6cc f   vcruntime:VCRUNTIME140.dll
 0001:0004e6d2       __C_specific_handler       000000018004f6d2 f   vcruntime:VCRUNTIME140.dll
 0001:0004e6d8       __std_type_info_destroy_list 000000018004f6d8 f   vcruntime:VCRUNTIME140.dll
 0001:0004e6de       strcmp                     000000018004f6de f   ucrt:api-ms-win-crt-string-l1-1-0.dll
 0001:0004e6e4       free                       000000018004f6e4 f   ucrt:api-ms-win-crt-heap-l1-1-0.dll
 0001:0004e6ea       malloc                     000000018004f6ea f   ucrt:api-ms-win-crt-heap-l1-1-0.dll
 0001:0004e6f0       __stdio_common_vsprintf    000000018004f6f0 f   ucrt:api-ms-win-crt-stdio-l1-1-0.dll
 0001:0004e6f6       cos                        000000018004f6f6 f   ucrt:api-ms-win-crt-math-l1-1-0.dll
 0001:0004e6fc       sin                        000000018004f6fc f   ucrt:api-ms-win-crt-math-l1-1-0.dll
 0001:0004e702       _initterm                  000000018004f702 f   ucrt:api-ms-win-crt-runtime-l1-1-0.dll
 0001:0004e708       _initterm_e                000000018004f708 f   ucrt:api-ms-win-crt-runtime-l1-1-0.dll
 0001:0004e70e       _seh_filter_dll            000000018004f70e f   ucrt:api-ms-win-crt-runtime-l1-1-0.dll
 0001:0004e714       _configure_narrow_argv     000000018004f714 f   ucrt:api-ms-win-crt-runtime-l1-1-0.dll
 0001:0004e71a       _initialize_narrow_environment 000000018004f71a f   ucrt:api-ms-win-crt-runtime-l1-1-0.dll
 0001:0004e720       _initialize_onexit_table   000000018004f720 f   ucrt:api-ms-win-crt-runtime-l1-1-0.dll
 0001:0004e726       _register_onexit_function  000000018004f726 f   ucrt:api-ms-win-crt-runtime-l1-1-0.dll
 0001:0004e72c       _execute_onexit_table      000000018004f72c f   ucrt:api-ms-win-crt-runtime-l1-1-0.dll
 0001:0004e732       _crt_atexit                000000018004f732 f   ucrt:api-ms-win-crt-runtime-l1-1-0.dll
 0001:0004e738       _crt_at_quick_exit         000000018004f738 f   ucrt:api-ms-win-crt-runtime-l1-1-0.dll
 0001:0004e73e       _cexit                     000000018004f73e f   ucrt:api-ms-win-crt-runtime-l1-1-0.dll
 0001:0004e744       terminate                  000000018004f744 f   ucrt:api-ms-win-crt-runtime-l1-1-0.dll
 0001:0004e74c       __scrt_stub_for_acrt_initialize 000000018004f74c f   MSVCRT:ucrt_stubs.obj
 0001:0004e74c       __vcrt_initialize          000000018004f74c f   MSVCRT:ucrt_stubs.obj
 0001:0004e74c       __acrt_initialize          000000018004f74c f   MSVCRT:ucrt_stubs.obj
 0001:0004e750       __scrt_stub_for_acrt_thread_attach 000000018004f750 f   MSVCRT:ucrt_stubs.obj
 0001:0004e750       __acrt_thread_attach       000000018004f750 f   MSVCRT:ucrt_stubs.obj
 0001:0004e750       __vcrt_thread_attach       000000018004f750 f   MSVCRT:ucrt_stubs.obj
 0001:0004e754       __scrt_stub_for_acrt_thread_detach 000000018004f754 f   MSVCRT:ucrt_stubs.obj
 0001:0004e754       __vcrt_thread_detach       000000018004f754 f   MSVCRT:ucrt_stubs.obj
 0001:0004e754       __acrt_thread_detach       000000018004f754 f   MSVCRT:ucrt_stubs.obj
 0001:0004e758       __acrt_uninitialize        000000018004f758 f   MSVCRT:ucrt_stubs.obj
 0001:0004e758       __vcrt_uninitialize        000000018004f758 f   MSVCRT:ucrt_stubs.obj
 0001:0004e758       __scrt_stub_for_acrt_uninitialize 000000018004f758 f   MSVCRT:ucrt_stubs.obj
 0001:0004e75c       __vcrt_uninitialize_critical 000000018004f75c f   MSVCRT:ucrt_stubs.obj
 0001:0004e75c       __scrt_stub_for_acrt_uninitialize_critical 000000018004f75c f   MSVCRT:ucrt_stubs.obj
 0001:0004e75c       __acrt_uninitialize_critical 000000018004f75c f   MSVCRT:ucrt_stubs.obj
 0001:0004e760       _is_c_termination_complete 000000018004f760 f   MSVCRT:ucrt_stubs.obj
 0001:0004e760       __scrt_stub_for_is_c_termination_complete 000000018004f760 f   MSVCRT:ucrt_stubs.obj
 0001:0004e780       _guard_dispatch_icall_nop  000000018004f780 f   MSVCRT:_guard_dispatch_.obj
 0002:00000000       __imp_GetCurrentThreadId   0000000180050000     kernel32:KERNEL32.dll
 0002:00000008       __imp_GetCurrentProcess    0000000180050008     kernel32:KERNEL32.dll
 0002:00000010       __imp_RtlCaptureContext    0000000180050010     kernel32:KERNEL32.dll
 0002:00000018       __imp_TerminateProcess     0000000180050018     kernel32:KERNEL32.dll
 0002:00000020       __imp_RtlLookupFunctionEntry 0000000180050020     kernel32:KERNEL32.dll
 0002:00000028       __imp_IsProcessorFeaturePresent 0000000180050028     kernel32:KERNEL32.dll
 0002:00000030       __imp_QueryPerformanceCounter 0000000180050030     kernel32:KERNEL32.dll
 0002:00000038       __imp_GetCurrentProcessId  0000000180050038     kernel32:KERNEL32.dll
 0002:00000040       __imp_GetSystemTimeAsFileTime 0000000180050040     kernel32:KERNEL32.dll
 0002:00000048       __imp_DisableThreadLibraryCalls 0000000180050048     kernel32:KERNEL32.dll
 0002:00000050       __imp_InitializeSListHead  0000000180050050     kernel32:KERNEL32.dll
 0002:00000058       __imp_IsDebuggerPresent    0000000180050058     kernel32:KERNEL32.dll
 0002:00000060       __imp_GetStartupInfoW      0000000180050060     kernel32:KERNEL32.dll
 0002:00000068       __imp_GetModuleHandleW     0000000180050068     kernel32:KERNEL32.dll
 0002:00000070       __imp_UnhandledExceptionFilter 0000000180050070     kernel32:KERNEL32.dll
 0002:00000078       __imp_SetUnhandledExceptionFilter 0000000180050078     kernel32:KERNEL32.dll
 0002:00000080       __imp_RtlVirtualUnwind     0000000180050080     kernel32:KERNEL32.dll
 0002:00000088       \177KERNEL32_NULL_THUNK_DATA 0000000180050088     kernel32:KERNEL32.dll
 0002:00000090       __imp_memset               0000000180050090     vcruntime:VCRUNTIME140.dll
 0002:00000098       __imp___C_specific_handler 0000000180050098     vcruntime:VCRUNTIME140.dll
 0002:000000a0       __imp___std_type_info_destroy_list 00000001800500a0     vcruntime:VCRUNTIME140.dll
 0002:000000a8       __imp_memcpy               00000001800500a8     vcruntime:VCRUNTIME140.dll
 0002:000000b0       \177VCRUNTIME140_NULL_THUNK_DATA 00000001800500b0     vcruntime:VCRUNTIME140.dll
 0002:000000b8       __imp_free                 00000001800500b8     ucrt:api-ms-win-crt-heap-l1-1-0.dll
 0002:000000c0       __imp_malloc               00000001800500c0     ucrt:api-ms-win-crt-heap-l1-1-0.dll
 0002:000000c8       \177api-ms-win-crt-heap-l1-1-0_NULL_THUNK_DATA 00000001800500c8     ucrt:api-ms-win-crt-heap-l1-1-0.dll
 0002:000000d0       __imp_sin                  00000001800500d0     ucrt:api-ms-win-crt-math-l1-1-0.dll
 0002:000000d8       __imp_cos                  00000001800500d8     ucrt:api-ms-win-crt-math-l1-1-0.dll
 0002:000000e0       \177api-ms-win-crt-math-l1-1-0_NULL_THUNK_DATA 00000001800500e0     ucrt:api-ms-win-crt-math-l1-1-0.dll
 0002:000000e8       __imp__configure_narrow_argv 00000001800500e8     ucrt:api-ms-win-crt-runtime-l1-1-0.dll
 0002:000000f0       __imp__seh_filter_dll      00000001800500f0     ucrt:api-ms-win-crt-runtime-l1-1-0.dll
 0002:000000f8       __imp__initialize_onexit_table 00000001800500f8     ucrt:api-ms-win-crt-runtime-l1-1-0.dll
 0002:00000100       __imp__register_onexit_function 0000000180050100     ucrt:api-ms-win-crt-runtime-l1-1-0.dll
 0002:00000108       __imp__execute_onexit_table 0000000180050108     ucrt:api-ms-win-crt-runtime-l1-1-0.dll
 0002:00000110       __imp__crt_atexit          0000000180050110     ucrt:api-ms-win-crt-runtime-l1-1-0.dll
 0002:00000118       __imp__crt_at_quick_exit   0000000180050118     ucrt:api-ms-win-crt-runtime-l1-1-0.dll
 0002:00000120       __imp__cexit               0000000180050120     ucrt:api-ms-win-crt-runtime-l1-1-0.dll
 0002:00000128       __imp_terminate            0000000180050128     ucrt:api-ms-win-crt-runtime-l1-1-0.dll
 0002:00000130       __imp__initterm_e          0000000180050130     ucrt:api-ms-win-crt-runtime-l1-1-0.dll
 0002:00000138       __imp__initterm            0000000180050138     ucrt:api-ms-win-crt-runtime-l1-1-0.dll
 0002:00000140       __imp__initialize_narrow_environment 0000000180050140     ucrt:api-ms-win-crt-runtime-l1-1-0.dll
 0002:00000148       \177api-ms-win-crt-runtime-l1-1-0_NULL_THUNK_DATA 0000000180050148     ucrt:api-ms-win-crt-runtime-l1-1-0.dll
 0002:00000150       __imp___stdio_common_vsprintf 0000000180050150     ucrt:api-ms-win-crt-stdio-l1-1-0.dll
 0002:00000158       \177api-ms-win-crt-stdio-l1-1-0_NULL_THUNK_DATA 0000000180050158     ucrt:api-ms-win-crt-stdio-l1-1-0.dll
 0002:00000160       __imp_strcmp               0000000180050160     ucrt:api-ms-win-crt-string-l1-1-0.dll
 0002:00000168       \177api-ms-win-crt-string-l1-1-0_NULL_THUNK_DATA 0000000180050168     ucrt:api-ms-win-crt-string-l1-1-0.dll
 0002:00000170       __imp_emlrtNameCaptureMxArrayR2016a 0000000180050170     libemlrt:libemlrt.dll
 0002:00000178       \177libemlrt_NULL_THUNK_DATA 0000000180050178     libemlrt:libemlrt.dll
 0002:00000180       __imp_mexErrMsgTxt         0000000180050180     libmex:libmex.dll
 0002:00000188       __imp_mexWarnMsgTxt        0000000180050188     libmex:libmex.dll
 0002:00000190       __imp_mexCallMATLABWithObject 0000000180050190     libmex:libmex.dll
 0002:00000198       __imp_mexLock              0000000180050198     libmex:libmex.dll
 0002:000001a0       __imp_mexUnlock            00000001800501a0     libmex:libmex.dll
 0002:000001a8       __imp_mexIsLocked          00000001800501a8     libmex:libmex.dll
 0002:000001b0       __imp_mexMakeArrayPersistent 00000001800501b0     libmex:libmex.dll
 0002:000001b8       \177libmex_NULL_THUNK_DATA 00000001800501b8     libmex:libmex.dll
 0002:000001c0       __imp_muDoubleScalarCos    00000001800501c0     libmwmathutil:libmwmathutil.dll
 0002:000001c8       __imp_muDoubleScalarLog    00000001800501c8     libmwmathutil:libmwmathutil.dll
 0002:000001d0       __imp_muDoubleScalarExp    00000001800501d0     libmwmathutil:libmwmathutil.dll
 0002:000001d8       __imp_muDoubleScalarRound  00000001800501d8     libmwmathutil:libmwmathutil.dll
 0002:000001e0       __imp_muDoubleScalarFloor  00000001800501e0     libmwmathutil:libmwmathutil.dll
 0002:000001e8       __imp_muDoubleScalarAbs    00000001800501e8     libmwmathutil:libmwmathutil.dll
 0002:000001f0       __imp_muDoubleScalarSin    00000001800501f0     libmwmathutil:libmwmathutil.dll
 0002:000001f8       __imp_muDoubleScalarAsin   00000001800501f8     libmwmathutil:libmwmathutil.dll
 0002:00000200       __imp_muDoubleScalarAtan2  0000000180050200     libmwmathutil:libmwmathutil.dll
 0002:00000208       __imp_muDoubleScalarSqrt   0000000180050208     libmwmathutil:libmwmathutil.dll
 0002:00000210       __imp_muDoubleScalarMax    0000000180050210     libmwmathutil:libmwmathutil.dll
 0002:00000218       __imp_muDoubleScalarMin    0000000180050218     libmwmathutil:libmwmathutil.dll
 0002:00000220       __imp_muDoubleScalarIsNaN  0000000180050220     libmwmathutil:libmwmathutil.dll
 0002:00000228       \177libmwmathutil_NULL_THUNK_DATA 0000000180050228     libmwmathutil:libmwmathutil.dll
 0002:00000230       __imp_mxGetN               0000000180050230     libmx:libmx.dll
 0002:00000238       __imp_mxIsComplex          0000000180050238     libmx:libmx.dll
 0002:00000240       __imp_mxIsNumeric          0000000180050240     libmx:libmx.dll
 0002:00000248       __imp_mxGetClassID         0000000180050248     libmx:libmx.dll
 0002:00000250       __imp_mxGetM               0000000180050250     libmx:libmx.dll
 0002:00000258       __imp_mxCalloc             0000000180050258     libmx:libmx.dll
 0002:00000260       __imp_mxCreateStructArray_730 0000000180050260     libmx:libmx.dll
 0002:00000268       __imp_mxCreateStructMatrix_730 0000000180050268     libmx:libmx.dll
 0002:00000270       __imp_mxCreateCellArray_730 0000000180050270     libmx:libmx.dll
 0002:00000278       __imp_mxCreateCellMatrix_730 0000000180050278     libmx:libmx.dll
 0002:00000280       __imp_mxCreateString       0000000180050280     libmx:libmx.dll
 0002:00000288       __imp_mxCreateDoubleScalar 0000000180050288     libmx:libmx.dll
 0002:00000290       __imp_mxSetField_730       0000000180050290     libmx:libmx.dll
 0002:00000298       __imp_mxIsEmpty            0000000180050298     libmx:libmx.dll
 0002:000002a0       __imp_mxDuplicateArray     00000001800502a0     libmx:libmx.dll
 0002:000002a8       __imp_mxGetString_730      00000001800502a8     libmx:libmx.dll
 0002:000002b0       __imp_mxCreateDoubleMatrix_730 00000001800502b0     libmx:libmx.dll
 0002:000002b8       __imp_mxDestroyArray       00000001800502b8     libmx:libmx.dll
 0002:000002c0       __imp_mxGetScalar          00000001800502c0     libmx:libmx.dll
 0002:000002c8       __imp_mxGetPr              00000001800502c8     libmx:libmx.dll
 0002:000002d0       __imp_mxIsChar             00000001800502d0     libmx:libmx.dll
 0002:000002d8       \177libmx_NULL_THUNK_DATA  00000001800502d8     libmx:libmx.dll
 0002:000002e0       __imp_utMalloc             00000001800502e0     libut:libut.dll
 0002:000002e8       __imp_utFree               00000001800502e8     libut:libut.dll
 0002:000002f0       \177libut_NULL_THUNK_DATA  00000001800502f0     libut:libut.dll
 0002:000002f8       __imp_sf_integer_check     00000001800502f8     sf_runtime:sf_runtime.dll
 0002:00000300       __imp_sf_mex_createstruct  0000000180050300     sf_runtime:sf_runtime.dll
 0002:00000308       __imp_sf_mex_addfield      0000000180050308     sf_runtime:sf_runtime.dll
 0002:00000310       __imp_sf_debug_api         0000000180050310     sf_runtime:sf_runtime.dll
 0002:00000318       __imp_sf_debug_terminate   0000000180050318     sf_runtime:sf_runtime.dll
 0002:00000320       __imp_sf_debug_create_debug_instance_struct 0000000180050320     sf_runtime:sf_runtime.dll
 0002:00000328       __imp_sf_clear_error_manager_info 0000000180050328     sf_runtime:sf_runtime.dll
 0002:00000330       __imp_sf_mex_error_direct_call 0000000180050330     sf_runtime:sf_runtime.dll
 0002:00000338       __imp_call_sf_machine_global_method_dispatcher 0000000180050338     sf_runtime:sf_runtime.dll
 0002:00000340       __imp_callMdlMethodAndReportError 0000000180050340     sf_runtime:sf_runtime.dll
 0002:00000348       __imp_sf_set_compiledInfo  0000000180050348     sf_runtime:sf_runtime.dll
 0002:00000350       __imp_sf_get_isEnhancedMooreMachine 0000000180050350     sf_runtime:sf_runtime.dll
 0002:00000358       __imp_sf_get_ChartInfoStruct_CodeGen 0000000180050358     sf_runtime:sf_runtime.dll
 0002:00000360       __imp_sf_debug_symbol_switch 0000000180050360     sf_runtime:sf_runtime.dll
 0002:00000368       __imp_cv_script_init_relational 0000000180050368     sf_runtime:sf_runtime.dll
 0002:00000370       __imp_cv_eml_init_relational 0000000180050370     sf_runtime:sf_runtime.dll
 0002:00000378       __imp_cv_eval_relational   0000000180050378     sf_runtime:sf_runtime.dll
 0002:00000380       __imp_sf_debug_set_script_translation 0000000180050380     sf_runtime:sf_runtime.dll
 0002:00000388       __imp_sf_debug_get_script_id 0000000180050388     sf_runtime:sf_runtime.dll
 0002:00000390       __imp_sf_debug_cv_init_state 0000000180050390     sf_runtime:sf_runtime.dll
 0002:00000398       __imp_sf_debug_cv_init_chart 0000000180050398     sf_runtime:sf_runtime.dll
 0002:000003a0       __imp_sf_debug_cv_init_trans 00000001800503a0     sf_runtime:sf_runtime.dll
 0002:000003a8       __imp_sf_debug_data_range_wrapper 00000001800503a8     sf_runtime:sf_runtime.dll
 0002:000003b0       __imp_sf_debug_dim_size_geq_check 00000001800503b0     sf_runtime:sf_runtime.dll
 0002:000003b8       __imp_sf_debug_set_chart_substate_count 00000001800503b8     sf_runtime:sf_runtime.dll
 0002:000003c0       __imp_sf_debug_set_chart_decomposition 00000001800503c0     sf_runtime:sf_runtime.dll
 0002:000003c8       __imp_sf_debug_set_chart_state_info 00000001800503c8     sf_runtime:sf_runtime.dll
 0002:000003d0       __imp_sf_debug_set_chart_event_thresholds 00000001800503d0     sf_runtime:sf_runtime.dll
 0002:000003d8       __imp_sf_debug_set_chart_disable_implicit_casting 00000001800503d8     sf_runtime:sf_runtime.dll
 0002:000003e0       __imp_cv_script_init_if    00000001800503e0     sf_runtime:sf_runtime.dll
 0002:000003e8       __imp_cv_script_init_switch 00000001800503e8     sf_runtime:sf_runtime.dll
 0002:000003f0       __imp_sf_debug_set_instance_data_value_ptr 00000001800503f0     sf_runtime:sf_runtime.dll
 0002:000003f8       __imp_sf_debug_symbol_scope_add_eml_dyn_importable 00000001800503f8     sf_runtime:sf_runtime.dll
 0002:00000400       __imp_sf_debug_symbol_scope_add_eml_importable 0000000180050400     sf_runtime:sf_runtime.dll
 0002:00000408       __imp_sf_debug_symbol_scope_add_eml 0000000180050408     sf_runtime:sf_runtime.dll
 0002:00000410       __imp_sf_debug_symbol_scope_pop 0000000180050410     sf_runtime:sf_runtime.dll
 0002:00000418       __imp_sf_debug_symbol_scope_push_eml 0000000180050418     sf_runtime:sf_runtime.dll
 0002:00000420       __imp_sf_debug_symbol_scope_push 0000000180050420     sf_runtime:sf_runtime.dll
 0002:00000428       __imp_sf_debug_set_chart_data_compiled_props 0000000180050428     sf_runtime:sf_runtime.dll
 0002:00000430       __imp_sf_debug_set_chart_data_props 0000000180050430     sf_runtime:sf_runtime.dll
 0002:00000438       __imp_sf_debug_check_for_state_inconsistency 0000000180050438     sf_runtime:sf_runtime.dll
 0002:00000440       __imp_sf_debug_reset_current_state_configuration 0000000180050440     sf_runtime:sf_runtime.dll
 0002:00000448       __imp_cv_script_init_fcn   0000000180050448     sf_runtime:sf_runtime.dll
 0002:00000450       __imp_cv_script_init_script 0000000180050450     sf_runtime:sf_runtime.dll
 0002:00000458       __imp_cv_script_eval       0000000180050458     sf_runtime:sf_runtime.dll
 0002:00000460       __imp_cv_eml_init_mcdc     0000000180050460     sf_runtime:sf_runtime.dll
 0002:00000468       __imp_cv_eml_init_while    0000000180050468     sf_runtime:sf_runtime.dll
 0002:00000470       __imp_cv_eml_init_if       0000000180050470     sf_runtime:sf_runtime.dll
 0002:00000478       __imp_cv_eml_init_fcn      0000000180050478     sf_runtime:sf_runtime.dll
 0002:00000480       __imp_cv_eml_init_script   0000000180050480     sf_runtime:sf_runtime.dll
 0002:00000488       __imp_cv_eml_eval          0000000180050488     sf_runtime:sf_runtime.dll
 0002:00000490       __imp_eml_debug_line_call  0000000180050490     sf_runtime:sf_runtime.dll
 0002:00000498       __imp_sf_debug_call        0000000180050498     sf_runtime:sf_runtime.dll
 0002:000004a0       __imp_sf_debug_initialize_chart 00000001800504a0     sf_runtime:sf_runtime.dll
 0002:000004a8       __imp_sf_eml_array_bounds_check 00000001800504a8     sf_runtime:sf_runtime.dll
 0002:000004b0       __imp_ssGetOutputPortSignal_wrapper 00000001800504b0     sf_runtime:sf_runtime.dll
 0002:000004b8       __imp_ssGetInputPortSignal_wrapper 00000001800504b8     sf_runtime:sf_runtime.dll
 0002:000004c0       __imp_ssSetCurrentOutputPortDimensions_wrapper 00000001800504c0     sf_runtime:sf_runtime.dll
 0002:000004c8       __imp_ssGetCurrentOutputPortDimensions_wrapper 00000001800504c8     sf_runtime:sf_runtime.dll
 0002:000004d0       __imp_sf_mex_decode_encoded_mx_struct_array 00000001800504d0     sf_runtime:sf_runtime.dll
 0002:000004d8       __imp_sf_mex_import_vs     00000001800504d8     sf_runtime:sf_runtime.dll
 0002:000004e0       __imp_sf_mex_import        00000001800504e0     sf_runtime:sf_runtime.dll
 0002:000004e8       __imp_sf_mex_destroy       00000001800504e8     sf_runtime:sf_runtime.dll
 0002:000004f0       __imp_sf_mex_dup           00000001800504f0     sf_runtime:sf_runtime.dll
 0002:000004f8       __imp_sf_mex_assign        00000001800504f8     sf_runtime:sf_runtime.dll
 0002:00000500       __imp_sf_mex_getcell       0000000180050500     sf_runtime:sf_runtime.dll
 0002:00000508       __imp_sf_mex_setcell       0000000180050508     sf_runtime:sf_runtime.dll
 0002:00000510       __imp_sf_mex_createcellmatrix 0000000180050510     sf_runtime:sf_runtime.dll
 0002:00000518       __imp_sf_mex_create        0000000180050518     sf_runtime:sf_runtime.dll
 0002:00000520       __imp_sf_mex_error_message 0000000180050520     sf_runtime:sf_runtime.dll
 0002:00000528       __imp_sf_mex_call_debug    0000000180050528     sf_runtime:sf_runtime.dll
 0002:00000530       __imp_sf_register_codegen_names_for_scoped_functions_defined_by_chart 0000000180050530     sf_runtime:sf_runtime.dll
 0002:00000538       __imp_sf_set_chart_accesses_machine_info 0000000180050538     sf_runtime:sf_runtime.dll
 0002:00000540       __imp_sf_is_first_init_cond 0000000180050540     sf_runtime:sf_runtime.dll
 0002:00000548       __imp_sf_get_time          0000000180050548     sf_runtime:sf_runtime.dll
 0002:00000550       __imp_sf_set_rtw_dwork_info 0000000180050550     sf_runtime:sf_runtime.dll
 0002:00000558       __imp_sf_clear_rtw_identifier 0000000180050558     sf_runtime:sf_runtime.dll
 0002:00000560       __imp_sf_mex_listen_for_ctrl_c_with_debugger 0000000180050560     sf_runtime:sf_runtime.dll
 0002:00000568       __imp_sim_mode_is_modelref_sim 0000000180050568     sf_runtime:sf_runtime.dll
 0002:00000570       __imp_sim_mode_is_external 0000000180050570     sf_runtime:sf_runtime.dll
 0002:00000578       __imp_sim_mode_is_rtw_gen  0000000180050578     sf_runtime:sf_runtime.dll
 0002:00000580       __imp_sf_mark_chart_expressionable_inputs 0000000180050580     sf_runtime:sf_runtime.dll
 0002:00000588       __imp_sf_mark_chart_reusable_outputs 0000000180050588     sf_runtime:sf_runtime.dll
 0002:00000590       __imp_sf_is_chart_inlinable 0000000180050590     sf_runtime:sf_runtime.dll
 0002:00000598       __imp_sf_update_buildInfo  0000000180050598     sf_runtime:sf_runtime.dll
 0002:000005a0       __imp_sf_rtw_info_uint_prop 00000001800505a0     sf_runtime:sf_runtime.dll
 0002:000005a8       __imp_sf_get_chart_instance_ptr 00000001800505a8     sf_runtime:sf_runtime.dll
 0002:000005b0       __imp_sf_free_ChartRunTimeInfo 00000001800505b0     sf_runtime:sf_runtime.dll
 0002:000005b8       __imp_sf_init_ChartRunTimeInfo 00000001800505b8     sf_runtime:sf_runtime.dll
 0002:000005c0       __imp_sf_debug_set_machine_data_thresholds 00000001800505c0     sf_runtime:sf_runtime.dll
 0002:000005c8       __imp_sf_debug_set_machine_event_thresholds 00000001800505c8     sf_runtime:sf_runtime.dll
 0002:000005d0       __imp_sf_debug_initialize_machine 00000001800505d0     sf_runtime:sf_runtime.dll
 0002:000005d8       __imp_sf_load_rtw_optimization_info 00000001800505d8     sf_runtime:sf_runtime.dll
 0002:000005e0       \177sf_runtime_NULL_THUNK_DATA 00000001800505e0     sf_runtime:sf_runtime.dll
 0002:000005e8       __guard_check_icall_fptr   00000001800505e8     MSVCRT:guard_support.obj
 0002:000005f0       __guard_dispatch_icall_fptr 00000001800505f0     MSVCRT:guard_support.obj
 0002:000005f8       __xc_a                     00000001800505f8     MSVCRT:initializers.obj
 0002:00000600       __xc_z                     0000000180050600     MSVCRT:initializers.obj
 0002:00000608       __xi_a                     0000000180050608     MSVCRT:initializers.obj
 0002:00000610       __xi_z                     0000000180050610     MSVCRT:initializers.obj
 0002:00000618       __xp_a                     0000000180050618     MSVCRT:initializers.obj
 0002:00000620       __xp_z                     0000000180050620     MSVCRT:initializers.obj
 0002:00000628       __xt_a                     0000000180050628     MSVCRT:initializers.obj
 0002:00000630       __xt_z                     0000000180050630     MSVCRT:initializers.obj
 0002:00000640       ??_C@_0BB@FLJEPEHM@sf_get_check_sum?$AA@ 0000000180050640     RightInvariant_EKF_sfun.obj
 0002:00000658       ??_C@_07MHDNFCJE@machine?$AA@ 0000000180050658     RightInvariant_EKF_sfun.obj
 0002:00000660       ??_C@_05PGKDIPIO@chart?$AA@ 0000000180050660     RightInvariant_EKF_sfun.obj
 0002:00000668       ??_C@_06JJLAMBGK@target?$AA@ 0000000180050668     RightInvariant_EKF_sfun.obj
 0002:00000670       ??_C@_0BJ@FMGCKEMJ@get_autoinheritance_info?$AA@ 0000000180050670     RightInvariant_EKF_sfun.obj
 0002:00000690       ??_C@_0BH@GMOOOHHL@AWUrEGGW8RMKkY9lt9GGRC?$AA@ 0000000180050690     RightInvariant_EKF_sfun.obj
 0002:000006a8       ??_C@_0BH@KPDHADII@cDssarRYE4MmcIMu2238WF?$AA@ 00000001800506a8     RightInvariant_EKF_sfun.obj
 0002:000006c0       ??_C@_0BH@OHMGGNNF@ZG2eaketZJedU4skUn79uC?$AA@ 00000001800506c0     RightInvariant_EKF_sfun.obj
 0002:000006d8       ??_C@_0CA@EADCEDHE@get_eml_resolved_functions_info?$AA@ 00000001800506d8     RightInvariant_EKF_sfun.obj
 0002:000006f8       ??_C@_0BK@OHOOMENA@get_third_party_uses_info?$AA@ 00000001800506f8     RightInvariant_EKF_sfun.obj
 0002:00000718       ??_C@_0BH@JGCBPBBN@swx4JCyZUE6TSkun032G4k?$AA@ 0000000180050718     RightInvariant_EKF_sfun.obj
 0002:00000730       ??_C@_0BI@KMKFCNOM@s68KJL4KQMPJgncb37M5v2G?$AA@ 0000000180050730     RightInvariant_EKF_sfun.obj
 0002:00000748       ??_C@_0BI@DMDHGLPE@sIsERV9pAUW4VxZZDP1pwUC?$AA@ 0000000180050748     RightInvariant_EKF_sfun.obj
 0002:00000760       ??_C@_0BG@LBHKCKOM@get_jit_fallback_info?$AA@ 0000000180050760     RightInvariant_EKF_sfun.obj
 0002:00000778       ??_C@_0BO@DEKBDHJJ@get_updateBuildInfo_args_info?$AA@ 0000000180050778     RightInvariant_EKF_sfun.obj
 0002:00000798       ??_C@_04DAKGNGLA@sfun?$AA@ 0000000180050798     RightInvariant_EKF_sfun.obj
 0002:000007a0       ??_C@_0BD@FNHBMCKI@RightInvariant_EKF?$AA@ 00000001800507a0     RightInvariant_EKF_sfun.obj
 0002:000007b4       ??_C@_06OFNJOBDK@enable?$AA@ 00000001800507b4     c1_RightInvariant_EKF.obj
 0002:000007bc       ??_C@_01DGKLNCNG@R?$AA@    00000001800507bc     c1_RightInvariant_EKF.obj
 0002:000007c0       ??_C@_01NANMIPIL@N?$AA@    00000001800507c0     c1_RightInvariant_EKF.obj
 0002:000007c8       ??_C@_07OKCKIPNN@indices?$AA@ 00000001800507c8     c1_RightInvariant_EKF.obj
 0002:000007d0       ??_C@_0L@MNMLOENP@measurment?$AA@ 00000001800507d0     c1_RightInvariant_EKF.obj
 0002:000007dc       ??_C@_06ODCJABFF@nargin?$AA@ 00000001800507dc     c1_RightInvariant_EKF.obj
 0002:000007e8       ??_C@_07GFKJCDMF@nargout?$AA@ 00000001800507e8     c1_RightInvariant_EKF.obj
 0002:000007f0       ??_C@_08OAGMDKAF@position?$AA@ 00000001800507f0     c1_RightInvariant_EKF.obj
 0002:00000800       ??_C@_0M@KPMDGEHG@orientation?$AA@ 0000000180050800     c1_RightInvariant_EKF.obj
 0002:0000080c       ??_C@_06HIBNPHJP@pulse1?$AA@ 000000018005080c     c1_RightInvariant_EKF.obj
 0002:00000814       ??_C@_06FDDAKEFM@pulse2?$AA@ 0000000180050814     c1_RightInvariant_EKF.obj
 0002:00000820       ??_C@_0BD@NGLLPIHA@landmark_positions?$AA@ 0000000180050820     c1_RightInvariant_EKF.obj
 0002:00000838       ??_C@_0BI@NOIPKLLK@landmark_true_noise_std?$AA@ 0000000180050838     c1_RightInvariant_EKF.obj
 0002:00000850       ??_C@_09LHLABIHF@landmarks?$AA@ 0000000180050850     c1_RightInvariant_EKF.obj
 0002:0000085c       ??_C@_01MHEDDDHA@v?$AA@    000000018005085c     c1_RightInvariant_EKF.obj
 0002:00000860       ??_C@_02JGAADCOE@Ax?$AA@   0000000180050860     c1_RightInvariant_EKF.obj
 0002:00000864       ??_C@_02CMOIPKPK@qv?$AA@   0000000180050864     c1_RightInvariant_EKF.obj
 0002:00000868       ??_C@_02DFPDMLLL@qw?$AA@   0000000180050868     c1_RightInvariant_EKF.obj
 0002:0000086c       ??_C@_01IIACKFLH@q?$AA@    000000018005086c     c1_RightInvariant_EKF.obj
 0002:00000870       ??_C@_01EANLCPLP@y?$AA@    0000000180050870     c1_RightInvariant_EKF.obj
 0002:00000874       ??_C@_06GABBCIBA@method?$AA@ 0000000180050874     c1_RightInvariant_EKF.obj
 0002:0000087c       ??_C@_05HDBKIDE@state?$AA@ 000000018005087c     c1_RightInvariant_EKF.obj
 0002:00000888       ??_C@_0CA@HKHNGLGL@is_active_c1_RightInvariant_EKF?$AA@ 0000000180050888     c1_RightInvariant_EKF.obj
 0002:000008a8       ??_C@_07ONPBMBOP@message?$AA@ 00000001800508a8     c1_RightInvariant_EKF.obj
 0002:000008b0       ??_C@_05KKCIMGE@error?$AA@ 00000001800508b0     c1_RightInvariant_EKF.obj
 0002:000008c0       ??_C@_0HB@LIFHLFJL@C?3?2Users?2Ross?5Hartley?2Documents?2@ 00000001800508c0     c1_RightInvariant_EKF.obj
 0002:00000940       ??_C@_0FP@OPJECDPA@C?3?2Users?2Ross?5Hartley?2Documents?2@ 0000000180050940     c1_RightInvariant_EKF.obj
 0002:000009a0       ??_C@_0BAB@HGMHFEHB@789ced53cd4ac34010de48ad4a513c79@ 00000001800509a0     c1_RightInvariant_EKF.obj
 0002:00000ab0       ??_C@_0BAB@MHPLPEFM@67303d4fd7c2d0b408d46804542c0148@ 0000000180050ab0     c1_RightInvariant_EKF.obj
 0002:00000bc0       ??_C@_0BAB@IHHOFEOE@658b57dcb6e76d69066316b434d14d87@ 0000000180050bc0     c1_RightInvariant_EKF.obj
 0002:00000cd0       ??_C@_0FF@DKGNGCAP@18df586edda4b6a04aff73b8e81c9af5@ 0000000180050cd0     c1_RightInvariant_EKF.obj
 0002:00000d25       ??_C@_00CNPNBAHC@?$AA@     0000000180050d25     c1_RightInvariant_EKF.obj
 0002:00000d28       ??_C@_08DNPJAFPH@checksum?$AA@ 0000000180050d28     c1_RightInvariant_EKF.obj
 0002:00000d34       ??_C@_06LMJKBNEF@inputs?$AA@ 0000000180050d34     c1_RightInvariant_EKF.obj
 0002:00000d40       ??_C@_0L@HHPOFMCB@parameters?$AA@ 0000000180050d40     c1_RightInvariant_EKF.obj
 0002:00000d50       ??_C@_07EPCMHIAC@outputs?$AA@ 0000000180050d50     c1_RightInvariant_EKF.obj
 0002:00000d58       ??_C@_06MPPADOBF@locals?$AA@ 0000000180050d58     c1_RightInvariant_EKF.obj
 0002:00000d60       ??_C@_0BA@GNIFLIGG@postCodegenInfo?$AA@ 0000000180050d60     c1_RightInvariant_EKF.obj
 0002:00000d70       ??_C@_04IAGNFIBA@size?$AA@ 0000000180050d70     c1_RightInvariant_EKF.obj
 0002:00000d78       ??_C@_04GPMDFGEJ@type?$AA@ 0000000180050d78     c1_RightInvariant_EKF.obj
 0002:00000d80       ??_C@_0L@EKHILPHI@complexity?$AA@ 0000000180050d80     c1_RightInvariant_EKF.obj
 0002:00000d8c       ??_C@_04BHIIPFEC@base?$AA@ 0000000180050d8c     c1_RightInvariant_EKF.obj
 0002:00000d94       ??_C@_05LFJLPLPG@fixpt?$AA@ 0000000180050d94     c1_RightInvariant_EKF.obj
 0002:00000da0       ??_C@_0BB@IBODCOLK@isFixedPointType?$AA@ 0000000180050da0     c1_RightInvariant_EKF.obj
 0002:00000db8       ??_C@_0N@FNBJKNNB@fallbackType?$AA@ 0000000180050db8     c1_RightInvariant_EKF.obj
 0002:00000dc8       ??_C@_0P@LHIHPNIN@fallbackReason?$AA@ 0000000180050dc8     c1_RightInvariant_EKF.obj
 0002:00000dd8       ??_C@_0BD@JNJMKOMN@hiddenFallbackType?$AA@ 0000000180050dd8     c1_RightInvariant_EKF.obj
 0002:00000df0       ??_C@_0BF@MIPJDBOP@hiddenFallbackReason?$AA@ 0000000180050df0     c1_RightInvariant_EKF.obj
 0002:00000e08       ??_C@_0BD@MBPFBLBL@incompatibleSymbol?$AA@ 0000000180050e08     c1_RightInvariant_EKF.obj
 0002:00000e1c       ??_C@_03PKHLKDKD@pre?$AA@  0000000180050e1c     c1_RightInvariant_EKF.obj
 0002:00000e20       ??_C@_0P@DFMNDNBL@hasBreakpoints?$AA@ 0000000180050e20     c1_RightInvariant_EKF.obj
 0002:00000e30       ??_C@_04CGFJFPFD@none?$AA@ 0000000180050e30     c1_RightInvariant_EKF.obj
 0002:00000e38       ??_C@_0CB@OGALNHBM@exportedFunctionsUsedByThisChart@ 0000000180050e38     c1_RightInvariant_EKF.obj
 0002:00000e60       ??_C@_0BK@PBMGMDMC@exportedFunctionsChecksum?$AA@ 0000000180050e60     c1_RightInvariant_EKF.obj
 0002:00000e80       ??_C@_0O@MGONKHEL@chartChecksum?$AA@ 0000000180050e80     c1_RightInvariant_EKF.obj
 0002:00000e90       ??_C@_07LLOMCJOI@varInfo?$AA@ 0000000180050e90     c1_RightInvariant_EKF.obj
 0002:00000ea0       ??_C@_0DPG@NFLEFILD@100?5S1x8?8type?8?0?8srcId?8?0?8name?8?0?8a@ 0000000180050ea0     c1_RightInvariant_EKF.obj
 0002:00001298       ??_C@_0P@FJGKMAOK@eML_blk_kernel?$AA@ 0000000180051298     c1_RightInvariant_EKF.obj
 0002:000012a8       ??_C@_0BH@CPLKEBHN@Quaternion_to_Rotation?$AA@ 00000001800512a8     c1_RightInvariant_EKF.obj
 0002:000012c0       ??_C@_04EFOKAEAF@skew?$AA@ 00000001800512c0     c1_RightInvariant_EKF.obj
 0002:000012c8       ??_C@_0CE@GCOMPGOI@gatewayCannotBeInlinedMultipleTi@ 00000001800512c8     c1_RightInvariant_EKF.obj
 0002:000012f0       ??_C@_0BA@MNMMMMOJ@Embedded?5MATLAB?$AA@ 00000001800512f0     c1_RightInvariant_EKF.obj
 0002:00001300       ??_C@_0BD@LODGPJN@StateflowChartType?$AA@ 0000000180051300     c1_RightInvariant_EKF.obj
 0002:00001318       ??_C@_0CO@DMGIOHMB@Could?5not?5allocate?5memory?5for?5ch@ 0000000180051318     c1_RightInvariant_EKF.obj
 0002:00001350       ??_C@_0GK@IGHJDKEN@Stateflow?5Internal?5Error?3?6Error?5@ 0000000180051350     c1_RightInvariant_EKF.obj
 0002:000013c0       __real@3ca0000000000000    00000001800513c0     c1_RightInvariant_EKF.obj
 0002:000013c8       __real@3cb0000000000000    00000001800513c8     c1_RightInvariant_EKF.obj
 0002:000013d0       __real@3fd183aa6c20e8bc    00000001800513d0     c1_RightInvariant_EKF.obj
 0002:000013d8       __real@3ff0000000000000    00000001800513d8     c1_RightInvariant_EKF.obj
 0002:000013e0       __real@4000000000000000    00000001800513e0     c1_RightInvariant_EKF.obj
 0002:000013e8       __real@400d3bb48209ad36    00000001800513e8     c1_RightInvariant_EKF.obj
 0002:000013f0       __real@4010000000000000    00000001800513f0     c1_RightInvariant_EKF.obj
 0002:000013f8       __real@4018000000000000    00000001800513f8     c1_RightInvariant_EKF.obj
 0002:00001400       __real@401c000000000000    0000000180051400     c1_RightInvariant_EKF.obj
 0002:00001408       __real@4024000000000000    0000000180051408     c1_RightInvariant_EKF.obj
 0002:00001410       __real@406c800000000000    0000000180051410     c1_RightInvariant_EKF.obj
 0002:00001418       __real@4070000000000000    0000000180051418     c1_RightInvariant_EKF.obj
 0002:00001420       __real@4078d00000000000    0000000180051420     c1_RightInvariant_EKF.obj
 0002:00001428       __real@4083880000000000    0000000180051428     c1_RightInvariant_EKF.obj
 0002:00001430       __real@4170000000000000    0000000180051430     c1_RightInvariant_EKF.obj
 0002:00001438       __real@4190000000000000    0000000180051438     c1_RightInvariant_EKF.obj
 0002:00001440       __real@41f0000000000000    0000000180051440     c1_RightInvariant_EKF.obj
 0002:00001448       __real@bfe0000000000000    0000000180051448     c1_RightInvariant_EKF.obj
 0002:00001450       __real@c000000000000000    0000000180051450     c1_RightInvariant_EKF.obj
 0002:00001460       __xmm@80000000000000008000000000000000 0000000180051460     c1_RightInvariant_EKF.obj
 0002:00001470       ??_C@_01JBBJJEPG@p?$AA@    0000000180051470     c2_RightInvariant_EKF.obj
 0002:00001474       ??_C@_02MHONHKMH@dR?$AA@   0000000180051474     c2_RightInvariant_EKF.obj
[...]
 0004:00001920       $pdata$disable_c42_StateEstimation 000000018005f920     StateEstimation_sfun:c42_StateEstimation.obj
 0004:0000192c       $pdata$enable_c42_StateEstimation 000000018005f92c     StateEstimation_sfun:c42_StateEstimation.obj
 0004:00001938       $pdata$get_sim_state_c42_StateEstimation 000000018005f938     StateEstimation_sfun:c42_StateEstimation.obj
 0004:00001944       $pdata$init_script_number_translation 000000018005f944     StateEstimation_sfun:c42_StateEstimation.obj
 0004:00001950       $pdata$init_simulink_io_address 000000018005f950     StateEstimation_sfun:c42_StateEstimation.obj
 0004:0000195c       $pdata$initialize_c42_StateEstimation 000000018005f95c     StateEstimation_sfun:c42_StateEstimation.obj
 0004:00001968       $pdata$mdlProcessParameters_c42_StateEstimation 000000018005f968     StateEstimation_sfun:c42_StateEstimation.obj
 0004:00001974       $pdata$0$mdlProcessParameters_c42_StateEstimation 000000018005f974     StateEstimation_sfun:c42_StateEstimation.obj
 0004:00001980       $pdata$1$mdlProcessParameters_c42_StateEstimation 000000018005f980     StateEstimation_sfun:c42_StateEstimation.obj
 0004:0000198c       $pdata$2$mdlProcessParameters_c42_StateEstimation 000000018005f98c     StateEstimation_sfun:c42_StateEstimation.obj
 0004:00001998       $pdata$3$mdlProcessParameters_c42_StateEstimation 000000018005f998     StateEstimation_sfun:c42_StateEstimation.obj
 0004:000019a4       $pdata$mdlRTW_c42_StateEstimation 000000018005f9a4     StateEstimation_sfun:c42_StateEstimation.obj
 0004:000019b0       $pdata$mdlSetWorkWidths_c42_StateEstimation 000000018005f9b0     StateEstimation_sfun:c42_StateEstimation.obj
 0004:000019bc       $pdata$2$mdlSetWorkWidths_c42_StateEstimation 000000018005f9bc     StateEstimation_sfun:c42_StateEstimation.obj
 0004:000019c8       $pdata$3$mdlSetWorkWidths_c42_StateEstimation 000000018005f9c8     StateEstimation_sfun:c42_StateEstimation.obj
 0004:000019d4       $pdata$4$mdlSetWorkWidths_c42_StateEstimation 000000018005f9d4     StateEstimation_sfun:c42_StateEstimation.obj
 0004:000019e0       $pdata$mdlStart_c42_StateEstimation 000000018005f9e0     StateEstimation_sfun:c42_StateEstimation.obj
 0004:000019ec       $pdata$set_sim_state_c42_StateEstimation 000000018005f9ec     StateEstimation_sfun:c42_StateEstimation.obj
 0004:000019f8       $pdata$sf_c42_StateEstimation_get_autoinheritance_info 000000018005f9f8     StateEstimation_sfun:c42_StateEstimation.obj
 0004:00001a04       $pdata$sf_c42_StateEstimation_get_check_sum 000000018005fa04     StateEstimation_sfun:c42_StateEstimation.obj
 0004:00001a10       $pdata$sf_c42_StateEstimation_get_eml_resolved_functions_info 000000018005fa10     StateEstimation_sfun:c42_StateEstimation.obj
 0004:00001a1c       $pdata$sf_c42_StateEstimation_get_post_codegen_info 000000018005fa1c     StateEstimation_sfun:c42_StateEstimation.obj
 0004:00001a28       $pdata$sf_c42_StateEstimation_jit_fallback_info 000000018005fa28     StateEstimation_sfun:c42_StateEstimation.obj
 0004:00001a34       $pdata$sf_gateway_c42_StateEstimation 000000018005fa34     StateEstimation_sfun:c42_StateEstimation.obj
 0004:00001a40       $pdata$sf_get_sim_state_info_c42_StateEstimation 000000018005fa40     StateEstimation_sfun:c42_StateEstimation.obj
 0004:00001a4c       $pdata$sf_opaque_disable_c42_StateEstimation 000000018005fa4c     StateEstimation_sfun:c42_StateEstimation.obj
 0004:00001a58       $pdata$sf_opaque_enable_c42_StateEstimation 000000018005fa58     StateEstimation_sfun:c42_StateEstimation.obj
 0004:00001a64       $pdata$sf_opaque_get_sim_state_c42_StateEstimation 000000018005fa64     StateEstimation_sfun:c42_StateEstimation.obj
 0004:00001a70       $pdata$sf_opaque_initialize_c42_StateEstimation 000000018005fa70     StateEstimation_sfun:c42_StateEstimation.obj
 0004:00001a7c       $pdata$sf_opaque_set_sim_state_c42_StateEstimation 000000018005fa7c     StateEstimation_sfun:c42_StateEstimation.obj
 0004:00001a88       $pdata$sf_opaque_terminate_c42_StateEstimation 000000018005fa88     StateEstimation_sfun:c42_StateEstimation.obj
 0004:00001a94       $pdata$0$sf_opaque_terminate_c42_StateEstimation 000000018005fa94     StateEstimation_sfun:c42_StateEstimation.obj
 0004:00001aa0       $pdata$1$sf_opaque_terminate_c42_StateEstimation 000000018005faa0     StateEstimation_sfun:c42_StateEstimation.obj
 0004:00001aac       $pdata$UDP_Communication_debug_initialize 000000018005faac     UDP_Communication_sfun:UDP_Communication_sfun.obj
 0004:00001ab8       $pdata$load_UDP_Communication_optimization_info 000000018005fab8     UDP_Communication_sfun:UDP_Communication_sfun.obj
 0004:00001ac4       $pdata$sf_UDP_Communication_autoinheritance_info 000000018005fac4     UDP_Communication_sfun:UDP_Communication_sfun.obj
 0004:00001ad0       $pdata$sf_UDP_Communication_get_eml_resolved_functions_info 000000018005fad0     UDP_Communication_sfun:UDP_Communication_sfun.obj
 0004:00001adc       $pdata$sf_UDP_Communication_jit_fallback_info 000000018005fadc     UDP_Communication_sfun:UDP_Communication_sfun.obj
 0004:00001ae8       $pdata$sf_UDP_Communication_method_dispatcher 000000018005fae8     UDP_Communication_sfun:UDP_Communication_sfun.obj
 0004:00001af4       $pdata$sf_UDP_Communication_process_check_sum_call 000000018005faf4     UDP_Communication_sfun:UDP_Communication_sfun.obj
 0004:00001b00       $pdata$0$sf_UDP_Communication_process_check_sum_call 000000018005fb00     UDP_Communication_sfun:UDP_Communication_sfun.obj
 0004:00001b0c       $pdata$1$sf_UDP_Communication_process_check_sum_call 000000018005fb0c     UDP_Communication_sfun:UDP_Communication_sfun.obj
 0004:00001b18       $pdata$sf_UDP_Communication_third_party_uses_info 000000018005fb18     UDP_Communication_sfun:UDP_Communication_sfun.obj
 0004:00001b24       $pdata$sf_UDP_Communication_updateBuildInfo_args_info 000000018005fb24     UDP_Communication_sfun:UDP_Communication_sfun.obj
 0004:00001b30       $pdata$unload_UDP_Communication_optimization_info 000000018005fb30     UDP_Communication_sfun:UDP_Communication_sfun.obj
 0004:00001b3c       $pdata$c43_Rotation_to_Quaternion 000000018005fb3c     UDP_Communication_sfun:c43_UDP_Communication.obj
 0004:00001b48       $pdata$c43_abs             000000018005fb48     UDP_Communication_sfun:c43_UDP_Communication.obj
 0004:00001b54       $pdata$c43_b_emlrt_marshallIn 000000018005fb54     UDP_Communication_sfun:c43_UDP_Communication.obj
 0004:00001b60       $pdata$c43_b_sf_marshallIn 000000018005fb60     UDP_Communication_sfun:c43_UDP_Communication.obj
 0004:00001b6c       $pdata$c43_b_sf_marshallOut 000000018005fb6c     UDP_Communication_sfun:c43_UDP_Communication.obj
 0004:00001b78       $pdata$c43_c_emlrt_marshallIn 000000018005fb78     UDP_Communication_sfun:c43_UDP_Communication.obj
 0004:00001b84       $pdata$c43_c_sf_marshallIn 000000018005fb84     UDP_Communication_sfun:c43_UDP_Communication.obj
 0004:00001b90       $pdata$c43_c_sf_marshallOut 000000018005fb90     UDP_Communication_sfun:c43_UDP_Communication.obj
 0004:00001b9c       $pdata$c43_check_forloop_overflow_error 000000018005fb9c     UDP_Communication_sfun:c43_UDP_Communication.obj
 0004:00001ba8       $pdata$c43_d_emlrt_marshallIn 000000018005fba8     UDP_Communication_sfun:c43_UDP_Communication.obj
 0004:00001bb4       $pdata$c43_d_sf_marshallIn 000000018005fbb4     UDP_Communication_sfun:c43_UDP_Communication.obj
 0004:00001bc0       $pdata$c43_d_sf_marshallOut 000000018005fbc0     UDP_Communication_sfun:c43_UDP_Communication.obj
 0004:00001bcc       $pdata$c43_e_emlrt_marshallIn 000000018005fbcc     UDP_Communication_sfun:c43_UDP_Communication.obj
 0004:00001bd8       $pdata$c43_e_sf_marshallIn 000000018005fbd8     UDP_Communication_sfun:c43_UDP_Communication.obj
 0004:00001be4       $pdata$c43_e_sf_marshallOut 000000018005fbe4     UDP_Communication_sfun:c43_UDP_Communication.obj
 0004:00001bf0       $pdata$c43_emlrt_marshallIn 000000018005fbf0     UDP_Communication_sfun:c43_UDP_Communication.obj
 0004:00001bfc       $pdata$c43_error           000000018005fbfc     UDP_Communication_sfun:c43_UDP_Communication.obj
 0004:00001c08       $pdata$c43_f_emlrt_marshallIn 000000018005fc08     UDP_Communication_sfun:c43_UDP_Communication.obj
 0004:00001c14       $pdata$c43_f_sf_marshallIn 000000018005fc14     UDP_Communication_sfun:c43_UDP_Communication.obj
 0004:00001c20       $pdata$c43_f_sf_marshallOut 000000018005fc20     UDP_Communication_sfun:c43_UDP_Communication.obj
 0004:00001c2c       $pdata$c43_g_emlrt_marshallIn 000000018005fc2c     UDP_Communication_sfun:c43_UDP_Communication.obj
 0004:00001c38       $pdata$c43_g_sf_marshallOut 000000018005fc38     UDP_Communication_sfun:c43_UDP_Communication.obj
 0004:00001c44       $pdata$c43_h_sf_marshallOut 000000018005fc44     UDP_Communication_sfun:c43_UDP_Communication.obj
 0004:00001c50       $pdata$c43_i_emlrt_marshallIn 000000018005fc50     UDP_Communication_sfun:c43_UDP_Communication.obj
 0004:00001c5c       $pdata$c43_j_emlrt_marshallIn 000000018005fc5c     UDP_Communication_sfun:c43_UDP_Communication.obj
 0004:00001c68       $pdata$c43_sf_marshallIn   000000018005fc68     UDP_Communication_sfun:c43_UDP_Communication.obj
 0004:00001c74       $pdata$c43_sf_marshallOut  000000018005fc74     UDP_Communication_sfun:c43_UDP_Communication.obj
 0004:00001c80       $pdata$chart_debug_initialization 000000018005fc80     UDP_Communication_sfun:c43_UDP_Communication.obj
 0004:00001c8c       $pdata$3$chart_debug_initialization 000000018005fc8c     UDP_Communication_sfun:c43_UDP_Communication.obj
 0004:00001c98       $pdata$4$chart_debug_initialization 000000018005fc98     UDP_Communication_sfun:c43_UDP_Communication.obj
 0004:00001ca4       $pdata$chart_debug_initialize_data_addresses 000000018005fca4     UDP_Communication_sfun:c43_UDP_Communication.obj
 0004:00001cb0       $pdata$0$chart_debug_initialize_data_addresses 000000018005fcb0     UDP_Communication_sfun:c43_UDP_Communication.obj
 0004:00001cbc       $pdata$1$chart_debug_initialize_data_addresses 000000018005fcbc     UDP_Communication_sfun:c43_UDP_Communication.obj
 0004:00001cc8       $pdata$disable_c43_UDP_Communication 000000018005fcc8     UDP_Communication_sfun:c43_UDP_Communication.obj
 0004:00001cd4       $pdata$enable_c43_UDP_Communication 000000018005fcd4     UDP_Communication_sfun:c43_UDP_Communication.obj
 0004:00001ce0       $pdata$get_sim_state_c43_UDP_Communication 000000018005fce0     UDP_Communication_sfun:c43_UDP_Communication.obj
 0004:00001cec       $pdata$init_script_number_translation 000000018005fcec     UDP_Communication_sfun:c43_UDP_Communication.obj
 0004:00001cf8       $pdata$init_simulink_io_address 000000018005fcf8     UDP_Communication_sfun:c43_UDP_Communication.obj
 0004:00001d04       $pdata$initialize_c43_UDP_Communication 000000018005fd04     UDP_Communication_sfun:c43_UDP_Communication.obj
 0004:00001d10       $pdata$mdlProcessParameters_c43_UDP_Communication 000000018005fd10     UDP_Communication_sfun:c43_UDP_Communication.obj
 0004:00001d1c       $pdata$0$mdlProcessParameters_c43_UDP_Communication 000000018005fd1c     UDP_Communication_sfun:c43_UDP_Communication.obj
 0004:00001d28       $pdata$1$mdlProcessParameters_c43_UDP_Communication 000000018005fd28     UDP_Communication_sfun:c43_UDP_Communication.obj
 0004:00001d34       $pdata$2$mdlProcessParameters_c43_UDP_Communication 000000018005fd34     UDP_Communication_sfun:c43_UDP_Communication.obj
 0004:00001d40       $pdata$3$mdlProcessParameters_c43_UDP_Communication 000000018005fd40     UDP_Communication_sfun:c43_UDP_Communication.obj
 0004:00001d4c       $pdata$mdlRTW_c43_UDP_Communication 000000018005fd4c     UDP_Communication_sfun:c43_UDP_Communication.obj
 0004:00001d58       $pdata$mdlSetWorkWidths_c43_UDP_Communication 000000018005fd58     UDP_Communication_sfun:c43_UDP_Communication.obj
 0004:00001d64       $pdata$2$mdlSetWorkWidths_c43_UDP_Communication 000000018005fd64     UDP_Communication_sfun:c43_UDP_Communication.obj
 0004:00001d70       $pdata$3$mdlSetWorkWidths_c43_UDP_Communication 000000018005fd70     UDP_Communication_sfun:c43_UDP_Communication.obj
 0004:00001d7c       $pdata$4$mdlSetWorkWidths_c43_UDP_Communication 000000018005fd7c     UDP_Communication_sfun:c43_UDP_Communication.obj
 0004:00001d88       $pdata$mdlStart_c43_UDP_Communication 000000018005fd88     UDP_Communication_sfun:c43_UDP_Communication.obj
 0004:00001d94       $pdata$set_sim_state_c43_UDP_Communication 000000018005fd94     UDP_Communication_sfun:c43_UDP_Communication.obj
 0004:00001da0       $pdata$sf_c43_UDP_Communication_get_autoinheritance_info 000000018005fda0     UDP_Communication_sfun:c43_UDP_Communication.obj
 0004:00001dac       $pdata$sf_c43_UDP_Communication_get_check_sum 000000018005fdac     UDP_Communication_sfun:c43_UDP_Communication.obj
 0004:00001db8       $pdata$sf_c43_UDP_Communication_get_eml_resolved_functions_info 000000018005fdb8     UDP_Communication_sfun:c43_UDP_Communication.obj
 0004:00001dc4       $pdata$sf_c43_UDP_Communication_get_post_codegen_info 000000018005fdc4     UDP_Communication_sfun:c43_UDP_Communication.obj
 0004:00001dd0       $pdata$sf_c43_UDP_Communication_jit_fallback_info 000000018005fdd0     UDP_Communication_sfun:c43_UDP_Communication.obj
 0004:00001ddc       $pdata$sf_gateway_c43_UDP_Communication 000000018005fddc     UDP_Communication_sfun:c43_UDP_Communication.obj
 0004:00001de8       $pdata$sf_get_sim_state_info_c43_UDP_Communication 000000018005fde8     UDP_Communication_sfun:c43_UDP_Communication.obj
 0004:00001df4       $pdata$sf_opaque_disable_c43_UDP_Communication 000000018005fdf4     UDP_Communication_sfun:c43_UDP_Communication.obj
 0004:00001e00       $pdata$sf_opaque_enable_c43_UDP_Communication 000000018005fe00     UDP_Communication_sfun:c43_UDP_Communication.obj
 0004:00001e0c       $pdata$sf_opaque_get_sim_state_c43_UDP_Communication 000000018005fe0c     UDP_Communication_sfun:c43_UDP_Communication.obj
 0004:00001e18       $pdata$sf_opaque_initialize_c43_UDP_Communication 000000018005fe18     UDP_Communication_sfun:c43_UDP_Communication.obj
 0004:00001e24       $pdata$sf_opaque_set_sim_state_c43_UDP_Communication 000000018005fe24     UDP_Communication_sfun:c43_UDP_Communication.obj
 0004:00001e30       $pdata$sf_opaque_terminate_c43_UDP_Communication 000000018005fe30     UDP_Communication_sfun:c43_UDP_Communication.obj
 0004:00001e3c       $pdata$0$sf_opaque_terminate_c43_UDP_Communication 000000018005fe3c     UDP_Communication_sfun:c43_UDP_Communication.obj
 0004:00001e48       $pdata$1$sf_opaque_terminate_c43_UDP_Communication 000000018005fe48     UDP_Communication_sfun:c43_UDP_Communication.obj
 0004:00001e54       $pdata$__GSHandlerCheck    000000018005fe54     MSVCRT:_gshandler_.obj
 0004:00001e60       $pdata$__GSHandlerCheckCommon 000000018005fe60     MSVCRT:_gshandler_.obj
 0004:00001e78       $pdata$__raise_securityfailure 000000018005fe78     MSVCRT:gs_report.obj
 0004:00001e84       $pdata$__report_gsfailure  000000018005fe84     MSVCRT:gs_report.obj
 0004:00001e90       $pdata$__report_rangecheckfailure 000000018005fe90     MSVCRT:gs_report.obj
 0004:00001e9c       $pdata$__report_securityfailure 000000018005fe9c     MSVCRT:gs_report.obj
 0004:00001ea8       $pdata$__report_securityfailureEx 000000018005fea8     MSVCRT:gs_report.obj
 0004:00001eb4       $pdata$capture_current_context 000000018005feb4     MSVCRT:gs_report.obj
 0004:00001ec0       $pdata$capture_previous_context 000000018005fec0     MSVCRT:gs_report.obj
 0004:00001ed8       $pdata$?dllmain_crt_dispatch@@YAHQEAUHINSTANCE__@@KQEAX@Z 000000018005fed8     MSVCRT:dll_dllmain.obj
 0004:00001ee4       $pdata$?dllmain_crt_process_attach@@YAHQEAUHINSTANCE__@@QEAX@Z 000000018005fee4     MSVCRT:dll_dllmain.obj
 0004:00001ef0       $pdata$?dllmain_crt_process_detach@@YAH_N@Z 000000018005fef0     MSVCRT:dll_dllmain.obj
 0004:00001efc       $pdata$?dllmain_dispatch@@YAHQEAUHINSTANCE__@@KQEAX@Z 000000018005fefc     MSVCRT:dll_dllmain.obj
 0004:00001f08       $pdata$?dllmain_raw@@YAHQEAUHINSTANCE__@@KQEAX@Z 000000018005ff08     MSVCRT:dll_dllmain.obj
 0004:00001f14       $pdata$_DllMainCRTStartup  000000018005ff14     MSVCRT:dll_dllmain.obj
 0004:00001f20       $pdata$?configure_argv@__scrt_narrow_argv_policy@@SAHXZ 000000018005ff20     MSVCRT:utility.obj
 0004:00001f2c       $pdata$__scrt_acquire_startup_lock 000000018005ff2c     MSVCRT:utility.obj
 0004:00001f38       $pdata$__scrt_dllmain_after_initialize_c 000000018005ff38     MSVCRT:utility.obj
 0004:00001f44       $pdata$__scrt_dllmain_before_initialize_c 000000018005ff44     MSVCRT:utility.obj
 0004:00001f50       $pdata$__scrt_dllmain_crt_thread_attach 000000018005ff50     MSVCRT:utility.obj
 0004:00001f5c       $pdata$__scrt_dllmain_crt_thread_detach 000000018005ff5c     MSVCRT:utility.obj
 0004:00001f68       $pdata$__scrt_dllmain_exception_filter 000000018005ff68     MSVCRT:utility.obj
 0004:00001f74       $pdata$__scrt_dllmain_uninitialize_c 000000018005ff74     MSVCRT:utility.obj
 0004:00001f80       $pdata$__scrt_dllmain_uninitialize_critical 000000018005ff80     MSVCRT:utility.obj
 0004:00001f8c       $pdata$__scrt_initialize_crt 000000018005ff8c     MSVCRT:utility.obj
 0004:00001f98       $pdata$__scrt_initialize_onexit_tables 000000018005ff98     MSVCRT:utility.obj
 0004:00001fa4       $pdata$__scrt_is_nonwritable_in_current_image 000000018005ffa4     MSVCRT:utility.obj
 0004:00001fb0       $pdata$__scrt_release_startup_lock 000000018005ffb0     MSVCRT:utility.obj
 0004:00001fbc       $pdata$__scrt_uninitialize_crt 000000018005ffbc     MSVCRT:utility.obj
 0004:00001fc8       $pdata$_onexit             000000018005ffc8     MSVCRT:utility.obj
 0004:00001fd4       $pdata$atexit              000000018005ffd4     MSVCRT:utility.obj
 0004:00001fe0       $pdata$__security_init_cookie 000000018005ffe0     MSVCRT:gs_support.obj
 0004:00001fec       $pdata$DllMain             000000018005ffec     MSVCRT:dll_dllmain_stub.obj
 0004:00001ff8       $pdata$__scrt_initialize_default_local_stdio_options 000000018005fff8     MSVCRT:default_local_stdio_options.obj
 0004:00002004       $pdata$__scrt_fastfail     0000000180060004     MSVCRT:utility_desktop.obj
 0004:00002010       $pdata$__scrt_get_show_window_mode 0000000180060010     MSVCRT:utility_desktop.obj
 0004:0000201c       $pdata$__scrt_is_managed_app 000000018006001c     MSVCRT:utility_desktop.obj
 0004:00002028       $pdata$__scrt_unhandled_exception_filter 0000000180060028     MSVCRT:utility_desktop.obj
 0004:00002034       $pdata$_RTC_Initialize     0000000180060034     MSVCRT:_initsect_.obj
 0004:00002040       $pdata$_RTC_Terminate      0000000180060040     MSVCRT:_initsect_.obj
 0004:0000204c       $pdata$__isa_available_init 000000018006004c     MSVCRT:_cpu_disp_.obj
 0004:00002064       $pdata$?fin$0@?0??dllmain_crt_process_attach@@YAHQEAUHINSTANCE__@@QEAX@Z@4HA 0000000180060064     MSVCRT:dll_dllmain.obj
 0004:00002070       $pdata$?fin$0@?0??dllmain_crt_process_detach@@YAH_N@Z@4HA 0000000180060070     MSVCRT:dll_dllmain.obj
 0004:0000207c       $pdata$?filt$0@?0??dllmain_dispatch@@YAHQEAUHINSTANCE__@@KQEAX@Z@4HA 000000018006007c     MSVCRT:dll_dllmain.obj
 0004:00002088       $pdata$__scrt_is_nonwritable_in_current_image$filt$0 0000000180060088     MSVCRT:utility.obj
 0005:00000000       __guard_fids_?dllmain_crt_process_attach@@YAHQEAUHINSTANCE__@@QEAX@Z 0000000180061000     MSVCRT:dll_dllmain.obj
 0005:00000008       __guard_fids_?dllmain_dispatch@@YAHQEAUHINSTANCE__@@KQEAX@Z 0000000180061008     MSVCRT:dll_dllmain.obj
 0005:0000000c       __guard_fids___scrt_set_unhandled_exception_filter 000000018006100c     MSVCRT:utility_desktop.obj
 0005:00000010       __guard_fids__             0000000180061010     MSVCRT:guard_support.obj
 0005:00000014       __guard_fids__guard_icall_checks_enforced 0000000180061014     MSVCRT:guard_support.obj
