 RightInvariant_EKF_sfun

 Timestamp is 5abba2d4 (Wed Mar 28 10:12:36 2018)

 Preferred load address is 0000000180000000

 Start         Length     Name                   Class
 0001:00000000 0004e7c0H .text$mn                CODE
 0001:0004e7c0 00000012H .text$mn$00             CODE
 0001:0004e7d2 00000081H .text$x                 CODE
 0002:00000000 000005e8H .idata$5                DATA
 0002:000005e8 00000010H .00cfg                  DATA
 0002:000005f8 00000008H .CRT$XCA                DATA
 0002:00000600 00000008H .CRT$XCZ                DATA
 0002:00000608 00000008H .CRT$XIA                DATA
 0002:00000610 00000008H .CRT$XIZ                DATA
 0002:00000618 00000008H .CRT$XPA                DATA
 0002:00000620 00000008H .CRT$XPZ                DATA
 0002:00000628 00000008H .CRT$XTA                DATA
 0002:00000630 00000010H .CRT$XTZ                DATA
 0002:00000640 000059c4H .rdata                  DATA
 0002:00006004 0000022cH .rdata$zzzdbg           DATA
 0002:00006230 00000008H .rtc$IAA                DATA
 0002:00006238 00000008H .rtc$IZZ                DATA
 0002:00006240 00000008H .rtc$TAA                DATA
 0002:00006248 00000008H .rtc$TZZ                DATA
 0002:00006250 00002fa0H .xdata                  DATA
 0002:000091f0 00000060H .edata                  DATA
 0002:00009250 00000104H .idata$2                DATA
 0002:00009354 00000014H .idata$3                DATA
 0002:00009368 000005e8H .idata$4                DATA
 0002:00009950 000011aeH .idata$6                DATA
 0003:00000000 00001fc0H .data                   DATA
 0003:00001fc0 00000758H .bss                    DATA
 0004:00000000 00002094H .pdata                  DATA
 0005:00000000 00000018H .gfids$y                DATA

  Address         Publics by Value              Rva+Base               Lib:Object

 0000:00000000       __guard_longjmp_count      0000000000000000     <absolute>
 0000:00000000       ___safe_se_handler_count   0000000000000000     <absolute>
 0000:00000000       __guard_fids_table         0000000000000000     <absolute>
 0000:00000000       __guard_fids_count         0000000000000000     <absolute>
 0000:00000000       __guard_longjmp_table      0000000000000000     <absolute>
 0000:00000000       __dynamic_value_reloc_table 0000000000000000     <absolute>
 0000:00000000       __guard_iat_count          0000000000000000     <absolute>
 0000:00000000       ___safe_se_handler_table   0000000000000000     <absolute>
 0000:00000000       __guard_iat_table          0000000000000000     <absolute>
 0000:00000100       __guard_flags              0000000000000100     <absolute>
 0000:00000000       __ImageBase                0000000180000000     <linker-defined>
 0001:00000000       RightInvariant_EKF_debug_initialize 0000000180001000 f   RightInvariant_EKF_sfun.obj
 0001:00000070       RightInvariant_EKF_initializer 0000000180001070 f   RightInvariant_EKF_sfun.obj
 0001:00000080       RightInvariant_EKF_register_exported_symbols 0000000180001080 f   RightInvariant_EKF_sfun.obj
 0001:00000090       RightInvariant_EKF_terminator 0000000180001090 f   RightInvariant_EKF_sfun.obj
 0001:000000a0       load_RightInvariant_EKF_optimization_info 00000001800010a0 f   RightInvariant_EKF_sfun.obj
 0001:00000150       sf_RightInvariant_EKF_autoinheritance_info 0000000180001150 f   RightInvariant_EKF_sfun.obj
 0001:000002a0       sf_RightInvariant_EKF_get_eml_resolved_functions_info 00000001800012a0 f   RightInvariant_EKF_sfun.obj
 0001:00000390       sf_RightInvariant_EKF_jit_fallback_info 0000000180001390 f   RightInvariant_EKF_sfun.obj
 0001:000004e0       sf_RightInvariant_EKF_method_dispatcher 00000001800014e0 f   RightInvariant_EKF_sfun.obj
 0001:00000540       sf_RightInvariant_EKF_process_check_sum_call 0000000180001540 f   RightInvariant_EKF_sfun.obj
 0001:00000820       sf_RightInvariant_EKF_third_party_uses_info 0000000180001820 f   RightInvariant_EKF_sfun.obj
 0001:00000970       sf_RightInvariant_EKF_updateBuildInfo_args_info 0000000180001970 f   RightInvariant_EKF_sfun.obj
 0001:00000ac0       unload_RightInvariant_EKF_optimization_info 0000000180001ac0 f   RightInvariant_EKF_sfun.obj
 0001:00000af0       c1_RightInvariant_EKF_method_dispatcher 0000000180001af0 f   c1_RightInvariant_EKF.obj
 0001:00007e20       sf_c1_RightInvariant_EKF_get_autoinheritance_info 0000000180008e20 f   c1_RightInvariant_EKF.obj
 0001:00008680       sf_c1_RightInvariant_EKF_get_check_sum 0000000180009680 f   c1_RightInvariant_EKF.obj
 0001:000086f0       sf_c1_RightInvariant_EKF_get_eml_resolved_functions_info 00000001800096f0 f   c1_RightInvariant_EKF.obj
 0001:00008770       sf_c1_RightInvariant_EKF_get_post_codegen_info 0000000180009770 f   c1_RightInvariant_EKF.obj
 0001:00008830       sf_c1_RightInvariant_EKF_jit_fallback_info 0000000180009830 f   c1_RightInvariant_EKF.obj
 0001:00008980       sf_c1_RightInvariant_EKF_third_party_uses_info 0000000180009980 f   c1_RightInvariant_EKF.obj
 0001:00008990       sf_c1_RightInvariant_EKF_updateBuildInfo_args_info 0000000180009990 f   c1_RightInvariant_EKF.obj
 0001:00009080       c2_RightInvariant_EKF_method_dispatcher 000000018000a080 f   c2_RightInvariant_EKF.obj
 0001:0000bc20       sf_c2_RightInvariant_EKF_get_autoinheritance_info 000000018000cc20 f   c2_RightInvariant_EKF.obj
 0001:0000c290       sf_c2_RightInvariant_EKF_get_check_sum 000000018000d290 f   c2_RightInvariant_EKF.obj
 0001:0000c300       sf_c2_RightInvariant_EKF_get_eml_resolved_functions_info 000000018000d300 f   c2_RightInvariant_EKF.obj
 0001:0000c390       sf_c2_RightInvariant_EKF_get_post_codegen_info 000000018000d390 f   c2_RightInvariant_EKF.obj
 0001:0000c450       sf_c2_RightInvariant_EKF_jit_fallback_info 000000018000d450 f   c2_RightInvariant_EKF.obj
 0001:0000c5a0       sf_c2_RightInvariant_EKF_third_party_uses_info 000000018000d5a0 f   c2_RightInvariant_EKF.obj
 0001:0000c5b0       sf_c2_RightInvariant_EKF_updateBuildInfo_args_info 000000018000d5b0 f   c2_RightInvariant_EKF.obj
 0001:0000f070       c40_RightInvariant_EKF_method_dispatcher 0000000180010070 f   c40_RightInvariant_EKF.obj
 0001:000194a0       sf_c40_RightInvariant_EKF_get_autoinheritance_info 000000018001a4a0 f   c40_RightInvariant_EKF.obj
 0001:0001a0a0       sf_c40_RightInvariant_EKF_get_check_sum 000000018001b0a0 f   c40_RightInvariant_EKF.obj
 0001:0001a110       sf_c40_RightInvariant_EKF_get_eml_resolved_functions_info 000000018001b110 f   c40_RightInvariant_EKF.obj
 0001:0001a1c0       sf_c40_RightInvariant_EKF_get_post_codegen_info 000000018001b1c0 f   c40_RightInvariant_EKF.obj
 0001:0001a280       sf_c40_RightInvariant_EKF_jit_fallback_info 000000018001b280 f   c40_RightInvariant_EKF.obj
 0001:0001a3d0       sf_c40_RightInvariant_EKF_third_party_uses_info 000000018001b3d0 f   c40_RightInvariant_EKF.obj
 0001:0001a3e0       sf_c40_RightInvariant_EKF_updateBuildInfo_args_info 000000018001b3e0 f   c40_RightInvariant_EKF.obj
 0001:0001ad50       ProcessMexSfunctionEveryCall 000000018001bd50 f   RightInvariant_EKF_sfun_registry.obj
 0001:0001b500       __local_stdio_printf_options 000000018001c500 f i RightInvariant_EKF_sfun_registry.obj
 0001:0001b5b0       _ssGetAbsTol               000000018001c5b0 f   RightInvariant_EKF_sfun_registry.obj
 0001:0001b670       _ssGetCallSystemNumFcnCallDestinations 000000018001c670 f   RightInvariant_EKF_sfun_registry.obj
 0001:0001b6b0       _ssGetCompInputPortSymbolicDimsId 000000018001c6b0 f   RightInvariant_EKF_sfun_registry.obj
 0001:0001b6f0       _ssGetCompOutputPortSymbolicDimsId 000000018001c6f0 f   RightInvariant_EKF_sfun_registry.obj
 0001:0001b730       _ssGetCurrentInputPortWidth 000000018001c730 f   RightInvariant_EKF_sfun_registry.obj
 0001:0001b790       _ssGetCurrentOutputPortWidth 000000018001c790 f   RightInvariant_EKF_sfun_registry.obj
 0001:0001b7f0       _ssGetInputPortSignalFcn   000000018001c7f0 f   RightInvariant_EKF_sfun_registry.obj
 0001:0001ba90       _ssGetInputPortSignalPtrsFcn 000000018001ca90 f   RightInvariant_EKF_sfun_registry.obj
 0001:0001bd30       _ssGetNumSymbolicDims      000000018001cd30 f   RightInvariant_EKF_sfun_registry.obj
 0001:0001bd80       _ssGetSymbolicDim          000000018001cd80 f   RightInvariant_EKF_sfun_registry.obj
 0001:0001bdc0       _ssRegisterSymbolicDims    000000018001cdc0 f   RightInvariant_EKF_sfun_registry.obj
 0001:0001be10       _ssRegisterSymbolicDimsDivide 000000018001ce10 f   RightInvariant_EKF_sfun_registry.obj
 0001:0001be50       _ssRegisterSymbolicDimsExpr 000000018001ce50 f   RightInvariant_EKF_sfun_registry.obj
 0001:0001bea0       _ssRegisterSymbolicDimsIntValue 000000018001cea0 f   RightInvariant_EKF_sfun_registry.obj
 0001:0001bee0       _ssRegisterSymbolicDimsMinus 000000018001cee0 f   RightInvariant_EKF_sfun_registry.obj
 0001:0001bf20       _ssRegisterSymbolicDimsMultiply 000000018001cf20 f   RightInvariant_EKF_sfun_registry.obj
 0001:0001bf60       _ssRegisterSymbolicDimsPlus 000000018001cf60 f   RightInvariant_EKF_sfun_registry.obj
 0001:0001bfa0       _ssRegisterSymbolicDimsString 000000018001cfa0 f   RightInvariant_EKF_sfun_registry.obj
 0001:0001bff0       _ssSetCompDWorkSymbolicDimsId 000000018001cff0 f   RightInvariant_EKF_sfun_registry.obj
 0001:0001c030       _ssSetCompInputPortSymbolicDimsId 000000018001d030 f   RightInvariant_EKF_sfun_registry.obj
 0001:0001c070       _ssSetCompOutputPortSymbolicDimsId 000000018001d070 f   RightInvariant_EKF_sfun_registry.obj
 0001:0001c0b0       _ssSetInputPortDirectFeedThroughFcn 000000018001d0b0 f   RightInvariant_EKF_sfun_registry.obj
 0001:0001c210       _ssSetInputPortMatrixDimensions 000000018001d210 f   RightInvariant_EKF_sfun_registry.obj
 0001:0001c2b0       _ssSetInputPortReusableFcn 000000018001d2b0 f   RightInvariant_EKF_sfun_registry.obj
 0001:0001c350       _ssSetInputPortSymbolicDimsId 000000018001d350 f   RightInvariant_EKF_sfun_registry.obj
 0001:0001c390       _ssSetInputPortVectorDimension 000000018001d390 f   RightInvariant_EKF_sfun_registry.obj
 0001:0001c3f0       _ssSetOutputPortMatrixDimensions 000000018001d3f0 f   RightInvariant_EKF_sfun_registry.obj
 0001:0001c490       _ssSetOutputPortReusableFcn 000000018001d490 f   RightInvariant_EKF_sfun_registry.obj
 0001:0001c530       _ssSetOutputPortSymbolicDimsId 000000018001d530 f   RightInvariant_EKF_sfun_registry.obj
 0001:0001c570       _ssSetOutputPortVectorDimension 000000018001d570 f   RightInvariant_EKF_sfun_registry.obj
 0001:0001c5d0       _ssSetStateAbsTol          000000018001d5d0 f   RightInvariant_EKF_sfun_registry.obj
 0001:0001c640       _ssSetSymbolicDimsSupport  000000018001d640 f   RightInvariant_EKF_sfun_registry.obj
 0001:0001c670       _vsnprintf_l               000000018001d670 f i RightInvariant_EKF_sfun_registry.obj
 0001:0001c6e0       _vsprintf_l                000000018001d6e0 f i RightInvariant_EKF_sfun_registry.obj
 0001:0001c750       callCustomFcn              000000018001d750 f   RightInvariant_EKF_sfun_registry.obj
 0001:0001c7a0       mdlGetSimState             000000018001d7a0 f   RightInvariant_EKF_sfun_registry.obj
 0001:0001c8b0       mdlSetSimState             000000018001d8b0 f   RightInvariant_EKF_sfun_registry.obj
 0001:0001cc70       mexFunction                000000018001dc70 f   RightInvariant_EKF_sfun_registry.obj
 0001:0001d720       sf_machine_global_initializer 000000018001e720 f   RightInvariant_EKF_sfun_registry.obj
 0001:0001d7c0       sf_machine_global_initializer_called 000000018001e7c0 f   RightInvariant_EKF_sfun_registry.obj
 0001:0001d7d0       sf_machine_global_method_dispatcher 000000018001e7d0 f   RightInvariant_EKF_sfun_registry.obj
 0001:0001d8a0       sf_machine_global_terminator 000000018001e8a0 f   RightInvariant_EKF_sfun_registry.obj
 0001:0001d8e0       sf_mex_unlock_call         000000018001e8e0 f   RightInvariant_EKF_sfun_registry.obj
 0001:0001d980       sf_process_autoinheritance_call 000000018001e980 f   RightInvariant_EKF_sfun_registry.obj
 0001:0001db20       sf_process_check_sum_call  000000018001eb20 f   RightInvariant_EKF_sfun_registry.obj
 0001:0001dba0       sf_process_get_eml_resolved_functions_info_call 000000018001eba0 f   RightInvariant_EKF_sfun_registry.obj
 0001:0001dd20       sf_process_get_jit_fallback_info_call 000000018001ed20 f   RightInvariant_EKF_sfun_registry.obj
 0001:0001dec0       sf_process_get_third_party_uses_info_call 000000018001eec0 f   RightInvariant_EKF_sfun_registry.obj
 0001:0001e060       sf_process_get_updateBuildInfo_args_info_call 000000018001f060 f   RightInvariant_EKF_sfun_registry.obj
 0001:0001e200       sf_register_machine_exported_symbols 000000018001f200 f   RightInvariant_EKF_sfun_registry.obj
 0001:0001e230       sprintf                    000000018001f230 f i RightInvariant_EKF_sfun_registry.obj
 0001:0001e290       ssCloneAndAddZcSignalInfo  000000018001f290 f   RightInvariant_EKF_sfun_registry.obj
 0001:0001e2d0       ssCreateAndAddZcSignalInfo 000000018001f2d0 f   RightInvariant_EKF_sfun_registry.obj
 0001:0001e310       ssGetDTypeIdFromMxArray    000000018001f310 f   RightInvariant_EKF_sfun_registry.obj
 0001:0001e3e0       ssGetIsInputPortElementContinuous 000000018001f3e0 f   RightInvariant_EKF_sfun_registry.obj
 0001:0001e450       ssGetIsZeroCrossControlDisabled 000000018001f450 f   RightInvariant_EKF_sfun_registry.obj
 0001:0001e490       ssGetNumZcSignals          000000018001f490 f   RightInvariant_EKF_sfun_registry.obj
 0001:0001e4d0       ssGetParameterTuningCompliance 000000018001f4d0 f   RightInvariant_EKF_sfun_registry.obj
 0001:0001e510       ssGetSFuncBlockHandle      000000018001f510 f   RightInvariant_EKF_sfun_registry.obj
 0001:0001e550       ssGetZcSignalIsZcElementDisc 000000018001f550 f   RightInvariant_EKF_sfun_registry.obj
 0001:0001e5c0       ssGetZcSignalName          000000018001f5c0 f   RightInvariant_EKF_sfun_registry.obj
 0001:0001e610       ssGetZcSignalNeedsEventNotification 000000018001f610 f   RightInvariant_EKF_sfun_registry.obj
 0001:0001e650       ssGetZcSignalType          000000018001f650 f   RightInvariant_EKF_sfun_registry.obj
 0001:0001e690       ssGetZcSignalVector        000000018001f690 f   RightInvariant_EKF_sfun_registry.obj
 0001:0001e6e0       ssGetZcSignalWidth         000000018001f6e0 f   RightInvariant_EKF_sfun_registry.obj
 0001:0001e720       ssGetZcSignalZcEventType   000000018001f720 f   RightInvariant_EKF_sfun_registry.obj
 0001:0001e760       ssGetZcSignalZcEvents      000000018001f760 f   RightInvariant_EKF_sfun_registry.obj
 0001:0001e7b0       ssGetZcSignalZcTol         000000018001f7b0 f   RightInvariant_EKF_sfun_registry.obj
 0001:0001e7f0       ssIsRunTimeParamTunable    000000018001f7f0 f   RightInvariant_EKF_sfun_registry.obj
 0001:0001e830       ssSetIsInputPortUsedForContZcSignal 000000018001f830 f   RightInvariant_EKF_sfun_registry.obj
 0001:0001e870       ssSetZcSignalIsZcElementDisc 000000018001f870 f   RightInvariant_EKF_sfun_registry.obj
 0001:0001e8d0       ssSetZcSignalName          000000018001f8d0 f   RightInvariant_EKF_sfun_registry.obj
 0001:0001e900       ssSetZcSignalNeedsEventNotification 000000018001f900 f   RightInvariant_EKF_sfun_registry.obj
 0001:0001e940       ssSetZcSignalType          000000018001f940 f   RightInvariant_EKF_sfun_registry.obj
 0001:0001e980       ssSetZcSignalWidth         000000018001f980 f   RightInvariant_EKF_sfun_registry.obj
 0001:0001e9c0       ssSetZcSignalZcEventType   000000018001f9c0 f   RightInvariant_EKF_sfun_registry.obj
 0001:0001ea00       ssSetZcSignalZcTol         000000018001fa00 f   RightInvariant_EKF_sfun_registry.obj
 0001:0001ea40       ssWarning                  000000018001fa40 f   RightInvariant_EKF_sfun_registry.obj
 0001:0001eb20       ssWriteRTWMx2dMatParam     000000018001fb20 f   RightInvariant_EKF_sfun_registry.obj
 0001:0001eb70       ssWriteRTWMxVectParam      000000018001fb70 f   RightInvariant_EKF_sfun_registry.obj
 0001:0001ebb0       ssWriteRTWNameValuePair    000000018001fbb0 f   RightInvariant_EKF_sfun_registry.obj
 0001:0001eda0       ssWriteRTWParamSettings    000000018001fda0 f   RightInvariant_EKF_sfun_registry.obj
 0001:0001f070       ssWriteRTWParameters       0000000180020070 f   RightInvariant_EKF_sfun_registry.obj
 0001:0001f260       ssWriteRTWStr              0000000180020260 f   RightInvariant_EKF_sfun_registry.obj
 0001:0001f280       ssWriteRTWWorkVect         0000000180020280 f   RightInvariant_EKF_sfun_registry.obj
 0001:0001f600       Cos                        0000000180020600 f i p_RightToeBottom_src.obj
 0001:0001f610       Sin                        0000000180020610 f i p_RightToeBottom_src.obj
 0001:00020590       p_RightToeBottom_src       0000000180021590 f   p_RightToeBottom_src.obj
 0001:00021530       p_LeftToeBottom_src        0000000180022530 f   p_LeftToeBottom_src.obj
 0001:00021540       J_RightToeBottom_src       0000000180022540 f   J_RightToeBottom_src.obj
 0001:00025de0       J_LeftToeBottom_src        0000000180026de0 f   J_LeftToeBottom_src.obj
 0001:0002b210       p_VectorNav_to_RightToeBottom_src 000000018002c210 f   p_VectorNav_to_RightToeBottom_src.obj
 0001:0002b220       R_VectorNav_to_RightToeBottom_src 000000018002c220 f   R_VectorNav_to_RightToeBottom_src.obj
 0001:0002c300       p_VectorNav_to_LeftToeBottom_src 000000018002d300 f   p_VectorNav_to_LeftToeBottom_src.obj
 0001:0002c310       R_VectorNav_to_LeftToeBottom_src 000000018002d310 f   R_VectorNav_to_LeftToeBottom_src.obj
 0001:0002c8a0       J_VectorNav_to_RightToeBottom_src 000000018002d8a0 f   J_VectorNav_to_RightToeBottom_src.obj
 0001:0002eea0       J_VectorNav_to_LeftToeBottom_src 000000018002fea0 f   J_VectorNav_to_LeftToeBottom_src.obj
 0001:00031430       p_VectorNav_to_Pelvis_src  0000000180032430 f   p_VectorNav_to_Pelvis_src.obj
 0001:00031460       R_VectorNav_to_Pelvis_src  0000000180032460 f   R_VectorNav_to_Pelvis_src.obj
 0001:000314e0       StateEstimation_debug_initialize 00000001800324e0 f   StateEstimation_sfun:StateEstimation_sfun.obj
 0001:00031550       StateEstimation_initializer 0000000180032550 f   StateEstimation_sfun:StateEstimation_sfun.obj
 0001:00031560       StateEstimation_register_exported_symbols 0000000180032560 f   StateEstimation_sfun:StateEstimation_sfun.obj
 0001:00031570       StateEstimation_terminator 0000000180032570 f   StateEstimation_sfun:StateEstimation_sfun.obj
 0001:00031580       load_StateEstimation_optimization_info 0000000180032580 f   StateEstimation_sfun:StateEstimation_sfun.obj
 0001:00031630       sf_StateEstimation_autoinheritance_info 0000000180032630 f   StateEstimation_sfun:StateEstimation_sfun.obj
 0001:00031780       sf_StateEstimation_get_eml_resolved_functions_info 0000000180032780 f   StateEstimation_sfun:StateEstimation_sfun.obj
 0001:00031870       sf_StateEstimation_jit_fallback_info 0000000180032870 f   StateEstimation_sfun:StateEstimation_sfun.obj
 0001:000319c0       sf_StateEstimation_method_dispatcher 00000001800329c0 f   StateEstimation_sfun:StateEstimation_sfun.obj
 0001:00031a20       sf_StateEstimation_process_check_sum_call 0000000180032a20 f   StateEstimation_sfun:StateEstimation_sfun.obj
 0001:00031c40       sf_StateEstimation_third_party_uses_info 0000000180032c40 f   StateEstimation_sfun:StateEstimation_sfun.obj
 0001:00031d90       sf_StateEstimation_updateBuildInfo_args_info 0000000180032d90 f   StateEstimation_sfun:StateEstimation_sfun.obj
 0001:00031ee0       unload_StateEstimation_optimization_info 0000000180032ee0 f   StateEstimation_sfun:StateEstimation_sfun.obj
 0001:00031f10       c21_StateEstimation_method_dispatcher 0000000180032f10 f   StateEstimation_sfun:c21_StateEstimation.obj
 0001:00034be0       sf_c21_StateEstimation_get_autoinheritance_info 0000000180035be0 f   StateEstimation_sfun:c21_StateEstimation.obj
 0001:00035250       sf_c21_StateEstimation_get_check_sum 0000000180036250 f   StateEstimation_sfun:c21_StateEstimation.obj
 0001:000352c0       sf_c21_StateEstimation_get_eml_resolved_functions_info 00000001800362c0 f   StateEstimation_sfun:c21_StateEstimation.obj
 0001:00035350       sf_c21_StateEstimation_get_post_codegen_info 0000000180036350 f   StateEstimation_sfun:c21_StateEstimation.obj
 0001:00035410       sf_c21_StateEstimation_jit_fallback_info 0000000180036410 f   StateEstimation_sfun:c21_StateEstimation.obj
 0001:00035560       sf_c21_StateEstimation_third_party_uses_info 0000000180036560 f   StateEstimation_sfun:c21_StateEstimation.obj
 0001:00035570       sf_c21_StateEstimation_updateBuildInfo_args_info 0000000180036570 f   StateEstimation_sfun:c21_StateEstimation.obj
 0001:00038c10       c41_StateEstimation_method_dispatcher 0000000180039c10 f   StateEstimation_sfun:c41_StateEstimation.obj
 0001:00040dc0       sf_c41_StateEstimation_get_autoinheritance_info 0000000180041dc0 f   StateEstimation_sfun:c41_StateEstimation.obj
 0001:000414e0       sf_c41_StateEstimation_get_check_sum 00000001800424e0 f   StateEstimation_sfun:c41_StateEstimation.obj
 0001:00041550       sf_c41_StateEstimation_get_eml_resolved_functions_info 0000000180042550 f   StateEstimation_sfun:c41_StateEstimation.obj
 0001:00041600       sf_c41_StateEstimation_get_post_codegen_info 0000000180042600 f   StateEstimation_sfun:c41_StateEstimation.obj
 0001:000416c0       sf_c41_StateEstimation_jit_fallback_info 00000001800426c0 f   StateEstimation_sfun:c41_StateEstimation.obj
 0001:00041810       sf_c41_StateEstimation_third_party_uses_info 0000000180042810 f   StateEstimation_sfun:c41_StateEstimation.obj
 0001:00041820       sf_c41_StateEstimation_updateBuildInfo_args_info 0000000180042820 f   StateEstimation_sfun:c41_StateEstimation.obj
 0001:00041de0       c42_StateEstimation_method_dispatcher 0000000180042de0 f   StateEstimation_sfun:c42_StateEstimation.obj
 0001:00044a40       sf_c42_StateEstimation_get_autoinheritance_info 0000000180045a40 f   StateEstimation_sfun:c42_StateEstimation.obj
 0001:00044ec0       sf_c42_StateEstimation_get_check_sum 0000000180045ec0 f   StateEstimation_sfun:c42_StateEstimation.obj
 0001:00044f30       sf_c42_StateEstimation_get_eml_resolved_functions_info 0000000180045f30 f   StateEstimation_sfun:c42_StateEstimation.obj
 0001:00044fc0       sf_c42_StateEstimation_get_post_codegen_info 0000000180045fc0 f   StateEstimation_sfun:c42_StateEstimation.obj
 0001:00045080       sf_c42_StateEstimation_jit_fallback_info 0000000180046080 f   StateEstimation_sfun:c42_StateEstimation.obj
 0001:000451d0       sf_c42_StateEstimation_third_party_uses_info 00000001800461d0 f   StateEstimation_sfun:c42_StateEstimation.obj
 0001:000451e0       sf_c42_StateEstimation_updateBuildInfo_args_info 00000001800461e0 f   StateEstimation_sfun:c42_StateEstimation.obj
 0001:00046ad0       UDP_Communication_debug_initialize 0000000180047ad0 f   UDP_Communication_sfun:UDP_Communication_sfun.obj
 0001:00046b40       UDP_Communication_initializer 0000000180047b40 f   UDP_Communication_sfun:UDP_Communication_sfun.obj
 0001:00046b50       UDP_Communication_register_exported_symbols 0000000180047b50 f   UDP_Communication_sfun:UDP_Communication_sfun.obj
 0001:00046b60       UDP_Communication_terminator 0000000180047b60 f   UDP_Communication_sfun:UDP_Communication_sfun.obj
 0001:00046b70       load_UDP_Communication_optimization_info 0000000180047b70 f   UDP_Communication_sfun:UDP_Communication_sfun.obj
 0001:00046c20       sf_UDP_Communication_autoinheritance_info 0000000180047c20 f   UDP_Communication_sfun:UDP_Communication_sfun.obj
 0001:00046d20       sf_UDP_Communication_get_eml_resolved_functions_info 0000000180047d20 f   UDP_Communication_sfun:UDP_Communication_sfun.obj
 0001:00046df0       sf_UDP_Communication_jit_fallback_info 0000000180047df0 f   UDP_Communication_sfun:UDP_Communication_sfun.obj
 0001:00046ef0       sf_UDP_Communication_method_dispatcher 0000000180047ef0 f   UDP_Communication_sfun:UDP_Communication_sfun.obj
 0001:00046f20       sf_UDP_Communication_process_check_sum_call 0000000180047f20 f   UDP_Communication_sfun:UDP_Communication_sfun.obj
 0001:00047110       sf_UDP_Communication_third_party_uses_info 0000000180048110 f   UDP_Communication_sfun:UDP_Communication_sfun.obj
 0001:00047210       sf_UDP_Communication_updateBuildInfo_args_info 0000000180048210 f   UDP_Communication_sfun:UDP_Communication_sfun.obj
 0001:00047310       unload_UDP_Communication_optimization_info 0000000180048310 f   UDP_Communication_sfun:UDP_Communication_sfun.obj
 0001:000485f0       c43_UDP_Communication_method_dispatcher 00000001800495f0 f   UDP_Communication_sfun:c43_UDP_Communication.obj
 0001:0004b220       sf_c43_UDP_Communication_get_autoinheritance_info 000000018004c220 f   UDP_Communication_sfun:c43_UDP_Communication.obj
 0001:0004b6a0       sf_c43_UDP_Communication_get_check_sum 000000018004c6a0 f   UDP_Communication_sfun:c43_UDP_Communication.obj
 0001:0004b710       sf_c43_UDP_Communication_get_eml_resolved_functions_info 000000018004c710 f   UDP_Communication_sfun:c43_UDP_Communication.obj
 0001:0004b790       sf_c43_UDP_Communication_get_post_codegen_info 000000018004c790 f   UDP_Communication_sfun:c43_UDP_Communication.obj
 0001:0004b850       sf_c43_UDP_Communication_jit_fallback_info 000000018004c850 f   UDP_Communication_sfun:c43_UDP_Communication.obj
 0001:0004b9a0       sf_c43_UDP_Communication_third_party_uses_info 000000018004c9a0 f   UDP_Communication_sfun:c43_UDP_Communication.obj
 0001:0004b9b0       sf_c43_UDP_Communication_updateBuildInfo_args_info 000000018004c9b0 f   UDP_Communication_sfun:c43_UDP_Communication.obj
 0001:0004d04a       sf_load_rtw_optimization_info 000000018004e04a f   sf_runtime:sf_runtime.dll
 0001:0004d050       sf_debug_initialize_machine 000000018004e050 f   sf_runtime:sf_runtime.dll
 0001:0004d056       sf_debug_set_machine_event_thresholds 000000018004e056 f   sf_runtime:sf_runtime.dll
 0001:0004d05c       sf_debug_set_machine_data_thresholds 000000018004e05c f   sf_runtime:sf_runtime.dll
 0001:0004d062       sf_init_ChartRunTimeInfo   000000018004e062 f   sf_runtime:sf_runtime.dll
 0001:0004d068       sf_free_ChartRunTimeInfo   000000018004e068 f   sf_runtime:sf_runtime.dll
 0001:0004d06e       sf_get_chart_instance_ptr  000000018004e06e f   sf_runtime:sf_runtime.dll
 0001:0004d074       sf_rtw_info_uint_prop      000000018004e074 f   sf_runtime:sf_runtime.dll
 0001:0004d07a       sf_update_buildInfo        000000018004e07a f   sf_runtime:sf_runtime.dll
 0001:0004d080       sf_is_chart_inlinable      000000018004e080 f   sf_runtime:sf_runtime.dll
 0001:0004d086       sf_mark_chart_reusable_outputs 000000018004e086 f   sf_runtime:sf_runtime.dll
 0001:0004d08c       sf_mark_chart_expressionable_inputs 000000018004e08c f   sf_runtime:sf_runtime.dll
 0001:0004d092       sim_mode_is_rtw_gen        000000018004e092 f   sf_runtime:sf_runtime.dll
 0001:0004d098       sim_mode_is_external       000000018004e098 f   sf_runtime:sf_runtime.dll
 0001:0004d09e       sim_mode_is_modelref_sim   000000018004e09e f   sf_runtime:sf_runtime.dll
 0001:0004d0a4       sf_mex_listen_for_ctrl_c_with_debugger 000000018004e0a4 f   sf_runtime:sf_runtime.dll
 0001:0004d0aa       sf_clear_rtw_identifier    000000018004e0aa f   sf_runtime:sf_runtime.dll
 0001:0004d0b0       sf_set_rtw_dwork_info      000000018004e0b0 f   sf_runtime:sf_runtime.dll
 0001:0004d0b6       sf_get_time                000000018004e0b6 f   sf_runtime:sf_runtime.dll
 0001:0004d0bc       sf_is_first_init_cond      000000018004e0bc f   sf_runtime:sf_runtime.dll
 0001:0004d0c2       sf_set_chart_accesses_machine_info 000000018004e0c2 f   sf_runtime:sf_runtime.dll
 0001:0004d0c8       sf_register_codegen_names_for_scoped_functions_defined_by_chart 000000018004e0c8 f   sf_runtime:sf_runtime.dll
 0001:0004d0ce       sf_mex_call_debug          000000018004e0ce f   sf_runtime:sf_runtime.dll
 0001:0004d0d4       sf_mex_error_message       000000018004e0d4 f   sf_runtime:sf_runtime.dll
 0001:0004d0da       sf_mex_create              000000018004e0da f   sf_runtime:sf_runtime.dll
 0001:0004d0e0       sf_mex_createcellmatrix    000000018004e0e0 f   sf_runtime:sf_runtime.dll
 0001:0004d0e6       sf_mex_setcell             000000018004e0e6 f   sf_runtime:sf_runtime.dll
 0001:0004d0ec       sf_mex_getcell             000000018004e0ec f   sf_runtime:sf_runtime.dll
 0001:0004d0f2       sf_mex_assign              000000018004e0f2 f   sf_runtime:sf_runtime.dll
 0001:0004d0f8       sf_mex_dup                 000000018004e0f8 f   sf_runtime:sf_runtime.dll
 0001:0004d0fe       sf_mex_destroy             000000018004e0fe f   sf_runtime:sf_runtime.dll
 0001:0004d104       sf_mex_import              000000018004e104 f   sf_runtime:sf_runtime.dll
 0001:0004d10a       sf_mex_import_vs           000000018004e10a f   sf_runtime:sf_runtime.dll
 0001:0004d110       sf_mex_decode_encoded_mx_struct_array 000000018004e110 f   sf_runtime:sf_runtime.dll
 0001:0004d116       ssGetCurrentOutputPortDimensions_wrapper 000000018004e116 f   sf_runtime:sf_runtime.dll
 0001:0004d11c       ssSetCurrentOutputPortDimensions_wrapper 000000018004e11c f   sf_runtime:sf_runtime.dll
 0001:0004d122       ssGetInputPortSignal_wrapper 000000018004e122 f   sf_runtime:sf_runtime.dll
 0001:0004d128       ssGetOutputPortSignal_wrapper 000000018004e128 f   sf_runtime:sf_runtime.dll
 0001:0004d12e       sf_eml_array_bounds_check  000000018004e12e f   sf_runtime:sf_runtime.dll
 0001:0004d134       sf_debug_initialize_chart  000000018004e134 f   sf_runtime:sf_runtime.dll
 0001:0004d13a       sf_debug_call              000000018004e13a f   sf_runtime:sf_runtime.dll
 0001:0004d140       eml_debug_line_call        000000018004e140 f   sf_runtime:sf_runtime.dll
 0001:0004d146       cv_eml_eval                000000018004e146 f   sf_runtime:sf_runtime.dll
 0001:0004d14c       cv_eml_init_script         000000018004e14c f   sf_runtime:sf_runtime.dll
 0001:0004d152       cv_eml_init_fcn            000000018004e152 f   sf_runtime:sf_runtime.dll
 0001:0004d158       cv_eml_init_if             000000018004e158 f   sf_runtime:sf_runtime.dll
 0001:0004d15e       cv_eml_init_while          000000018004e15e f   sf_runtime:sf_runtime.dll
 0001:0004d164       cv_eml_init_mcdc           000000018004e164 f   sf_runtime:sf_runtime.dll
 0001:0004d16a       cv_script_eval             000000018004e16a f   sf_runtime:sf_runtime.dll
 0001:0004d170       cv_script_init_script      000000018004e170 f   sf_runtime:sf_runtime.dll
 0001:0004d176       cv_script_init_fcn         000000018004e176 f   sf_runtime:sf_runtime.dll
 0001:0004d17c       sf_debug_reset_current_state_configuration 000000018004e17c f   sf_runtime:sf_runtime.dll
 0001:0004d182       sf_debug_check_for_state_inconsistency 000000018004e182 f   sf_runtime:sf_runtime.dll
 0001:0004d188       sf_debug_set_chart_data_props 000000018004e188 f   sf_runtime:sf_runtime.dll
 0001:0004d18e       sf_debug_set_chart_data_compiled_props 000000018004e18e f   sf_runtime:sf_runtime.dll
 0001:0004d194       sf_debug_symbol_scope_push 000000018004e194 f   sf_runtime:sf_runtime.dll
 0001:0004d19a       sf_debug_symbol_scope_push_eml 000000018004e19a f   sf_runtime:sf_runtime.dll
 0001:0004d1a0       sf_debug_symbol_scope_pop  000000018004e1a0 f   sf_runtime:sf_runtime.dll
 0001:0004d1a6       sf_debug_symbol_scope_add_eml 000000018004e1a6 f   sf_runtime:sf_runtime.dll
 0001:0004d1ac       sf_debug_symbol_scope_add_eml_importable 000000018004e1ac f   sf_runtime:sf_runtime.dll
 0001:0004d1b2       sf_debug_symbol_scope_add_eml_dyn_importable 000000018004e1b2 f   sf_runtime:sf_runtime.dll
 0001:0004d1b8       sf_debug_set_instance_data_value_ptr 000000018004e1b8 f   sf_runtime:sf_runtime.dll
 0001:0004d1be       sf_debug_set_chart_disable_implicit_casting 000000018004e1be f   sf_runtime:sf_runtime.dll
 0001:0004d1c4       sf_debug_set_chart_event_thresholds 000000018004e1c4 f   sf_runtime:sf_runtime.dll
 0001:0004d1ca       sf_debug_set_chart_state_info 000000018004e1ca f   sf_runtime:sf_runtime.dll
 0001:0004d1d0       sf_debug_set_chart_decomposition 000000018004e1d0 f   sf_runtime:sf_runtime.dll
 0001:0004d1d6       sf_debug_set_chart_substate_count 000000018004e1d6 f   sf_runtime:sf_runtime.dll
 0001:0004d1dc       sf_debug_dim_size_geq_check 000000018004e1dc f   sf_runtime:sf_runtime.dll
 0001:0004d1e2       sf_debug_data_range_wrapper 000000018004e1e2 f   sf_runtime:sf_runtime.dll
 0001:0004d1e8       sf_debug_cv_init_trans     000000018004e1e8 f   sf_runtime:sf_runtime.dll
 0001:0004d1ee       sf_debug_cv_init_chart     000000018004e1ee f   sf_runtime:sf_runtime.dll
 0001:0004d1f4       sf_debug_cv_init_state     000000018004e1f4 f   sf_runtime:sf_runtime.dll
 0001:0004d1fa       sf_debug_get_script_id     000000018004e1fa f   sf_runtime:sf_runtime.dll
 0001:0004d200       sf_debug_set_script_translation 000000018004e200 f   sf_runtime:sf_runtime.dll
 0001:0004d206       cv_eval_relational         000000018004e206 f   sf_runtime:sf_runtime.dll
 0001:0004d20c       cv_eml_init_relational     000000018004e20c f   sf_runtime:sf_runtime.dll
 0001:0004d212       cv_script_init_if          000000018004e212 f   sf_runtime:sf_runtime.dll
 0001:0004d218       sf_debug_symbol_switch     000000018004e218 f   sf_runtime:sf_runtime.dll
 0001:0004d21e       sf_get_ChartInfoStruct_CodeGen 000000018004e21e f   sf_runtime:sf_runtime.dll
 0001:0004d224       sf_get_isEnhancedMooreMachine 000000018004e224 f   sf_runtime:sf_runtime.dll
 0001:0004d22a       sf_set_compiledInfo        000000018004e22a f   sf_runtime:sf_runtime.dll
 0001:0004d230       callMdlMethodAndReportError 000000018004e230 f   sf_runtime:sf_runtime.dll
 0001:0004d236       call_sf_machine_global_method_dispatcher 000000018004e236 f   sf_runtime:sf_runtime.dll
 0001:0004d23c       sf_mex_error_direct_call   000000018004e23c f   sf_runtime:sf_runtime.dll
 0001:0004d242       sf_clear_error_manager_info 000000018004e242 f   sf_runtime:sf_runtime.dll
 0001:0004d248       sf_debug_create_debug_instance_struct 000000018004e248 f   sf_runtime:sf_runtime.dll
 0001:0004d24e       sf_debug_terminate         000000018004e24e f   sf_runtime:sf_runtime.dll
 0001:0004d254       sf_debug_api               000000018004e254 f   sf_runtime:sf_runtime.dll
 0001:0004d25a       sf_mex_addfield            000000018004e25a f   sf_runtime:sf_runtime.dll
 0001:0004d260       sf_mex_createstruct        000000018004e260 f   sf_runtime:sf_runtime.dll
 0001:0004d266       sf_integer_check           000000018004e266 f   sf_runtime:sf_runtime.dll
 0001:0004d26c       cv_script_init_relational  000000018004e26c f   sf_runtime:sf_runtime.dll
 0001:0004d272       cv_script_init_switch      000000018004e272 f   sf_runtime:sf_runtime.dll
 0001:0004d278       mxIsChar                   000000018004e278 f   libmx:libmx.dll
 0001:0004d27e       mxGetPr                    000000018004e27e f   libmx:libmx.dll
 0001:0004d284       mxGetScalar                000000018004e284 f   libmx:libmx.dll
 0001:0004d28a       mxDestroyArray             000000018004e28a f   libmx:libmx.dll
 0001:0004d290       mxCreateDoubleMatrix_730   000000018004e290 f   libmx:libmx.dll
 0001:0004d296       mxGetString_730            000000018004e296 f   libmx:libmx.dll
 0001:0004d29c       mxDuplicateArray           000000018004e29c f   libmx:libmx.dll
 0001:0004d2a2       mxIsEmpty                  000000018004e2a2 f   libmx:libmx.dll
 0001:0004d2a8       mxSetField_730             000000018004e2a8 f   libmx:libmx.dll
 0001:0004d2ae       mxCreateDoubleScalar       000000018004e2ae f   libmx:libmx.dll
 0001:0004d2b4       mxCreateString             000000018004e2b4 f   libmx:libmx.dll
 0001:0004d2ba       mxCreateCellMatrix_730     000000018004e2ba f   libmx:libmx.dll
 0001:0004d2c0       mxCreateCellArray_730      000000018004e2c0 f   libmx:libmx.dll
 0001:0004d2c6       mxCreateStructMatrix_730   000000018004e2c6 f   libmx:libmx.dll
 0001:0004d2cc       mxCreateStructArray_730    000000018004e2cc f   libmx:libmx.dll
 0001:0004d2d2       mxCalloc                   000000018004e2d2 f   libmx:libmx.dll
 0001:0004d2d8       mxGetM                     000000018004e2d8 f   libmx:libmx.dll
 0001:0004d2de       mxGetClassID               000000018004e2de f   libmx:libmx.dll
 0001:0004d2e4       mxIsNumeric                000000018004e2e4 f   libmx:libmx.dll
 0001:0004d2ea       mxIsComplex                000000018004e2ea f   libmx:libmx.dll
 0001:0004d2f0       mxGetN                     000000018004e2f0 f   libmx:libmx.dll
 0001:0004d2f6       mexMakeArrayPersistent     000000018004e2f6 f   libmex:libmex.dll
 0001:0004d2fc       mexErrMsgTxt               000000018004e2fc f   libmex:libmex.dll
 0001:0004d302       mexWarnMsgTxt              000000018004e302 f   libmex:libmex.dll
 0001:0004d308       mexCallMATLABWithObject    000000018004e308 f   libmex:libmex.dll
 0001:0004d30e       mexLock                    000000018004e30e f   libmex:libmex.dll
 0001:0004d314       mexUnlock                  000000018004e314 f   libmex:libmex.dll
 0001:0004d31a       mexIsLocked                000000018004e31a f   libmex:libmex.dll
 0001:0004d320       utMalloc                   000000018004e320 f   libut:libut.dll
 0001:0004d326       utFree                     000000018004e326 f   libut:libut.dll
 0001:0004d32c       muDoubleScalarAbs          000000018004e32c f   libmwmathutil:libmwmathutil.dll
 0001:0004d332       muDoubleScalarFloor        000000018004e332 f   libmwmathutil:libmwmathutil.dll
 0001:0004d338       muDoubleScalarRound        000000018004e338 f   libmwmathutil:libmwmathutil.dll
 0001:0004d33e       muDoubleScalarExp          000000018004e33e f   libmwmathutil:libmwmathutil.dll
 0001:0004d344       muDoubleScalarLog          000000018004e344 f   libmwmathutil:libmwmathutil.dll
 0001:0004d34a       muDoubleScalarIsNaN        000000018004e34a f   libmwmathutil:libmwmathutil.dll
 0001:0004d350       muDoubleScalarCos          000000018004e350 f   libmwmathutil:libmwmathutil.dll
 0001:0004d356       muDoubleScalarSin          000000018004e356 f   libmwmathutil:libmwmathutil.dll
 0001:0004d35c       muDoubleScalarAsin         000000018004e35c f   libmwmathutil:libmwmathutil.dll
 0001:0004d362       muDoubleScalarAtan2        000000018004e362 f   libmwmathutil:libmwmathutil.dll
 0001:0004d368       muDoubleScalarSqrt         000000018004e368 f   libmwmathutil:libmwmathutil.dll
 0001:0004d36e       muDoubleScalarMax          000000018004e36e f   libmwmathutil:libmwmathutil.dll
 0001:0004d374       muDoubleScalarMin          000000018004e374 f   libmwmathutil:libmwmathutil.dll
 0001:0004d37a       emlrtNameCaptureMxArrayR2016a 000000018004e37a f   libemlrt:libemlrt.dll
 0001:0004d380       __GSHandlerCheck           000000018004e380 f   MSVCRT:_gshandler_.obj
 0001:0004d3a0       __GSHandlerCheckCommon     000000018004e3a0 f   MSVCRT:_gshandler_.obj
 0001:0004d410       __security_check_cookie    000000018004e410 f   MSVCRT:_amdsecgs_.obj
 0001:0004d434       __raise_securityfailure    000000018004e434 f   MSVCRT:gs_report.obj
 0001:0004d468       __report_gsfailure         000000018004e468 f   MSVCRT:gs_report.obj
 0001:0004d53c       __report_rangecheckfailure 000000018004e53c f   MSVCRT:gs_report.obj
 0001:0004d550       __report_securityfailure   000000018004e550 f   MSVCRT:gs_report.obj
 0001:0004d5ec       __report_securityfailureEx 000000018004e5ec f   MSVCRT:gs_report.obj
 0001:0004d7f0       __chkstk                   000000018004e7f0 f   MSVCRT:_chkstk_.obj
 0001:0004d7f0       _alloca_probe              000000018004e7f0 f   MSVCRT:_chkstk_.obj
 0001:0004db90       _CRT_INIT                  000000018004eb90 f   MSVCRT:dll_dllmain.obj
 0001:0004db98       _DllMainCRTStartup         000000018004eb98 f   MSVCRT:dll_dllmain.obj
 0001:0004dbd8       ??$__crt_fast_decode_pointer@PEAP6AXXZ@@YAPEAP6AXXZQEAP6AXXZ@Z 000000018004ebd8 f i MSVCRT:utility.obj
 0001:0004dbf0       ??$__crt_fast_encode_pointer@PEAP6AXXZ@@YAPEAP6AXXZQEAP6AXXZ@Z 000000018004ebf0 f i MSVCRT:utility.obj
 0001:0004dc10       ?__crt_rotate_pointer_value@@YA_K_KH@Z 000000018004ec10 f i MSVCRT:utility.obj
 0001:0004dc1c       ?configure_argv@__scrt_narrow_argv_policy@@SAHXZ 000000018004ec1c f i MSVCRT:utility.obj
 0001:0004dcac       NtCurrentTeb               000000018004ecac f i MSVCRT:utility.obj
 0001:0004dcb8       __scrt_acquire_startup_lock 000000018004ecb8 f   MSVCRT:utility.obj
 0001:0004dcf4       __scrt_dllmain_after_initialize_c 000000018004ecf4 f   MSVCRT:utility.obj
 0001:0004dd28       __scrt_dllmain_before_initialize_c 000000018004ed28 f   MSVCRT:utility.obj
 0001:0004dd40       __scrt_dllmain_crt_thread_attach 000000018004ed40 f   MSVCRT:utility.obj
 0001:0004dd68       __scrt_dllmain_crt_thread_detach 000000018004ed68 f   MSVCRT:utility.obj
 0001:0004dd80       __scrt_dllmain_exception_filter 000000018004ed80 f   MSVCRT:utility.obj
 0001:0004dde4       __scrt_dllmain_uninitialize_c 000000018004ede4 f   MSVCRT:utility.obj
 0001:0004de14       __scrt_dllmain_uninitialize_critical 000000018004ee14 f   MSVCRT:utility.obj
 0001:0004de28       __scrt_initialize_crt      000000018004ee28 f   MSVCRT:utility.obj
 0001:0004de74       __scrt_initialize_onexit_tables 000000018004ee74 f   MSVCRT:utility.obj
 0001:0004df40       __scrt_is_nonwritable_in_current_image 000000018004ef40 f   MSVCRT:utility.obj
 0001:0004dfdc       __scrt_release_startup_lock 000000018004efdc f   MSVCRT:utility.obj
 0001:0004e000       __scrt_uninitialize_crt    000000018004f000 f   MSVCRT:utility.obj
 0001:0004e02c       _onexit                    000000018004f02c f   MSVCRT:utility.obj
 0001:0004e07c       at_quick_exit              000000018004f07c f   MSVCRT:utility.obj
 0001:0004e0b4       atexit                     000000018004f0b4 f   MSVCRT:utility.obj
 0001:0004e0cc       __security_init_cookie     000000018004f0cc f   MSVCRT:gs_support.obj
 0001:0004e178       DllMain                    000000018004f178 f   MSVCRT:dll_dllmain_stub.obj
 0001:0004e19c       ?__scrt_initialize_type_info@@YAXXZ 000000018004f19c f   MSVCRT:tncleanup.obj
 0001:0004e1ac       ?__scrt_uninitialize_type_info@@YAXXZ 000000018004f1ac f   MSVCRT:tncleanup.obj
 0001:0004e1b8       __local_stdio_scanf_options 000000018004f1b8 f i MSVCRT:default_local_stdio_options.obj
 0001:0004e1c0       __scrt_initialize_default_local_stdio_options 000000018004f1c0 f   MSVCRT:default_local_stdio_options.obj
 0001:0004e1dc       __scrt_get_dyn_tls_init_callback 000000018004f1dc f   MSVCRT:dyn_tls_init.obj
 0001:0004e1e4       __crt_debugger_hook        000000018004f1e4 f   MSVCRT:utility_desktop.obj
 0001:0004e1ec       __scrt_fastfail            000000018004f1ec f   MSVCRT:utility_desktop.obj
 0001:0004e334       __scrt_get_show_window_mode 000000018004f334 f   MSVCRT:utility_desktop.obj
 0001:0004e370       __scrt_initialize_winrt    000000018004f370 f   MSVCRT:utility_desktop.obj
 0001:0004e374       __scrt_is_managed_app      000000018004f374 f   MSVCRT:utility_desktop.obj
 0001:0004e3c8       __scrt_set_unhandled_exception_filter 000000018004f3c8 f   MSVCRT:utility_desktop.obj
 0001:0004e3d8       __scrt_unhandled_exception_filter 000000018004f3d8 f   MSVCRT:utility_desktop.obj
 0001:0004e410       _RTC_Initialize            000000018004f410 f   MSVCRT:_initsect_.obj
 0001:0004e45c       _RTC_Terminate             000000018004f45c f   MSVCRT:_initsect_.obj
 0001:0004e4a8       _guard_check_icall         000000018004f4a8 f i MSVCRT:checkcfg.obj
 0001:0004e4b0       __isa_available_init       000000018004f4b0 f   MSVCRT:_cpu_disp_.obj
 0001:0004e678       _get_startup_argv_mode     000000018004f678 f   MSVCRT:argv_mode.obj
 0001:0004e680       __scrt_is_ucrt_dll_in_use  000000018004f680 f   MSVCRT:ucrt_detection.obj
 0001:0004e68c       _guard_check_icall_nop     000000018004f68c f i MSVCRT:guard_support.obj
 0001:0004e690       _guard_icall_checks_enforced 000000018004f690 f i MSVCRT:guard_support.obj
 0001:0004e6b0       RtlCaptureContext          000000018004f6b0 f   kernel32:KERNEL32.dll
 0001:0004e6b6       RtlLookupFunctionEntry     000000018004f6b6 f   kernel32:KERNEL32.dll
 0001:0004e6bc       RtlVirtualUnwind           000000018004f6bc f   kernel32:KERNEL32.dll
 0001:0004e6c2       UnhandledExceptionFilter   000000018004f6c2 f   kernel32:KERNEL32.dll
 0001:0004e6c8       SetUnhandledExceptionFilter 000000018004f6c8 f   kernel32:KERNEL32.dll
 0001:0004e6ce       GetCurrentProcess          000000018004f6ce f   kernel32:KERNEL32.dll
 0001:0004e6d4       TerminateProcess           000000018004f6d4 f   kernel32:KERNEL32.dll
 0001:0004e6da       IsProcessorFeaturePresent  000000018004f6da f   kernel32:KERNEL32.dll
 0001:0004e6e0       QueryPerformanceCounter    000000018004f6e0 f   kernel32:KERNEL32.dll
 0001:0004e6e6       GetCurrentProcessId        000000018004f6e6 f   kernel32:KERNEL32.dll
 0001:0004e6ec       GetCurrentThreadId         000000018004f6ec f   kernel32:KERNEL32.dll
 0001:0004e6f2       GetSystemTimeAsFileTime    000000018004f6f2 f   kernel32:KERNEL32.dll
 0001:0004e6f8       DisableThreadLibraryCalls  000000018004f6f8 f   kernel32:KERNEL32.dll
 0001:0004e6fe       InitializeSListHead        000000018004f6fe f   kernel32:KERNEL32.dll
 0001:0004e704       IsDebuggerPresent          000000018004f704 f   kernel32:KERNEL32.dll
 0001:0004e70a       GetStartupInfoW            000000018004f70a f   kernel32:KERNEL32.dll
 0001:0004e710       GetModuleHandleW           000000018004f710 f   kernel32:KERNEL32.dll
 0001:0004e716       memcpy                     000000018004f716 f   vcruntime:VCRUNTIME140.dll
 0001:0004e71c       memset                     000000018004f71c f   vcruntime:VCRUNTIME140.dll
 0001:0004e722       __C_specific_handler       000000018004f722 f   vcruntime:VCRUNTIME140.dll
 0001:0004e728       __std_type_info_destroy_list 000000018004f728 f   vcruntime:VCRUNTIME140.dll
 0001:0004e72e       strcmp                     000000018004f72e f   ucrt:api-ms-win-crt-string-l1-1-0.dll
 0001:0004e734       free                       000000018004f734 f   ucrt:api-ms-win-crt-heap-l1-1-0.dll
 0001:0004e73a       malloc                     000000018004f73a f   ucrt:api-ms-win-crt-heap-l1-1-0.dll
 0001:0004e740       __stdio_common_vsprintf    000000018004f740 f   ucrt:api-ms-win-crt-stdio-l1-1-0.dll
 0001:0004e746       cos                        000000018004f746 f   ucrt:api-ms-win-crt-math-l1-1-0.dll
 0001:0004e74c       sin                        000000018004f74c f   ucrt:api-ms-win-crt-math-l1-1-0.dll
 0001:0004e752       _initterm                  000000018004f752 f   ucrt:api-ms-win-crt-runtime-l1-1-0.dll
 0001:0004e758       _initterm_e                000000018004f758 f   ucrt:api-ms-win-crt-runtime-l1-1-0.dll
 0001:0004e75e       _seh_filter_dll            000000018004f75e f   ucrt:api-ms-win-crt-runtime-l1-1-0.dll
 0001:0004e764       _configure_narrow_argv     000000018004f764 f   ucrt:api-ms-win-crt-runtime-l1-1-0.dll
 0001:0004e76a       _initialize_narrow_environment 000000018004f76a f   ucrt:api-ms-win-crt-runtime-l1-1-0.dll
 0001:0004e770       _initialize_onexit_table   000000018004f770 f   ucrt:api-ms-win-crt-runtime-l1-1-0.dll
 0001:0004e776       _register_onexit_function  000000018004f776 f   ucrt:api-ms-win-crt-runtime-l1-1-0.dll
 0001:0004e77c       _execute_onexit_table      000000018004f77c f   ucrt:api-ms-win-crt-runtime-l1-1-0.dll
 0001:0004e782       _crt_atexit                000000018004f782 f   ucrt:api-ms-win-crt-runtime-l1-1-0.dll
 0001:0004e788       _crt_at_quick_exit         000000018004f788 f   ucrt:api-ms-win-crt-runtime-l1-1-0.dll
 0001:0004e78e       _cexit                     000000018004f78e f   ucrt:api-ms-win-crt-runtime-l1-1-0.dll
 0001:0004e794       terminate                  000000018004f794 f   ucrt:api-ms-win-crt-runtime-l1-1-0.dll
 0001:0004e79c       __acrt_initialize          000000018004f79c f   MSVCRT:ucrt_stubs.obj
 0001:0004e79c       __vcrt_initialize          000000018004f79c f   MSVCRT:ucrt_stubs.obj
 0001:0004e79c       __scrt_stub_for_acrt_initialize 000000018004f79c f   MSVCRT:ucrt_stubs.obj
 0001:0004e7a0       __scrt_stub_for_acrt_thread_attach 000000018004f7a0 f   MSVCRT:ucrt_stubs.obj
 0001:0004e7a0       __acrt_thread_attach       000000018004f7a0 f   MSVCRT:ucrt_stubs.obj
 0001:0004e7a0       __vcrt_thread_attach       000000018004f7a0 f   MSVCRT:ucrt_stubs.obj
 0001:0004e7a4       __acrt_thread_detach       000000018004f7a4 f   MSVCRT:ucrt_stubs.obj
 0001:0004e7a4       __vcrt_thread_detach       000000018004f7a4 f   MSVCRT:ucrt_stubs.obj
 0001:0004e7a4       __scrt_stub_for_acrt_thread_detach 000000018004f7a4 f   MSVCRT:ucrt_stubs.obj
 0001:0004e7a8       __vcrt_uninitialize        000000018004f7a8 f   MSVCRT:ucrt_stubs.obj
 0001:0004e7a8       __acrt_uninitialize        000000018004f7a8 f   MSVCRT:ucrt_stubs.obj
 0001:0004e7a8       __scrt_stub_for_acrt_uninitialize 000000018004f7a8 f   MSVCRT:ucrt_stubs.obj
 0001:0004e7ac       __vcrt_uninitialize_critical 000000018004f7ac f   MSVCRT:ucrt_stubs.obj
 0001:0004e7ac       __acrt_uninitialize_critical 000000018004f7ac f   MSVCRT:ucrt_stubs.obj
 0001:0004e7ac       __scrt_stub_for_acrt_uninitialize_critical 000000018004f7ac f   MSVCRT:ucrt_stubs.obj
 0001:0004e7b0       __scrt_stub_for_is_c_termination_complete 000000018004f7b0 f   MSVCRT:ucrt_stubs.obj
 0001:0004e7b0       _is_c_termination_complete 000000018004f7b0 f   MSVCRT:ucrt_stubs.obj
 0001:0004e7d0       _guard_dispatch_icall_nop  000000018004f7d0 f   MSVCRT:_guard_dispatch_.obj
 0002:00000000       __imp_GetCurrentThreadId   0000000180050000     kernel32:KERNEL32.dll
 0002:00000008       __imp_GetCurrentProcess    0000000180050008     kernel32:KERNEL32.dll
 0002:00000010       __imp_RtlCaptureContext    0000000180050010     kernel32:KERNEL32.dll
 0002:00000018       __imp_TerminateProcess     0000000180050018     kernel32:KERNEL32.dll
 0002:00000020       __imp_RtlLookupFunctionEntry 0000000180050020     kernel32:KERNEL32.dll
 0002:00000028       __imp_IsProcessorFeaturePresent 0000000180050028     kernel32:KERNEL32.dll
 0002:00000030       __imp_QueryPerformanceCounter 0000000180050030     kernel32:KERNEL32.dll
 0002:00000038       __imp_GetCurrentProcessId  0000000180050038     kernel32:KERNEL32.dll
 0002:00000040       __imp_GetSystemTimeAsFileTime 0000000180050040     kernel32:KERNEL32.dll
 0002:00000048       __imp_DisableThreadLibraryCalls 0000000180050048     kernel32:KERNEL32.dll
 0002:00000050       __imp_InitializeSListHead  0000000180050050     kernel32:KERNEL32.dll
 0002:00000058       __imp_IsDebuggerPresent    0000000180050058     kernel32:KERNEL32.dll
 0002:00000060       __imp_GetStartupInfoW      0000000180050060     kernel32:KERNEL32.dll
 0002:00000068       __imp_GetModuleHandleW     0000000180050068     kernel32:KERNEL32.dll
 0002:00000070       __imp_UnhandledExceptionFilter 0000000180050070     kernel32:KERNEL32.dll
 0002:00000078       __imp_SetUnhandledExceptionFilter 0000000180050078     kernel32:KERNEL32.dll
 0002:00000080       __imp_RtlVirtualUnwind     0000000180050080     kernel32:KERNEL32.dll
 0002:00000088       \177KERNEL32_NULL_THUNK_DATA 0000000180050088     kernel32:KERNEL32.dll
 0002:00000090       __imp_memset               0000000180050090     vcruntime:VCRUNTIME140.dll
 0002:00000098       __imp___C_specific_handler 0000000180050098     vcruntime:VCRUNTIME140.dll
 0002:000000a0       __imp___std_type_info_destroy_list 00000001800500a0     vcruntime:VCRUNTIME140.dll
 0002:000000a8       __imp_memcpy               00000001800500a8     vcruntime:VCRUNTIME140.dll
 0002:000000b0       \177VCRUNTIME140_NULL_THUNK_DATA 00000001800500b0     vcruntime:VCRUNTIME140.dll
 0002:000000b8       __imp_free                 00000001800500b8     ucrt:api-ms-win-crt-heap-l1-1-0.dll
 0002:000000c0       __imp_malloc               00000001800500c0     ucrt:api-ms-win-crt-heap-l1-1-0.dll
 0002:000000c8       \177api-ms-win-crt-heap-l1-1-0_NULL_THUNK_DATA 00000001800500c8     ucrt:api-ms-win-crt-heap-l1-1-0.dll
 0002:000000d0       __imp_sin                  00000001800500d0     ucrt:api-ms-win-crt-math-l1-1-0.dll
 0002:000000d8       __imp_cos                  00000001800500d8     ucrt:api-ms-win-crt-math-l1-1-0.dll
 0002:000000e0       \177api-ms-win-crt-math-l1-1-0_NULL_THUNK_DATA 00000001800500e0     ucrt:api-ms-win-crt-math-l1-1-0.dll
 0002:000000e8       __imp__configure_narrow_argv 00000001800500e8     ucrt:api-ms-win-crt-runtime-l1-1-0.dll
 0002:000000f0       __imp__seh_filter_dll      00000001800500f0     ucrt:api-ms-win-crt-runtime-l1-1-0.dll
 0002:000000f8       __imp__initialize_onexit_table 00000001800500f8     ucrt:api-ms-win-crt-runtime-l1-1-0.dll
 0002:00000100       __imp__register_onexit_function 0000000180050100     ucrt:api-ms-win-crt-runtime-l1-1-0.dll
 0002:00000108       __imp__execute_onexit_table 0000000180050108     ucrt:api-ms-win-crt-runtime-l1-1-0.dll
 0002:00000110       __imp__crt_atexit          0000000180050110     ucrt:api-ms-win-crt-runtime-l1-1-0.dll
 0002:00000118       __imp__crt_at_quick_exit   0000000180050118     ucrt:api-ms-win-crt-runtime-l1-1-0.dll
 0002:00000120       __imp__cexit               0000000180050120     ucrt:api-ms-win-crt-runtime-l1-1-0.dll
 0002:00000128       __imp_terminate            0000000180050128     ucrt:api-ms-win-crt-runtime-l1-1-0.dll
 0002:00000130       __imp__initterm_e          0000000180050130     ucrt:api-ms-win-crt-runtime-l1-1-0.dll
 0002:00000138       __imp__initterm            0000000180050138     ucrt:api-ms-win-crt-runtime-l1-1-0.dll
 0002:00000140       __imp__initialize_narrow_environment 0000000180050140     ucrt:api-ms-win-crt-runtime-l1-1-0.dll
 0002:00000148       \177api-ms-win-crt-runtime-l1-1-0_NULL_THUNK_DATA 0000000180050148     ucrt:api-ms-win-crt-runtime-l1-1-0.dll
 0002:00000150       __imp___stdio_common_vsprintf 0000000180050150     ucrt:api-ms-win-crt-stdio-l1-1-0.dll
 0002:00000158       \177api-ms-win-crt-stdio-l1-1-0_NULL_THUNK_DATA 0000000180050158     ucrt:api-ms-win-crt-stdio-l1-1-0.dll
 0002:00000160       __imp_strcmp               0000000180050160     ucrt:api-ms-win-crt-string-l1-1-0.dll
 0002:00000168       \177api-ms-win-crt-string-l1-1-0_NULL_THUNK_DATA 0000000180050168     ucrt:api-ms-win-crt-string-l1-1-0.dll
 0002:00000170       __imp_emlrtNameCaptureMxArrayR2016a 0000000180050170     libemlrt:libemlrt.dll
 0002:00000178       \177libemlrt_NULL_THUNK_DATA 0000000180050178     libemlrt:libemlrt.dll
 0002:00000180       __imp_mexErrMsgTxt         0000000180050180     libmex:libmex.dll
 0002:00000188       __imp_mexWarnMsgTxt        0000000180050188     libmex:libmex.dll
 0002:00000190       __imp_mexCallMATLABWithObject 0000000180050190     libmex:libmex.dll
 0002:00000198       __imp_mexLock              0000000180050198     libmex:libmex.dll
 0002:000001a0       __imp_mexUnlock            00000001800501a0     libmex:libmex.dll
 0002:000001a8       __imp_mexIsLocked          00000001800501a8     libmex:libmex.dll
 0002:000001b0       __imp_mexMakeArrayPersistent 00000001800501b0     libmex:libmex.dll
 0002:000001b8       \177libmex_NULL_THUNK_DATA 00000001800501b8     libmex:libmex.dll
 0002:000001c0       __imp_muDoubleScalarCos    00000001800501c0     libmwmathutil:libmwmathutil.dll
 0002:000001c8       __imp_muDoubleScalarLog    00000001800501c8     libmwmathutil:libmwmathutil.dll
 0002:000001d0       __imp_muDoubleScalarExp    00000001800501d0     libmwmathutil:libmwmathutil.dll
 0002:000001d8       __imp_muDoubleScalarRound  00000001800501d8     libmwmathutil:libmwmathutil.dll
 0002:000001e0       __imp_muDoubleScalarFloor  00000001800501e0     libmwmathutil:libmwmathutil.dll
 0002:000001e8       __imp_muDoubleScalarAbs    00000001800501e8     libmwmathutil:libmwmathutil.dll
 0002:000001f0       __imp_muDoubleScalarSin    00000001800501f0     libmwmathutil:libmwmathutil.dll
 0002:000001f8       __imp_muDoubleScalarAsin   00000001800501f8     libmwmathutil:libmwmathutil.dll
 0002:00000200       __imp_muDoubleScalarAtan2  0000000180050200     libmwmathutil:libmwmathutil.dll
 0002:00000208       __imp_muDoubleScalarSqrt   0000000180050208     libmwmathutil:libmwmathutil.dll
 0002:00000210       __imp_muDoubleScalarMax    0000000180050210     libmwmathutil:libmwmathutil.dll
 0002:00000218       __imp_muDoubleScalarMin    0000000180050218     libmwmathutil:libmwmathutil.dll
 0002:00000220       __imp_muDoubleScalarIsNaN  0000000180050220     libmwmathutil:libmwmathutil.dll
 0002:00000228       \177libmwmathutil_NULL_THUNK_DATA 0000000180050228     libmwmathutil:libmwmathutil.dll
 0002:00000230       __imp_mxGetN               0000000180050230     libmx:libmx.dll
 0002:00000238       __imp_mxIsComplex          0000000180050238     libmx:libmx.dll
 0002:00000240       __imp_mxIsNumeric          0000000180050240     libmx:libmx.dll
 0002:00000248       __imp_mxGetClassID         0000000180050248     libmx:libmx.dll
 0002:00000250       __imp_mxGetM               0000000180050250     libmx:libmx.dll
 0002:00000258       __imp_mxCalloc             0000000180050258     libmx:libmx.dll
 0002:00000260       __imp_mxCreateStructArray_730 0000000180050260     libmx:libmx.dll
 0002:00000268       __imp_mxCreateStructMatrix_730 0000000180050268     libmx:libmx.dll
 0002:00000270       __imp_mxCreateCellArray_730 0000000180050270     libmx:libmx.dll
 0002:00000278       __imp_mxCreateCellMatrix_730 0000000180050278     libmx:libmx.dll
 0002:00000280       __imp_mxCreateString       0000000180050280     libmx:libmx.dll
 0002:00000288       __imp_mxCreateDoubleScalar 0000000180050288     libmx:libmx.dll
 0002:00000290       __imp_mxSetField_730       0000000180050290     libmx:libmx.dll
 0002:00000298       __imp_mxIsEmpty            0000000180050298     libmx:libmx.dll
 0002:000002a0       __imp_mxDuplicateArray     00000001800502a0     libmx:libmx.dll
 0002:000002a8       __imp_mxGetString_730      00000001800502a8     libmx:libmx.dll
 0002:000002b0       __imp_mxCreateDoubleMatrix_730 00000001800502b0     libmx:libmx.dll
 0002:000002b8       __imp_mxDestroyArray       00000001800502b8     libmx:libmx.dll
 0002:000002c0       __imp_mxGetScalar          00000001800502c0     libmx:libmx.dll
 0002:000002c8       __imp_mxGetPr              00000001800502c8     libmx:libmx.dll
 0002:000002d0       __imp_mxIsChar             00000001800502d0     libmx:libmx.dll
 0002:000002d8       \177libmx_NULL_THUNK_DATA  00000001800502d8     libmx:libmx.dll
 0002:000002e0       __imp_utMalloc             00000001800502e0     libut:libut.dll
 0002:000002e8       __imp_utFree               00000001800502e8     libut:libut.dll
 0002:000002f0       \177libut_NULL_THUNK_DATA  00000001800502f0     libut:libut.dll
 0002:000002f8       __imp_sf_integer_check     00000001800502f8     sf_runtime:sf_runtime.dll
 0002:00000300       __imp_sf_mex_createstruct  0000000180050300     sf_runtime:sf_runtime.dll
 0002:00000308       __imp_sf_mex_addfield      0000000180050308     sf_runtime:sf_runtime.dll
 0002:00000310       __imp_sf_debug_api         0000000180050310     sf_runtime:sf_runtime.dll
 0002:00000318       __imp_sf_debug_terminate   0000000180050318     sf_runtime:sf_runtime.dll
 0002:00000320       __imp_sf_debug_create_debug_instance_struct 0000000180050320     sf_runtime:sf_runtime.dll
 0002:00000328       __imp_sf_clear_error_manager_info 0000000180050328     sf_runtime:sf_runtime.dll
 0002:00000330       __imp_sf_mex_error_direct_call 0000000180050330     sf_runtime:sf_runtime.dll
 0002:00000338       __imp_call_sf_machine_global_method_dispatcher 0000000180050338     sf_runtime:sf_runtime.dll
 0002:00000340       __imp_callMdlMethodAndReportError 0000000180050340     sf_runtime:sf_runtime.dll
 0002:00000348       __imp_sf_set_compiledInfo  0000000180050348     sf_runtime:sf_runtime.dll
 0002:00000350       __imp_sf_get_isEnhancedMooreMachine 0000000180050350     sf_runtime:sf_runtime.dll
 0002:00000358       __imp_sf_get_ChartInfoStruct_CodeGen 0000000180050358     sf_runtime:sf_runtime.dll
 0002:00000360       __imp_sf_debug_symbol_switch 0000000180050360     sf_runtime:sf_runtime.dll
 0002:00000368       __imp_cv_script_init_relational 0000000180050368     sf_runtime:sf_runtime.dll
 0002:00000370       __imp_cv_eml_init_relational 0000000180050370     sf_runtime:sf_runtime.dll
 0002:00000378       __imp_cv_eval_relational   0000000180050378     sf_runtime:sf_runtime.dll
 0002:00000380       __imp_sf_debug_set_script_translation 0000000180050380     sf_runtime:sf_runtime.dll
 0002:00000388       __imp_sf_debug_get_script_id 0000000180050388     sf_runtime:sf_runtime.dll
 0002:00000390       __imp_sf_debug_cv_init_state 0000000180050390     sf_runtime:sf_runtime.dll
 0002:00000398       __imp_sf_debug_cv_init_chart 0000000180050398     sf_runtime:sf_runtime.dll
 0002:000003a0       __imp_sf_debug_cv_init_trans 00000001800503a0     sf_runtime:sf_runtime.dll
 0002:000003a8       __imp_sf_debug_data_range_wrapper 00000001800503a8     sf_runtime:sf_runtime.dll
 0002:000003b0       __imp_sf_debug_dim_size_geq_check 00000001800503b0     sf_runtime:sf_runtime.dll
 0002:000003b8       __imp_sf_debug_set_chart_substate_count 00000001800503b8     sf_runtime:sf_runtime.dll
 0002:000003c0       __imp_sf_debug_set_chart_decomposition 00000001800503c0     sf_runtime:sf_runtime.dll
 0002:000003c8       __imp_sf_debug_set_chart_state_info 00000001800503c8     sf_runtime:sf_runtime.dll
 0002:000003d0       __imp_sf_debug_set_chart_event_thresholds 00000001800503d0     sf_runtime:sf_runtime.dll
 0002:000003d8       __imp_sf_debug_set_chart_disable_implicit_casting 00000001800503d8     sf_runtime:sf_runtime.dll
 0002:000003e0       __imp_cv_script_init_if    00000001800503e0     sf_runtime:sf_runtime.dll
 0002:000003e8       __imp_cv_script_init_switch 00000001800503e8     sf_runtime:sf_runtime.dll
 0002:000003f0       __imp_sf_debug_set_instance_data_value_ptr 00000001800503f0     sf_runtime:sf_runtime.dll
 0002:000003f8       __imp_sf_debug_symbol_scope_add_eml_dyn_importable 00000001800503f8     sf_runtime:sf_runtime.dll
 0002:00000400       __imp_sf_debug_symbol_scope_add_eml_importable 0000000180050400     sf_runtime:sf_runtime.dll
 0002:00000408       __imp_sf_debug_symbol_scope_add_eml 0000000180050408     sf_runtime:sf_runtime.dll
 0002:00000410       __imp_sf_debug_symbol_scope_pop 0000000180050410     sf_runtime:sf_runtime.dll
 0002:00000418       __imp_sf_debug_symbol_scope_push_eml 0000000180050418     sf_runtime:sf_runtime.dll
 0002:00000420       __imp_sf_debug_symbol_scope_push 0000000180050420     sf_runtime:sf_runtime.dll
 0002:00000428       __imp_sf_debug_set_chart_data_compiled_props 0000000180050428     sf_runtime:sf_runtime.dll
 0002:00000430       __imp_sf_debug_set_chart_data_props 0000000180050430     sf_runtime:sf_runtime.dll
 0002:00000438       __imp_sf_debug_check_for_state_inconsistency 0000000180050438     sf_runtime:sf_runtime.dll
 0002:00000440       __imp_sf_debug_reset_current_state_configuration 0000000180050440     sf_runtime:sf_runtime.dll
 0002:00000448       __imp_cv_script_init_fcn   0000000180050448     sf_runtime:sf_runtime.dll
 0002:00000450       __imp_cv_script_init_script 0000000180050450     sf_runtime:sf_runtime.dll
 0002:00000458       __imp_cv_script_eval       0000000180050458     sf_runtime:sf_runtime.dll
 0002:00000460       __imp_cv_eml_init_mcdc     0000000180050460     sf_runtime:sf_runtime.dll
 0002:00000468       __imp_cv_eml_init_while    0000000180050468     sf_runtime:sf_runtime.dll
 0002:00000470       __imp_cv_eml_init_if       0000000180050470     sf_runtime:sf_runtime.dll
 0002:00000478       __imp_cv_eml_init_fcn      0000000180050478     sf_runtime:sf_runtime.dll
 0002:00000480       __imp_cv_eml_init_script   0000000180050480     sf_runtime:sf_runtime.dll
 0002:00000488       __imp_cv_eml_eval          0000000180050488     sf_runtime:sf_runtime.dll
 0002:00000490       __imp_eml_debug_line_call  0000000180050490     sf_runtime:sf_runtime.dll
 0002:00000498       __imp_sf_debug_call        0000000180050498     sf_runtime:sf_runtime.dll
 0002:000004a0       __imp_sf_debug_initialize_chart 00000001800504a0     sf_runtime:sf_runtime.dll
 0002:000004a8       __imp_sf_eml_array_bounds_check 00000001800504a8     sf_runtime:sf_runtime.dll
 0002:000004b0       __imp_ssGetOutputPortSignal_wrapper 00000001800504b0     sf_runtime:sf_runtime.dll
 0002:000004b8       __imp_ssGetInputPortSignal_wrapper 00000001800504b8     sf_runtime:sf_runtime.dll
 0002:000004c0       __imp_ssSetCurrentOutputPortDimensions_wrapper 00000001800504c0     sf_runtime:sf_runtime.dll
 0002:000004c8       __imp_ssGetCurrentOutputPortDimensions_wrapper 00000001800504c8     sf_runtime:sf_runtime.dll
 0002:000004d0       __imp_sf_mex_decode_encoded_mx_struct_array 00000001800504d0     sf_runtime:sf_runtime.dll
 0002:000004d8       __imp_sf_mex_import_vs     00000001800504d8     sf_runtime:sf_runtime.dll
 0002:000004e0       __imp_sf_mex_import        00000001800504e0     sf_runtime:sf_runtime.dll
 0002:000004e8       __imp_sf_mex_destroy       00000001800504e8     sf_runtime:sf_runtime.dll
 0002:000004f0       __imp_sf_mex_dup           00000001800504f0     sf_runtime:sf_runtime.dll
 0002:000004f8       __imp_sf_mex_assign        00000001800504f8     sf_runtime:sf_runtime.dll
 0002:00000500       __imp_sf_mex_getcell       0000000180050500     sf_runtime:sf_runtime.dll
 0002:00000508       __imp_sf_mex_setcell       0000000180050508     sf_runtime:sf_runtime.dll
 0002:00000510       __imp_sf_mex_createcellmatrix 0000000180050510     sf_runtime:sf_runtime.dll
 0002:00000518       __imp_sf_mex_create        0000000180050518     sf_runtime:sf_runtime.dll
 0002:00000520       __imp_sf_mex_error_message 0000000180050520     sf_runtime:sf_runtime.dll
 0002:00000528       __imp_sf_mex_call_debug    0000000180050528     sf_runtime:sf_runtime.dll
 0002:00000530       __imp_sf_register_codegen_names_for_scoped_functions_defined_by_chart 0000000180050530     sf_runtime:sf_runtime.dll
 0002:00000538       __imp_sf_set_chart_accesses_machine_info 0000000180050538     sf_runtime:sf_runtime.dll
 0002:00000540       __imp_sf_is_first_init_cond 0000000180050540     sf_runtime:sf_runtime.dll
 0002:00000548       __imp_sf_get_time          0000000180050548     sf_runtime:sf_runtime.dll
 0002:00000550       __imp_sf_set_rtw_dwork_info 0000000180050550     sf_runtime:sf_runtime.dll
 0002:00000558       __imp_sf_clear_rtw_identifier 0000000180050558     sf_runtime:sf_runtime.dll
 0002:00000560       __imp_sf_mex_listen_for_ctrl_c_with_debugger 0000000180050560     sf_runtime:sf_runtime.dll
 0002:00000568       __imp_sim_mode_is_modelref_sim 0000000180050568     sf_runtime:sf_runtime.dll
 0002:00000570       __imp_sim_mode_is_external 0000000180050570     sf_runtime:sf_runtime.dll
 0002:00000578       __imp_sim_mode_is_rtw_gen  0000000180050578     sf_runtime:sf_runtime.dll
 0002:00000580       __imp_sf_mark_chart_expressionable_inputs 0000000180050580     sf_runtime:sf_runtime.dll
 0002:00000588       __imp_sf_mark_chart_reusable_outputs 0000000180050588     sf_runtime:sf_runtime.dll
 0002:00000590       __imp_sf_is_chart_inlinable 0000000180050590     sf_runtime:sf_runtime.dll
 0002:00000598       __imp_sf_update_buildInfo  0000000180050598     sf_runtime:sf_runtime.dll
 0002:000005a0       __imp_sf_rtw_info_uint_prop 00000001800505a0     sf_runtime:sf_runtime.dll
 0002:000005a8       __imp_sf_get_chart_instance_ptr 00000001800505a8     sf_runtime:sf_runtime.dll
 0002:000005b0       __imp_sf_free_ChartRunTimeInfo 00000001800505b0     sf_runtime:sf_runtime.dll
 0002:000005b8       __imp_sf_init_ChartRunTimeInfo 00000001800505b8     sf_runtime:sf_runtime.dll
 0002:000005c0       __imp_sf_debug_set_machine_data_thresholds 00000001800505c0     sf_runtime:sf_runtime.dll
 0002:000005c8       __imp_sf_debug_set_machine_event_thresholds 00000001800505c8     sf_runtime:sf_runtime.dll
 0002:000005d0       __imp_sf_debug_initialize_machine 00000001800505d0     sf_runtime:sf_runtime.dll
 0002:000005d8       __imp_sf_load_rtw_optimization_info 00000001800505d8     sf_runtime:sf_runtime.dll
 0002:000005e0       \177sf_runtime_NULL_THUNK_DATA 00000001800505e0     sf_runtime:sf_runtime.dll
 0002:000005e8       __guard_check_icall_fptr   00000001800505e8     MSVCRT:guard_support.obj
 0002:000005f0       __guard_dispatch_icall_fptr 00000001800505f0     MSVCRT:guard_support.obj
 0002:000005f8       __xc_a                     00000001800505f8     MSVCRT:initializers.obj
 0002:00000600       __xc_z                     0000000180050600     MSVCRT:initializers.obj
 0002:00000608       __xi_a                     0000000180050608     MSVCRT:initializers.obj
 0002:00000610       __xi_z                     0000000180050610     MSVCRT:initializers.obj
 0002:00000618       __xp_a                     0000000180050618     MSVCRT:initializers.obj
 0002:00000620       __xp_z                     0000000180050620     MSVCRT:initializers.obj
 0002:00000628       __xt_a                     0000000180050628     MSVCRT:initializers.obj
 0002:00000630       __xt_z                     0000000180050630     MSVCRT:initializers.obj
 0002:00000640       ??_C@_0BB@FLJEPEHM@sf_get_check_sum?$AA@ 0000000180050640     RightInvariant_EKF_sfun.obj
 0002:00000658       ??_C@_07MHDNFCJE@machine?$AA@ 0000000180050658     RightInvariant_EKF_sfun.obj
 0002:00000660       ??_C@_05PGKDIPIO@chart?$AA@ 0000000180050660     RightInvariant_EKF_sfun.obj
 0002:00000668       ??_C@_06JJLAMBGK@target?$AA@ 0000000180050668     RightInvariant_EKF_sfun.obj
 0002:00000670       ??_C@_0BJ@FMGCKEMJ@get_autoinheritance_info?$AA@ 0000000180050670     RightInvariant_EKF_sfun.obj
 0002:00000690       ??_C@_0BH@HJNDFFAO@uQbUgOCuP5roCPBEv2fSbF?$AA@ 0000000180050690     RightInvariant_EKF_sfun.obj
 0002:000006a8       ??_C@_0BH@KPDHADII@cDssarRYE4MmcIMu2238WF?$AA@ 00000001800506a8     RightInvariant_EKF_sfun.obj
 0002:000006c0       ??_C@_0BH@OHMGGNNF@ZG2eaketZJedU4skUn79uC?$AA@ 00000001800506c0     RightInvariant_EKF_sfun.obj
 0002:000006d8       ??_C@_0CA@EADCEDHE@get_eml_resolved_functions_info?$AA@ 00000001800506d8     RightInvariant_EKF_sfun.obj
 0002:000006f8       ??_C@_0BK@OHOOMENA@get_third_party_uses_info?$AA@ 00000001800506f8     RightInvariant_EKF_sfun.obj
 0002:00000718       ??_C@_0BI@EGHCIJJG@sz0jTxxTaSfTBRCHmefrhrG?$AA@ 0000000180050718     RightInvariant_EKF_sfun.obj
 0002:00000730       ??_C@_0BI@KMKFCNOM@s68KJL4KQMPJgncb37M5v2G?$AA@ 0000000180050730     RightInvariant_EKF_sfun.obj
 0002:00000748       ??_C@_0BI@DMDHGLPE@sIsERV9pAUW4VxZZDP1pwUC?$AA@ 0000000180050748     RightInvariant_EKF_sfun.obj
 0002:00000760       ??_C@_0BG@LBHKCKOM@get_jit_fallback_info?$AA@ 0000000180050760     RightInvariant_EKF_sfun.obj
 0002:00000778       ??_C@_0BO@DEKBDHJJ@get_updateBuildInfo_args_info?$AA@ 0000000180050778     RightInvariant_EKF_sfun.obj
 0002:00000798       ??_C@_04DAKGNGLA@sfun?$AA@ 0000000180050798     RightInvariant_EKF_sfun.obj
 0002:000007a0       ??_C@_0BD@FNHBMCKI@RightInvariant_EKF?$AA@ 00000001800507a0     RightInvariant_EKF_sfun.obj
 0002:000007b4       ??_C@_06OFNJOBDK@enable?$AA@ 00000001800507b4     c1_RightInvariant_EKF.obj
 0002:000007bc       ??_C@_01DGKLNCNG@R?$AA@    00000001800507bc     c1_RightInvariant_EKF.obj
 0002:000007c0       ??_C@_01NANMIPIL@N?$AA@    00000001800507c0     c1_RightInvariant_EKF.obj
 0002:000007c8       ??_C@_07OKCKIPNN@indices?$AA@ 00000001800507c8     c1_RightInvariant_EKF.obj
 0002:000007d0       ??_C@_0M@EHGBNAFI@measurement?$AA@ 00000001800507d0     c1_RightInvariant_EKF.obj
 0002:000007dc       ??_C@_06ODCJABFF@nargin?$AA@ 00000001800507dc     c1_RightInvariant_EKF.obj
 0002:000007e8       ??_C@_07GFKJCDMF@nargout?$AA@ 00000001800507e8     c1_RightInvariant_EKF.obj
 0002:000007f0       ??_C@_08OAGMDKAF@position?$AA@ 00000001800507f0     c1_RightInvariant_EKF.obj
 0002:00000800       ??_C@_0M@KPMDGEHG@orientation?$AA@ 0000000180050800     c1_RightInvariant_EKF.obj
 0002:0000080c       ??_C@_06HIBNPHJP@pulse1?$AA@ 000000018005080c     c1_RightInvariant_EKF.obj
 0002:00000814       ??_C@_06FDDAKEFM@pulse2?$AA@ 0000000180050814     c1_RightInvariant_EKF.obj
 0002:00000820       ??_C@_0BD@NGLLPIHA@landmark_positions?$AA@ 0000000180050820     c1_RightInvariant_EKF.obj
 0002:00000838       ??_C@_0BI@NOIPKLLK@landmark_true_noise_std?$AA@ 0000000180050838     c1_RightInvariant_EKF.obj
 0002:00000850       ??_C@_09LHLABIHF@landmarks?$AA@ 0000000180050850     c1_RightInvariant_EKF.obj
 0002:0000085c       ??_C@_01MHEDDDHA@v?$AA@    000000018005085c     c1_RightInvariant_EKF.obj
 0002:00000860       ??_C@_02JGAADCOE@Ax?$AA@   0000000180050860     c1_RightInvariant_EKF.obj
 0002:00000864       ??_C@_02CMOIPKPK@qv?$AA@   0000000180050864     c1_RightInvariant_EKF.obj
 0002:00000868       ??_C@_02DFPDMLLL@qw?$AA@   0000000180050868     c1_RightInvariant_EKF.obj
 0002:0000086c       ??_C@_01IIACKFLH@q?$AA@    000000018005086c     c1_RightInvariant_EKF.obj
 0002:00000870       ??_C@_01EANLCPLP@y?$AA@    0000000180050870     c1_RightInvariant_EKF.obj
 0002:00000874       ??_C@_06GABBCIBA@method?$AA@ 0000000180050874     c1_RightInvariant_EKF.obj
 0002:0000087c       ??_C@_05HDBKIDE@state?$AA@ 000000018005087c     c1_RightInvariant_EKF.obj
 0002:00000888       ??_C@_0CA@HKHNGLGL@is_active_c1_RightInvariant_EKF?$AA@ 0000000180050888     c1_RightInvariant_EKF.obj
 0002:000008a8       ??_C@_07ONPBMBOP@message?$AA@ 00000001800508a8     c1_RightInvariant_EKF.obj
 0002:000008b0       ??_C@_05KKCIMGE@error?$AA@ 00000001800508b0     c1_RightInvariant_EKF.obj
 0002:000008c0       ??_C@_0HB@LIFHLFJL@C?3?2Users?2Ross?5Hartley?2Documents?2@ 00000001800508c0     c1_RightInvariant_EKF.obj
 0002:00000940       ??_C@_0FP@OPJECDPA@C?3?2Users?2Ross?5Hartley?2Documents?2@ 0000000180050940     c1_RightInvariant_EKF.obj
 0002:000009a0       ??_C@_0BAB@HGMHFEHB@789ced53cd4ac34010de48ad4a513c79@ 00000001800509a0     c1_RightInvariant_EKF.obj
 0002:00000ab0       ??_C@_0BAB@MHPLPEFM@67303d4fd7c2d0b408d46804542c0148@ 0000000180050ab0     c1_RightInvariant_EKF.obj
 0002:00000bc0       ??_C@_0BAB@IHHOFEOE@658b57dcb6e76d69066316b434d14d87@ 0000000180050bc0     c1_RightInvariant_EKF.obj
 0002:00000cd0       ??_C@_0FF@DKGNGCAP@18df586edda4b6a04aff73b8e81c9af5@ 0000000180050cd0     c1_RightInvariant_EKF.obj
 0002:00000d25       ??_C@_00CNPNBAHC@?$AA@     0000000180050d25     c1_RightInvariant_EKF.obj
 0002:00000d28       ??_C@_08DNPJAFPH@checksum?$AA@ 0000000180050d28     c1_RightInvariant_EKF.obj
 0002:00000d34       ??_C@_06LMJKBNEF@inputs?$AA@ 0000000180050d34     c1_RightInvariant_EKF.obj
 0002:00000d40       ??_C@_0L@HHPOFMCB@parameters?$AA@ 0000000180050d40     c1_RightInvariant_EKF.obj
 0002:00000d50       ??_C@_07EPCMHIAC@outputs?$AA@ 0000000180050d50     c1_RightInvariant_EKF.obj
 0002:00000d58       ??_C@_06MPPADOBF@locals?$AA@ 0000000180050d58     c1_RightInvariant_EKF.obj
 0002:00000d60       ??_C@_0BA@GNIFLIGG@postCodegenInfo?$AA@ 0000000180050d60     c1_RightInvariant_EKF.obj
 0002:00000d70       ??_C@_04IAGNFIBA@size?$AA@ 0000000180050d70     c1_RightInvariant_EKF.obj
 0002:00000d78       ??_C@_04GPMDFGEJ@type?$AA@ 0000000180050d78     c1_RightInvariant_EKF.obj
 0002:00000d80       ??_C@_0L@EKHILPHI@complexity?$AA@ 0000000180050d80     c1_RightInvariant_EKF.obj
 0002:00000d8c       ??_C@_04BHIIPFEC@base?$AA@ 0000000180050d8c     c1_RightInvariant_EKF.obj
 0002:00000d94       ??_C@_05LFJLPLPG@fixpt?$AA@ 0000000180050d94     c1_RightInvariant_EKF.obj
 0002:00000da0       ??_C@_0BB@IBODCOLK@isFixedPointType?$AA@ 0000000180050da0     c1_RightInvariant_EKF.obj
 0002:00000db8       ??_C@_0N@FNBJKNNB@fallbackType?$AA@ 0000000180050db8     c1_RightInvariant_EKF.obj
 0002:00000dc8       ??_C@_0P@LHIHPNIN@fallbackReason?$AA@ 0000000180050dc8     c1_RightInvariant_EKF.obj
 0002:00000dd8       ??_C@_0BD@JNJMKOMN@hiddenFallbackType?$AA@ 0000000180050dd8     c1_RightInvariant_EKF.obj
 0002:00000df0       ??_C@_0BF@MIPJDBOP@hiddenFallbackReason?$AA@ 0000000180050df0     c1_RightInvariant_EKF.obj
 0002:00000e08       ??_C@_0BD@MBPFBLBL@incompatibleSymbol?$AA@ 0000000180050e08     c1_RightInvariant_EKF.obj
 0002:00000e1c       ??_C@_03PKHLKDKD@pre?$AA@  0000000180050e1c     c1_RightInvariant_EKF.obj
 0002:00000e20       ??_C@_0P@DFMNDNBL@hasBreakpoints?$AA@ 0000000180050e20     c1_RightInvariant_EKF.obj
 0002:00000e30       ??_C@_04CGFJFPFD@none?$AA@ 0000000180050e30     c1_RightInvariant_EKF.obj
 0002:00000e38       ??_C@_0CB@OGALNHBM@exportedFunctionsUsedByThisChart@ 0000000180050e38     c1_RightInvariant_EKF.obj
 0002:00000e60       ??_C@_0BK@PBMGMDMC@exportedFunctionsChecksum?$AA@ 0000000180050e60     c1_RightInvariant_EKF.obj
 0002:00000e80       ??_C@_0O@MGONKHEL@chartChecksum?$AA@ 0000000180050e80     c1_RightInvariant_EKF.obj
 0002:00000e90       ??_C@_07LLOMCJOI@varInfo?$AA@ 0000000180050e90     c1_RightInvariant_EKF.obj
 0002:00000ea0       ??_C@_0DPG@NFLEFILD@100?5S1x8?8type?8?0?8srcId?8?0?8name?8?0?8a@ 0000000180050ea0     c1_RightInvariant_EKF.obj
 0002:00001298       ??_C@_0P@FJGKMAOK@eML_blk_kernel?$AA@ 0000000180051298     c1_RightInvariant_EKF.obj
 0002:000012a8       ??_C@_0BH@CPLKEBHN@Quaternion_to_Rotation?$AA@ 00000001800512a8     c1_RightInvariant_EKF.obj
 0002:000012c0       ??_C@_04EFOKAEAF@skew?$AA@ 00000001800512c0     c1_RightInvariant_EKF.obj
 0002:000012c8       ??_C@_0CE@GCOMPGOI@gatewayCannotBeInlinedMultipleTi@ 00000001800512c8     c1_RightInvariant_EKF.obj
 0002:000012f0       ??_C@_0BA@MNMMMMOJ@Embedded?5MATLAB?$AA@ 00000001800512f0     c1_RightInvariant_EKF.obj
 0002:00001300       ??_C@_0BD@LODGPJN@StateflowChartType?$AA@ 0000000180051300     c1_RightInvariant_EKF.obj
 0002:00001318       ??_C@_0CO@DMGIOHMB@Could?5not?5allocate?5memory?5for?5ch@ 0000000180051318     c1_RightInvariant_EKF.obj
 0002:00001350       ??_C@_0GK@IGHJDKEN@Stateflow?5Internal?5Error?3?6Error?5@ 0000000180051350     c1_RightInvariant_EKF.obj
 0002:000013c0       __real@3ca0000000000000    00000001800513c0     c1_RightInvariant_EKF.obj
 0002:000013c8       __real@3cb0000000000000    00000001800513c8     c1_RightInvariant_EKF.obj
 0002:000013d0       __real@3fd183aa6c20e8bc    00000001800513d0     c1_RightInvariant_EKF.obj
 0002:000013d8       __real@3ff0000000000000    00000001800513d8     c1_RightInvariant_EKF.obj
 0002:000013e0       __real@4000000000000000    00000001800513e0     c1_RightInvariant_EKF.obj
 0002:000013e8       __real@400d3bb48209ad36    00000001800513e8     c1_RightInvariant_EKF.obj
 0002:000013f0       __real@4010000000000000    00000001800513f0     c1_RightInvariant_EKF.obj
 0002:000013f8       __real@4018000000000000    00000001800513f8     c1_RightInvariant_EKF.obj
 0002:00001400       __real@401c000000000000    0000000180051400     c1_RightInvariant_EKF.obj
 0002:00001408       __real@4024000000000000    0000000180051408     c1_RightInvariant_EKF.obj
 0002:00001410       __real@406c800000000000    0000000180051410     c1_RightInvariant_EKF.obj
 0002:00001418       __real@4070000000000000    0000000180051418     c1_RightInvariant_EKF.obj
 0002:00001420       __real@4078d00000000000    0000000180051420     c1_RightInvariant_EKF.obj
 0002:00001428       __real@4083880000000000    0000000180051428     c1_RightInvariant_EKF.obj
 0002:00001430       __real@4170000000000000    0000000180051430     c1_RightInvariant_EKF.obj
 0002:00001438       __real@4190000000000000    0000000180051438     c1_RightInvariant_EKF.obj
 0002:00001440       __real@41f0000000000000    0000000180051440     c1_RightInvariant_EKF.obj
 0002:00001448       __real@bfe0000000000000    0000000180051448     c1_RightInvariant_EKF.obj
 0002:00001450       __real@c000000000000000    0000000180051450     c1_RightInvariant_EKF.obj
 0002:00001460       __xmm@80000000000000008000000000000000 0000000180051460     c1_RightInvariant_EKF.obj
 0002:00001470       ??_C@_01JBBJJEPG@p?$AA@    0000000180051470     c2_RightInvariant_EKF.obj
 0002:00001474       ??_C@_02MHONHKMH@dR?$AA@   0000000180051474     c2_RightInvariant_EKF.obj
[...]
 0004:00001920       $pdata$disable_c42_StateEstimation 000000018005f920     StateEstimation_sfun:c42_StateEstimation.obj
 0004:0000192c       $pdata$enable_c42_StateEstimation 000000018005f92c     StateEstimation_sfun:c42_StateEstimation.obj
 0004:00001938       $pdata$get_sim_state_c42_StateEstimation 000000018005f938     StateEstimation_sfun:c42_StateEstimation.obj
 0004:00001944       $pdata$init_script_number_translation 000000018005f944     StateEstimation_sfun:c42_StateEstimation.obj
 0004:00001950       $pdata$init_simulink_io_address 000000018005f950     StateEstimation_sfun:c42_StateEstimation.obj
 0004:0000195c       $pdata$initialize_c42_StateEstimation 000000018005f95c     StateEstimation_sfun:c42_StateEstimation.obj
 0004:00001968       $pdata$mdlProcessParameters_c42_StateEstimation 000000018005f968     StateEstimation_sfun:c42_StateEstimation.obj
 0004:00001974       $pdata$0$mdlProcessParameters_c42_StateEstimation 000000018005f974     StateEstimation_sfun:c42_StateEstimation.obj
 0004:00001980       $pdata$1$mdlProcessParameters_c42_StateEstimation 000000018005f980     StateEstimation_sfun:c42_StateEstimation.obj
 0004:0000198c       $pdata$2$mdlProcessParameters_c42_StateEstimation 000000018005f98c     StateEstimation_sfun:c42_StateEstimation.obj
 0004:00001998       $pdata$3$mdlProcessParameters_c42_StateEstimation 000000018005f998     StateEstimation_sfun:c42_StateEstimation.obj
 0004:000019a4       $pdata$mdlRTW_c42_StateEstimation 000000018005f9a4     StateEstimation_sfun:c42_StateEstimation.obj
 0004:000019b0       $pdata$mdlSetWorkWidths_c42_StateEstimation 000000018005f9b0     StateEstimation_sfun:c42_StateEstimation.obj
 0004:000019bc       $pdata$2$mdlSetWorkWidths_c42_StateEstimation 000000018005f9bc     StateEstimation_sfun:c42_StateEstimation.obj
 0004:000019c8       $pdata$3$mdlSetWorkWidths_c42_StateEstimation 000000018005f9c8     StateEstimation_sfun:c42_StateEstimation.obj
 0004:000019d4       $pdata$4$mdlSetWorkWidths_c42_StateEstimation 000000018005f9d4     StateEstimation_sfun:c42_StateEstimation.obj
 0004:000019e0       $pdata$mdlStart_c42_StateEstimation 000000018005f9e0     StateEstimation_sfun:c42_StateEstimation.obj
 0004:000019ec       $pdata$set_sim_state_c42_StateEstimation 000000018005f9ec     StateEstimation_sfun:c42_StateEstimation.obj
 0004:000019f8       $pdata$sf_c42_StateEstimation_get_autoinheritance_info 000000018005f9f8     StateEstimation_sfun:c42_StateEstimation.obj
 0004:00001a04       $pdata$sf_c42_StateEstimation_get_check_sum 000000018005fa04     StateEstimation_sfun:c42_StateEstimation.obj
 0004:00001a10       $pdata$sf_c42_StateEstimation_get_eml_resolved_functions_info 000000018005fa10     StateEstimation_sfun:c42_StateEstimation.obj
 0004:00001a1c       $pdata$sf_c42_StateEstimation_get_post_codegen_info 000000018005fa1c     StateEstimation_sfun:c42_StateEstimation.obj
 0004:00001a28       $pdata$sf_c42_StateEstimation_jit_fallback_info 000000018005fa28     StateEstimation_sfun:c42_StateEstimation.obj
 0004:00001a34       $pdata$sf_gateway_c42_StateEstimation 000000018005fa34     StateEstimation_sfun:c42_StateEstimation.obj
 0004:00001a40       $pdata$sf_get_sim_state_info_c42_StateEstimation 000000018005fa40     StateEstimation_sfun:c42_StateEstimation.obj
 0004:00001a4c       $pdata$sf_opaque_disable_c42_StateEstimation 000000018005fa4c     StateEstimation_sfun:c42_StateEstimation.obj
 0004:00001a58       $pdata$sf_opaque_enable_c42_StateEstimation 000000018005fa58     StateEstimation_sfun:c42_StateEstimation.obj
 0004:00001a64       $pdata$sf_opaque_get_sim_state_c42_StateEstimation 000000018005fa64     StateEstimation_sfun:c42_StateEstimation.obj
 0004:00001a70       $pdata$sf_opaque_initialize_c42_StateEstimation 000000018005fa70     StateEstimation_sfun:c42_StateEstimation.obj
 0004:00001a7c       $pdata$sf_opaque_set_sim_state_c42_StateEstimation 000000018005fa7c     StateEstimation_sfun:c42_StateEstimation.obj
 0004:00001a88       $pdata$sf_opaque_terminate_c42_StateEstimation 000000018005fa88     StateEstimation_sfun:c42_StateEstimation.obj
 0004:00001a94       $pdata$0$sf_opaque_terminate_c42_StateEstimation 000000018005fa94     StateEstimation_sfun:c42_StateEstimation.obj
 0004:00001aa0       $pdata$1$sf_opaque_terminate_c42_StateEstimation 000000018005faa0     StateEstimation_sfun:c42_StateEstimation.obj
 0004:00001aac       $pdata$UDP_Communication_debug_initialize 000000018005faac     UDP_Communication_sfun:UDP_Communication_sfun.obj
 0004:00001ab8       $pdata$load_UDP_Communication_optimization_info 000000018005fab8     UDP_Communication_sfun:UDP_Communication_sfun.obj
 0004:00001ac4       $pdata$sf_UDP_Communication_autoinheritance_info 000000018005fac4     UDP_Communication_sfun:UDP_Communication_sfun.obj
 0004:00001ad0       $pdata$sf_UDP_Communication_get_eml_resolved_functions_info 000000018005fad0     UDP_Communication_sfun:UDP_Communication_sfun.obj
 0004:00001adc       $pdata$sf_UDP_Communication_jit_fallback_info 000000018005fadc     UDP_Communication_sfun:UDP_Communication_sfun.obj
 0004:00001ae8       $pdata$sf_UDP_Communication_method_dispatcher 000000018005fae8     UDP_Communication_sfun:UDP_Communication_sfun.obj
 0004:00001af4       $pdata$sf_UDP_Communication_process_check_sum_call 000000018005faf4     UDP_Communication_sfun:UDP_Communication_sfun.obj
 0004:00001b00       $pdata$0$sf_UDP_Communication_process_check_sum_call 000000018005fb00     UDP_Communication_sfun:UDP_Communication_sfun.obj
 0004:00001b0c       $pdata$1$sf_UDP_Communication_process_check_sum_call 000000018005fb0c     UDP_Communication_sfun:UDP_Communication_sfun.obj
 0004:00001b18       $pdata$sf_UDP_Communication_third_party_uses_info 000000018005fb18     UDP_Communication_sfun:UDP_Communication_sfun.obj
 0004:00001b24       $pdata$sf_UDP_Communication_updateBuildInfo_args_info 000000018005fb24     UDP_Communication_sfun:UDP_Communication_sfun.obj
 0004:00001b30       $pdata$unload_UDP_Communication_optimization_info 000000018005fb30     UDP_Communication_sfun:UDP_Communication_sfun.obj
 0004:00001b3c       $pdata$c43_Rotation_to_Quaternion 000000018005fb3c     UDP_Communication_sfun:c43_UDP_Communication.obj
 0004:00001b48       $pdata$c43_abs             000000018005fb48     UDP_Communication_sfun:c43_UDP_Communication.obj
 0004:00001b54       $pdata$c43_b_emlrt_marshallIn 000000018005fb54     UDP_Communication_sfun:c43_UDP_Communication.obj
 0004:00001b60       $pdata$c43_b_sf_marshallIn 000000018005fb60     UDP_Communication_sfun:c43_UDP_Communication.obj
 0004:00001b6c       $pdata$c43_b_sf_marshallOut 000000018005fb6c     UDP_Communication_sfun:c43_UDP_Communication.obj
 0004:00001b78       $pdata$c43_c_emlrt_marshallIn 000000018005fb78     UDP_Communication_sfun:c43_UDP_Communication.obj
 0004:00001b84       $pdata$c43_c_sf_marshallIn 000000018005fb84     UDP_Communication_sfun:c43_UDP_Communication.obj
 0004:00001b90       $pdata$c43_c_sf_marshallOut 000000018005fb90     UDP_Communication_sfun:c43_UDP_Communication.obj
 0004:00001b9c       $pdata$c43_check_forloop_overflow_error 000000018005fb9c     UDP_Communication_sfun:c43_UDP_Communication.obj
 0004:00001ba8       $pdata$c43_d_emlrt_marshallIn 000000018005fba8     UDP_Communication_sfun:c43_UDP_Communication.obj
 0004:00001bb4       $pdata$c43_d_sf_marshallIn 000000018005fbb4     UDP_Communication_sfun:c43_UDP_Communication.obj
 0004:00001bc0       $pdata$c43_d_sf_marshallOut 000000018005fbc0     UDP_Communication_sfun:c43_UDP_Communication.obj
 0004:00001bcc       $pdata$c43_e_emlrt_marshallIn 000000018005fbcc     UDP_Communication_sfun:c43_UDP_Communication.obj
 0004:00001bd8       $pdata$c43_e_sf_marshallIn 000000018005fbd8     UDP_Communication_sfun:c43_UDP_Communication.obj
 0004:00001be4       $pdata$c43_e_sf_marshallOut 000000018005fbe4     UDP_Communication_sfun:c43_UDP_Communication.obj
 0004:00001bf0       $pdata$c43_emlrt_marshallIn 000000018005fbf0     UDP_Communication_sfun:c43_UDP_Communication.obj
 0004:00001bfc       $pdata$c43_error           000000018005fbfc     UDP_Communication_sfun:c43_UDP_Communication.obj
 0004:00001c08       $pdata$c43_f_emlrt_marshallIn 000000018005fc08     UDP_Communication_sfun:c43_UDP_Communication.obj
 0004:00001c14       $pdata$c43_f_sf_marshallIn 000000018005fc14     UDP_Communication_sfun:c43_UDP_Communication.obj
 0004:00001c20       $pdata$c43_f_sf_marshallOut 000000018005fc20     UDP_Communication_sfun:c43_UDP_Communication.obj
 0004:00001c2c       $pdata$c43_g_emlrt_marshallIn 000000018005fc2c     UDP_Communication_sfun:c43_UDP_Communication.obj
 0004:00001c38       $pdata$c43_g_sf_marshallOut 000000018005fc38     UDP_Communication_sfun:c43_UDP_Communication.obj
 0004:00001c44       $pdata$c43_h_sf_marshallOut 000000018005fc44     UDP_Communication_sfun:c43_UDP_Communication.obj
 0004:00001c50       $pdata$c43_i_emlrt_marshallIn 000000018005fc50     UDP_Communication_sfun:c43_UDP_Communication.obj
 0004:00001c5c       $pdata$c43_j_emlrt_marshallIn 000000018005fc5c     UDP_Communication_sfun:c43_UDP_Communication.obj
 0004:00001c68       $pdata$c43_sf_marshallIn   000000018005fc68     UDP_Communication_sfun:c43_UDP_Communication.obj
 0004:00001c74       $pdata$c43_sf_marshallOut  000000018005fc74     UDP_Communication_sfun:c43_UDP_Communication.obj
 0004:00001c80       $pdata$chart_debug_initialization 000000018005fc80     UDP_Communication_sfun:c43_UDP_Communication.obj
 0004:00001c8c       $pdata$3$chart_debug_initialization 000000018005fc8c     UDP_Communication_sfun:c43_UDP_Communication.obj
 0004:00001c98       $pdata$4$chart_debug_initialization 000000018005fc98     UDP_Communication_sfun:c43_UDP_Communication.obj
 0004:00001ca4       $pdata$chart_debug_initialize_data_addresses 000000018005fca4     UDP_Communication_sfun:c43_UDP_Communication.obj
 0004:00001cb0       $pdata$0$chart_debug_initialize_data_addresses 000000018005fcb0     UDP_Communication_sfun:c43_UDP_Communication.obj
 0004:00001cbc       $pdata$1$chart_debug_initialize_data_addresses 000000018005fcbc     UDP_Communication_sfun:c43_UDP_Communication.obj
 0004:00001cc8       $pdata$disable_c43_UDP_Communication 000000018005fcc8     UDP_Communication_sfun:c43_UDP_Communication.obj
 0004:00001cd4       $pdata$enable_c43_UDP_Communication 000000018005fcd4     UDP_Communication_sfun:c43_UDP_Communication.obj
 0004:00001ce0       $pdata$get_sim_state_c43_UDP_Communication 000000018005fce0     UDP_Communication_sfun:c43_UDP_Communication.obj
 0004:00001cec       $pdata$init_script_number_translation 000000018005fcec     UDP_Communication_sfun:c43_UDP_Communication.obj
 0004:00001cf8       $pdata$init_simulink_io_address 000000018005fcf8     UDP_Communication_sfun:c43_UDP_Communication.obj
 0004:00001d04       $pdata$initialize_c43_UDP_Communication 000000018005fd04     UDP_Communication_sfun:c43_UDP_Communication.obj
 0004:00001d10       $pdata$mdlProcessParameters_c43_UDP_Communication 000000018005fd10     UDP_Communication_sfun:c43_UDP_Communication.obj
 0004:00001d1c       $pdata$0$mdlProcessParameters_c43_UDP_Communication 000000018005fd1c     UDP_Communication_sfun:c43_UDP_Communication.obj
 0004:00001d28       $pdata$1$mdlProcessParameters_c43_UDP_Communication 000000018005fd28     UDP_Communication_sfun:c43_UDP_Communication.obj
 0004:00001d34       $pdata$2$mdlProcessParameters_c43_UDP_Communication 000000018005fd34     UDP_Communication_sfun:c43_UDP_Communication.obj
 0004:00001d40       $pdata$3$mdlProcessParameters_c43_UDP_Communication 000000018005fd40     UDP_Communication_sfun:c43_UDP_Communication.obj
 0004:00001d4c       $pdata$mdlRTW_c43_UDP_Communication 000000018005fd4c     UDP_Communication_sfun:c43_UDP_Communication.obj
 0004:00001d58       $pdata$mdlSetWorkWidths_c43_UDP_Communication 000000018005fd58     UDP_Communication_sfun:c43_UDP_Communication.obj
 0004:00001d64       $pdata$2$mdlSetWorkWidths_c43_UDP_Communication 000000018005fd64     UDP_Communication_sfun:c43_UDP_Communication.obj
 0004:00001d70       $pdata$3$mdlSetWorkWidths_c43_UDP_Communication 000000018005fd70     UDP_Communication_sfun:c43_UDP_Communication.obj
 0004:00001d7c       $pdata$4$mdlSetWorkWidths_c43_UDP_Communication 000000018005fd7c     UDP_Communication_sfun:c43_UDP_Communication.obj
 0004:00001d88       $pdata$mdlStart_c43_UDP_Communication 000000018005fd88     UDP_Communication_sfun:c43_UDP_Communication.obj
 0004:00001d94       $pdata$set_sim_state_c43_UDP_Communication 000000018005fd94     UDP_Communication_sfun:c43_UDP_Communication.obj
 0004:00001da0       $pdata$sf_c43_UDP_Communication_get_autoinheritance_info 000000018005fda0     UDP_Communication_sfun:c43_UDP_Communication.obj
 0004:00001dac       $pdata$sf_c43_UDP_Communication_get_check_sum 000000018005fdac     UDP_Communication_sfun:c43_UDP_Communication.obj
 0004:00001db8       $pdata$sf_c43_UDP_Communication_get_eml_resolved_functions_info 000000018005fdb8     UDP_Communication_sfun:c43_UDP_Communication.obj
 0004:00001dc4       $pdata$sf_c43_UDP_Communication_get_post_codegen_info 000000018005fdc4     UDP_Communication_sfun:c43_UDP_Communication.obj
 0004:00001dd0       $pdata$sf_c43_UDP_Communication_jit_fallback_info 000000018005fdd0     UDP_Communication_sfun:c43_UDP_Communication.obj
 0004:00001ddc       $pdata$sf_gateway_c43_UDP_Communication 000000018005fddc     UDP_Communication_sfun:c43_UDP_Communication.obj
 0004:00001de8       $pdata$sf_get_sim_state_info_c43_UDP_Communication 000000018005fde8     UDP_Communication_sfun:c43_UDP_Communication.obj
 0004:00001df4       $pdata$sf_opaque_disable_c43_UDP_Communication 000000018005fdf4     UDP_Communication_sfun:c43_UDP_Communication.obj
 0004:00001e00       $pdata$sf_opaque_enable_c43_UDP_Communication 000000018005fe00     UDP_Communication_sfun:c43_UDP_Communication.obj
 0004:00001e0c       $pdata$sf_opaque_get_sim_state_c43_UDP_Communication 000000018005fe0c     UDP_Communication_sfun:c43_UDP_Communication.obj
 0004:00001e18       $pdata$sf_opaque_initialize_c43_UDP_Communication 000000018005fe18     UDP_Communication_sfun:c43_UDP_Communication.obj
 0004:00001e24       $pdata$sf_opaque_set_sim_state_c43_UDP_Communication 000000018005fe24     UDP_Communication_sfun:c43_UDP_Communication.obj
 0004:00001e30       $pdata$sf_opaque_terminate_c43_UDP_Communication 000000018005fe30     UDP_Communication_sfun:c43_UDP_Communication.obj
 0004:00001e3c       $pdata$0$sf_opaque_terminate_c43_UDP_Communication 000000018005fe3c     UDP_Communication_sfun:c43_UDP_Communication.obj
 0004:00001e48       $pdata$1$sf_opaque_terminate_c43_UDP_Communication 000000018005fe48     UDP_Communication_sfun:c43_UDP_Communication.obj
 0004:00001e54       $pdata$__GSHandlerCheck    000000018005fe54     MSVCRT:_gshandler_.obj
 0004:00001e60       $pdata$__GSHandlerCheckCommon 000000018005fe60     MSVCRT:_gshandler_.obj
 0004:00001e78       $pdata$__raise_securityfailure 000000018005fe78     MSVCRT:gs_report.obj
 0004:00001e84       $pdata$__report_gsfailure  000000018005fe84     MSVCRT:gs_report.obj
 0004:00001e90       $pdata$__report_rangecheckfailure 000000018005fe90     MSVCRT:gs_report.obj
 0004:00001e9c       $pdata$__report_securityfailure 000000018005fe9c     MSVCRT:gs_report.obj
 0004:00001ea8       $pdata$__report_securityfailureEx 000000018005fea8     MSVCRT:gs_report.obj
 0004:00001eb4       $pdata$capture_current_context 000000018005feb4     MSVCRT:gs_report.obj
 0004:00001ec0       $pdata$capture_previous_context 000000018005fec0     MSVCRT:gs_report.obj
 0004:00001ed8       $pdata$?dllmain_crt_dispatch@@YAHQEAUHINSTANCE__@@KQEAX@Z 000000018005fed8     MSVCRT:dll_dllmain.obj
 0004:00001ee4       $pdata$?dllmain_crt_process_attach@@YAHQEAUHINSTANCE__@@QEAX@Z 000000018005fee4     MSVCRT:dll_dllmain.obj
 0004:00001ef0       $pdata$?dllmain_crt_process_detach@@YAH_N@Z 000000018005fef0     MSVCRT:dll_dllmain.obj
 0004:00001efc       $pdata$?dllmain_dispatch@@YAHQEAUHINSTANCE__@@KQEAX@Z 000000018005fefc     MSVCRT:dll_dllmain.obj
 0004:00001f08       $pdata$?dllmain_raw@@YAHQEAUHINSTANCE__@@KQEAX@Z 000000018005ff08     MSVCRT:dll_dllmain.obj
 0004:00001f14       $pdata$_DllMainCRTStartup  000000018005ff14     MSVCRT:dll_dllmain.obj
 0004:00001f20       $pdata$?configure_argv@__scrt_narrow_argv_policy@@SAHXZ 000000018005ff20     MSVCRT:utility.obj
 0004:00001f2c       $pdata$__scrt_acquire_startup_lock 000000018005ff2c     MSVCRT:utility.obj
 0004:00001f38       $pdata$__scrt_dllmain_after_initialize_c 000000018005ff38     MSVCRT:utility.obj
 0004:00001f44       $pdata$__scrt_dllmain_before_initialize_c 000000018005ff44     MSVCRT:utility.obj
 0004:00001f50       $pdata$__scrt_dllmain_crt_thread_attach 000000018005ff50     MSVCRT:utility.obj
 0004:00001f5c       $pdata$__scrt_dllmain_crt_thread_detach 000000018005ff5c     MSVCRT:utility.obj
 0004:00001f68       $pdata$__scrt_dllmain_exception_filter 000000018005ff68     MSVCRT:utility.obj
 0004:00001f74       $pdata$__scrt_dllmain_uninitialize_c 000000018005ff74     MSVCRT:utility.obj
 0004:00001f80       $pdata$__scrt_dllmain_uninitialize_critical 000000018005ff80     MSVCRT:utility.obj
 0004:00001f8c       $pdata$__scrt_initialize_crt 000000018005ff8c     MSVCRT:utility.obj
 0004:00001f98       $pdata$__scrt_initialize_onexit_tables 000000018005ff98     MSVCRT:utility.obj
 0004:00001fa4       $pdata$__scrt_is_nonwritable_in_current_image 000000018005ffa4     MSVCRT:utility.obj
 0004:00001fb0       $pdata$__scrt_release_startup_lock 000000018005ffb0     MSVCRT:utility.obj
 0004:00001fbc       $pdata$__scrt_uninitialize_crt 000000018005ffbc     MSVCRT:utility.obj
 0004:00001fc8       $pdata$_onexit             000000018005ffc8     MSVCRT:utility.obj
 0004:00001fd4       $pdata$atexit              000000018005ffd4     MSVCRT:utility.obj
 0004:00001fe0       $pdata$__security_init_cookie 000000018005ffe0     MSVCRT:gs_support.obj
 0004:00001fec       $pdata$DllMain             000000018005ffec     MSVCRT:dll_dllmain_stub.obj
 0004:00001ff8       $pdata$__scrt_initialize_default_local_stdio_options 000000018005fff8     MSVCRT:default_local_stdio_options.obj
 0004:00002004       $pdata$__scrt_fastfail     0000000180060004     MSVCRT:utility_desktop.obj
 0004:00002010       $pdata$__scrt_get_show_window_mode 0000000180060010     MSVCRT:utility_desktop.obj
 0004:0000201c       $pdata$__scrt_is_managed_app 000000018006001c     MSVCRT:utility_desktop.obj
 0004:00002028       $pdata$__scrt_unhandled_exception_filter 0000000180060028     MSVCRT:utility_desktop.obj
 0004:00002034       $pdata$_RTC_Initialize     0000000180060034     MSVCRT:_initsect_.obj
 0004:00002040       $pdata$_RTC_Terminate      0000000180060040     MSVCRT:_initsect_.obj
 0004:0000204c       $pdata$__isa_available_init 000000018006004c     MSVCRT:_cpu_disp_.obj
 0004:00002064       $pdata$?fin$0@?0??dllmain_crt_process_attach@@YAHQEAUHINSTANCE__@@QEAX@Z@4HA 0000000180060064     MSVCRT:dll_dllmain.obj
 0004:00002070       $pdata$?fin$0@?0??dllmain_crt_process_detach@@YAH_N@Z@4HA 0000000180060070     MSVCRT:dll_dllmain.obj
 0004:0000207c       $pdata$?filt$0@?0??dllmain_dispatch@@YAHQEAUHINSTANCE__@@KQEAX@Z@4HA 000000018006007c     MSVCRT:dll_dllmain.obj
 0004:00002088       $pdata$__scrt_is_nonwritable_in_current_image$filt$0 0000000180060088     MSVCRT:utility.obj
 0005:00000000       __guard_fids_?dllmain_crt_process_attach@@YAHQEAUHINSTANCE__@@QEAX@Z 0000000180061000     MSVCRT:dll_dllmain.obj
 0005:00000008       __guard_fids_?dllmain_dispatch@@YAHQEAUHINSTANCE__@@KQEAX@Z 0000000180061008     MSVCRT:dll_dllmain.obj
 0005:0000000c       __guard_fids___scrt_set_unhandled_exception_filter 000000018006100c     MSVCRT:utility_desktop.obj
 0005:00000010       __guard_fids__             0000000180061010     MSVCRT:guard_support.obj
 0005:00000014       __guard_fids__guard_icall_checks_enforced 0000000180061014     MSVCRT:guard_support.obj
