 example_RIEKF_sfun

 Timestamp is 5b40d6d3 (Sat Jul  7 11:05:55 2018)

 Preferred load address is 0000000180000000

 Start         Length     Name                   Class
 0001:00000000 00012ee0H .text$mn                CODE
 0001:00012ee0 00000012H .text$mn$00             CODE
 0001:00012ef2 00000081H .text$x                 CODE
 0002:00000000 00000510H .idata$5                DATA
 0002:00000510 00000010H .00cfg                  DATA
 0002:00000520 00000008H .CRT$XCA                DATA
 0002:00000528 00000008H .CRT$XCZ                DATA
 0002:00000530 00000008H .CRT$XIA                DATA
 0002:00000538 00000008H .CRT$XIZ                DATA
 0002:00000540 00000008H .CRT$XPA                DATA
 0002:00000548 00000008H .CRT$XPZ                DATA
 0002:00000550 00000008H .CRT$XTA                DATA
 0002:00000558 00000008H .CRT$XTZ                DATA
 0002:00000560 00001dc4H .rdata                  DATA
 0002:00002324 0000022cH .rdata$zzzdbg           DATA
 0002:00002550 00000008H .rtc$IAA                DATA
 0002:00002558 00000008H .rtc$IZZ                DATA
 0002:00002560 00000008H .rtc$TAA                DATA
 0002:00002568 00000008H .rtc$TZZ                DATA
 0002:00002570 00001040H .xdata                  DATA
 0002:000035b0 0000007cH .edata                  DATA
 0002:0000362c 00000104H .idata$2                DATA
 0002:00003730 00000018H .idata$3                DATA
 0002:00003748 00000510H .idata$4                DATA
 0002:00003c58 00000f22H .idata$6                DATA
 0003:00000000 000001a0H .data                   DATA
 0003:000001a0 00001640H .bss                    DATA
 0004:00000000 00000c6cH .pdata                  DATA
 0005:00000000 00000018H .gfids$y                DATA

  Address         Publics by Value              Rva+Base               Lib:Object

 0000:00000000       __guard_longjmp_table      0000000000000000     <absolute>
 0000:00000000       __guard_iat_table          0000000000000000     <absolute>
 0000:00000000       __guard_fids_table         0000000000000000     <absolute>
 0000:00000000       __guard_iat_count          0000000000000000     <absolute>
 0000:00000000       __guard_fids_count         0000000000000000     <absolute>
 0000:00000000       __dynamic_value_reloc_table 0000000000000000     <absolute>
 0000:00000000       __guard_longjmp_count      0000000000000000     <absolute>
 0000:00000000       ___safe_se_handler_count   0000000000000000     <absolute>
 0000:00000000       ___safe_se_handler_table   0000000000000000     <absolute>
 0000:00000100       __guard_flags              0000000000000100     <absolute>
 0000:00000000       __ImageBase                0000000180000000     <linker-defined>
 0001:00000000       example_RIEKF_debug_initialize 0000000180001000 f   example_RIEKF_sfun.obj
 0001:00000060       example_RIEKF_initializer  0000000180001060 f   example_RIEKF_sfun.obj
 0001:00000070       example_RIEKF_register_exported_symbols 0000000180001070 f   example_RIEKF_sfun.obj
 0001:00000080       example_RIEKF_terminator   0000000180001080 f   example_RIEKF_sfun.obj
 0001:00000090       load_example_RIEKF_optimization_info 0000000180001090 f   example_RIEKF_sfun.obj
 0001:00000140       sf_example_RIEKF_autoinheritance_info 0000000180001140 f   example_RIEKF_sfun.obj
 0001:00000200       sf_example_RIEKF_get_eml_resolved_functions_info 0000000180001200 f   example_RIEKF_sfun.obj
 0001:000002c0       sf_example_RIEKF_jit_fallback_info 00000001800012c0 f   example_RIEKF_sfun.obj
 0001:00000390       sf_example_RIEKF_method_dispatcher 0000000180001390 f   example_RIEKF_sfun.obj
 0001:000003a0       sf_example_RIEKF_process_check_sum_call 00000001800013a0 f   example_RIEKF_sfun.obj
 0001:00000630       sf_example_RIEKF_third_party_uses_info 0000000180001630 f   example_RIEKF_sfun.obj
 0001:00000700       sf_example_RIEKF_updateBuildInfo_args_info 0000000180001700 f   example_RIEKF_sfun.obj
 0001:000007d0       unload_example_RIEKF_optimization_info 00000001800017d0 f   example_RIEKF_sfun.obj
 0001:00000920       ProcessMexSfunctionEveryCall 0000000180001920 f   example_RIEKF_sfun_registry.obj
 0001:00001320       __local_stdio_printf_options 0000000180002320 f i example_RIEKF_sfun_registry.obj
 0001:00001330       _ssGetAbsTol               0000000180002330 f   example_RIEKF_sfun_registry.obj
 0001:000013f0       _ssGetCallSystemNumFcnCallDestinations 00000001800023f0 f   example_RIEKF_sfun_registry.obj
 0001:00001430       _ssGetCompInputPortSymbolicDimsId 0000000180002430 f   example_RIEKF_sfun_registry.obj
 0001:00001470       _ssGetCompOutputPortSymbolicDimsId 0000000180002470 f   example_RIEKF_sfun_registry.obj
 0001:000014b0       _ssGetCurrentInputPortWidth 00000001800024b0 f   example_RIEKF_sfun_registry.obj
 0001:00001510       _ssGetCurrentOutputPortWidth 0000000180002510 f   example_RIEKF_sfun_registry.obj
 0001:00001570       _ssGetIWorkValueFcn        0000000180002570 f   example_RIEKF_sfun_registry.obj
 0001:00001630       _ssGetInputPortSignalFcn   0000000180002630 f   example_RIEKF_sfun_registry.obj
 0001:00001850       _ssGetInputPortSignalPtrsFcn 0000000180002850 f   example_RIEKF_sfun_registry.obj
 0001:00001a70       _ssGetNumSymbolicDims      0000000180002a70 f   example_RIEKF_sfun_registry.obj
 0001:00001ac0       _ssGetPWorkValueFcn        0000000180002ac0 f   example_RIEKF_sfun_registry.obj
 0001:00001b80       _ssGetRWorkValueFcn        0000000180002b80 f   example_RIEKF_sfun_registry.obj
 0001:00001c40       _ssGetSymbolicDim          0000000180002c40 f   example_RIEKF_sfun_registry.obj
 0001:00001c80       _ssRegisterSymbolicDims    0000000180002c80 f   example_RIEKF_sfun_registry.obj
 0001:00001cd0       _ssRegisterSymbolicDimsDivide 0000000180002cd0 f   example_RIEKF_sfun_registry.obj
 0001:00001d10       _ssRegisterSymbolicDimsExpr 0000000180002d10 f   example_RIEKF_sfun_registry.obj
 0001:00001d60       _ssRegisterSymbolicDimsIntValue 0000000180002d60 f   example_RIEKF_sfun_registry.obj
 0001:00001da0       _ssRegisterSymbolicDimsMinus 0000000180002da0 f   example_RIEKF_sfun_registry.obj
 0001:00001de0       _ssRegisterSymbolicDimsMultiply 0000000180002de0 f   example_RIEKF_sfun_registry.obj
 0001:00001e20       _ssRegisterSymbolicDimsPlus 0000000180002e20 f   example_RIEKF_sfun_registry.obj
 0001:00001e60       _ssRegisterSymbolicDimsString 0000000180002e60 f   example_RIEKF_sfun_registry.obj
 0001:00001eb0       _ssSetCompDWorkSymbolicDimsId 0000000180002eb0 f   example_RIEKF_sfun_registry.obj
 0001:00001ef0       _ssSetCompInputPortSymbolicDimsId 0000000180002ef0 f   example_RIEKF_sfun_registry.obj
 0001:00001f30       _ssSetCompOutputPortSymbolicDimsId 0000000180002f30 f   example_RIEKF_sfun_registry.obj
 0001:00001f70       _ssSetIWorkValueFcn        0000000180002f70 f   example_RIEKF_sfun_registry.obj
 0001:00002030       _ssSetInputPortDirectFeedThroughFcn 0000000180003030 f   example_RIEKF_sfun_registry.obj
 0001:00002140       _ssSetInputPortMatrixDimensions 0000000180003140 f   example_RIEKF_sfun_registry.obj
 0001:000021e0       _ssSetInputPortReusableFcn 00000001800031e0 f   example_RIEKF_sfun_registry.obj
 0001:000022a0       _ssSetInputPortSymbolicDimsId 00000001800032a0 f   example_RIEKF_sfun_registry.obj
 0001:000022e0       _ssSetInputPortVectorDimension 00000001800032e0 f   example_RIEKF_sfun_registry.obj
 0001:00002340       _ssSetOutputPortMatrixDimensions 0000000180003340 f   example_RIEKF_sfun_registry.obj
 0001:000023e0       _ssSetOutputPortReusableFcn 00000001800033e0 f   example_RIEKF_sfun_registry.obj
 0001:000024a0       _ssSetOutputPortSymbolicDimsId 00000001800034a0 f   example_RIEKF_sfun_registry.obj
 0001:000024e0       _ssSetOutputPortVectorDimension 00000001800034e0 f   example_RIEKF_sfun_registry.obj
 0001:00002540       _ssSetPWorkValueFcn        0000000180003540 f   example_RIEKF_sfun_registry.obj
 0001:00002600       _ssSetRWorkValueFcn        0000000180003600 f   example_RIEKF_sfun_registry.obj
 0001:000026c0       _ssSetStateAbsTol          00000001800036c0 f   example_RIEKF_sfun_registry.obj
 0001:00002730       _ssSetSymbolicDimsSupport  0000000180003730 f   example_RIEKF_sfun_registry.obj
 0001:00002760       _vsnprintf_l               0000000180003760 f i example_RIEKF_sfun_registry.obj
 0001:000027d0       _vsprintf_l                00000001800037d0 f i example_RIEKF_sfun_registry.obj
 0001:00002840       callCustomFcn              0000000180003840 f   example_RIEKF_sfun_registry.obj
 0001:00002890       mdlGetSimState             0000000180003890 f   example_RIEKF_sfun_registry.obj
 0001:000029a0       mdlSetSimState             00000001800039a0 f   example_RIEKF_sfun_registry.obj
 0001:00002d60       mexFunction                0000000180003d60 f   example_RIEKF_sfun_registry.obj
 0001:00003a80       sf_machine_global_initializer 0000000180004a80 f   example_RIEKF_sfun_registry.obj
 0001:00003b00       sf_machine_global_initializer_called 0000000180004b00 f   example_RIEKF_sfun_registry.obj
 0001:00003b10       sf_machine_global_method_dispatcher 0000000180004b10 f   example_RIEKF_sfun_registry.obj
 0001:00003bb0       sf_machine_global_terminator 0000000180004bb0 f   example_RIEKF_sfun_registry.obj
 0001:00003bf0       sf_mex_unlock_call         0000000180004bf0 f   example_RIEKF_sfun_registry.obj
 0001:00003c90       sf_process_autoinheritance_call 0000000180004c90 f   example_RIEKF_sfun_registry.obj
 0001:00003de0       sf_process_check_sum_call  0000000180004de0 f   example_RIEKF_sfun_registry.obj
 0001:00003e40       sf_process_get_eml_resolved_functions_info_call 0000000180004e40 f   example_RIEKF_sfun_registry.obj
 0001:00003f90       sf_process_get_jit_fallback_info_call 0000000180004f90 f   example_RIEKF_sfun_registry.obj
 0001:000040e0       sf_process_get_third_party_uses_info_call 00000001800050e0 f   example_RIEKF_sfun_registry.obj
 0001:00004230       sf_process_get_updateBuildInfo_args_info_call 0000000180005230 f   example_RIEKF_sfun_registry.obj
 0001:00004380       sf_register_machine_exported_symbols 0000000180005380 f   example_RIEKF_sfun_registry.obj
 0001:000043a0       sprintf                    00000001800053a0 f i example_RIEKF_sfun_registry.obj
 0001:00004400       ssCloneAndAddZcSignalInfo  0000000180005400 f   example_RIEKF_sfun_registry.obj
 0001:00004440       ssCreateAndAddZcSignalInfo 0000000180005440 f   example_RIEKF_sfun_registry.obj
 0001:00004480       ssGetDTypeIdFromMxArray    0000000180005480 f   example_RIEKF_sfun_registry.obj
 0001:00004550       ssGetIsInputPortElementContinuous 0000000180005550 f   example_RIEKF_sfun_registry.obj
 0001:000045c0       ssGetIsZeroCrossControlDisabled 00000001800055c0 f   example_RIEKF_sfun_registry.obj
 0001:00004600       ssGetNumZcSignals          0000000180005600 f   example_RIEKF_sfun_registry.obj
 0001:00004640       ssGetParameterTuningCompliance 0000000180005640 f   example_RIEKF_sfun_registry.obj
 0001:00004680       ssGetSFuncBlockHandle      0000000180005680 f   example_RIEKF_sfun_registry.obj
 0001:000046c0       ssGetZcSignalIsZcElementDisc 00000001800056c0 f   example_RIEKF_sfun_registry.obj
 0001:00004730       ssGetZcSignalName          0000000180005730 f   example_RIEKF_sfun_registry.obj
 0001:00004780       ssGetZcSignalNeedsEventNotification 0000000180005780 f   example_RIEKF_sfun_registry.obj
 0001:000047c0       ssGetZcSignalType          00000001800057c0 f   example_RIEKF_sfun_registry.obj
 0001:00004800       ssGetZcSignalVector        0000000180005800 f   example_RIEKF_sfun_registry.obj
 0001:00004850       ssGetZcSignalWidth         0000000180005850 f   example_RIEKF_sfun_registry.obj
 0001:00004890       ssGetZcSignalZcEventType   0000000180005890 f   example_RIEKF_sfun_registry.obj
 0001:000048d0       ssGetZcSignalZcEvents      00000001800058d0 f   example_RIEKF_sfun_registry.obj
 0001:00004920       ssGetZcSignalZcTol         0000000180005920 f   example_RIEKF_sfun_registry.obj
 0001:00004960       ssIsRunTimeParamTunable    0000000180005960 f   example_RIEKF_sfun_registry.obj
 0001:000049a0       ssSetIsInputPortUsedForContZcSignal 00000001800059a0 f   example_RIEKF_sfun_registry.obj
 0001:000049e0       ssSetZcSignalIsZcElementDisc 00000001800059e0 f   example_RIEKF_sfun_registry.obj
 0001:00004a40       ssSetZcSignalName          0000000180005a40 f   example_RIEKF_sfun_registry.obj
 0001:00004a70       ssSetZcSignalNeedsEventNotification 0000000180005a70 f   example_RIEKF_sfun_registry.obj
 0001:00004ab0       ssSetZcSignalType          0000000180005ab0 f   example_RIEKF_sfun_registry.obj
 0001:00004af0       ssSetZcSignalWidth         0000000180005af0 f   example_RIEKF_sfun_registry.obj
 0001:00004b30       ssSetZcSignalZcEventType   0000000180005b30 f   example_RIEKF_sfun_registry.obj
 0001:00004b70       ssSetZcSignalZcTol         0000000180005b70 f   example_RIEKF_sfun_registry.obj
 0001:00004bb0       ssWarning                  0000000180005bb0 f   example_RIEKF_sfun_registry.obj
 0001:00004c90       ssWriteRTWMx2dMatParam     0000000180005c90 f   example_RIEKF_sfun_registry.obj
 0001:00004ce0       ssWriteRTWMxVectParam      0000000180005ce0 f   example_RIEKF_sfun_registry.obj
 0001:00004d20       ssWriteRTWNameValuePair    0000000180005d20 f   example_RIEKF_sfun_registry.obj
 0001:00004f10       ssWriteRTWParamSettings    0000000180005f10 f   example_RIEKF_sfun_registry.obj
 0001:000051e0       ssWriteRTWParameters       00000001800061e0 f   example_RIEKF_sfun_registry.obj
 0001:000053d0       ssWriteRTWStr              00000001800063d0 f   example_RIEKF_sfun_registry.obj
 0001:000053f0       ssWriteRTWWorkVect         00000001800063f0 f   example_RIEKF_sfun_registry.obj
 0001:00005800       mexfilerequiredapiversion  0000000180006800 f   c_mexapi_version.obj
 0001:00005810       Cos                        0000000180006810 f i p_VectorNav_to_RightToeBottom_src.obj
 0001:00005820       Sin                        0000000180006820 f i p_VectorNav_to_RightToeBottom_src.obj
 0001:00006350       p_VectorNav_to_RightToeBottom_src 0000000180007350 f   p_VectorNav_to_RightToeBottom_src.obj
 0001:00006360       R_VectorNav_to_RightToeBottom_src 0000000180007360 f   R_VectorNav_to_RightToeBottom_src.obj
 0001:000068f0       J_VectorNav_to_RightToeBottom_src 00000001800078f0 f   J_VectorNav_to_RightToeBottom_src.obj
 0001:000099f0       p_VectorNav_to_LeftToeBottom_src 000000018000a9f0 f   p_VectorNav_to_LeftToeBottom_src.obj
 0001:00009a00       R_VectorNav_to_LeftToeBottom_src 000000018000aa00 f   R_VectorNav_to_LeftToeBottom_src.obj
 0001:00009fa0       J_VectorNav_to_LeftToeBottom_src 000000018000afa0 f   J_VectorNav_to_LeftToeBottom_src.obj
 0001:0000c4b0       lib_StateEstimation_debug_initialize 000000018000d4b0 f   lib_StateEstimation_sfun:lib_StateEstimation_sfun.obj
 0001:0000c520       lib_StateEstimation_initializer 000000018000d520 f   lib_StateEstimation_sfun:lib_StateEstimation_sfun.obj
 0001:0000c530       lib_StateEstimation_register_exported_symbols 000000018000d530 f   lib_StateEstimation_sfun:lib_StateEstimation_sfun.obj
 0001:0000c540       lib_StateEstimation_terminator 000000018000d540 f   lib_StateEstimation_sfun:lib_StateEstimation_sfun.obj
 0001:0000c550       load_lib_StateEstimation_optimization_info 000000018000d550 f   lib_StateEstimation_sfun:lib_StateEstimation_sfun.obj
 0001:0000c600       sf_lib_StateEstimation_autoinheritance_info 000000018000d600 f   lib_StateEstimation_sfun:lib_StateEstimation_sfun.obj
 0001:0000c700       sf_lib_StateEstimation_get_eml_resolved_functions_info 000000018000d700 f   lib_StateEstimation_sfun:lib_StateEstimation_sfun.obj
 0001:0000c810       sf_lib_StateEstimation_jit_fallback_info 000000018000d810 f   lib_StateEstimation_sfun:lib_StateEstimation_sfun.obj
 0001:0000c910       sf_lib_StateEstimation_method_dispatcher 000000018000d910 f   lib_StateEstimation_sfun:lib_StateEstimation_sfun.obj
 0001:0000c940       sf_lib_StateEstimation_process_check_sum_call 000000018000d940 f   lib_StateEstimation_sfun:lib_StateEstimation_sfun.obj
 0001:0000cb30       sf_lib_StateEstimation_third_party_uses_info 000000018000db30 f   lib_StateEstimation_sfun:lib_StateEstimation_sfun.obj
 0001:0000cc30       sf_lib_StateEstimation_updateBuildInfo_args_info 000000018000dc30 f   lib_StateEstimation_sfun:lib_StateEstimation_sfun.obj
 0001:0000cd30       unload_lib_StateEstimation_optimization_info 000000018000dd30 f   lib_StateEstimation_sfun:lib_StateEstimation_sfun.obj
 0001:0000dea0       c42_lib_StateEstimation_method_dispatcher 000000018000eea0 f   lib_StateEstimation_sfun:c42_lib_StateEstimation.obj
 0001:0000f970       sf_c42_lib_StateEstimation_get_autoinheritance_info 0000000180010970 f   lib_StateEstimation_sfun:c42_lib_StateEstimation.obj
 0001:0000fdf0       sf_c42_lib_StateEstimation_get_check_sum 0000000180010df0 f   lib_StateEstimation_sfun:c42_lib_StateEstimation.obj
 0001:0000fe60       sf_c42_lib_StateEstimation_get_eml_resolved_functions_info 0000000180010e60 f   lib_StateEstimation_sfun:c42_lib_StateEstimation.obj
 0001:0000ff00       sf_c42_lib_StateEstimation_get_post_codegen_info 0000000180010f00 f   lib_StateEstimation_sfun:c42_lib_StateEstimation.obj
 0001:0000ffc0       sf_c42_lib_StateEstimation_jit_fallback_info 0000000180010fc0 f   lib_StateEstimation_sfun:c42_lib_StateEstimation.obj
 0001:00010110       sf_c42_lib_StateEstimation_third_party_uses_info 0000000180011110 f   lib_StateEstimation_sfun:c42_lib_StateEstimation.obj
 0001:00010120       sf_c42_lib_StateEstimation_updateBuildInfo_args_info 0000000180011120 f   lib_StateEstimation_sfun:c42_lib_StateEstimation.obj
 0001:0001186a       sf_load_rtw_optimization_info 000000018001286a f   sf_runtime:sf_runtime.dll
 0001:00011870       sf_debug_initialize_machine 0000000180012870 f   sf_runtime:sf_runtime.dll
 0001:00011876       sf_debug_set_machine_event_thresholds 0000000180012876 f   sf_runtime:sf_runtime.dll
 0001:0001187c       sf_debug_set_machine_data_thresholds 000000018001287c f   sf_runtime:sf_runtime.dll
 0001:00011882       sf_get_ChartInfoStruct_CodeGen 0000000180012882 f   sf_runtime:sf_runtime.dll
 0001:00011888       sf_get_hasSeparateUpdateOutputs 0000000180012888 f   sf_runtime:sf_runtime.dll
 0001:0001188e       callMdlMethodAndReportError 000000018001288e f   sf_runtime:sf_runtime.dll
 0001:00011894       sim_mode_is_rtw_gen        0000000180012894 f   sf_runtime:sf_runtime.dll
 0001:0001189a       call_sf_machine_global_method_dispatcher 000000018001289a f   sf_runtime:sf_runtime.dll
 0001:000118a0       getRuntimeInstanceInfoAsVoid 00000001800128a0 f   sf_runtime:sf_runtime.dll
 0001:000118a6       sf_mex_error_direct_call   00000001800128a6 f   sf_runtime:sf_runtime.dll
 0001:000118ac       sf_clear_error_manager_info 00000001800128ac f   sf_runtime:sf_runtime.dll
 0001:000118b2       sf_debug_create_debug_instance_struct 00000001800128b2 f   sf_runtime:sf_runtime.dll
 0001:000118b8       sf_debug_terminate         00000001800128b8 f   sf_runtime:sf_runtime.dll
 0001:000118be       sf_debug_api               00000001800128be f   sf_runtime:sf_runtime.dll
 0001:000118c4       sf_init_ChartRunTimeInfo   00000001800128c4 f   sf_runtime:sf_runtime.dll
 0001:000118ca       sf_free_ChartRunTimeInfo   00000001800128ca f   sf_runtime:sf_runtime.dll
 0001:000118d0       sfrtGetEmlrtCtx            00000001800128d0 f   sf_runtime:sf_runtime.dll
 0001:000118d6       sf_get_chart_instance_ptr  00000001800128d6 f   sf_runtime:sf_runtime.dll
 0001:000118dc       sf_rtw_info_uint_prop      00000001800128dc f   sf_runtime:sf_runtime.dll
 0001:000118e2       sf_update_buildInfo        00000001800128e2 f   sf_runtime:sf_runtime.dll
 0001:000118e8       sf_is_chart_inlinable      00000001800128e8 f   sf_runtime:sf_runtime.dll
 0001:000118ee       sf_mark_chart_reusable_outputs 00000001800128ee f   sf_runtime:sf_runtime.dll
 0001:000118f4       sf_mark_chart_expressionable_inputs 00000001800128f4 f   sf_runtime:sf_runtime.dll
 0001:000118fa       sim_mode_is_external       00000001800128fa f   sf_runtime:sf_runtime.dll
 0001:00011900       sim_mode_is_modelref_sim   0000000180012900 f   sf_runtime:sf_runtime.dll
 0001:00011906       sf_clear_rtw_identifier    0000000180012906 f   sf_runtime:sf_runtime.dll
 0001:0001190c       sf_set_rtw_dwork_info      000000018001290c f   sf_runtime:sf_runtime.dll
 0001:00011912       sf_get_time                0000000180012912 f   sf_runtime:sf_runtime.dll
 0001:00011918       sf_is_first_init_cond      0000000180012918 f   sf_runtime:sf_runtime.dll
 0001:0001191e       sf_set_chart_accesses_machine_info 000000018001291e f   sf_runtime:sf_runtime.dll
 0001:00011924       sf_register_codegen_names_for_scoped_functions_defined_by_chart 0000000180012924 f   sf_runtime:sf_runtime.dll
 0001:0001192a       ssSetBlockIsPurelyCombinatorial_wrapper 000000018001292a f   sf_runtime:sf_runtime.dll
 0001:00011930       sf_mex_call_debug          0000000180012930 f   sf_runtime:sf_runtime.dll
 0001:00011936       sf_mex_error_message       0000000180012936 f   sf_runtime:sf_runtime.dll
 0001:0001193c       sf_mex_create              000000018001293c f   sf_runtime:sf_runtime.dll
 0001:00011942       sf_mex_createcellmatrix    0000000180012942 f   sf_runtime:sf_runtime.dll
 0001:00011948       sf_mex_setcell             0000000180012948 f   sf_runtime:sf_runtime.dll
 0001:0001194e       sf_mex_getcell             000000018001294e f   sf_runtime:sf_runtime.dll
 0001:00011954       sf_mex_assign              0000000180012954 f   sf_runtime:sf_runtime.dll
 0001:0001195a       sf_mex_dup                 000000018001295a f   sf_runtime:sf_runtime.dll
 0001:00011960       sf_mex_destroy             0000000180012960 f   sf_runtime:sf_runtime.dll
 0001:00011966       sf_mex_import              0000000180012966 f   sf_runtime:sf_runtime.dll
 0001:0001196c       sf_mex_decode_encoded_mx_struct_array 000000018001296c f   sf_runtime:sf_runtime.dll
 0001:00011972       ssGetInputPortSignal_wrapper 0000000180012972 f   sf_runtime:sf_runtime.dll
 0001:00011978       ssGetOutputPortSignal_wrapper 0000000180012978 f   sf_runtime:sf_runtime.dll
 0001:0001197e       sf_debug_initialize_chart  000000018001297e f   sf_runtime:sf_runtime.dll
 0001:00011984       sf_debug_call              0000000180012984 f   sf_runtime:sf_runtime.dll
 0001:0001198a       eml_debug_line_call        000000018001298a f   sf_runtime:sf_runtime.dll
 0001:00011990       cv_eml_eval                0000000180012990 f   sf_runtime:sf_runtime.dll
 0001:00011996       cv_eml_init_script         0000000180012996 f   sf_runtime:sf_runtime.dll
 0001:0001199c       cv_eml_init_fcn            000000018001299c f   sf_runtime:sf_runtime.dll
 0001:000119a2       cv_script_eval             00000001800129a2 f   sf_runtime:sf_runtime.dll
 0001:000119a8       cv_script_init_script      00000001800129a8 f   sf_runtime:sf_runtime.dll
 0001:000119ae       cv_script_init_fcn         00000001800129ae f   sf_runtime:sf_runtime.dll
 0001:000119b4       cv_script_init_if          00000001800129b4 f   sf_runtime:sf_runtime.dll
 0001:000119ba       sf_debug_reset_current_state_configuration 00000001800129ba f   sf_runtime:sf_runtime.dll
 0001:000119c0       sf_debug_check_for_state_inconsistency 00000001800129c0 f   sf_runtime:sf_runtime.dll
 0001:000119c6       sf_debug_set_chart_data_props 00000001800129c6 f   sf_runtime:sf_runtime.dll
 0001:000119cc       sf_debug_set_chart_data_compiled_props 00000001800129cc f   sf_runtime:sf_runtime.dll
 0001:000119d2       sf_debug_symbol_scope_push 00000001800129d2 f   sf_runtime:sf_runtime.dll
 0001:000119d8       sf_debug_symbol_scope_push_eml 00000001800129d8 f   sf_runtime:sf_runtime.dll
 0001:000119de       sf_debug_symbol_scope_pop  00000001800129de f   sf_runtime:sf_runtime.dll
 0001:000119e4       sf_debug_symbol_scope_add_eml 00000001800129e4 f   sf_runtime:sf_runtime.dll
 0001:000119ea       sf_debug_symbol_scope_add_eml_importable 00000001800129ea f   sf_runtime:sf_runtime.dll
 0001:000119f0       sf_debug_set_instance_data_value_ptr 00000001800129f0 f   sf_runtime:sf_runtime.dll
 0001:000119f6       sf_debug_set_chart_disable_implicit_casting 00000001800129f6 f   sf_runtime:sf_runtime.dll
 0001:000119fc       sf_debug_set_chart_event_thresholds 00000001800129fc f   sf_runtime:sf_runtime.dll
 0001:00011a02       sf_debug_set_chart_state_info 0000000180012a02 f   sf_runtime:sf_runtime.dll
 0001:00011a08       sf_debug_set_chart_decomposition 0000000180012a08 f   sf_runtime:sf_runtime.dll
 0001:00011a0e       sf_debug_set_chart_substate_count 0000000180012a0e f   sf_runtime:sf_runtime.dll
 0001:00011a14       sf_debug_data_range_wrapper 0000000180012a14 f   sf_runtime:sf_runtime.dll
 0001:00011a1a       sf_debug_cv_init_trans     0000000180012a1a f   sf_runtime:sf_runtime.dll
 0001:00011a20       sf_debug_cv_init_chart     0000000180012a20 f   sf_runtime:sf_runtime.dll
 0001:00011a26       sf_debug_cv_init_state     0000000180012a26 f   sf_runtime:sf_runtime.dll
 0001:00011a2c       sf_debug_get_script_id     0000000180012a2c f   sf_runtime:sf_runtime.dll
 0001:00011a32       sf_debug_set_script_translation 0000000180012a32 f   sf_runtime:sf_runtime.dll
 0001:00011a38       mxIsChar                   0000000180012a38 f   libmx:libmx.dll
 0001:00011a3e       mxGetPr                    0000000180012a3e f   libmx:libmx.dll
 0001:00011a44       mxGetScalar                0000000180012a44 f   libmx:libmx.dll
 0001:00011a4a       mxDestroyArray             0000000180012a4a f   libmx:libmx.dll
 0001:00011a50       mxCreateDoubleMatrix_730   0000000180012a50 f   libmx:libmx.dll
 0001:00011a56       mxGetString_730            0000000180012a56 f   libmx:libmx.dll
 0001:00011a5c       mxCalloc                   0000000180012a5c f   libmx:libmx.dll
 0001:00011a62       mxGetM                     0000000180012a62 f   libmx:libmx.dll
 0001:00011a68       mxGetClassID               0000000180012a68 f   libmx:libmx.dll
 0001:00011a6e       mxIsNumeric                0000000180012a6e f   libmx:libmx.dll
 0001:00011a74       mxIsComplex                0000000180012a74 f   libmx:libmx.dll
 0001:00011a7a       mxGetN                     0000000180012a7a f   libmx:libmx.dll
 0001:00011a80       mxCreateDoubleScalar       0000000180012a80 f   libmx:libmx.dll
 0001:00011a86       mxCreateString             0000000180012a86 f   libmx:libmx.dll
 0001:00011a8c       mxDuplicateArray           0000000180012a8c f   libmx:libmx.dll
 0001:00011a92       mxSetField_730             0000000180012a92 f   libmx:libmx.dll
 0001:00011a98       mxCreateCellMatrix_730     0000000180012a98 f   libmx:libmx.dll
 0001:00011a9e       mxCreateCellArray_730      0000000180012a9e f   libmx:libmx.dll
 0001:00011aa4       mxCreateStructMatrix_730   0000000180012aa4 f   libmx:libmx.dll
 0001:00011aaa       mxCreateStructArray_730    0000000180012aaa f   libmx:libmx.dll
 0001:00011ab0       mexMakeArrayPersistent     0000000180012ab0 f   libmex:libmex.dll
 0001:00011ab6       mexErrMsgTxt               0000000180012ab6 f   libmex:libmex.dll
 0001:00011abc       mexWarnMsgTxt              0000000180012abc f   libmex:libmex.dll
 0001:00011ac2       mexCallMATLABWithObject    0000000180012ac2 f   libmex:libmex.dll
 0001:00011ac8       mexLock                    0000000180012ac8 f   libmex:libmex.dll
 0001:00011ace       mexUnlock                  0000000180012ace f   libmex:libmex.dll
 0001:00011ad4       mexIsLocked                0000000180012ad4 f   libmex:libmex.dll
 0001:00011ada       utMalloc                   0000000180012ada f   libut:libut.dll
 0001:00011ae0       utFree                     0000000180012ae0 f   libut:libut.dll
 0001:00011ae6       muDoubleScalarAbs          0000000180012ae6 f   libmwmathutil:libmwmathutil.dll
 0001:00011aec       muDoubleScalarMax          0000000180012aec f   libmwmathutil:libmwmathutil.dll
 0001:00011af2       muDoubleScalarMin          0000000180012af2 f   libmwmathutil:libmwmathutil.dll
 0001:00011af8       emlrtNameCaptureMxArrayR2016a 0000000180012af8 f   libemlrt:libemlrt.dll
 0001:00011b00       __GSHandlerCheck           0000000180012b00 f   MSVCRT:_gshandler_.obj
 0001:00011b20       __GSHandlerCheckCommon     0000000180012b20 f   MSVCRT:_gshandler_.obj
 0001:00011b90       __security_check_cookie    0000000180012b90 f   MSVCRT:_amdsecgs_.obj
 0001:00011f00       _CRT_INIT                  0000000180012f00 f   MSVCRT:dll_dllmain.obj
 0001:00011f08       _DllMainCRTStartup         0000000180012f08 f   MSVCRT:dll_dllmain.obj
 0001:00011f48       __raise_securityfailure    0000000180012f48 f   MSVCRT:gs_report.obj
 0001:00011f7c       __report_gsfailure         0000000180012f7c f   MSVCRT:gs_report.obj
 0001:00012050       __report_rangecheckfailure 0000000180013050 f   MSVCRT:gs_report.obj
 0001:00012064       __report_securityfailure   0000000180013064 f   MSVCRT:gs_report.obj
 0001:00012100       __report_securityfailureEx 0000000180013100 f   MSVCRT:gs_report.obj
 0001:000122f4       ??$__crt_fast_decode_pointer@PEAP6AXXZ@@YAPEAP6AXXZQEAP6AXXZ@Z 00000001800132f4 f i MSVCRT:utility.obj
 0001:0001230c       ??$__crt_fast_encode_pointer@PEAP6AXXZ@@YAPEAP6AXXZQEAP6AXXZ@Z 000000018001330c f i MSVCRT:utility.obj
 0001:0001232c       ?__crt_rotate_pointer_value@@YA_K_KH@Z 000000018001332c f i MSVCRT:utility.obj
 0001:00012338       ?configure_argv@__scrt_narrow_argv_policy@@SAHXZ 0000000180013338 f i MSVCRT:utility.obj
 0001:000123c8       NtCurrentTeb               00000001800133c8 f i MSVCRT:utility.obj
 0001:000123d4       __scrt_acquire_startup_lock 00000001800133d4 f   MSVCRT:utility.obj
 0001:00012410       __scrt_dllmain_after_initialize_c 0000000180013410 f   MSVCRT:utility.obj
 0001:00012444       __scrt_dllmain_before_initialize_c 0000000180013444 f   MSVCRT:utility.obj
 0001:0001245c       __scrt_dllmain_crt_thread_attach 000000018001345c f   MSVCRT:utility.obj
 0001:00012484       __scrt_dllmain_crt_thread_detach 0000000180013484 f   MSVCRT:utility.obj
 0001:0001249c       __scrt_dllmain_exception_filter 000000018001349c f   MSVCRT:utility.obj
 0001:00012500       __scrt_dllmain_uninitialize_c 0000000180013500 f   MSVCRT:utility.obj
 0001:00012530       __scrt_dllmain_uninitialize_critical 0000000180013530 f   MSVCRT:utility.obj
 0001:00012544       __scrt_initialize_crt      0000000180013544 f   MSVCRT:utility.obj
 0001:00012590       __scrt_initialize_onexit_tables 0000000180013590 f   MSVCRT:utility.obj
 0001:0001265c       __scrt_is_nonwritable_in_current_image 000000018001365c f   MSVCRT:utility.obj
 0001:000126f8       __scrt_release_startup_lock 00000001800136f8 f   MSVCRT:utility.obj
 0001:0001271c       __scrt_uninitialize_crt    000000018001371c f   MSVCRT:utility.obj
 0001:00012748       _onexit                    0000000180013748 f   MSVCRT:utility.obj
 0001:00012798       at_quick_exit              0000000180013798 f   MSVCRT:utility.obj
 0001:000127d0       atexit                     00000001800137d0 f   MSVCRT:utility.obj
 0001:000127e8       __security_init_cookie     00000001800137e8 f   MSVCRT:gs_support.obj
 0001:00012894       DllMain                    0000000180013894 f   MSVCRT:dll_dllmain_stub.obj
 0001:000128b8       ?__scrt_initialize_type_info@@YAXXZ 00000001800138b8 f   MSVCRT:tncleanup.obj
 0001:000128c8       ?__scrt_uninitialize_type_info@@YAXXZ 00000001800138c8 f   MSVCRT:tncleanup.obj
 0001:000128d4       __local_stdio_scanf_options 00000001800138d4 f i MSVCRT:default_local_stdio_options.obj
 0001:000128dc       __scrt_initialize_default_local_stdio_options 00000001800138dc f   MSVCRT:default_local_stdio_options.obj
 0001:000128f8       __scrt_get_dyn_tls_init_callback 00000001800138f8 f   MSVCRT:dyn_tls_init.obj
 0001:00012900       __crt_debugger_hook        0000000180013900 f   MSVCRT:utility_desktop.obj
 0001:00012908       __scrt_fastfail            0000000180013908 f   MSVCRT:utility_desktop.obj
 0001:00012a50       __scrt_get_show_window_mode 0000000180013a50 f   MSVCRT:utility_desktop.obj
 0001:00012a8c       __scrt_initialize_winrt    0000000180013a8c f   MSVCRT:utility_desktop.obj
 0001:00012a90       __scrt_is_managed_app      0000000180013a90 f   MSVCRT:utility_desktop.obj
 0001:00012ae4       __scrt_set_unhandled_exception_filter 0000000180013ae4 f   MSVCRT:utility_desktop.obj
 0001:00012af4       __scrt_unhandled_exception_filter 0000000180013af4 f   MSVCRT:utility_desktop.obj
 0001:00012b2c       _RTC_Initialize            0000000180013b2c f   MSVCRT:_initsect_.obj
 0001:00012b78       _RTC_Terminate             0000000180013b78 f   MSVCRT:_initsect_.obj
 0001:00012bc4       _guard_check_icall         0000000180013bc4 f i MSVCRT:checkcfg.obj
 0001:00012bcc       __isa_available_init       0000000180013bcc f   MSVCRT:_cpu_disp_.obj
 0001:00012d94       _get_startup_argv_mode     0000000180013d94 f   MSVCRT:argv_mode.obj
 0001:00012d9c       __scrt_is_ucrt_dll_in_use  0000000180013d9c f   MSVCRT:ucrt_detection.obj
 0001:00012da8       _guard_check_icall_nop     0000000180013da8 f i MSVCRT:guard_support.obj
 0001:00012dac       _guard_icall_checks_enforced 0000000180013dac f i MSVCRT:guard_support.obj
 0001:00012dd0       RtlCaptureContext          0000000180013dd0 f   kernel32:KERNEL32.dll
 0001:00012dd6       RtlLookupFunctionEntry     0000000180013dd6 f   kernel32:KERNEL32.dll
 0001:00012ddc       RtlVirtualUnwind           0000000180013ddc f   kernel32:KERNEL32.dll
 0001:00012de2       UnhandledExceptionFilter   0000000180013de2 f   kernel32:KERNEL32.dll
 0001:00012de8       SetUnhandledExceptionFilter 0000000180013de8 f   kernel32:KERNEL32.dll
 0001:00012dee       GetCurrentProcess          0000000180013dee f   kernel32:KERNEL32.dll
 0001:00012df4       TerminateProcess           0000000180013df4 f   kernel32:KERNEL32.dll
 0001:00012dfa       IsProcessorFeaturePresent  0000000180013dfa f   kernel32:KERNEL32.dll
 0001:00012e00       QueryPerformanceCounter    0000000180013e00 f   kernel32:KERNEL32.dll
 0001:00012e06       GetCurrentProcessId        0000000180013e06 f   kernel32:KERNEL32.dll
 0001:00012e0c       GetCurrentThreadId         0000000180013e0c f   kernel32:KERNEL32.dll
 0001:00012e12       GetSystemTimeAsFileTime    0000000180013e12 f   kernel32:KERNEL32.dll
 0001:00012e18       DisableThreadLibraryCalls  0000000180013e18 f   kernel32:KERNEL32.dll
 0001:00012e1e       InitializeSListHead        0000000180013e1e f   kernel32:KERNEL32.dll
 0001:00012e24       IsDebuggerPresent          0000000180013e24 f   kernel32:KERNEL32.dll
 0001:00012e2a       GetStartupInfoW            0000000180013e2a f   kernel32:KERNEL32.dll
 0001:00012e30       GetModuleHandleW           0000000180013e30 f   kernel32:KERNEL32.dll
 0001:00012e36       memcpy                     0000000180013e36 f   vcruntime:VCRUNTIME140.dll
 0001:00012e3c       memset                     0000000180013e3c f   vcruntime:VCRUNTIME140.dll
 0001:00012e42       __C_specific_handler       0000000180013e42 f   vcruntime:VCRUNTIME140.dll
 0001:00012e48       __std_type_info_destroy_list 0000000180013e48 f   vcruntime:VCRUNTIME140.dll
 0001:00012e4e       strcmp                     0000000180013e4e f   ucrt:api-ms-win-crt-string-l1-1-0.dll
 0001:00012e54       __stdio_common_vsprintf    0000000180013e54 f   ucrt:api-ms-win-crt-stdio-l1-1-0.dll
 0001:00012e5a       free                       0000000180013e5a f   ucrt:api-ms-win-crt-heap-l1-1-0.dll
 0001:00012e60       malloc                     0000000180013e60 f   ucrt:api-ms-win-crt-heap-l1-1-0.dll
 0001:00012e66       cos                        0000000180013e66 f   ucrt:api-ms-win-crt-math-l1-1-0.dll
 0001:00012e6c       sin                        0000000180013e6c f   ucrt:api-ms-win-crt-math-l1-1-0.dll
 0001:00012e72       _initterm                  0000000180013e72 f   ucrt:api-ms-win-crt-runtime-l1-1-0.dll
 0001:00012e78       _initterm_e                0000000180013e78 f   ucrt:api-ms-win-crt-runtime-l1-1-0.dll
 0001:00012e7e       _seh_filter_dll            0000000180013e7e f   ucrt:api-ms-win-crt-runtime-l1-1-0.dll
 0001:00012e84       _configure_narrow_argv     0000000180013e84 f   ucrt:api-ms-win-crt-runtime-l1-1-0.dll
 0001:00012e8a       _initialize_narrow_environment 0000000180013e8a f   ucrt:api-ms-win-crt-runtime-l1-1-0.dll
 0001:00012e90       _initialize_onexit_table   0000000180013e90 f   ucrt:api-ms-win-crt-runtime-l1-1-0.dll
 0001:00012e96       _register_onexit_function  0000000180013e96 f   ucrt:api-ms-win-crt-runtime-l1-1-0.dll
 0001:00012e9c       _execute_onexit_table      0000000180013e9c f   ucrt:api-ms-win-crt-runtime-l1-1-0.dll
 0001:00012ea2       _crt_atexit                0000000180013ea2 f   ucrt:api-ms-win-crt-runtime-l1-1-0.dll
 0001:00012ea8       _crt_at_quick_exit         0000000180013ea8 f   ucrt:api-ms-win-crt-runtime-l1-1-0.dll
 0001:00012eae       _cexit                     0000000180013eae f   ucrt:api-ms-win-crt-runtime-l1-1-0.dll
 0001:00012eb4       terminate                  0000000180013eb4 f   ucrt:api-ms-win-crt-runtime-l1-1-0.dll
 0001:00012ebc       __scrt_stub_for_acrt_initialize 0000000180013ebc f   MSVCRT:ucrt_stubs.obj
 0001:00012ebc       __vcrt_initialize          0000000180013ebc f   MSVCRT:ucrt_stubs.obj
 0001:00012ebc       __acrt_initialize          0000000180013ebc f   MSVCRT:ucrt_stubs.obj
 0001:00012ec0       __acrt_thread_attach       0000000180013ec0 f   MSVCRT:ucrt_stubs.obj
 0001:00012ec0       __scrt_stub_for_acrt_thread_attach 0000000180013ec0 f   MSVCRT:ucrt_stubs.obj
 0001:00012ec0       __vcrt_thread_attach       0000000180013ec0 f   MSVCRT:ucrt_stubs.obj
 0001:00012ec4       __vcrt_thread_detach       0000000180013ec4 f   MSVCRT:ucrt_stubs.obj
 0001:00012ec4       __acrt_thread_detach       0000000180013ec4 f   MSVCRT:ucrt_stubs.obj
 0001:00012ec4       __scrt_stub_for_acrt_thread_detach 0000000180013ec4 f   MSVCRT:ucrt_stubs.obj
 0001:00012ec8       __vcrt_uninitialize        0000000180013ec8 f   MSVCRT:ucrt_stubs.obj
 0001:00012ec8       __scrt_stub_for_acrt_uninitialize 0000000180013ec8 f   MSVCRT:ucrt_stubs.obj
 0001:00012ec8       __acrt_uninitialize        0000000180013ec8 f   MSVCRT:ucrt_stubs.obj
 0001:00012ecc       __acrt_uninitialize_critical 0000000180013ecc f   MSVCRT:ucrt_stubs.obj
 0001:00012ecc       __scrt_stub_for_acrt_uninitialize_critical 0000000180013ecc f   MSVCRT:ucrt_stubs.obj
 0001:00012ecc       __vcrt_uninitialize_critical 0000000180013ecc f   MSVCRT:ucrt_stubs.obj
 0001:00012ed0       _is_c_termination_complete 0000000180013ed0 f   MSVCRT:ucrt_stubs.obj
 0001:00012ed0       __scrt_stub_for_is_c_termination_complete 0000000180013ed0 f   MSVCRT:ucrt_stubs.obj
 0001:00012ef0       _guard_dispatch_icall_nop  0000000180013ef0 f   MSVCRT:_guard_dispatch_.obj
 0002:00000000       __imp_GetStartupInfoW      0000000180014000     kernel32:KERNEL32.dll
 0002:00000008       __imp_GetCurrentProcess    0000000180014008     kernel32:KERNEL32.dll
 0002:00000010       __imp_TerminateProcess     0000000180014010     kernel32:KERNEL32.dll
 0002:00000018       __imp_RtlCaptureContext    0000000180014018     kernel32:KERNEL32.dll
 0002:00000020       __imp_RtlLookupFunctionEntry 0000000180014020     kernel32:KERNEL32.dll
 0002:00000028       __imp_IsProcessorFeaturePresent 0000000180014028     kernel32:KERNEL32.dll
 0002:00000030       __imp_QueryPerformanceCounter 0000000180014030     kernel32:KERNEL32.dll
 0002:00000038       __imp_GetCurrentProcessId  0000000180014038     kernel32:KERNEL32.dll
 0002:00000040       __imp_GetCurrentThreadId   0000000180014040     kernel32:KERNEL32.dll
 0002:00000048       __imp_GetSystemTimeAsFileTime 0000000180014048     kernel32:KERNEL32.dll
 0002:00000050       __imp_DisableThreadLibraryCalls 0000000180014050     kernel32:KERNEL32.dll
 0002:00000058       __imp_InitializeSListHead  0000000180014058     kernel32:KERNEL32.dll
 0002:00000060       __imp_IsDebuggerPresent    0000000180014060     kernel32:KERNEL32.dll
 0002:00000068       __imp_GetModuleHandleW     0000000180014068     kernel32:KERNEL32.dll
 0002:00000070       __imp_UnhandledExceptionFilter 0000000180014070     kernel32:KERNEL32.dll
 0002:00000078       __imp_RtlVirtualUnwind     0000000180014078     kernel32:KERNEL32.dll
 0002:00000080       __imp_SetUnhandledExceptionFilter 0000000180014080     kernel32:KERNEL32.dll
 0002:00000088       \177KERNEL32_NULL_THUNK_DATA 0000000180014088     kernel32:KERNEL32.dll
 0002:00000090       __imp_memset               0000000180014090     vcruntime:VCRUNTIME140.dll
 0002:00000098       __imp___C_specific_handler 0000000180014098     vcruntime:VCRUNTIME140.dll
 0002:000000a0       __imp___std_type_info_destroy_list 00000001800140a0     vcruntime:VCRUNTIME140.dll
 0002:000000a8       __imp_memcpy               00000001800140a8     vcruntime:VCRUNTIME140.dll
 0002:000000b0       \177VCRUNTIME140_NULL_THUNK_DATA 00000001800140b0     vcruntime:VCRUNTIME140.dll
 0002:000000b8       __imp_free                 00000001800140b8     ucrt:api-ms-win-crt-heap-l1-1-0.dll
 0002:000000c0       __imp_malloc               00000001800140c0     ucrt:api-ms-win-crt-heap-l1-1-0.dll
 0002:000000c8       \177api-ms-win-crt-heap-l1-1-0_NULL_THUNK_DATA 00000001800140c8     ucrt:api-ms-win-crt-heap-l1-1-0.dll
 0002:000000d0       __imp_cos                  00000001800140d0     ucrt:api-ms-win-crt-math-l1-1-0.dll
 0002:000000d8       __imp_sin                  00000001800140d8     ucrt:api-ms-win-crt-math-l1-1-0.dll
 0002:000000e0       \177api-ms-win-crt-math-l1-1-0_NULL_THUNK_DATA 00000001800140e0     ucrt:api-ms-win-crt-math-l1-1-0.dll
 0002:000000e8       __imp__seh_filter_dll      00000001800140e8     ucrt:api-ms-win-crt-runtime-l1-1-0.dll
 0002:000000f0       __imp__initialize_narrow_environment 00000001800140f0     ucrt:api-ms-win-crt-runtime-l1-1-0.dll
 0002:000000f8       __imp__initialize_onexit_table 00000001800140f8     ucrt:api-ms-win-crt-runtime-l1-1-0.dll
 0002:00000100       __imp__register_onexit_function 0000000180014100     ucrt:api-ms-win-crt-runtime-l1-1-0.dll
 0002:00000108       __imp__execute_onexit_table 0000000180014108     ucrt:api-ms-win-crt-runtime-l1-1-0.dll
 0002:00000110       __imp__crt_atexit          0000000180014110     ucrt:api-ms-win-crt-runtime-l1-1-0.dll
 0002:00000118       __imp__crt_at_quick_exit   0000000180014118     ucrt:api-ms-win-crt-runtime-l1-1-0.dll
 0002:00000120       __imp__cexit               0000000180014120     ucrt:api-ms-win-crt-runtime-l1-1-0.dll
 0002:00000128       __imp_terminate            0000000180014128     ucrt:api-ms-win-crt-runtime-l1-1-0.dll
 0002:00000130       __imp__initterm_e          0000000180014130     ucrt:api-ms-win-crt-runtime-l1-1-0.dll
 0002:00000138       __imp__initterm            0000000180014138     ucrt:api-ms-win-crt-runtime-l1-1-0.dll
 0002:00000140       __imp__configure_narrow_argv 0000000180014140     ucrt:api-ms-win-crt-runtime-l1-1-0.dll
 0002:00000148       \177api-ms-win-crt-runtime-l1-1-0_NULL_THUNK_DATA 0000000180014148     ucrt:api-ms-win-crt-runtime-l1-1-0.dll
 0002:00000150       __imp___stdio_common_vsprintf 0000000180014150     ucrt:api-ms-win-crt-stdio-l1-1-0.dll
 0002:00000158       \177api-ms-win-crt-stdio-l1-1-0_NULL_THUNK_DATA 0000000180014158     ucrt:api-ms-win-crt-stdio-l1-1-0.dll
 0002:00000160       __imp_strcmp               0000000180014160     ucrt:api-ms-win-crt-string-l1-1-0.dll
 0002:00000168       \177api-ms-win-crt-string-l1-1-0_NULL_THUNK_DATA 0000000180014168     ucrt:api-ms-win-crt-string-l1-1-0.dll
 0002:00000170       __imp_emlrtNameCaptureMxArrayR2016a 0000000180014170     libemlrt:libemlrt.dll
 0002:00000178       \177libemlrt_NULL_THUNK_DATA 0000000180014178     libemlrt:libemlrt.dll
 0002:00000180       __imp_mexErrMsgTxt         0000000180014180     libmex:libmex.dll
 0002:00000188       __imp_mexWarnMsgTxt        0000000180014188     libmex:libmex.dll
 0002:00000190       __imp_mexCallMATLABWithObject 0000000180014190     libmex:libmex.dll
 0002:00000198       __imp_mexMakeArrayPersistent 0000000180014198     libmex:libmex.dll
 0002:000001a0       __imp_mexIsLocked          00000001800141a0     libmex:libmex.dll
 0002:000001a8       __imp_mexUnlock            00000001800141a8     libmex:libmex.dll
 0002:000001b0       __imp_mexLock              00000001800141b0     libmex:libmex.dll
 0002:000001b8       \177libmex_NULL_THUNK_DATA 00000001800141b8     libmex:libmex.dll
 0002:000001c0       __imp_muDoubleScalarMin    00000001800141c0     libmwmathutil:libmwmathutil.dll
 0002:000001c8       __imp_muDoubleScalarAbs    00000001800141c8     libmwmathutil:libmwmathutil.dll
 0002:000001d0       __imp_muDoubleScalarMax    00000001800141d0     libmwmathutil:libmwmathutil.dll
 0002:000001d8       \177libmwmathutil_NULL_THUNK_DATA 00000001800141d8     libmwmathutil:libmwmathutil.dll
 0002:000001e0       __imp_mxCreateStructArray_730 00000001800141e0     libmx:libmx.dll
 0002:000001e8       __imp_mxCreateStructMatrix_730 00000001800141e8     libmx:libmx.dll
 0002:000001f0       __imp_mxCreateCellArray_730 00000001800141f0     libmx:libmx.dll
 0002:000001f8       __imp_mxCreateCellMatrix_730 00000001800141f8     libmx:libmx.dll
 0002:00000200       __imp_mxSetField_730       0000000180014200     libmx:libmx.dll
 0002:00000208       __imp_mxDuplicateArray     0000000180014208     libmx:libmx.dll
 0002:00000210       __imp_mxCreateString       0000000180014210     libmx:libmx.dll
 0002:00000218       __imp_mxCreateDoubleScalar 0000000180014218     libmx:libmx.dll
 0002:00000220       __imp_mxGetN               0000000180014220     libmx:libmx.dll
 0002:00000228       __imp_mxIsComplex          0000000180014228     libmx:libmx.dll
 0002:00000230       __imp_mxIsNumeric          0000000180014230     libmx:libmx.dll
 0002:00000238       __imp_mxGetClassID         0000000180014238     libmx:libmx.dll
 0002:00000240       __imp_mxGetM               0000000180014240     libmx:libmx.dll
 0002:00000248       __imp_mxCalloc             0000000180014248     libmx:libmx.dll
 0002:00000250       __imp_mxGetString_730      0000000180014250     libmx:libmx.dll
 0002:00000258       __imp_mxCreateDoubleMatrix_730 0000000180014258     libmx:libmx.dll
 0002:00000260       __imp_mxDestroyArray       0000000180014260     libmx:libmx.dll
 0002:00000268       __imp_mxIsChar             0000000180014268     libmx:libmx.dll
 0002:00000270       __imp_mxGetPr              0000000180014270     libmx:libmx.dll
 0002:00000278       __imp_mxGetScalar          0000000180014278     libmx:libmx.dll
 0002:00000280       \177libmx_NULL_THUNK_DATA  0000000180014280     libmx:libmx.dll
 0002:00000288       __imp_utMalloc             0000000180014288     libut:libut.dll
 0002:00000290       __imp_utFree               0000000180014290     libut:libut.dll
 0002:00000298       \177libut_NULL_THUNK_DATA  0000000180014298     libut:libut.dll
 0002:000002a0       __imp_sf_debug_cv_init_state 00000001800142a0     sf_runtime:sf_runtime.dll
 0002:000002a8       __imp_sf_debug_cv_init_chart 00000001800142a8     sf_runtime:sf_runtime.dll
 0002:000002b0       __imp_sf_debug_cv_init_trans 00000001800142b0     sf_runtime:sf_runtime.dll
 0002:000002b8       __imp_sf_debug_data_range_wrapper 00000001800142b8     sf_runtime:sf_runtime.dll
 0002:000002c0       __imp_sf_debug_set_chart_substate_count 00000001800142c0     sf_runtime:sf_runtime.dll
 0002:000002c8       __imp_sf_debug_set_chart_decomposition 00000001800142c8     sf_runtime:sf_runtime.dll
 0002:000002d0       __imp_sf_debug_set_chart_state_info 00000001800142d0     sf_runtime:sf_runtime.dll
 0002:000002d8       __imp_sf_debug_set_chart_event_thresholds 00000001800142d8     sf_runtime:sf_runtime.dll
 0002:000002e0       __imp_sf_debug_set_chart_disable_implicit_casting 00000001800142e0     sf_runtime:sf_runtime.dll
 0002:000002e8       __imp_sf_debug_set_instance_data_value_ptr 00000001800142e8     sf_runtime:sf_runtime.dll
 0002:000002f0       __imp_sf_debug_symbol_scope_add_eml_importable 00000001800142f0     sf_runtime:sf_runtime.dll
 0002:000002f8       __imp_sf_debug_get_script_id 00000001800142f8     sf_runtime:sf_runtime.dll
 0002:00000300       __imp_sf_debug_symbol_scope_pop 0000000180014300     sf_runtime:sf_runtime.dll
 0002:00000308       __imp_sf_debug_symbol_scope_push_eml 0000000180014308     sf_runtime:sf_runtime.dll
 0002:00000310       __imp_sf_debug_symbol_scope_push 0000000180014310     sf_runtime:sf_runtime.dll
 0002:00000318       __imp_sf_debug_set_chart_data_compiled_props 0000000180014318     sf_runtime:sf_runtime.dll
 0002:00000320       __imp_sf_debug_set_chart_data_props 0000000180014320     sf_runtime:sf_runtime.dll
 0002:00000328       __imp_sf_debug_check_for_state_inconsistency 0000000180014328     sf_runtime:sf_runtime.dll
 0002:00000330       __imp_sf_debug_reset_current_state_configuration 0000000180014330     sf_runtime:sf_runtime.dll
 0002:00000338       __imp_cv_script_init_if    0000000180014338     sf_runtime:sf_runtime.dll
 0002:00000340       __imp_cv_script_init_fcn   0000000180014340     sf_runtime:sf_runtime.dll
 0002:00000348       __imp_cv_script_init_script 0000000180014348     sf_runtime:sf_runtime.dll
 0002:00000350       __imp_cv_script_eval       0000000180014350     sf_runtime:sf_runtime.dll
 0002:00000358       __imp_sf_debug_set_script_translation 0000000180014358     sf_runtime:sf_runtime.dll
 0002:00000360       __imp_sf_debug_symbol_scope_add_eml 0000000180014360     sf_runtime:sf_runtime.dll
 0002:00000368       __imp_cv_eml_init_fcn      0000000180014368     sf_runtime:sf_runtime.dll
 0002:00000370       __imp_cv_eml_init_script   0000000180014370     sf_runtime:sf_runtime.dll
 0002:00000378       __imp_cv_eml_eval          0000000180014378     sf_runtime:sf_runtime.dll
 0002:00000380       __imp_eml_debug_line_call  0000000180014380     sf_runtime:sf_runtime.dll
 0002:00000388       __imp_sf_debug_call        0000000180014388     sf_runtime:sf_runtime.dll
 0002:00000390       __imp_sf_debug_initialize_chart 0000000180014390     sf_runtime:sf_runtime.dll
 0002:00000398       __imp_ssGetOutputPortSignal_wrapper 0000000180014398     sf_runtime:sf_runtime.dll
 0002:000003a0       __imp_ssGetInputPortSignal_wrapper 00000001800143a0     sf_runtime:sf_runtime.dll
 0002:000003a8       __imp_sf_mex_decode_encoded_mx_struct_array 00000001800143a8     sf_runtime:sf_runtime.dll
 0002:000003b0       __imp_sf_mex_import        00000001800143b0     sf_runtime:sf_runtime.dll
 0002:000003b8       __imp_sf_mex_destroy       00000001800143b8     sf_runtime:sf_runtime.dll
 0002:000003c0       __imp_sf_mex_dup           00000001800143c0     sf_runtime:sf_runtime.dll
 0002:000003c8       __imp_sf_mex_assign        00000001800143c8     sf_runtime:sf_runtime.dll
 0002:000003d0       __imp_sf_mex_getcell       00000001800143d0     sf_runtime:sf_runtime.dll
 0002:000003d8       __imp_sf_mex_setcell       00000001800143d8     sf_runtime:sf_runtime.dll
 0002:000003e0       __imp_sf_mex_createcellmatrix 00000001800143e0     sf_runtime:sf_runtime.dll
 0002:000003e8       __imp_sf_mex_create        00000001800143e8     sf_runtime:sf_runtime.dll
 0002:000003f0       __imp_sf_mex_error_message 00000001800143f0     sf_runtime:sf_runtime.dll
 0002:000003f8       __imp_sf_mex_call_debug    00000001800143f8     sf_runtime:sf_runtime.dll
 0002:00000400       __imp_ssSetBlockIsPurelyCombinatorial_wrapper 0000000180014400     sf_runtime:sf_runtime.dll
 0002:00000408       __imp_sf_register_codegen_names_for_scoped_functions_defined_by_chart 0000000180014408     sf_runtime:sf_runtime.dll
 0002:00000410       __imp_sf_set_chart_accesses_machine_info 0000000180014410     sf_runtime:sf_runtime.dll
 0002:00000418       __imp_sf_is_first_init_cond 0000000180014418     sf_runtime:sf_runtime.dll
 0002:00000420       __imp_sf_get_time          0000000180014420     sf_runtime:sf_runtime.dll
 0002:00000428       __imp_sf_set_rtw_dwork_info 0000000180014428     sf_runtime:sf_runtime.dll
 0002:00000430       __imp_sf_clear_rtw_identifier 0000000180014430     sf_runtime:sf_runtime.dll
 0002:00000438       __imp_sim_mode_is_modelref_sim 0000000180014438     sf_runtime:sf_runtime.dll
 0002:00000440       __imp_sim_mode_is_external 0000000180014440     sf_runtime:sf_runtime.dll
 0002:00000448       __imp_sf_mark_chart_expressionable_inputs 0000000180014448     sf_runtime:sf_runtime.dll
 0002:00000450       __imp_sf_mark_chart_reusable_outputs 0000000180014450     sf_runtime:sf_runtime.dll
 0002:00000458       __imp_sf_is_chart_inlinable 0000000180014458     sf_runtime:sf_runtime.dll
 0002:00000460       __imp_sf_update_buildInfo  0000000180014460     sf_runtime:sf_runtime.dll
 0002:00000468       __imp_sf_rtw_info_uint_prop 0000000180014468     sf_runtime:sf_runtime.dll
 0002:00000470       __imp_sf_get_chart_instance_ptr 0000000180014470     sf_runtime:sf_runtime.dll
 0002:00000478       __imp_sfrtGetEmlrtCtx      0000000180014478     sf_runtime:sf_runtime.dll
 0002:00000480       __imp_sf_free_ChartRunTimeInfo 0000000180014480     sf_runtime:sf_runtime.dll
 0002:00000488       __imp_sf_init_ChartRunTimeInfo 0000000180014488     sf_runtime:sf_runtime.dll
 0002:00000490       __imp_sf_debug_api         0000000180014490     sf_runtime:sf_runtime.dll
 0002:00000498       __imp_sf_debug_terminate   0000000180014498     sf_runtime:sf_runtime.dll
 0002:000004a0       __imp_sf_debug_create_debug_instance_struct 00000001800144a0     sf_runtime:sf_runtime.dll
 0002:000004a8       __imp_sf_clear_error_manager_info 00000001800144a8     sf_runtime:sf_runtime.dll
 0002:000004b0       __imp_sf_mex_error_direct_call 00000001800144b0     sf_runtime:sf_runtime.dll
 0002:000004b8       __imp_getRuntimeInstanceInfoAsVoid 00000001800144b8     sf_runtime:sf_runtime.dll
 0002:000004c0       __imp_call_sf_machine_global_method_dispatcher 00000001800144c0     sf_runtime:sf_runtime.dll
 0002:000004c8       __imp_sim_mode_is_rtw_gen  00000001800144c8     sf_runtime:sf_runtime.dll
 0002:000004d0       __imp_callMdlMethodAndReportError 00000001800144d0     sf_runtime:sf_runtime.dll
 0002:000004d8       __imp_sf_get_hasSeparateUpdateOutputs 00000001800144d8     sf_runtime:sf_runtime.dll
 0002:000004e0       __imp_sf_get_ChartInfoStruct_CodeGen 00000001800144e0     sf_runtime:sf_runtime.dll
 0002:000004e8       __imp_sf_debug_set_machine_data_thresholds 00000001800144e8     sf_runtime:sf_runtime.dll
 0002:000004f0       __imp_sf_debug_set_machine_event_thresholds 00000001800144f0     sf_runtime:sf_runtime.dll
 0002:000004f8       __imp_sf_debug_initialize_machine 00000001800144f8     sf_runtime:sf_runtime.dll
 0002:00000500       __imp_sf_load_rtw_optimization_info 0000000180014500     sf_runtime:sf_runtime.dll
 0002:00000508       \177sf_runtime_NULL_THUNK_DATA 0000000180014508     sf_runtime:sf_runtime.dll
 0002:00000510       __guard_check_icall_fptr   0000000180014510     MSVCRT:guard_support.obj
 0002:00000518       __guard_dispatch_icall_fptr 0000000180014518     MSVCRT:guard_support.obj
 0002:00000520       __xc_a                     0000000180014520     MSVCRT:initializers.obj
 0002:00000528       __xc_z                     0000000180014528     MSVCRT:initializers.obj
 0002:00000530       __xi_a                     0000000180014530     MSVCRT:initializers.obj
 0002:00000538       __xi_z                     0000000180014538     MSVCRT:initializers.obj
 0002:00000540       __xp_a                     0000000180014540     MSVCRT:initializers.obj
 0002:00000548       __xp_z                     0000000180014548     MSVCRT:initializers.obj
 0002:00000550       __xt_a                     0000000180014550     MSVCRT:initializers.obj
 0002:00000558       __xt_z                     0000000180014558     MSVCRT:initializers.obj
 0002:00000560       ??_C@_0BB@FLJEPEHM@sf_get_check_sum?$AA@ 0000000180014560     example_RIEKF_sfun.obj
 0002:00000578       ??_C@_07MHDNFCJE@machine?$AA@ 0000000180014578     example_RIEKF_sfun.obj
 0002:00000580       ??_C@_05PGKDIPIO@chart?$AA@ 0000000180014580     example_RIEKF_sfun.obj
 0002:00000588       ??_C@_06JJLAMBGK@target?$AA@ 0000000180014588     example_RIEKF_sfun.obj
 0002:00000590       ??_C@_0BJ@FMGCKEMJ@get_autoinheritance_info?$AA@ 0000000180014590     example_RIEKF_sfun.obj
 0002:000005b0       ??_C@_0CA@EADCEDHE@get_eml_resolved_functions_info?$AA@ 00000001800145b0     example_RIEKF_sfun.obj
 0002:000005d0       ??_C@_0BK@OHOOMENA@get_third_party_uses_info?$AA@ 00000001800145d0     example_RIEKF_sfun.obj
 0002:000005f0       ??_C@_0BG@LBHKCKOM@get_jit_fallback_info?$AA@ 00000001800145f0     example_RIEKF_sfun.obj
 0002:00000608       ??_C@_0BO@DEKBDHJJ@get_updateBuildInfo_args_info?$AA@ 0000000180014608     example_RIEKF_sfun.obj
 0002:00000628       ??_C@_04DAKGNGLA@sfun?$AA@ 0000000180014628     example_RIEKF_sfun.obj
 0002:00000630       ??_C@_0O@INHBECAN@example_RIEKF?$AA@ 0000000180014630     example_RIEKF_sfun.obj
 0002:00000640       DYNAMIC_DIMENSION_DEF      0000000180014640     example_RIEKF_sfun_registry.obj
 0002:00000658       ??_C@_0BE@GCEIAFPB@lib_StateEstimation?$AA@ 0000000180014658     example_RIEKF_sfun_registry.obj
 0002:00000670       ??_C@_0O@EMPBGPFO@sf_mex_unlock?$AA@ 0000000180014670     example_RIEKF_sfun_registry.obj
 0002:00000680       ??_C@_0BG@IBKJPFO@Unsuccessful?5command?4?$AA@ 0000000180014680     example_RIEKF_sfun_registry.obj
 0002:00000698       ??_C@_06EJFCAODB@sfc_sf?$AA@ 0000000180014698     example_RIEKF_sfun_registry.obj
 0002:000006a0       ??_C@_0BD@NMFAPBEK@mdlInitializeSizes?$AA@ 00000001800146a0     example_RIEKF_sfun_registry.obj
 0002:000006b8       ??_C@_0BJ@PBIFPMMD@mdlInitializeSampleTimes?$AA@ 00000001800146b8     example_RIEKF_sfun_registry.obj
 0002:000006d8       ??_C@_0CE@KLHPLFLE@Incorrect?5absolute?5tolerance?5val@ 00000001800146d8     example_RIEKF_sfun_registry.obj
 0002:00000700       ??_C@_0HH@KMLFCCMI@?$DMdiag_root?$DO?$DMdiag?5id?$DN?$CCSimulink?3SF@ 0000000180014700     example_RIEKF_sfun_registry.obj
 0002:00000778       ??_C@_07KEMHKLEK@sf_sfun?$AA@ 0000000180014778     example_RIEKF_sfun_registry.obj
 0002:00000780       ??_C@_0P@MPEDGIBG@block?5?8?$CFs?8?3?5?$CFs?$AA@ 0000000180014780     example_RIEKF_sfun_registry.obj
 0002:00000790       ??_C@_0DK@JDMJONGD@Simulink?3SFunctions?3SimStructLev@ 0000000180014790     example_RIEKF_sfun_registry.obj
 0002:000007d0       ??_C@_07ONPBMBOP@message?$AA@ 00000001800147d0     example_RIEKF_sfun_registry.obj
 0002:000007d8       ??_C@_05KKCIMGE@error?$AA@ 00000001800147d8     example_RIEKF_sfun_registry.obj
 0002:000007e0       ??_C@_0EG@MNMJEMPF@Simulink?3SFunctions?3SimStructLev@ 00000001800147e0     example_RIEKF_sfun_registry.obj
 0002:00000830       ??_C@_0FC@GBGNPKDI@Simulink?3SFunctions?3SimStructLev@ 0000000180014830     example_RIEKF_sfun_registry.obj
 0002:00000890       ??_C@_0EO@EJAAMKKI@Simulink?3SFunctions?3SimStructLev@ 0000000180014890     example_RIEKF_sfun_registry.obj
 0002:000008e0       ??_C@_0FJ@KLNKPMHL@Simulink?3SFunctions?3SimStructRep@ 00000001800148e0     example_RIEKF_sfun_registry.obj
 0002:00000940       ??_C@_07FPLKDJGL@warning?$AA@ 0000000180014940     example_RIEKF_sfun_registry.obj
 0002:00000950       ??_C@_0FL@OODBIENJ@Simulink?3SFunctions?3SimStructRep@ 0000000180014950     example_RIEKF_sfun_registry.obj
 0002:000009b0       ??_C@_0HG@IJBFEFEB@?$DMdiag_root?$DO?$DMdiag?5id?$DN?$CCSimulink?3SF@ 00000001800149b0     example_RIEKF_sfun_registry.obj
 0002:00000a30       ??_C@_0HB@KLFCCBHA@?$DMdiag_root?$DO?$DMdiag?5id?$DN?$CCSimulink?3SF@ 0000000180014a30     example_RIEKF_sfun_registry.obj
 0002:00000ab0       ??_C@_0HG@ENOKACAF@?$DMdiag_root?$DO?$DMdiag?5id?$DN?$CCSimulink?3SF@ 0000000180014ab0     example_RIEKF_sfun_registry.obj
 0002:00000b30       ??_C@_0GK@PAJALLBP@?$DMdiag_root?$DO?$DMdiag?5id?$DN?$CCSimulink?3SF@ 0000000180014b30     example_RIEKF_sfun_registry.obj
 0002:00000ba0       ??_C@_0HH@EEBJCADM@?$DMdiag_root?$DO?$DMdiag?5id?$DN?$CCSimulink?3SF@ 0000000180014ba0     example_RIEKF_sfun_registry.obj
 0002:00000c20       ??_C@_0HG@PGIKLJGP@?$DMdiag_root?$DO?$DMdiag?5id?$DN?$CCSimulink?3SF@ 0000000180014c20     example_RIEKF_sfun_registry.obj
 0002:00000c98       ??_C@_0BE@OBOJGMOM@SFcnParamSettings?5?$HL?$AA@ 0000000180014c98     example_RIEKF_sfun_registry.obj
 0002:00000cb0       ??_C@_0HF@PPHMMJCF@?$DMdiag_root?$DO?$DMdiag?5id?$DN?$CCSimulink?3SF@ 0000000180014cb0     example_RIEKF_sfun_registry.obj
 0002:00000d28       ??_C@_01CELHOKLL@?$HN?$AA@ 0000000180014d28     example_RIEKF_sfun_registry.obj
 0002:00000d2c       ??_C@_05DHHBANHM@RWork?$AA@ 0000000180014d2c     example_RIEKF_sfun_registry.obj
 0002:00000d34       ??_C@_05FOGAPPCE@IWork?$AA@ 0000000180014d34     example_RIEKF_sfun_registry.obj
 0002:00000d3c       ??_C@_05HKLJKMHH@PWork?$AA@ 0000000180014d3c     example_RIEKF_sfun_registry.obj
 0002:00000d50       ??_C@_0HH@KFACNCFO@?$DMdiag_root?$DO?$DMdiag?5id?$DN?$CCSimulink?3SF@ 0000000180014d50     example_RIEKF_sfun_registry.obj
 0002:00000dd0       ??_C@_0HK@FCNHNABE@?$DMdiag_root?$DO?$DMdiag?5id?$DN?$CCSimulink?3SF@ 0000000180014dd0     example_RIEKF_sfun_registry.obj
 0002:00000e50       ??_C@_0HL@IHIFDCEN@?$DMdiag_root?$DO?$DMdiag?5id?$DN?$CCSimulink?3SF@ 0000000180014e50     example_RIEKF_sfun_registry.obj
 0002:00000ed0       ??_C@_0N@FPDCMLNJ@Num?$CFsDefines?$AA@ 0000000180014ed0     example_RIEKF_sfun_registry.obj
 0002:00000ee0       ??_C@_0L@HMFJKAEE@?$CFsDefine?5?$HL?$AA@ 0000000180014ee0     example_RIEKF_sfun_registry.obj
 0002:00000eec       ??_C@_04FABLJDN@Name?$AA@  0000000180014eec     example_RIEKF_sfun_registry.obj
 0002:00000ef4       ??_C@_05IBAMDCFI@Width?$AA@ 0000000180014ef4     example_RIEKF_sfun_registry.obj
 0002:00000f00       ??_C@_0L@CECHCPAP@StartIndex?$AA@ 0000000180014f00     example_RIEKF_sfun_registry.obj
 0002:00000f10       ??_C@_0KJ@OMHNJMAH@?$DMdiag_root?$DO?$DMdiag?5id?$DN?$CCSimulink?3SF@ 0000000180014f10     example_RIEKF_sfun_registry.obj
 0002:00000fc0       ??_C@_0DA@HHHDBKEE@Simulink?3SFunctions?3SimStructToo@ 0000000180014fc0     example_RIEKF_sfun_registry.obj
 0002:00000ff0       ??_C@_0DB@EBNONJLI@Simulink?3SFunctions?3SimStructToo@ 0000000180014ff0     example_RIEKF_sfun_registry.obj
 0002:00001028       ??_C@_0DF@LECGIHAP@Simulink?3SFunctions?3SimStructFor@ 0000000180015028     example_RIEKF_sfun_registry.obj
 0002:00001060       ??_C@_0DF@KLOALPBI@Simulink?3SFunctions?3SimStructInv@ 0000000180015060     example_RIEKF_sfun_registry.obj
 0002:00001098       ??_C@_0BD@OAOBGOLA@simulink_only_sfcn?$AA@ 0000000180015098     example_RIEKF_sfun_registry.obj
 0002:000010b0       ??_C@_0DD@FAABOPOD@Simulink?3SFunctions?3SimStructSFu@ 00000001800150b0     example_RIEKF_sfun_registry.obj
 0002:000010e8       ??_C@_0BN@KKBJFHKE@mdlInitializePropagationPass?$AA@ 00000001800150e8     example_RIEKF_sfun_registry.obj
 0002:00001110       ??_C@_0IA@NLNNNPED@?$DMdiag_root?$DO?$DMdiag?5id?$DN?$CCSimulink?3SF@ 0000000180015110     example_RIEKF_sfun_registry.obj
 0002:00001190       ??_C@_0BF@NNJPCDFB@mdlSetInputPortWidth?$AA@ 0000000180015190     example_RIEKF_sfun_registry.obj
 0002:000011a8       ??_C@_0BG@KOHJDKHL@mdlSetOutputPortWidth?$AA@ 00000001800151a8     example_RIEKF_sfun_registry.obj
 0002:000011c0       ??_C@_0BN@HGDPOLBJ@mdlSetInputPortDimensionInfo?$AA@ 00000001800151c0     example_RIEKF_sfun_registry.obj
 0002:000011e0       ??_C@_0BO@JCKACOBK@mdlSetOutputPortDimensionInfo?$AA@ 00000001800151e0     example_RIEKF_sfun_registry.obj
 0002:00001200       ??_C@_0BP@DBBADNGL@mdlSetDefaultPortDimensionInfo?$AA@ 0000000180015200     example_RIEKF_sfun_registry.obj
 0002:00001220       ??_C@_0CC@DKLMOAMA@mdlSetInputPortSymbolicDimension@ 0000000180015220     example_RIEKF_sfun_registry.obj
 0002:00001248       ??_C@_0CD@PANCENAB@mdlSetOutputPortSymbolicDimensio@ 0000000180015248     example_RIEKF_sfun_registry.obj
 0002:00001270       ??_C@_0BK@IBIEIFAK@mdlSetInputPortSampleTime?$AA@ 0000000180015270     example_RIEKF_sfun_registry.obj
 0002:00001290       ??_C@_0BL@IOJJCMJN@mdlSetOutputPortSampleTime?$AA@ 0000000180015290     example_RIEKF_sfun_registry.obj
 0002:000012b0       ??_C@_0BI@PPJHJKCK@mdlSetInputPortDataType?$AA@ 00000001800152b0     example_RIEKF_sfun_registry.obj
 0002:000012c8       ??_C@_0BJ@BICELHDK@mdlSetOutputPortDataType?$AA@ 00000001800152c8     example_RIEKF_sfun_registry.obj
 0002:000012e8       ??_C@_0BL@CMPKLPCM@mdlSetDefaultPortDataTypes?$AA@ 00000001800152e8     example_RIEKF_sfun_registry.obj
 0002:00001308       ??_C@_0BN@CFNNAHED@mdlSetInputPortComplexSignal?$AA@ 0000000180015308     example_RIEKF_sfun_registry.obj
 0002:00001328       ??_C@_0BO@MBECMCEA@mdlSetOutputPortComplexSignal?$AA@ 0000000180015328     example_RIEKF_sfun_registry.obj
 0002:00001348       ??_C@_0CA@FFKONINO@mdlSetDefaultPortComplexSignals?$AA@ 0000000180015348     example_RIEKF_sfun_registry.obj
 0002:00001368       ??_C@_0BJ@KGDHKOJK@mdlSetInputPortFrameData?$AA@ 0000000180015368     example_RIEKF_sfun_registry.obj
 0002:00001388       ??_C@_0BB@PDAHPFHN@mdlSetWorkWidths?$AA@ 0000000180015388     example_RIEKF_sfun_registry.obj
 0002:0000139c       ??_C@_06LIBOFAHC@mdlRTW?$AA@ 000000018001539c     example_RIEKF_sfun_registry.obj
 0002:000013a8       ??_C@_0BI@BBOHIAMH@mdlInitializeConditions?$AA@ 00000001800153a8     example_RIEKF_sfun_registry.obj
 0002:000013c0       ??_C@_08LFJJKJIO@mdlStart?$AA@ 00000001800153c0     example_RIEKF_sfun_registry.obj
 0002:000013d0       ??_C@_09PGFAIFDC@mdlEnable?$AA@ 00000001800153d0     example_RIEKF_sfun_registry.obj
 0002:000013e0       ??_C@_0L@DPBGDFAL@mdlDisable?$AA@ 00000001800153e0     example_RIEKF_sfun_registry.obj
 0002:000013f0       ??_C@_0BD@HOFCNFMB@mdlCheckParameters?$AA@ 00000001800153f0     example_RIEKF_sfun_registry.obj
 0002:00001408       ??_C@_0BF@GGGPMFBF@mdlProcessParameters?$AA@ 0000000180015408     example_RIEKF_sfun_registry.obj
 0002:00001420       ??_C@_0P@LLCFDAGJ@mdlExtModeExec?$AA@ 0000000180015420     example_RIEKF_sfun_registry.obj
 0002:00001430       ??_C@_09GADCKIEB@mdlUpdate?$AA@ 0000000180015430     example_RIEKF_sfun_registry.obj
 0002:00001440       ??_C@_0P@MAILCFNM@mdlDerivatives?$AA@ 0000000180015440     example_RIEKF_sfun_registry.obj
 0002:00001450       ??_C@_0P@CNEEPBNP@mdlGetSimState?$AA@ 0000000180015450     example_RIEKF_sfun_registry.obj
 0002:00001460       ??_C@_0P@CCFKCHFM@mdlSetSimState?$AA@ 0000000180015460     example_RIEKF_sfun_registry.obj
 0002:00001470       ??_C@_0HF@DJGDHCGH@?$DMdiag_root?$DO?$DMdiag?5id?$DN?$CCSimulink?3SF@ 0000000180015470     example_RIEKF_sfun_registry.obj
 0002:000014f0       ??_C@_0HH@OEMIKLEJ@Error?5in?5file?5?8?$CFs?8?5on?5line?5?$CFd?4?5T@ 00000001800154f0     example_RIEKF_sfun_registry.obj
 0002:00001568       ??_C@_0BA@MKCHIMDN@ssSetIWorkValue?$AA@ 0000000180015568     example_RIEKF_sfun_registry.obj
 0002:00001578       ??_C@_0BA@LFDJDPEK@ssGetIWorkValue?$AA@ 0000000180015578     example_RIEKF_sfun_registry.obj
 0002:00001588       ??_C@_0BA@EHPAMPLC@ssSetRWorkValue?$AA@ 0000000180015588     example_RIEKF_sfun_registry.obj
 0002:00001598       ??_C@_0BA@DIOOHMMF@ssGetRWorkValue?$AA@ 0000000180015598     example_RIEKF_sfun_registry.obj
 0002:000015a8       ??_C@_0BA@BPJMHGHD@ssSetPWorkValue?$AA@ 00000001800155a8     example_RIEKF_sfun_registry.obj
 0002:000015b8       ??_C@_0BA@GAICMFAE@ssGetPWorkValue?$AA@ 00000001800155b8     example_RIEKF_sfun_registry.obj
 0002:000015c8       __real@4010000000000000    00000001800155c8     example_RIEKF_sfun_registry.obj
 0002:000015d0       __real@41602cbca0000000    00000001800155d0     example_RIEKF_sfun_registry.obj
 0002:000015d8       __real@bff0000000000000    00000001800155d8     example_RIEKF_sfun_registry.obj
 0002:000015e0       __real@0000000000000000    00000001800155e0     p_VectorNav_to_RightToeBottom_src.obj
 0002:000015e8       __real@3f5a36e2eb1c432d    00000001800155e8     p_VectorNav_to_RightToeBottom_src.obj
 0002:000015f0       __real@3f726e978d4fdf40    00000001800155f0     p_VectorNav_to_RightToeBottom_src.obj
 0002:000015f8       __real@3f92d77318fc5048    00000001800155f8     p_VectorNav_to_RightToeBottom_src.obj
 0002:00001600       __real@3f961e4f765fd8ae    0000000180015600     p_VectorNav_to_RightToeBottom_src.obj
 0002:00001608       __real@3f9f559b3d07c84b    0000000180015608     p_VectorNav_to_RightToeBottom_src.obj
 0002:00001610       __real@3fa027525460aa65    0000000180015610     p_VectorNav_to_RightToeBottom_src.obj
 0002:00001618       __real@3fa916872b020c4a    0000000180015618     p_VectorNav_to_RightToeBottom_src.obj
 0002:00001620       __real@3fb4784230fcf80e    0000000180015620     p_VectorNav_to_RightToeBottom_src.obj
 0002:00001628       __real@3fc0b4395810624e    0000000180015628     p_VectorNav_to_RightToeBottom_src.obj
 0002:00001630       __real@3fc147ae147ae148    0000000180015630     p_VectorNav_to_RightToeBottom_src.obj
 0002:00001638       __real@3ff0000000000000    0000000180015638     p_VectorNav_to_RightToeBottom_src.obj
 0002:00001640       __real@3ff219652bd3c361    0000000180015640     p_VectorNav_to_RightToeBottom_src.obj
 0002:00001648       __real@bf5a36e2eb1c432d    0000000180015648     p_VectorNav_to_RightToeBottom_src.obj
 0002:00001650       __real@bf92d77318fc5048    0000000180015650     p_VectorNav_to_RightToeBottom_src.obj
 0002:00001658       __real@bf961e4f765fd8ae    0000000180015658     p_VectorNav_to_RightToeBottom_src.obj
 0002:00001660       __real@bfa916872b020c4a    0000000180015660     p_VectorNav_to_RightToeBottom_src.obj
 0002:00001668       __real@bfb70a3d70a3d70a    0000000180015668     p_VectorNav_to_RightToeBottom_src.obj
 0002:00001670       __real@bfc147ae147ae148    0000000180015670     p_VectorNav_to_RightToeBottom_src.obj
 0002:00001678       __real@bfcae147ae147ae1    0000000180015678     p_VectorNav_to_RightToeBottom_src.obj
 0002:00001680       __real@bfd1532617c1bda5    0000000180015680     p_VectorNav_to_RightToeBottom_src.obj
 0002:00001688       __real@bfe69374bc6a7efa    0000000180015688     p_VectorNav_to_RightToeBottom_src.obj
 0002:00001690       __real@bff1d0e560418937    0000000180015690     p_VectorNav_to_RightToeBottom_src.obj
 0002:00001698       __real@3fe491b823c85c25    0000000180015698     R_VectorNav_to_RightToeBottom_src.obj
 0002:000016a0       __real@3fe8836eb4e98138    00000001800156a0     R_VectorNav_to_RightToeBottom_src.obj
 0002:000016a8       __real@bff219652bd3c361    00000001800156a8     J_VectorNav_to_RightToeBottom_src.obj
 0002:000016b0       ??_C@_07OPILGPEN@library?$AA@ 00000001800156b0     lib_StateEstimation_sfun:lib_StateEstimation_sfun.obj
 0002:000016b8       ??_C@_0BH@LIKPDDB@AwpZ5K7jE4pmNiHyxyGupE?$AA@ 00000001800156b8     lib_StateEstimation_sfun:lib_StateEstimation_sfun.obj
 0002:000016d0       ??_C@_0BI@LPLPJLAO@szpFC0Ni3e4YWHQAH5gGcGE?$AA@ 00000001800156d0     lib_StateEstimation_sfun:lib_StateEstimation_sfun.obj
 0002:000016e8       ??_C@_04GEIMAAHI@J_pR?$AA@ 00000001800156e8     lib_StateEstimation_sfun:c42_lib_StateEstimation.obj
 0002:000016f0       ??_C@_04LAMNDPKH@J_pL?$AA@ 00000001800156f0     lib_StateEstimation_sfun:c42_lib_StateEstimation.obj
 0002:000016f8       ??_C@_09JNJPIHOI@qs_knee_L?$AA@ 00000001800156f8     lib_StateEstimation_sfun:c42_lib_StateEstimation.obj
 0002:00001708       ??_C@_0M@CAMBJIOE@qs_tarsus_L?$AA@ 0000000180015708     lib_StateEstimation_sfun:c42_lib_StateEstimation.obj
 0002:00001718       ??_C@_09EJNOLIDH@qs_knee_R?$AA@ 0000000180015718     lib_StateEstimation_sfun:c42_lib_StateEstimation.obj
 0002:00001728       ??_C@_0M@PEIAKHDL@qs_tarsus_R?$AA@ 0000000180015728     lib_StateEstimation_sfun:c42_lib_StateEstimation.obj
 0002:00001734       ??_C@_05BNBBHGFM@tau_L?$AA@ 0000000180015734     lib_StateEstimation_sfun:c42_lib_StateEstimation.obj
 0002:0000173c       ??_C@_05MJFAEJID@tau_R?$AA@ 000000018001573c     lib_StateEstimation_sfun:c42_lib_StateEstimation.obj
 0002:00001744       ??_C@_05JLOAJGEG@GRF_L?$AA@ 0000000180015744     lib_StateEstimation_sfun:c42_lib_StateEstimation.obj
 0002:0000174c       ??_C@_05EPKBKJJJ@GRF_R?$AA@ 000000018001574c     lib_StateEstimation_sfun:c42_lib_StateEstimation.obj
 0002:00001754       ??_C@_02BGODFDJN@cL?$AA@   0000000180015754     lib_StateEstimation_sfun:c42_lib_StateEstimation.obj
 0002:00001758       ??_C@_02MCKCGMEC@cR?$AA@   0000000180015758     lib_StateEstimation_sfun:c42_lib_StateEstimation.obj
 0002:0000175c       ??_C@_06ODCJABFF@nargin?$AA@ 000000018001575c     lib_StateEstimation_sfun:c42_lib_StateEstimation.obj
 0002:00001768       ??_C@_07GFKJCDMF@nargout?$AA@ 0000000180015768     lib_StateEstimation_sfun:c42_lib_StateEstimation.obj
 0002:00001770       ??_C@_01KGKMHCOC@e?$AA@    0000000180015770     lib_StateEstimation_sfun:c42_lib_StateEstimation.obj
 0002:00001774       ??_C@_03BBGDFCDK@GRF?$AA@  0000000180015774     lib_StateEstimation_sfun:c42_lib_StateEstimation.obj
 0002:00001778       ??_C@_07FLDMKAK@contact?$AA@ 0000000180015778     lib_StateEstimation_sfun:c42_lib_StateEstimation.obj
 0002:00001780       ??_C@_04FNPNDGGH@var1?$AA@ 0000000180015780     lib_StateEstimation_sfun:c42_lib_StateEstimation.obj
 0002:00001788       ??_C@_07INGDFFIF@output1?$AA@ 0000000180015788     lib_StateEstimation_sfun:c42_lib_StateEstimation.obj
 0002:00001790       ??_C@_02JKAOMCMK@tl?$AA@   0000000180015790     lib_StateEstimation_sfun:c42_lib_StateEstimation.obj
 0002:00001794       ??_C@_02BAOGLNC@tu?$AA@    0000000180015794     lib_StateEstimation_sfun:c42_lib_StateEstimation.obj
 0002:00001798       ??_C@_01INIBCBCB@f?$AA@    0000000180015798     lib_StateEstimation_sfun:c42_lib_StateEstimation.obj
 0002:0000179c       ??_C@_01LKDEMHDF@s?$AA@    000000018001579c     lib_StateEstimation_sfun:c42_lib_StateEstimation.obj
 0002:000017a0       ??_C@_01EANLCPLP@y?$AA@    00000001800157a0     lib_StateEstimation_sfun:c42_lib_StateEstimation.obj
 0002:000017a8       ??_C@_0CC@LLGABIIK@is_active_c42_lib_StateEstimatio@ 00000001800157a8     lib_StateEstimation_sfun:c42_lib_StateEstimation.obj
 0002:000017d0       ??_C@_0IL@CIFJKEJF@C?3?2Users?2Ross?5Hartley?2Documents?2@ 00000001800157d0     lib_StateEstimation_sfun:c42_lib_StateEstimation.obj
 0002:00001860       ??_C@_0IK@KJCOBPKM@C?3?2Users?2Ross?5Hartley?2Documents?2@ 0000000180015860     lib_StateEstimation_sfun:c42_lib_StateEstimation.obj
 0002:000018f0       ??_C@_0BAB@LHGEKPDM@789ced55cf6e1241181fb46df4a0213d@ 00000001800158f0     lib_StateEstimation_sfun:c42_lib_StateEstimation.obj
 0002:00001a00       ??_C@_0BAB@NKGOKEJC@fe436f3684a5a0a5ba80510bb20eaf80@ 0000000180015a00     lib_StateEstimation_sfun:c42_lib_StateEstimation.obj
 0002:00001b10       ??_C@_0BAB@FNKPOMPH@2760286167c9595989f21135ebaa2820@ 0000000180015b10     lib_StateEstimation_sfun:c42_lib_StateEstimation.obj
 0002:00001c20       ??_C@_0BAB@CPGKIMKC@a78fdfbe3f9aeffd9ef7f7b438bd5640@ 0000000180015c20     lib_StateEstimation_sfun:c42_lib_StateEstimation.obj
 0002:00001d30       ??_C@_0BAB@GDMAICPP@cae7f5b85c3e1f8fcfca575703f4c23d@ 0000000180015d30     lib_StateEstimation_sfun:c42_lib_StateEstimation.obj
 0002:00001e38       ??_C@_0BJ@FENKLNEE@995822b1fcfeff0759c645db?$AA@ 0000000180015e38     lib_StateEstimation_sfun:c42_lib_StateEstimation.obj
 0002:00001e51       ??_C@_00CNPNBAHC@?$AA@     0000000180015e51     lib_StateEstimation_sfun:c42_lib_StateEstimation.obj
 0002:00001e54       ??_C@_05PELDANK@feval?$AA@ 0000000180015e54     lib_StateEstimation_sfun:c42_lib_StateEstimation.obj
 0002:00001e60       ??_C@_08DNPJAFPH@checksum?$AA@ 0000000180015e60     lib_StateEstimation_sfun:c42_lib_StateEstimation.obj
 0002:00001e6c       ??_C@_06LMJKBNEF@inputs?$AA@ 0000000180015e6c     lib_StateEstimation_sfun:c42_lib_StateEstimation.obj
 0002:00001e78       ??_C@_0L@HHPOFMCB@parameters?$AA@ 0000000180015e78     lib_StateEstimation_sfun:c42_lib_StateEstimation.obj
 0002:00001e88       ??_C@_07EPCMHIAC@outputs?$AA@ 0000000180015e88     lib_StateEstimation_sfun:c42_lib_StateEstimation.obj
 0002:00001e90       ??_C@_06MPPADOBF@locals?$AA@ 0000000180015e90     lib_StateEstimation_sfun:c42_lib_StateEstimation.obj
 0002:00001e98       ??_C@_0BA@GNIFLIGG@postCodegenInfo?$AA@ 0000000180015e98     lib_StateEstimation_sfun:c42_lib_StateEstimation.obj
 0002:00001ea8       ??_C@_04IAGNFIBA@size?$AA@ 0000000180015ea8     lib_StateEstimation_sfun:c42_lib_StateEstimation.obj
 0002:00001eb0       ??_C@_04GPMDFGEJ@type?$AA@ 0000000180015eb0     lib_StateEstimation_sfun:c42_lib_StateEstimation.obj
 0002:00001eb8       ??_C@_0L@EKHILPHI@complexity?$AA@ 0000000180015eb8     lib_StateEstimation_sfun:c42_lib_StateEstimation.obj
 0002:00001ec4       ??_C@_04BHIIPFEC@base?$AA@ 0000000180015ec4     lib_StateEstimation_sfun:c42_lib_StateEstimation.obj
 0002:00001ecc       ??_C@_05LFJLPLPG@fixpt?$AA@ 0000000180015ecc     lib_StateEstimation_sfun:c42_lib_StateEstimation.obj
 0002:00001ed8       ??_C@_0BB@IBODCOLK@isFixedPointType?$AA@ 0000000180015ed8     lib_StateEstimation_sfun:c42_lib_StateEstimation.obj
 0002:00001ef0       ??_C@_0N@FNBJKNNB@fallbackType?$AA@ 0000000180015ef0     lib_StateEstimation_sfun:c42_lib_StateEstimation.obj
 0002:00001f00       ??_C@_0P@LHIHPNIN@fallbackReason?$AA@ 0000000180015f00     lib_StateEstimation_sfun:c42_lib_StateEstimation.obj
 0002:00001f10       ??_C@_0BD@JNJMKOMN@hiddenFallbackType?$AA@ 0000000180015f10     lib_StateEstimation_sfun:c42_lib_StateEstimation.obj
 0002:00001f28       ??_C@_0BF@MIPJDBOP@hiddenFallbackReason?$AA@ 0000000180015f28     lib_StateEstimation_sfun:c42_lib_StateEstimation.obj
 0002:00001f40       ??_C@_0BD@MBPFBLBL@incompatibleSymbol?$AA@ 0000000180015f40     lib_StateEstimation_sfun:c42_lib_StateEstimation.obj
 0002:00001f54       ??_C@_04KNPHFNKG@late?$AA@ 0000000180015f54     lib_StateEstimation_sfun:c42_lib_StateEstimation.obj
 0002:00001f60       ??_C@_0BC@DKPECNGA@ir_function_calls?$AA@ 0000000180015f60     lib_StateEstimation_sfun:c42_lib_StateEstimation.obj
 0002:00001f78       ??_C@_0CC@OEEGDFG@J_VectorNav_to_RightToeBottom_sr@ 0000000180015f78     lib_StateEstimation_sfun:c42_lib_StateEstimation.obj
 0002:00001fa0       ??_C@_0CB@OGALNHBM@exportedFunctionsUsedByThisChart@ 0000000180015fa0     lib_StateEstimation_sfun:c42_lib_StateEstimation.obj
 0002:00001fc8       ??_C@_0BK@PBMGMDMC@exportedFunctionsChecksum?$AA@ 0000000180015fc8     lib_StateEstimation_sfun:c42_lib_StateEstimation.obj
 0002:00001fe8       ??_C@_0O@MGONKHEL@chartChecksum?$AA@ 0000000180015fe8     lib_StateEstimation_sfun:c42_lib_StateEstimation.obj
 0002:00001ff8       ??_C@_07LLOMCJOI@varInfo?$AA@ 0000000180015ff8     lib_StateEstimation_sfun:c42_lib_StateEstimation.obj
 0002:00002000       ??_C@_0IH@MJCMCGKJ@100?5S1x3?8type?8?0?8srcId?8?0?8name?8?0?8a@ 0000000180016000     lib_StateEstimation_sfun:c42_lib_StateEstimation.obj
 0002:00002088       ??_C@_0P@FJGKMAOK@eML_blk_kernel?$AA@ 0000000180016088     lib_StateEstimation_sfun:c42_lib_StateEstimation.obj
 0002:00002098       ??_C@_0M@ICIPBIAP@scaleFactor?$AA@ 0000000180016098     lib_StateEstimation_sfun:c42_lib_StateEstimation.obj
 0002:000020a8       ??_C@_0BO@NPCBMGGO@J_VectorNav_to_RightToeBottom?$AA@ 00000001800160a8     lib_StateEstimation_sfun:c42_lib_StateEstimation.obj
 0002:000020c8       ??_C@_0BN@IMFEKCFA@J_VectorNav_to_LeftToeBottom?$AA@ 00000001800160c8     lib_StateEstimation_sfun:c42_lib_StateEstimation.obj
 0002:000020e8       ??_C@_0CE@GCOMPGOI@gatewayCannotBeInlinedMultipleTi@ 00000001800160e8     lib_StateEstimation_sfun:c42_lib_StateEstimation.obj
 0002:00002110       ??_C@_0BA@MNMMMMOJ@Embedded?5MATLAB?$AA@ 0000000180016110     lib_StateEstimation_sfun:c42_lib_StateEstimation.obj
 0002:00002120       ??_C@_0BD@LODGPJN@StateflowChartType?$AA@ 0000000180016120     lib_StateEstimation_sfun:c42_lib_StateEstimation.obj
 0002:00002138       ??_C@_0CO@DMGIOHMB@Could?5not?5allocate?5memory?5for?5ch@ 0000000180016138     lib_StateEstimation_sfun:c42_lib_StateEstimation.obj
[...]
 0004:000004bc       $pdata$ssGetNumZcSignals   000000018001b4bc     example_RIEKF_sfun_registry.obj
 0004:000004c8       $pdata$ssGetParameterTuningCompliance 000000018001b4c8     example_RIEKF_sfun_registry.obj
 0004:000004d4       $pdata$ssGetSFuncBlockHandle 000000018001b4d4     example_RIEKF_sfun_registry.obj
 0004:000004e0       $pdata$ssGetZcSignalIsZcElementDisc 000000018001b4e0     example_RIEKF_sfun_registry.obj
 0004:000004ec       $pdata$ssGetZcSignalName   000000018001b4ec     example_RIEKF_sfun_registry.obj
 0004:000004f8       $pdata$ssGetZcSignalNeedsEventNotification 000000018001b4f8     example_RIEKF_sfun_registry.obj
 0004:00000504       $pdata$ssGetZcSignalType   000000018001b504     example_RIEKF_sfun_registry.obj
 0004:00000510       $pdata$ssGetZcSignalVector 000000018001b510     example_RIEKF_sfun_registry.obj
 0004:0000051c       $pdata$ssGetZcSignalWidth  000000018001b51c     example_RIEKF_sfun_registry.obj
 0004:00000528       $pdata$ssGetZcSignalZcEventType 000000018001b528     example_RIEKF_sfun_registry.obj
 0004:00000534       $pdata$ssGetZcSignalZcEvents 000000018001b534     example_RIEKF_sfun_registry.obj
 0004:00000540       $pdata$ssGetZcSignalZcTol  000000018001b540     example_RIEKF_sfun_registry.obj
 0004:0000054c       $pdata$ssIsRunTimeParamTunable 000000018001b54c     example_RIEKF_sfun_registry.obj
 0004:00000558       $pdata$ssSetIsInputPortUsedForContZcSignal 000000018001b558     example_RIEKF_sfun_registry.obj
 0004:00000564       $pdata$ssSetZcSignalIsZcElementDisc 000000018001b564     example_RIEKF_sfun_registry.obj
 0004:00000570       $pdata$ssSetZcSignalNeedsEventNotification 000000018001b570     example_RIEKF_sfun_registry.obj
 0004:0000057c       $pdata$ssSetZcSignalType   000000018001b57c     example_RIEKF_sfun_registry.obj
 0004:00000588       $pdata$ssSetZcSignalWidth  000000018001b588     example_RIEKF_sfun_registry.obj
 0004:00000594       $pdata$ssSetZcSignalZcEventType 000000018001b594     example_RIEKF_sfun_registry.obj
 0004:000005a0       $pdata$ssSetZcSignalZcTol  000000018001b5a0     example_RIEKF_sfun_registry.obj
 0004:000005ac       $pdata$ssWarning           000000018001b5ac     example_RIEKF_sfun_registry.obj
 0004:000005b8       $pdata$ssWriteRTWMx2dMatParam 000000018001b5b8     example_RIEKF_sfun_registry.obj
 0004:000005c4       $pdata$ssWriteRTWMxVectParam 000000018001b5c4     example_RIEKF_sfun_registry.obj
 0004:000005d0       $pdata$ssWriteRTWNameValuePair 000000018001b5d0     example_RIEKF_sfun_registry.obj
 0004:000005dc       $pdata$0$ssWriteRTWNameValuePair 000000018001b5dc     example_RIEKF_sfun_registry.obj
 0004:000005e8       $pdata$1$ssWriteRTWNameValuePair 000000018001b5e8     example_RIEKF_sfun_registry.obj
 0004:000005f4       $pdata$ssWriteRTWParamSettings 000000018001b5f4     example_RIEKF_sfun_registry.obj
 0004:00000600       $pdata$1$ssWriteRTWParamSettings 000000018001b600     example_RIEKF_sfun_registry.obj
 0004:0000060c       $pdata$2$ssWriteRTWParamSettings 000000018001b60c     example_RIEKF_sfun_registry.obj
 0004:00000618       $pdata$3$ssWriteRTWParamSettings 000000018001b618     example_RIEKF_sfun_registry.obj
 0004:00000624       $pdata$ssWriteRTWParameters 000000018001b624     example_RIEKF_sfun_registry.obj
 0004:00000630       $pdata$1$ssWriteRTWParameters 000000018001b630     example_RIEKF_sfun_registry.obj
 0004:0000063c       $pdata$2$ssWriteRTWParameters 000000018001b63c     example_RIEKF_sfun_registry.obj
 0004:00000648       $pdata$3$ssWriteRTWParameters 000000018001b648     example_RIEKF_sfun_registry.obj
 0004:00000654       $pdata$4$ssWriteRTWParameters 000000018001b654     example_RIEKF_sfun_registry.obj
 0004:00000660       $pdata$ssWriteRTWWorkVect  000000018001b660     example_RIEKF_sfun_registry.obj
 0004:0000066c       $pdata$3$ssWriteRTWWorkVect 000000018001b66c     example_RIEKF_sfun_registry.obj
 0004:00000678       $pdata$4$ssWriteRTWWorkVect 000000018001b678     example_RIEKF_sfun_registry.obj
 0004:00000684       $pdata$output1             000000018001b684     p_VectorNav_to_RightToeBottom_src.obj
 0004:00000690       $pdata$output1             000000018001b690     R_VectorNav_to_RightToeBottom_src.obj
 0004:0000069c       $pdata$output1             000000018001b69c     J_VectorNav_to_RightToeBottom_src.obj
 0004:000006a8       $pdata$output1             000000018001b6a8     p_VectorNav_to_LeftToeBottom_src.obj
 0004:000006b4       $pdata$output1             000000018001b6b4     R_VectorNav_to_LeftToeBottom_src.obj
 0004:000006c0       $pdata$output1             000000018001b6c0     J_VectorNav_to_LeftToeBottom_src.obj
 0004:000006cc       $pdata$lib_StateEstimation_debug_initialize 000000018001b6cc     lib_StateEstimation_sfun:lib_StateEstimation_sfun.obj
 0004:000006d8       $pdata$load_lib_StateEstimation_optimization_info 000000018001b6d8     lib_StateEstimation_sfun:lib_StateEstimation_sfun.obj
 0004:000006e4       $pdata$sf_lib_StateEstimation_autoinheritance_info 000000018001b6e4     lib_StateEstimation_sfun:lib_StateEstimation_sfun.obj
 0004:000006f0       $pdata$sf_lib_StateEstimation_get_eml_resolved_functions_info 000000018001b6f0     lib_StateEstimation_sfun:lib_StateEstimation_sfun.obj
 0004:000006fc       $pdata$sf_lib_StateEstimation_jit_fallback_info 000000018001b6fc     lib_StateEstimation_sfun:lib_StateEstimation_sfun.obj
 0004:00000708       $pdata$sf_lib_StateEstimation_method_dispatcher 000000018001b708     lib_StateEstimation_sfun:lib_StateEstimation_sfun.obj
 0004:00000714       $pdata$sf_lib_StateEstimation_process_check_sum_call 000000018001b714     lib_StateEstimation_sfun:lib_StateEstimation_sfun.obj
 0004:00000720       $pdata$0$sf_lib_StateEstimation_process_check_sum_call 000000018001b720     lib_StateEstimation_sfun:lib_StateEstimation_sfun.obj
 0004:0000072c       $pdata$1$sf_lib_StateEstimation_process_check_sum_call 000000018001b72c     lib_StateEstimation_sfun:lib_StateEstimation_sfun.obj
 0004:00000738       $pdata$sf_lib_StateEstimation_third_party_uses_info 000000018001b738     lib_StateEstimation_sfun:lib_StateEstimation_sfun.obj
 0004:00000744       $pdata$sf_lib_StateEstimation_updateBuildInfo_args_info 000000018001b744     lib_StateEstimation_sfun:lib_StateEstimation_sfun.obj
 0004:00000750       $pdata$unload_lib_StateEstimation_optimization_info 000000018001b750     lib_StateEstimation_sfun:lib_StateEstimation_sfun.obj
 0004:0000075c       $pdata$c42_b_emlrt_marshallIn 000000018001b75c     lib_StateEstimation_sfun:c42_lib_StateEstimation.obj
 0004:00000768       $pdata$c42_b_sf_marshallIn 000000018001b768     lib_StateEstimation_sfun:c42_lib_StateEstimation.obj
 0004:00000774       $pdata$c42_b_sf_marshallOut 000000018001b774     lib_StateEstimation_sfun:c42_lib_StateEstimation.obj
 0004:00000780       $pdata$c42_c_emlrt_marshallIn 000000018001b780     lib_StateEstimation_sfun:c42_lib_StateEstimation.obj
 0004:0000078c       $pdata$c42_c_sf_marshallIn 000000018001b78c     lib_StateEstimation_sfun:c42_lib_StateEstimation.obj
 0004:00000798       $pdata$c42_c_sf_marshallOut 000000018001b798     lib_StateEstimation_sfun:c42_lib_StateEstimation.obj
 0004:000007a4       $pdata$c42_d_emlrt_marshallIn 000000018001b7a4     lib_StateEstimation_sfun:c42_lib_StateEstimation.obj
 0004:000007b0       $pdata$c42_d_sf_marshallIn 000000018001b7b0     lib_StateEstimation_sfun:c42_lib_StateEstimation.obj
 0004:000007bc       $pdata$c42_d_sf_marshallOut 000000018001b7bc     lib_StateEstimation_sfun:c42_lib_StateEstimation.obj
 0004:000007c8       $pdata$c42_e_emlrt_marshallIn 000000018001b7c8     lib_StateEstimation_sfun:c42_lib_StateEstimation.obj
 0004:000007d4       $pdata$c42_e_sf_marshallIn 000000018001b7d4     lib_StateEstimation_sfun:c42_lib_StateEstimation.obj
 0004:000007e0       $pdata$c42_e_sf_marshallOut 000000018001b7e0     lib_StateEstimation_sfun:c42_lib_StateEstimation.obj
 0004:000007ec       $pdata$c42_emlrt_marshallIn 000000018001b7ec     lib_StateEstimation_sfun:c42_lib_StateEstimation.obj
 0004:000007f8       $pdata$c42_f_emlrt_marshallIn 000000018001b7f8     lib_StateEstimation_sfun:c42_lib_StateEstimation.obj
 0004:00000804       $pdata$c42_g_emlrt_marshallIn 000000018001b804     lib_StateEstimation_sfun:c42_lib_StateEstimation.obj
 0004:00000810       $pdata$c42_i_emlrt_marshallIn 000000018001b810     lib_StateEstimation_sfun:c42_lib_StateEstimation.obj
 0004:0000081c       $pdata$c42_j_emlrt_marshallIn 000000018001b81c     lib_StateEstimation_sfun:c42_lib_StateEstimation.obj
 0004:00000828       $pdata$c42_mldivide        000000018001b828     lib_StateEstimation_sfun:c42_lib_StateEstimation.obj
 0004:00000834       $pdata$c42_scaleFactor     000000018001b834     lib_StateEstimation_sfun:c42_lib_StateEstimation.obj
 0004:00000840       $pdata$c42_sf_marshallIn   000000018001b840     lib_StateEstimation_sfun:c42_lib_StateEstimation.obj
 0004:0000084c       $pdata$c42_sf_marshallOut  000000018001b84c     lib_StateEstimation_sfun:c42_lib_StateEstimation.obj
 0004:00000858       $pdata$c42_warning         000000018001b858     lib_StateEstimation_sfun:c42_lib_StateEstimation.obj
 0004:00000864       $pdata$chart_debug_initialization 000000018001b864     lib_StateEstimation_sfun:c42_lib_StateEstimation.obj
 0004:00000870       $pdata$3$chart_debug_initialization 000000018001b870     lib_StateEstimation_sfun:c42_lib_StateEstimation.obj
 0004:0000087c       $pdata$4$chart_debug_initialization 000000018001b87c     lib_StateEstimation_sfun:c42_lib_StateEstimation.obj
 0004:00000888       $pdata$chart_debug_initialize_data_addresses 000000018001b888     lib_StateEstimation_sfun:c42_lib_StateEstimation.obj
 0004:00000894       $pdata$0$chart_debug_initialize_data_addresses 000000018001b894     lib_StateEstimation_sfun:c42_lib_StateEstimation.obj
 0004:000008a0       $pdata$1$chart_debug_initialize_data_addresses 000000018001b8a0     lib_StateEstimation_sfun:c42_lib_StateEstimation.obj
 0004:000008ac       $pdata$disable_c42_lib_StateEstimation 000000018001b8ac     lib_StateEstimation_sfun:c42_lib_StateEstimation.obj
 0004:000008b8       $pdata$enable_c42_lib_StateEstimation 000000018001b8b8     lib_StateEstimation_sfun:c42_lib_StateEstimation.obj
 0004:000008c4       $pdata$get_sim_state_c42_lib_StateEstimation 000000018001b8c4     lib_StateEstimation_sfun:c42_lib_StateEstimation.obj
 0004:000008d0       $pdata$init_script_number_translation 000000018001b8d0     lib_StateEstimation_sfun:c42_lib_StateEstimation.obj
 0004:000008dc       $pdata$init_simulink_io_address 000000018001b8dc     lib_StateEstimation_sfun:c42_lib_StateEstimation.obj
 0004:000008e8       $pdata$initialize_c42_lib_StateEstimation 000000018001b8e8     lib_StateEstimation_sfun:c42_lib_StateEstimation.obj
 0004:000008f4       $pdata$mdlProcessParameters_c42_lib_StateEstimation 000000018001b8f4     lib_StateEstimation_sfun:c42_lib_StateEstimation.obj
 0004:00000900       $pdata$0$mdlProcessParameters_c42_lib_StateEstimation 000000018001b900     lib_StateEstimation_sfun:c42_lib_StateEstimation.obj
 0004:0000090c       $pdata$1$mdlProcessParameters_c42_lib_StateEstimation 000000018001b90c     lib_StateEstimation_sfun:c42_lib_StateEstimation.obj
 0004:00000918       $pdata$2$mdlProcessParameters_c42_lib_StateEstimation 000000018001b918     lib_StateEstimation_sfun:c42_lib_StateEstimation.obj
 0004:00000924       $pdata$3$mdlProcessParameters_c42_lib_StateEstimation 000000018001b924     lib_StateEstimation_sfun:c42_lib_StateEstimation.obj
 0004:00000930       $pdata$mdlRTW_c42_lib_StateEstimation 000000018001b930     lib_StateEstimation_sfun:c42_lib_StateEstimation.obj
 0004:0000093c       $pdata$mdlSetWorkWidths_c42_lib_StateEstimation 000000018001b93c     lib_StateEstimation_sfun:c42_lib_StateEstimation.obj
 0004:00000948       $pdata$2$mdlSetWorkWidths_c42_lib_StateEstimation 000000018001b948     lib_StateEstimation_sfun:c42_lib_StateEstimation.obj
 0004:00000954       $pdata$3$mdlSetWorkWidths_c42_lib_StateEstimation 000000018001b954     lib_StateEstimation_sfun:c42_lib_StateEstimation.obj
 0004:00000960       $pdata$4$mdlSetWorkWidths_c42_lib_StateEstimation 000000018001b960     lib_StateEstimation_sfun:c42_lib_StateEstimation.obj
 0004:0000096c       $pdata$mdlStart_c42_lib_StateEstimation 000000018001b96c     lib_StateEstimation_sfun:c42_lib_StateEstimation.obj
 0004:00000978       $pdata$set_sim_state_c42_lib_StateEstimation 000000018001b978     lib_StateEstimation_sfun:c42_lib_StateEstimation.obj
 0004:00000984       $pdata$sf_c42_lib_StateEstimation_get_autoinheritance_info 000000018001b984     lib_StateEstimation_sfun:c42_lib_StateEstimation.obj
 0004:00000990       $pdata$sf_c42_lib_StateEstimation_get_check_sum 000000018001b990     lib_StateEstimation_sfun:c42_lib_StateEstimation.obj
 0004:0000099c       $pdata$sf_c42_lib_StateEstimation_get_eml_resolved_functions_info 000000018001b99c     lib_StateEstimation_sfun:c42_lib_StateEstimation.obj
 0004:000009a8       $pdata$sf_c42_lib_StateEstimation_get_post_codegen_info 000000018001b9a8     lib_StateEstimation_sfun:c42_lib_StateEstimation.obj
 0004:000009b4       $pdata$sf_c42_lib_StateEstimation_jit_fallback_info 000000018001b9b4     lib_StateEstimation_sfun:c42_lib_StateEstimation.obj
 0004:000009c0       $pdata$sf_gateway_c42_lib_StateEstimation 000000018001b9c0     lib_StateEstimation_sfun:c42_lib_StateEstimation.obj
 0004:000009cc       $pdata$sf_get_sim_state_info_c42_lib_StateEstimation 000000018001b9cc     lib_StateEstimation_sfun:c42_lib_StateEstimation.obj
 0004:000009d8       $pdata$sf_opaque_disable_c42_lib_StateEstimation 000000018001b9d8     lib_StateEstimation_sfun:c42_lib_StateEstimation.obj
 0004:000009e4       $pdata$sf_opaque_enable_c42_lib_StateEstimation 000000018001b9e4     lib_StateEstimation_sfun:c42_lib_StateEstimation.obj
 0004:000009f0       $pdata$sf_opaque_get_sim_state_c42_lib_StateEstimation 000000018001b9f0     lib_StateEstimation_sfun:c42_lib_StateEstimation.obj
 0004:000009fc       $pdata$sf_opaque_initialize_c42_lib_StateEstimation 000000018001b9fc     lib_StateEstimation_sfun:c42_lib_StateEstimation.obj
 0004:00000a08       $pdata$sf_opaque_set_sim_state_c42_lib_StateEstimation 000000018001ba08     lib_StateEstimation_sfun:c42_lib_StateEstimation.obj
 0004:00000a14       $pdata$sf_opaque_terminate_c42_lib_StateEstimation 000000018001ba14     lib_StateEstimation_sfun:c42_lib_StateEstimation.obj
 0004:00000a20       $pdata$0$sf_opaque_terminate_c42_lib_StateEstimation 000000018001ba20     lib_StateEstimation_sfun:c42_lib_StateEstimation.obj
 0004:00000a2c       $pdata$1$sf_opaque_terminate_c42_lib_StateEstimation 000000018001ba2c     lib_StateEstimation_sfun:c42_lib_StateEstimation.obj
 0004:00000a38       $pdata$__GSHandlerCheck    000000018001ba38     MSVCRT:_gshandler_.obj
 0004:00000a44       $pdata$__GSHandlerCheckCommon 000000018001ba44     MSVCRT:_gshandler_.obj
 0004:00000a5c       $pdata$?dllmain_crt_dispatch@@YAHQEAUHINSTANCE__@@KQEAX@Z 000000018001ba5c     MSVCRT:dll_dllmain.obj
 0004:00000a68       $pdata$?dllmain_crt_process_attach@@YAHQEAUHINSTANCE__@@QEAX@Z 000000018001ba68     MSVCRT:dll_dllmain.obj
 0004:00000a74       $pdata$?dllmain_crt_process_detach@@YAH_N@Z 000000018001ba74     MSVCRT:dll_dllmain.obj
 0004:00000a80       $pdata$?dllmain_dispatch@@YAHQEAUHINSTANCE__@@KQEAX@Z 000000018001ba80     MSVCRT:dll_dllmain.obj
 0004:00000a8c       $pdata$?dllmain_raw@@YAHQEAUHINSTANCE__@@KQEAX@Z 000000018001ba8c     MSVCRT:dll_dllmain.obj
 0004:00000a98       $pdata$_DllMainCRTStartup  000000018001ba98     MSVCRT:dll_dllmain.obj
 0004:00000aa4       $pdata$__raise_securityfailure 000000018001baa4     MSVCRT:gs_report.obj
 0004:00000ab0       $pdata$__report_gsfailure  000000018001bab0     MSVCRT:gs_report.obj
 0004:00000abc       $pdata$__report_rangecheckfailure 000000018001babc     MSVCRT:gs_report.obj
 0004:00000ac8       $pdata$__report_securityfailure 000000018001bac8     MSVCRT:gs_report.obj
 0004:00000ad4       $pdata$__report_securityfailureEx 000000018001bad4     MSVCRT:gs_report.obj
 0004:00000ae0       $pdata$capture_current_context 000000018001bae0     MSVCRT:gs_report.obj
 0004:00000aec       $pdata$capture_previous_context 000000018001baec     MSVCRT:gs_report.obj
 0004:00000af8       $pdata$?configure_argv@__scrt_narrow_argv_policy@@SAHXZ 000000018001baf8     MSVCRT:utility.obj
 0004:00000b04       $pdata$__scrt_acquire_startup_lock 000000018001bb04     MSVCRT:utility.obj
 0004:00000b10       $pdata$__scrt_dllmain_after_initialize_c 000000018001bb10     MSVCRT:utility.obj
 0004:00000b1c       $pdata$__scrt_dllmain_before_initialize_c 000000018001bb1c     MSVCRT:utility.obj
 0004:00000b28       $pdata$__scrt_dllmain_crt_thread_attach 000000018001bb28     MSVCRT:utility.obj
 0004:00000b34       $pdata$__scrt_dllmain_crt_thread_detach 000000018001bb34     MSVCRT:utility.obj
 0004:00000b40       $pdata$__scrt_dllmain_exception_filter 000000018001bb40     MSVCRT:utility.obj
 0004:00000b4c       $pdata$__scrt_dllmain_uninitialize_c 000000018001bb4c     MSVCRT:utility.obj
 0004:00000b58       $pdata$__scrt_dllmain_uninitialize_critical 000000018001bb58     MSVCRT:utility.obj
 0004:00000b64       $pdata$__scrt_initialize_crt 000000018001bb64     MSVCRT:utility.obj
 0004:00000b70       $pdata$__scrt_initialize_onexit_tables 000000018001bb70     MSVCRT:utility.obj
 0004:00000b7c       $pdata$__scrt_is_nonwritable_in_current_image 000000018001bb7c     MSVCRT:utility.obj
 0004:00000b88       $pdata$__scrt_release_startup_lock 000000018001bb88     MSVCRT:utility.obj
 0004:00000b94       $pdata$__scrt_uninitialize_crt 000000018001bb94     MSVCRT:utility.obj
 0004:00000ba0       $pdata$_onexit             000000018001bba0     MSVCRT:utility.obj
 0004:00000bac       $pdata$atexit              000000018001bbac     MSVCRT:utility.obj
 0004:00000bb8       $pdata$__security_init_cookie 000000018001bbb8     MSVCRT:gs_support.obj
 0004:00000bc4       $pdata$DllMain             000000018001bbc4     MSVCRT:dll_dllmain_stub.obj
 0004:00000bd0       $pdata$__scrt_initialize_default_local_stdio_options 000000018001bbd0     MSVCRT:default_local_stdio_options.obj
 0004:00000bdc       $pdata$__scrt_fastfail     000000018001bbdc     MSVCRT:utility_desktop.obj
 0004:00000be8       $pdata$__scrt_get_show_window_mode 000000018001bbe8     MSVCRT:utility_desktop.obj
 0004:00000bf4       $pdata$__scrt_is_managed_app 000000018001bbf4     MSVCRT:utility_desktop.obj
 0004:00000c00       $pdata$__scrt_unhandled_exception_filter 000000018001bc00     MSVCRT:utility_desktop.obj
 0004:00000c0c       $pdata$_RTC_Initialize     000000018001bc0c     MSVCRT:_initsect_.obj
 0004:00000c18       $pdata$_RTC_Terminate      000000018001bc18     MSVCRT:_initsect_.obj
 0004:00000c24       $pdata$__isa_available_init 000000018001bc24     MSVCRT:_cpu_disp_.obj
 0004:00000c3c       $pdata$?fin$0@?0??dllmain_crt_process_attach@@YAHQEAUHINSTANCE__@@QEAX@Z@4HA 000000018001bc3c     MSVCRT:dll_dllmain.obj
 0004:00000c48       $pdata$?fin$0@?0??dllmain_crt_process_detach@@YAH_N@Z@4HA 000000018001bc48     MSVCRT:dll_dllmain.obj
 0004:00000c54       $pdata$?filt$0@?0??dllmain_dispatch@@YAHQEAUHINSTANCE__@@KQEAX@Z@4HA 000000018001bc54     MSVCRT:dll_dllmain.obj
 0004:00000c60       $pdata$__scrt_is_nonwritable_in_current_image$filt$0 000000018001bc60     MSVCRT:utility.obj
 0005:00000000       __guard_fids_?dllmain_crt_process_attach@@YAHQEAUHINSTANCE__@@QEAX@Z 000000018001c000     MSVCRT:dll_dllmain.obj
 0005:00000008       __guard_fids_?dllmain_dispatch@@YAHQEAUHINSTANCE__@@KQEAX@Z 000000018001c008     MSVCRT:dll_dllmain.obj
 0005:0000000c       __guard_fids___scrt_set_unhandled_exception_filter 000000018001c00c     MSVCRT:utility_desktop.obj
 0005:00000010       __guard_fids__             000000018001c010     MSVCRT:guard_support.obj
 0005:00000014       __guard_fids__guard_icall_checks_enforced 000000018001c014     MSVCRT:guard_support.obj
