 RightInvariant_EKF_sfun

 Timestamp is 5abaab68 (Tue Mar 27 16:36:56 2018)

 Preferred load address is 0000000180000000

 Start         Length     Name                   Class
 0001:00000000 00046130H .text$mn                CODE
 0001:00046130 00000012H .text$mn$00             CODE
 0001:00046142 00000081H .text$x                 CODE
 0002:00000000 00000580H .idata$5                DATA
 0002:00000580 00000010H .00cfg                  DATA
 0002:00000590 00000008H .CRT$XCA                DATA
 0002:00000598 00000008H .CRT$XCZ                DATA
 0002:000005a0 00000008H .CRT$XIA                DATA
 0002:000005a8 00000008H .CRT$XIZ                DATA
 0002:000005b0 00000008H .CRT$XPA                DATA
 0002:000005b8 00000008H .CRT$XPZ                DATA
 0002:000005c0 00000008H .CRT$XTA                DATA
 0002:000005c8 00000008H .CRT$XTZ                DATA
 0002:000005d0 00005024H .rdata                  DATA
 0002:000055f4 0000022cH .rdata$zzzdbg           DATA
 0002:00005820 00000008H .rtc$IAA                DATA
 0002:00005828 00000008H .rtc$IZZ                DATA
 0002:00005830 00000008H .rtc$TAA                DATA
 0002:00005838 00000008H .rtc$TZZ                DATA
 0002:00005840 000028e0H .xdata                  DATA
 0002:00008120 00000060H .edata                  DATA
 0002:00008180 00000104H .idata$2                DATA
 0002:00008284 00000014H .idata$3                DATA
 0002:00008298 00000580H .idata$4                DATA
 0002:00008818 0000103aH .idata$6                DATA
 0003:00000000 00000db0H .data                   DATA
 0003:00000db0 00000748H .bss                    DATA
 0004:00000000 00001c5cH .pdata                  DATA
 0005:00000000 00000018H .gfids$y                DATA

  Address         Publics by Value              Rva+Base               Lib:Object

 0000:00000000       __guard_longjmp_count      0000000000000000     <absolute>
 0000:00000000       __dynamic_value_reloc_table 0000000000000000     <absolute>
 0000:00000000       ___safe_se_handler_count   0000000000000000     <absolute>
 0000:00000000       __guard_iat_table          0000000000000000     <absolute>
 0000:00000000       ___safe_se_handler_table   0000000000000000     <absolute>
 0000:00000000       __guard_fids_table         0000000000000000     <absolute>
 0000:00000000       __guard_fids_count         0000000000000000     <absolute>
 0000:00000000       __guard_iat_count          0000000000000000     <absolute>
 0000:00000000       __guard_longjmp_table      0000000000000000     <absolute>
 0000:00000100       __guard_flags              0000000000000100     <absolute>
 0000:00000000       __ImageBase                0000000180000000     <linker-defined>
 0001:00000000       RightInvariant_EKF_debug_initialize 0000000180001000 f   RightInvariant_EKF_sfun.obj
 0001:00000070       RightInvariant_EKF_initializer 0000000180001070 f   RightInvariant_EKF_sfun.obj
 0001:00000080       RightInvariant_EKF_register_exported_symbols 0000000180001080 f   RightInvariant_EKF_sfun.obj
 0001:00000090       RightInvariant_EKF_terminator 0000000180001090 f   RightInvariant_EKF_sfun.obj
 0001:000000a0       load_RightInvariant_EKF_optimization_info 00000001800010a0 f   RightInvariant_EKF_sfun.obj
 0001:00000150       sf_RightInvariant_EKF_autoinheritance_info 0000000180001150 f   RightInvariant_EKF_sfun.obj
 0001:00000270       sf_RightInvariant_EKF_get_eml_resolved_functions_info 0000000180001270 f   RightInvariant_EKF_sfun.obj
 0001:00000350       sf_RightInvariant_EKF_jit_fallback_info 0000000180001350 f   RightInvariant_EKF_sfun.obj
 0001:00000480       sf_RightInvariant_EKF_method_dispatcher 0000000180001480 f   RightInvariant_EKF_sfun.obj
 0001:000004d0       sf_RightInvariant_EKF_process_check_sum_call 00000001800014d0 f   RightInvariant_EKF_sfun.obj
 0001:000007a0       sf_RightInvariant_EKF_third_party_uses_info 00000001800017a0 f   RightInvariant_EKF_sfun.obj
 0001:000008d0       sf_RightInvariant_EKF_updateBuildInfo_args_info 00000001800018d0 f   RightInvariant_EKF_sfun.obj
 0001:00000a00       unload_RightInvariant_EKF_optimization_info 0000000180001a00 f   RightInvariant_EKF_sfun.obj
 0001:00000a30       c2_RightInvariant_EKF_method_dispatcher 0000000180001a30 f   c2_RightInvariant_EKF.obj
 0001:000035d0       sf_c2_RightInvariant_EKF_get_autoinheritance_info 00000001800045d0 f   c2_RightInvariant_EKF.obj
 0001:00003c40       sf_c2_RightInvariant_EKF_get_check_sum 0000000180004c40 f   c2_RightInvariant_EKF.obj
 0001:00003cb0       sf_c2_RightInvariant_EKF_get_eml_resolved_functions_info 0000000180004cb0 f   c2_RightInvariant_EKF.obj
 0001:00003d40       sf_c2_RightInvariant_EKF_get_post_codegen_info 0000000180004d40 f   c2_RightInvariant_EKF.obj
 0001:00003e00       sf_c2_RightInvariant_EKF_jit_fallback_info 0000000180004e00 f   c2_RightInvariant_EKF.obj
 0001:00003f50       sf_c2_RightInvariant_EKF_third_party_uses_info 0000000180004f50 f   c2_RightInvariant_EKF.obj
 0001:00003f60       sf_c2_RightInvariant_EKF_updateBuildInfo_args_info 0000000180004f60 f   c2_RightInvariant_EKF.obj
 0001:00006a20       c40_RightInvariant_EKF_method_dispatcher 0000000180007a20 f   c40_RightInvariant_EKF.obj
 0001:00010e50       sf_c40_RightInvariant_EKF_get_autoinheritance_info 0000000180011e50 f   c40_RightInvariant_EKF.obj
 0001:00011a50       sf_c40_RightInvariant_EKF_get_check_sum 0000000180012a50 f   c40_RightInvariant_EKF.obj
 0001:00011ac0       sf_c40_RightInvariant_EKF_get_eml_resolved_functions_info 0000000180012ac0 f   c40_RightInvariant_EKF.obj
 0001:00011b70       sf_c40_RightInvariant_EKF_get_post_codegen_info 0000000180012b70 f   c40_RightInvariant_EKF.obj
 0001:00011c30       sf_c40_RightInvariant_EKF_jit_fallback_info 0000000180012c30 f   c40_RightInvariant_EKF.obj
 0001:00011d80       sf_c40_RightInvariant_EKF_third_party_uses_info 0000000180012d80 f   c40_RightInvariant_EKF.obj
 0001:00011d90       sf_c40_RightInvariant_EKF_updateBuildInfo_args_info 0000000180012d90 f   c40_RightInvariant_EKF.obj
 0001:00012700       ProcessMexSfunctionEveryCall 0000000180013700 f   RightInvariant_EKF_sfun_registry.obj
 0001:00012eb0       __local_stdio_printf_options 0000000180013eb0 f i RightInvariant_EKF_sfun_registry.obj
 0001:00012f60       _ssGetAbsTol               0000000180013f60 f   RightInvariant_EKF_sfun_registry.obj
 0001:00013020       _ssGetCallSystemNumFcnCallDestinations 0000000180014020 f   RightInvariant_EKF_sfun_registry.obj
 0001:00013060       _ssGetCompInputPortSymbolicDimsId 0000000180014060 f   RightInvariant_EKF_sfun_registry.obj
 0001:000130a0       _ssGetCompOutputPortSymbolicDimsId 00000001800140a0 f   RightInvariant_EKF_sfun_registry.obj
 0001:000130e0       _ssGetCurrentInputPortWidth 00000001800140e0 f   RightInvariant_EKF_sfun_registry.obj
 0001:00013140       _ssGetCurrentOutputPortWidth 0000000180014140 f   RightInvariant_EKF_sfun_registry.obj
 0001:000131a0       _ssGetInputPortSignalFcn   00000001800141a0 f   RightInvariant_EKF_sfun_registry.obj
 0001:00013440       _ssGetInputPortSignalPtrsFcn 0000000180014440 f   RightInvariant_EKF_sfun_registry.obj
 0001:000136e0       _ssGetNumSymbolicDims      00000001800146e0 f   RightInvariant_EKF_sfun_registry.obj
 0001:00013730       _ssGetSymbolicDim          0000000180014730 f   RightInvariant_EKF_sfun_registry.obj
 0001:00013770       _ssRegisterSymbolicDims    0000000180014770 f   RightInvariant_EKF_sfun_registry.obj
 0001:000137c0       _ssRegisterSymbolicDimsDivide 00000001800147c0 f   RightInvariant_EKF_sfun_registry.obj
 0001:00013800       _ssRegisterSymbolicDimsExpr 0000000180014800 f   RightInvariant_EKF_sfun_registry.obj
 0001:00013850       _ssRegisterSymbolicDimsIntValue 0000000180014850 f   RightInvariant_EKF_sfun_registry.obj
 0001:00013890       _ssRegisterSymbolicDimsMinus 0000000180014890 f   RightInvariant_EKF_sfun_registry.obj
 0001:000138d0       _ssRegisterSymbolicDimsMultiply 00000001800148d0 f   RightInvariant_EKF_sfun_registry.obj
 0001:00013910       _ssRegisterSymbolicDimsPlus 0000000180014910 f   RightInvariant_EKF_sfun_registry.obj
 0001:00013950       _ssRegisterSymbolicDimsString 0000000180014950 f   RightInvariant_EKF_sfun_registry.obj
 0001:000139a0       _ssSetCompDWorkSymbolicDimsId 00000001800149a0 f   RightInvariant_EKF_sfun_registry.obj
 0001:000139e0       _ssSetCompInputPortSymbolicDimsId 00000001800149e0 f   RightInvariant_EKF_sfun_registry.obj
 0001:00013a20       _ssSetCompOutputPortSymbolicDimsId 0000000180014a20 f   RightInvariant_EKF_sfun_registry.obj
 0001:00013a60       _ssSetInputPortDirectFeedThroughFcn 0000000180014a60 f   RightInvariant_EKF_sfun_registry.obj
 0001:00013bc0       _ssSetInputPortMatrixDimensions 0000000180014bc0 f   RightInvariant_EKF_sfun_registry.obj
 0001:00013c60       _ssSetInputPortReusableFcn 0000000180014c60 f   RightInvariant_EKF_sfun_registry.obj
 0001:00013d00       _ssSetInputPortSymbolicDimsId 0000000180014d00 f   RightInvariant_EKF_sfun_registry.obj
 0001:00013d40       _ssSetInputPortVectorDimension 0000000180014d40 f   RightInvariant_EKF_sfun_registry.obj
 0001:00013da0       _ssSetOutputPortMatrixDimensions 0000000180014da0 f   RightInvariant_EKF_sfun_registry.obj
 0001:00013e40       _ssSetOutputPortReusableFcn 0000000180014e40 f   RightInvariant_EKF_sfun_registry.obj
 0001:00013ee0       _ssSetOutputPortSymbolicDimsId 0000000180014ee0 f   RightInvariant_EKF_sfun_registry.obj
 0001:00013f20       _ssSetOutputPortVectorDimension 0000000180014f20 f   RightInvariant_EKF_sfun_registry.obj
 0001:00013f80       _ssSetStateAbsTol          0000000180014f80 f   RightInvariant_EKF_sfun_registry.obj
 0001:00013ff0       _ssSetSymbolicDimsSupport  0000000180014ff0 f   RightInvariant_EKF_sfun_registry.obj
 0001:00014020       _vsnprintf_l               0000000180015020 f i RightInvariant_EKF_sfun_registry.obj
 0001:00014090       _vsprintf_l                0000000180015090 f i RightInvariant_EKF_sfun_registry.obj
 0001:00014100       callCustomFcn              0000000180015100 f   RightInvariant_EKF_sfun_registry.obj
 0001:00014150       mdlGetSimState             0000000180015150 f   RightInvariant_EKF_sfun_registry.obj
 0001:00014260       mdlSetSimState             0000000180015260 f   RightInvariant_EKF_sfun_registry.obj
 0001:00014620       mexFunction                0000000180015620 f   RightInvariant_EKF_sfun_registry.obj
 0001:000150d0       sf_machine_global_initializer 00000001800160d0 f   RightInvariant_EKF_sfun_registry.obj
 0001:00015170       sf_machine_global_initializer_called 0000000180016170 f   RightInvariant_EKF_sfun_registry.obj
 0001:00015180       sf_machine_global_method_dispatcher 0000000180016180 f   RightInvariant_EKF_sfun_registry.obj
 0001:00015250       sf_machine_global_terminator 0000000180016250 f   RightInvariant_EKF_sfun_registry.obj
 0001:00015290       sf_mex_unlock_call         0000000180016290 f   RightInvariant_EKF_sfun_registry.obj
 0001:00015330       sf_process_autoinheritance_call 0000000180016330 f   RightInvariant_EKF_sfun_registry.obj
 0001:000154d0       sf_process_check_sum_call  00000001800164d0 f   RightInvariant_EKF_sfun_registry.obj
 0001:00015550       sf_process_get_eml_resolved_functions_info_call 0000000180016550 f   RightInvariant_EKF_sfun_registry.obj
 0001:000156d0       sf_process_get_jit_fallback_info_call 00000001800166d0 f   RightInvariant_EKF_sfun_registry.obj
 0001:00015870       sf_process_get_third_party_uses_info_call 0000000180016870 f   RightInvariant_EKF_sfun_registry.obj
 0001:00015a10       sf_process_get_updateBuildInfo_args_info_call 0000000180016a10 f   RightInvariant_EKF_sfun_registry.obj
 0001:00015bb0       sf_register_machine_exported_symbols 0000000180016bb0 f   RightInvariant_EKF_sfun_registry.obj
 0001:00015be0       sprintf                    0000000180016be0 f i RightInvariant_EKF_sfun_registry.obj
 0001:00015c40       ssCloneAndAddZcSignalInfo  0000000180016c40 f   RightInvariant_EKF_sfun_registry.obj
 0001:00015c80       ssCreateAndAddZcSignalInfo 0000000180016c80 f   RightInvariant_EKF_sfun_registry.obj
 0001:00015cc0       ssGetDTypeIdFromMxArray    0000000180016cc0 f   RightInvariant_EKF_sfun_registry.obj
 0001:00015d90       ssGetIsInputPortElementContinuous 0000000180016d90 f   RightInvariant_EKF_sfun_registry.obj
 0001:00015e00       ssGetIsZeroCrossControlDisabled 0000000180016e00 f   RightInvariant_EKF_sfun_registry.obj
 0001:00015e40       ssGetNumZcSignals          0000000180016e40 f   RightInvariant_EKF_sfun_registry.obj
 0001:00015e80       ssGetParameterTuningCompliance 0000000180016e80 f   RightInvariant_EKF_sfun_registry.obj
 0001:00015ec0       ssGetSFuncBlockHandle      0000000180016ec0 f   RightInvariant_EKF_sfun_registry.obj
 0001:00015f00       ssGetZcSignalIsZcElementDisc 0000000180016f00 f   RightInvariant_EKF_sfun_registry.obj
 0001:00015f70       ssGetZcSignalName          0000000180016f70 f   RightInvariant_EKF_sfun_registry.obj
 0001:00015fc0       ssGetZcSignalNeedsEventNotification 0000000180016fc0 f   RightInvariant_EKF_sfun_registry.obj
 0001:00016000       ssGetZcSignalType          0000000180017000 f   RightInvariant_EKF_sfun_registry.obj
 0001:00016040       ssGetZcSignalVector        0000000180017040 f   RightInvariant_EKF_sfun_registry.obj
 0001:00016090       ssGetZcSignalWidth         0000000180017090 f   RightInvariant_EKF_sfun_registry.obj
 0001:000160d0       ssGetZcSignalZcEventType   00000001800170d0 f   RightInvariant_EKF_sfun_registry.obj
 0001:00016110       ssGetZcSignalZcEvents      0000000180017110 f   RightInvariant_EKF_sfun_registry.obj
 0001:00016160       ssGetZcSignalZcTol         0000000180017160 f   RightInvariant_EKF_sfun_registry.obj
 0001:000161a0       ssIsRunTimeParamTunable    00000001800171a0 f   RightInvariant_EKF_sfun_registry.obj
 0001:000161e0       ssSetIsInputPortUsedForContZcSignal 00000001800171e0 f   RightInvariant_EKF_sfun_registry.obj
 0001:00016220       ssSetZcSignalIsZcElementDisc 0000000180017220 f   RightInvariant_EKF_sfun_registry.obj
 0001:00016280       ssSetZcSignalName          0000000180017280 f   RightInvariant_EKF_sfun_registry.obj
 0001:000162b0       ssSetZcSignalNeedsEventNotification 00000001800172b0 f   RightInvariant_EKF_sfun_registry.obj
 0001:000162f0       ssSetZcSignalType          00000001800172f0 f   RightInvariant_EKF_sfun_registry.obj
 0001:00016330       ssSetZcSignalWidth         0000000180017330 f   RightInvariant_EKF_sfun_registry.obj
 0001:00016370       ssSetZcSignalZcEventType   0000000180017370 f   RightInvariant_EKF_sfun_registry.obj
 0001:000163b0       ssSetZcSignalZcTol         00000001800173b0 f   RightInvariant_EKF_sfun_registry.obj
 0001:000163f0       ssWarning                  00000001800173f0 f   RightInvariant_EKF_sfun_registry.obj
 0001:000164d0       ssWriteRTWMx2dMatParam     00000001800174d0 f   RightInvariant_EKF_sfun_registry.obj
 0001:00016520       ssWriteRTWMxVectParam      0000000180017520 f   RightInvariant_EKF_sfun_registry.obj
 0001:00016560       ssWriteRTWNameValuePair    0000000180017560 f   RightInvariant_EKF_sfun_registry.obj
 0001:00016750       ssWriteRTWParamSettings    0000000180017750 f   RightInvariant_EKF_sfun_registry.obj
 0001:00016a20       ssWriteRTWParameters       0000000180017a20 f   RightInvariant_EKF_sfun_registry.obj
 0001:00016c10       ssWriteRTWStr              0000000180017c10 f   RightInvariant_EKF_sfun_registry.obj
 0001:00016c30       ssWriteRTWWorkVect         0000000180017c30 f   RightInvariant_EKF_sfun_registry.obj
 0001:00016fb0       Cos                        0000000180017fb0 f i p_RightToeBottom_src.obj
 0001:00016fc0       Sin                        0000000180017fc0 f i p_RightToeBottom_src.obj
 0001:00017f40       p_RightToeBottom_src       0000000180018f40 f   p_RightToeBottom_src.obj
 0001:00018ee0       p_LeftToeBottom_src        0000000180019ee0 f   p_LeftToeBottom_src.obj
 0001:00018ef0       J_RightToeBottom_src       0000000180019ef0 f   J_RightToeBottom_src.obj
 0001:0001d790       J_LeftToeBottom_src        000000018001e790 f   J_LeftToeBottom_src.obj
 0001:00022bc0       p_VectorNav_to_RightToeBottom_src 0000000180023bc0 f   p_VectorNav_to_RightToeBottom_src.obj
 0001:00022bd0       R_VectorNav_to_RightToeBottom_src 0000000180023bd0 f   R_VectorNav_to_RightToeBottom_src.obj
 0001:00023cb0       p_VectorNav_to_LeftToeBottom_src 0000000180024cb0 f   p_VectorNav_to_LeftToeBottom_src.obj
 0001:00023cc0       R_VectorNav_to_LeftToeBottom_src 0000000180024cc0 f   R_VectorNav_to_LeftToeBottom_src.obj
 0001:00024250       J_VectorNav_to_RightToeBottom_src 0000000180025250 f   J_VectorNav_to_RightToeBottom_src.obj
 0001:00026850       J_VectorNav_to_LeftToeBottom_src 0000000180027850 f   J_VectorNav_to_LeftToeBottom_src.obj
 0001:00028de0       p_VectorNav_to_Pelvis_src  0000000180029de0 f   p_VectorNav_to_Pelvis_src.obj
 0001:00028e10       R_VectorNav_to_Pelvis_src  0000000180029e10 f   R_VectorNav_to_Pelvis_src.obj
 0001:00028e90       StateEstimation_debug_initialize 0000000180029e90 f   StateEstimation_sfun:StateEstimation_sfun.obj
 0001:00028f00       StateEstimation_initializer 0000000180029f00 f   StateEstimation_sfun:StateEstimation_sfun.obj
 0001:00028f10       StateEstimation_register_exported_symbols 0000000180029f10 f   StateEstimation_sfun:StateEstimation_sfun.obj
 0001:00028f20       StateEstimation_terminator 0000000180029f20 f   StateEstimation_sfun:StateEstimation_sfun.obj
 0001:00028f30       load_StateEstimation_optimization_info 0000000180029f30 f   StateEstimation_sfun:StateEstimation_sfun.obj
 0001:00028fe0       sf_StateEstimation_autoinheritance_info 0000000180029fe0 f   StateEstimation_sfun:StateEstimation_sfun.obj
 0001:00029130       sf_StateEstimation_get_eml_resolved_functions_info 000000018002a130 f   StateEstimation_sfun:StateEstimation_sfun.obj
 0001:00029220       sf_StateEstimation_jit_fallback_info 000000018002a220 f   StateEstimation_sfun:StateEstimation_sfun.obj
 0001:00029370       sf_StateEstimation_method_dispatcher 000000018002a370 f   StateEstimation_sfun:StateEstimation_sfun.obj
 0001:000293d0       sf_StateEstimation_process_check_sum_call 000000018002a3d0 f   StateEstimation_sfun:StateEstimation_sfun.obj
 0001:000295f0       sf_StateEstimation_third_party_uses_info 000000018002a5f0 f   StateEstimation_sfun:StateEstimation_sfun.obj
 0001:00029740       sf_StateEstimation_updateBuildInfo_args_info 000000018002a740 f   StateEstimation_sfun:StateEstimation_sfun.obj
 0001:00029890       unload_StateEstimation_optimization_info 000000018002a890 f   StateEstimation_sfun:StateEstimation_sfun.obj
 0001:000298c0       c21_StateEstimation_method_dispatcher 000000018002a8c0 f   StateEstimation_sfun:c21_StateEstimation.obj
 0001:0002c590       sf_c21_StateEstimation_get_autoinheritance_info 000000018002d590 f   StateEstimation_sfun:c21_StateEstimation.obj
 0001:0002cc00       sf_c21_StateEstimation_get_check_sum 000000018002dc00 f   StateEstimation_sfun:c21_StateEstimation.obj
 0001:0002cc70       sf_c21_StateEstimation_get_eml_resolved_functions_info 000000018002dc70 f   StateEstimation_sfun:c21_StateEstimation.obj
 0001:0002cd00       sf_c21_StateEstimation_get_post_codegen_info 000000018002dd00 f   StateEstimation_sfun:c21_StateEstimation.obj
 0001:0002cdc0       sf_c21_StateEstimation_jit_fallback_info 000000018002ddc0 f   StateEstimation_sfun:c21_StateEstimation.obj
 0001:0002cf10       sf_c21_StateEstimation_third_party_uses_info 000000018002df10 f   StateEstimation_sfun:c21_StateEstimation.obj
 0001:0002cf20       sf_c21_StateEstimation_updateBuildInfo_args_info 000000018002df20 f   StateEstimation_sfun:c21_StateEstimation.obj
 0001:000305c0       c41_StateEstimation_method_dispatcher 00000001800315c0 f   StateEstimation_sfun:c41_StateEstimation.obj
 0001:00038770       sf_c41_StateEstimation_get_autoinheritance_info 0000000180039770 f   StateEstimation_sfun:c41_StateEstimation.obj
 0001:00038e90       sf_c41_StateEstimation_get_check_sum 0000000180039e90 f   StateEstimation_sfun:c41_StateEstimation.obj
 0001:00038f00       sf_c41_StateEstimation_get_eml_resolved_functions_info 0000000180039f00 f   StateEstimation_sfun:c41_StateEstimation.obj
 0001:00038fb0       sf_c41_StateEstimation_get_post_codegen_info 0000000180039fb0 f   StateEstimation_sfun:c41_StateEstimation.obj
 0001:00039070       sf_c41_StateEstimation_jit_fallback_info 000000018003a070 f   StateEstimation_sfun:c41_StateEstimation.obj
 0001:000391c0       sf_c41_StateEstimation_third_party_uses_info 000000018003a1c0 f   StateEstimation_sfun:c41_StateEstimation.obj
 0001:000391d0       sf_c41_StateEstimation_updateBuildInfo_args_info 000000018003a1d0 f   StateEstimation_sfun:c41_StateEstimation.obj
 0001:00039790       c42_StateEstimation_method_dispatcher 000000018003a790 f   StateEstimation_sfun:c42_StateEstimation.obj
 0001:0003c3f0       sf_c42_StateEstimation_get_autoinheritance_info 000000018003d3f0 f   StateEstimation_sfun:c42_StateEstimation.obj
 0001:0003c870       sf_c42_StateEstimation_get_check_sum 000000018003d870 f   StateEstimation_sfun:c42_StateEstimation.obj
 0001:0003c8e0       sf_c42_StateEstimation_get_eml_resolved_functions_info 000000018003d8e0 f   StateEstimation_sfun:c42_StateEstimation.obj
 0001:0003c970       sf_c42_StateEstimation_get_post_codegen_info 000000018003d970 f   StateEstimation_sfun:c42_StateEstimation.obj
 0001:0003ca30       sf_c42_StateEstimation_jit_fallback_info 000000018003da30 f   StateEstimation_sfun:c42_StateEstimation.obj
 0001:0003cb80       sf_c42_StateEstimation_third_party_uses_info 000000018003db80 f   StateEstimation_sfun:c42_StateEstimation.obj
 0001:0003cb90       sf_c42_StateEstimation_updateBuildInfo_args_info 000000018003db90 f   StateEstimation_sfun:c42_StateEstimation.obj
 0001:0003e480       UDP_Communication_debug_initialize 000000018003f480 f   UDP_Communication_sfun:UDP_Communication_sfun.obj
 0001:0003e4f0       UDP_Communication_initializer 000000018003f4f0 f   UDP_Communication_sfun:UDP_Communication_sfun.obj
 0001:0003e500       UDP_Communication_register_exported_symbols 000000018003f500 f   UDP_Communication_sfun:UDP_Communication_sfun.obj
 0001:0003e510       UDP_Communication_terminator 000000018003f510 f   UDP_Communication_sfun:UDP_Communication_sfun.obj
 0001:0003e520       load_UDP_Communication_optimization_info 000000018003f520 f   UDP_Communication_sfun:UDP_Communication_sfun.obj
 0001:0003e5d0       sf_UDP_Communication_autoinheritance_info 000000018003f5d0 f   UDP_Communication_sfun:UDP_Communication_sfun.obj
 0001:0003e6d0       sf_UDP_Communication_get_eml_resolved_functions_info 000000018003f6d0 f   UDP_Communication_sfun:UDP_Communication_sfun.obj
 0001:0003e7a0       sf_UDP_Communication_jit_fallback_info 000000018003f7a0 f   UDP_Communication_sfun:UDP_Communication_sfun.obj
 0001:0003e8a0       sf_UDP_Communication_method_dispatcher 000000018003f8a0 f   UDP_Communication_sfun:UDP_Communication_sfun.obj
 0001:0003e8d0       sf_UDP_Communication_process_check_sum_call 000000018003f8d0 f   UDP_Communication_sfun:UDP_Communication_sfun.obj
 0001:0003eac0       sf_UDP_Communication_third_party_uses_info 000000018003fac0 f   UDP_Communication_sfun:UDP_Communication_sfun.obj
 0001:0003ebc0       sf_UDP_Communication_updateBuildInfo_args_info 000000018003fbc0 f   UDP_Communication_sfun:UDP_Communication_sfun.obj
 0001:0003ecc0       unload_UDP_Communication_optimization_info 000000018003fcc0 f   UDP_Communication_sfun:UDP_Communication_sfun.obj
 0001:0003ffa0       c43_UDP_Communication_method_dispatcher 0000000180040fa0 f   UDP_Communication_sfun:c43_UDP_Communication.obj
 0001:00042bd0       sf_c43_UDP_Communication_get_autoinheritance_info 0000000180043bd0 f   UDP_Communication_sfun:c43_UDP_Communication.obj
 0001:00043050       sf_c43_UDP_Communication_get_check_sum 0000000180044050 f   UDP_Communication_sfun:c43_UDP_Communication.obj
 0001:000430c0       sf_c43_UDP_Communication_get_eml_resolved_functions_info 00000001800440c0 f   UDP_Communication_sfun:c43_UDP_Communication.obj
 0001:00043140       sf_c43_UDP_Communication_get_post_codegen_info 0000000180044140 f   UDP_Communication_sfun:c43_UDP_Communication.obj
 0001:00043200       sf_c43_UDP_Communication_jit_fallback_info 0000000180044200 f   UDP_Communication_sfun:c43_UDP_Communication.obj
 0001:00043350       sf_c43_UDP_Communication_third_party_uses_info 0000000180044350 f   UDP_Communication_sfun:c43_UDP_Communication.obj
 0001:00043360       sf_c43_UDP_Communication_updateBuildInfo_args_info 0000000180044360 f   UDP_Communication_sfun:c43_UDP_Communication.obj
 0001:000449fa       sf_load_rtw_optimization_info 00000001800459fa f   sf_runtime:sf_runtime.dll
 0001:00044a00       sf_debug_initialize_machine 0000000180045a00 f   sf_runtime:sf_runtime.dll
 0001:00044a06       sf_debug_set_machine_event_thresholds 0000000180045a06 f   sf_runtime:sf_runtime.dll
 0001:00044a0c       sf_debug_set_machine_data_thresholds 0000000180045a0c f   sf_runtime:sf_runtime.dll
 0001:00044a12       sf_init_ChartRunTimeInfo   0000000180045a12 f   sf_runtime:sf_runtime.dll
 0001:00044a18       sf_free_ChartRunTimeInfo   0000000180045a18 f   sf_runtime:sf_runtime.dll
 0001:00044a1e       sf_get_chart_instance_ptr  0000000180045a1e f   sf_runtime:sf_runtime.dll
 0001:00044a24       sf_rtw_info_uint_prop      0000000180045a24 f   sf_runtime:sf_runtime.dll
 0001:00044a2a       sf_update_buildInfo        0000000180045a2a f   sf_runtime:sf_runtime.dll
 0001:00044a30       sf_is_chart_inlinable      0000000180045a30 f   sf_runtime:sf_runtime.dll
 0001:00044a36       sf_mark_chart_reusable_outputs 0000000180045a36 f   sf_runtime:sf_runtime.dll
 0001:00044a3c       sf_mark_chart_expressionable_inputs 0000000180045a3c f   sf_runtime:sf_runtime.dll
 0001:00044a42       sim_mode_is_rtw_gen        0000000180045a42 f   sf_runtime:sf_runtime.dll
 0001:00044a48       sim_mode_is_external       0000000180045a48 f   sf_runtime:sf_runtime.dll
 0001:00044a4e       sim_mode_is_modelref_sim   0000000180045a4e f   sf_runtime:sf_runtime.dll
 0001:00044a54       sf_clear_rtw_identifier    0000000180045a54 f   sf_runtime:sf_runtime.dll
 0001:00044a5a       sf_set_rtw_dwork_info      0000000180045a5a f   sf_runtime:sf_runtime.dll
 0001:00044a60       sf_get_time                0000000180045a60 f   sf_runtime:sf_runtime.dll
 0001:00044a66       sf_is_first_init_cond      0000000180045a66 f   sf_runtime:sf_runtime.dll
 0001:00044a6c       sf_set_chart_accesses_machine_info 0000000180045a6c f   sf_runtime:sf_runtime.dll
 0001:00044a72       sf_register_codegen_names_for_scoped_functions_defined_by_chart 0000000180045a72 f   sf_runtime:sf_runtime.dll
 0001:00044a78       sf_mex_call_debug          0000000180045a78 f   sf_runtime:sf_runtime.dll
 0001:00044a7e       sf_mex_error_message       0000000180045a7e f   sf_runtime:sf_runtime.dll
 0001:00044a84       sf_mex_create              0000000180045a84 f   sf_runtime:sf_runtime.dll
 0001:00044a8a       sf_mex_createcellmatrix    0000000180045a8a f   sf_runtime:sf_runtime.dll
 0001:00044a90       sf_mex_setcell             0000000180045a90 f   sf_runtime:sf_runtime.dll
 0001:00044a96       sf_mex_getcell             0000000180045a96 f   sf_runtime:sf_runtime.dll
 0001:00044a9c       sf_mex_assign              0000000180045a9c f   sf_runtime:sf_runtime.dll
 0001:00044aa2       sf_mex_dup                 0000000180045aa2 f   sf_runtime:sf_runtime.dll
 0001:00044aa8       sf_mex_destroy             0000000180045aa8 f   sf_runtime:sf_runtime.dll
 0001:00044aae       sf_mex_import              0000000180045aae f   sf_runtime:sf_runtime.dll
 0001:00044ab4       sf_mex_decode_encoded_mx_struct_array 0000000180045ab4 f   sf_runtime:sf_runtime.dll
 0001:00044aba       ssGetInputPortSignal_wrapper 0000000180045aba f   sf_runtime:sf_runtime.dll
 0001:00044ac0       ssGetOutputPortSignal_wrapper 0000000180045ac0 f   sf_runtime:sf_runtime.dll
 0001:00044ac6       sf_debug_initialize_chart  0000000180045ac6 f   sf_runtime:sf_runtime.dll
 0001:00044acc       sf_debug_call              0000000180045acc f   sf_runtime:sf_runtime.dll
 0001:00044ad2       eml_debug_line_call        0000000180045ad2 f   sf_runtime:sf_runtime.dll
 0001:00044ad8       cv_eml_eval                0000000180045ad8 f   sf_runtime:sf_runtime.dll
 0001:00044ade       cv_eval_relational         0000000180045ade f   sf_runtime:sf_runtime.dll
 0001:00044ae4       cv_eml_init_script         0000000180045ae4 f   sf_runtime:sf_runtime.dll
 0001:00044aea       cv_eml_init_fcn            0000000180045aea f   sf_runtime:sf_runtime.dll
 0001:00044af0       cv_eml_init_if             0000000180045af0 f   sf_runtime:sf_runtime.dll
 0001:00044af6       cv_eml_init_relational     0000000180045af6 f   sf_runtime:sf_runtime.dll
 0001:00044afc       cv_script_eval             0000000180045afc f   sf_runtime:sf_runtime.dll
 0001:00044b02       cv_script_init_script      0000000180045b02 f   sf_runtime:sf_runtime.dll
 0001:00044b08       cv_script_init_fcn         0000000180045b08 f   sf_runtime:sf_runtime.dll
 0001:00044b0e       cv_script_init_if          0000000180045b0e f   sf_runtime:sf_runtime.dll
 0001:00044b14       sf_debug_reset_current_state_configuration 0000000180045b14 f   sf_runtime:sf_runtime.dll
 0001:00044b1a       sf_debug_check_for_state_inconsistency 0000000180045b1a f   sf_runtime:sf_runtime.dll
 0001:00044b20       sf_debug_set_chart_data_props 0000000180045b20 f   sf_runtime:sf_runtime.dll
 0001:00044b26       sf_debug_set_chart_data_compiled_props 0000000180045b26 f   sf_runtime:sf_runtime.dll
 0001:00044b2c       sf_debug_symbol_scope_push 0000000180045b2c f   sf_runtime:sf_runtime.dll
 0001:00044b32       sf_debug_symbol_scope_push_eml 0000000180045b32 f   sf_runtime:sf_runtime.dll
 0001:00044b38       sf_debug_symbol_scope_pop  0000000180045b38 f   sf_runtime:sf_runtime.dll
 0001:00044b3e       sf_debug_symbol_scope_add_eml 0000000180045b3e f   sf_runtime:sf_runtime.dll
 0001:00044b44       sf_debug_symbol_scope_add_eml_importable 0000000180045b44 f   sf_runtime:sf_runtime.dll
 0001:00044b4a       sf_debug_set_instance_data_value_ptr 0000000180045b4a f   sf_runtime:sf_runtime.dll
 0001:00044b50       sf_debug_set_chart_disable_implicit_casting 0000000180045b50 f   sf_runtime:sf_runtime.dll
 0001:00044b56       sf_debug_set_chart_event_thresholds 0000000180045b56 f   sf_runtime:sf_runtime.dll
 0001:00044b5c       sf_debug_set_chart_state_info 0000000180045b5c f   sf_runtime:sf_runtime.dll
 0001:00044b62       sf_debug_set_chart_decomposition 0000000180045b62 f   sf_runtime:sf_runtime.dll
 0001:00044b68       sf_debug_set_chart_substate_count 0000000180045b68 f   sf_runtime:sf_runtime.dll
 0001:00044b6e       sf_debug_data_range_wrapper 0000000180045b6e f   sf_runtime:sf_runtime.dll
 0001:00044b74       sf_debug_cv_init_trans     0000000180045b74 f   sf_runtime:sf_runtime.dll
 0001:00044b7a       sf_debug_cv_init_chart     0000000180045b7a f   sf_runtime:sf_runtime.dll
 0001:00044b80       sf_debug_cv_init_state     0000000180045b80 f   sf_runtime:sf_runtime.dll
 0001:00044b86       sf_debug_get_script_id     0000000180045b86 f   sf_runtime:sf_runtime.dll
 0001:00044b8c       sf_debug_set_script_translation 0000000180045b8c f   sf_runtime:sf_runtime.dll
 0001:00044b92       cv_eml_init_mcdc           0000000180045b92 f   sf_runtime:sf_runtime.dll
 0001:00044b98       sf_debug_symbol_switch     0000000180045b98 f   sf_runtime:sf_runtime.dll
 0001:00044b9e       sf_get_ChartInfoStruct_CodeGen 0000000180045b9e f   sf_runtime:sf_runtime.dll
 0001:00044ba4       sf_get_isEnhancedMooreMachine 0000000180045ba4 f   sf_runtime:sf_runtime.dll
 0001:00044baa       sf_set_compiledInfo        0000000180045baa f   sf_runtime:sf_runtime.dll
 0001:00044bb0       callMdlMethodAndReportError 0000000180045bb0 f   sf_runtime:sf_runtime.dll
 0001:00044bb6       call_sf_machine_global_method_dispatcher 0000000180045bb6 f   sf_runtime:sf_runtime.dll
 0001:00044bbc       sf_mex_error_direct_call   0000000180045bbc f   sf_runtime:sf_runtime.dll
 0001:00044bc2       sf_clear_error_manager_info 0000000180045bc2 f   sf_runtime:sf_runtime.dll
 0001:00044bc8       sf_debug_create_debug_instance_struct 0000000180045bc8 f   sf_runtime:sf_runtime.dll
 0001:00044bce       sf_debug_terminate         0000000180045bce f   sf_runtime:sf_runtime.dll
 0001:00044bd4       sf_debug_api               0000000180045bd4 f   sf_runtime:sf_runtime.dll
 0001:00044bda       sf_mex_addfield            0000000180045bda f   sf_runtime:sf_runtime.dll
 0001:00044be0       sf_mex_createstruct        0000000180045be0 f   sf_runtime:sf_runtime.dll
 0001:00044be6       sf_integer_check           0000000180045be6 f   sf_runtime:sf_runtime.dll
 0001:00044bec       cv_script_init_relational  0000000180045bec f   sf_runtime:sf_runtime.dll
 0001:00044bf2       cv_script_init_switch      0000000180045bf2 f   sf_runtime:sf_runtime.dll
 0001:00044bf8       mxIsChar                   0000000180045bf8 f   libmx:libmx.dll
 0001:00044bfe       mxGetPr                    0000000180045bfe f   libmx:libmx.dll
 0001:00044c04       mxGetScalar                0000000180045c04 f   libmx:libmx.dll
 0001:00044c0a       mxDestroyArray             0000000180045c0a f   libmx:libmx.dll
 0001:00044c10       mxCreateDoubleMatrix_730   0000000180045c10 f   libmx:libmx.dll
 0001:00044c16       mxGetString_730            0000000180045c16 f   libmx:libmx.dll
 0001:00044c1c       mxDuplicateArray           0000000180045c1c f   libmx:libmx.dll
 0001:00044c22       mxSetField_730             0000000180045c22 f   libmx:libmx.dll
 0001:00044c28       mxCreateDoubleScalar       0000000180045c28 f   libmx:libmx.dll
 0001:00044c2e       mxCreateString             0000000180045c2e f   libmx:libmx.dll
 0001:00044c34       mxCreateCellMatrix_730     0000000180045c34 f   libmx:libmx.dll
 0001:00044c3a       mxCreateCellArray_730      0000000180045c3a f   libmx:libmx.dll
 0001:00044c40       mxCreateStructMatrix_730   0000000180045c40 f   libmx:libmx.dll
 0001:00044c46       mxCreateStructArray_730    0000000180045c46 f   libmx:libmx.dll
 0001:00044c4c       mxCalloc                   0000000180045c4c f   libmx:libmx.dll
 0001:00044c52       mxGetM                     0000000180045c52 f   libmx:libmx.dll
 0001:00044c58       mxGetClassID               0000000180045c58 f   libmx:libmx.dll
 0001:00044c5e       mxIsNumeric                0000000180045c5e f   libmx:libmx.dll
 0001:00044c64       mxIsComplex                0000000180045c64 f   libmx:libmx.dll
 0001:00044c6a       mxGetN                     0000000180045c6a f   libmx:libmx.dll
 0001:00044c70       mexMakeArrayPersistent     0000000180045c70 f   libmex:libmex.dll
 0001:00044c76       mexErrMsgTxt               0000000180045c76 f   libmex:libmex.dll
 0001:00044c7c       mexWarnMsgTxt              0000000180045c7c f   libmex:libmex.dll
 0001:00044c82       mexCallMATLABWithObject    0000000180045c82 f   libmex:libmex.dll
 0001:00044c88       mexLock                    0000000180045c88 f   libmex:libmex.dll
 0001:00044c8e       mexUnlock                  0000000180045c8e f   libmex:libmex.dll
 0001:00044c94       mexIsLocked                0000000180045c94 f   libmex:libmex.dll
 0001:00044c9a       utMalloc                   0000000180045c9a f   libut:libut.dll
 0001:00044ca0       utFree                     0000000180045ca0 f   libut:libut.dll
 0001:00044ca6       muDoubleScalarCos          0000000180045ca6 f   libmwmathutil:libmwmathutil.dll
 0001:00044cac       muDoubleScalarSin          0000000180045cac f   libmwmathutil:libmwmathutil.dll
 0001:00044cb2       muDoubleScalarIsNaN        0000000180045cb2 f   libmwmathutil:libmwmathutil.dll
 0001:00044cb8       muDoubleScalarAbs          0000000180045cb8 f   libmwmathutil:libmwmathutil.dll
 0001:00044cbe       muDoubleScalarAsin         0000000180045cbe f   libmwmathutil:libmwmathutil.dll
 0001:00044cc4       muDoubleScalarAtan2        0000000180045cc4 f   libmwmathutil:libmwmathutil.dll
 0001:00044cca       muDoubleScalarSqrt         0000000180045cca f   libmwmathutil:libmwmathutil.dll
 0001:00044cd0       muDoubleScalarMax          0000000180045cd0 f   libmwmathutil:libmwmathutil.dll
 0001:00044cd6       muDoubleScalarMin          0000000180045cd6 f   libmwmathutil:libmwmathutil.dll
 0001:00044cdc       emlrtNameCaptureMxArrayR2016a 0000000180045cdc f   libemlrt:libemlrt.dll
 0001:00044ce4       __GSHandlerCheck           0000000180045ce4 f   MSVCRT:_gshandler_.obj
 0001:00044d04       __GSHandlerCheckCommon     0000000180045d04 f   MSVCRT:_gshandler_.obj
 0001:00044d70       __security_check_cookie    0000000180045d70 f   MSVCRT:_amdsecgs_.obj
 0001:00044db0       __chkstk                   0000000180045db0 f   MSVCRT:_chkstk_.obj
 0001:00044db0       _alloca_probe              0000000180045db0 f   MSVCRT:_chkstk_.obj
 0001:00045150       _CRT_INIT                  0000000180046150 f   MSVCRT:dll_dllmain.obj
 0001:00045158       _DllMainCRTStartup         0000000180046158 f   MSVCRT:dll_dllmain.obj
 0001:00045198       __raise_securityfailure    0000000180046198 f   MSVCRT:gs_report.obj
 0001:000451cc       __report_gsfailure         00000001800461cc f   MSVCRT:gs_report.obj
 0001:000452a0       __report_rangecheckfailure 00000001800462a0 f   MSVCRT:gs_report.obj
 0001:000452b4       __report_securityfailure   00000001800462b4 f   MSVCRT:gs_report.obj
 0001:00045350       __report_securityfailureEx 0000000180046350 f   MSVCRT:gs_report.obj
 0001:00045544       ??$__crt_fast_decode_pointer@PEAP6AXXZ@@YAPEAP6AXXZQEAP6AXXZ@Z 0000000180046544 f i MSVCRT:utility.obj
 0001:0004555c       ??$__crt_fast_encode_pointer@PEAP6AXXZ@@YAPEAP6AXXZQEAP6AXXZ@Z 000000018004655c f i MSVCRT:utility.obj
 0001:0004557c       ?__crt_rotate_pointer_value@@YA_K_KH@Z 000000018004657c f i MSVCRT:utility.obj
 0001:00045588       ?configure_argv@__scrt_narrow_argv_policy@@SAHXZ 0000000180046588 f i MSVCRT:utility.obj
 0001:00045618       NtCurrentTeb               0000000180046618 f i MSVCRT:utility.obj
 0001:00045624       __scrt_acquire_startup_lock 0000000180046624 f   MSVCRT:utility.obj
 0001:00045660       __scrt_dllmain_after_initialize_c 0000000180046660 f   MSVCRT:utility.obj
 0001:00045694       __scrt_dllmain_before_initialize_c 0000000180046694 f   MSVCRT:utility.obj
 0001:000456ac       __scrt_dllmain_crt_thread_attach 00000001800466ac f   MSVCRT:utility.obj
 0001:000456d4       __scrt_dllmain_crt_thread_detach 00000001800466d4 f   MSVCRT:utility.obj
 0001:000456ec       __scrt_dllmain_exception_filter 00000001800466ec f   MSVCRT:utility.obj
 0001:00045750       __scrt_dllmain_uninitialize_c 0000000180046750 f   MSVCRT:utility.obj
 0001:00045780       __scrt_dllmain_uninitialize_critical 0000000180046780 f   MSVCRT:utility.obj
 0001:00045794       __scrt_initialize_crt      0000000180046794 f   MSVCRT:utility.obj
 0001:000457e0       __scrt_initialize_onexit_tables 00000001800467e0 f   MSVCRT:utility.obj
 0001:000458ac       __scrt_is_nonwritable_in_current_image 00000001800468ac f   MSVCRT:utility.obj
 0001:00045948       __scrt_release_startup_lock 0000000180046948 f   MSVCRT:utility.obj
 0001:0004596c       __scrt_uninitialize_crt    000000018004696c f   MSVCRT:utility.obj
 0001:00045998       _onexit                    0000000180046998 f   MSVCRT:utility.obj
 0001:000459e8       at_quick_exit              00000001800469e8 f   MSVCRT:utility.obj
 0001:00045a20       atexit                     0000000180046a20 f   MSVCRT:utility.obj
 0001:00045a38       __security_init_cookie     0000000180046a38 f   MSVCRT:gs_support.obj
 0001:00045ae4       DllMain                    0000000180046ae4 f   MSVCRT:dll_dllmain_stub.obj
 0001:00045b08       ?__scrt_initialize_type_info@@YAXXZ 0000000180046b08 f   MSVCRT:tncleanup.obj
 0001:00045b18       ?__scrt_uninitialize_type_info@@YAXXZ 0000000180046b18 f   MSVCRT:tncleanup.obj
 0001:00045b24       __local_stdio_scanf_options 0000000180046b24 f i MSVCRT:default_local_stdio_options.obj
 0001:00045b2c       __scrt_initialize_default_local_stdio_options 0000000180046b2c f   MSVCRT:default_local_stdio_options.obj
 0001:00045b48       __scrt_get_dyn_tls_init_callback 0000000180046b48 f   MSVCRT:dyn_tls_init.obj
 0001:00045b50       __crt_debugger_hook        0000000180046b50 f   MSVCRT:utility_desktop.obj
 0001:00045b58       __scrt_fastfail            0000000180046b58 f   MSVCRT:utility_desktop.obj
 0001:00045ca0       __scrt_get_show_window_mode 0000000180046ca0 f   MSVCRT:utility_desktop.obj
 0001:00045cdc       __scrt_initialize_winrt    0000000180046cdc f   MSVCRT:utility_desktop.obj
 0001:00045ce0       __scrt_is_managed_app      0000000180046ce0 f   MSVCRT:utility_desktop.obj
 0001:00045d34       __scrt_set_unhandled_exception_filter 0000000180046d34 f   MSVCRT:utility_desktop.obj
 0001:00045d44       __scrt_unhandled_exception_filter 0000000180046d44 f   MSVCRT:utility_desktop.obj
 0001:00045d7c       _RTC_Initialize            0000000180046d7c f   MSVCRT:_initsect_.obj
 0001:00045dc8       _RTC_Terminate             0000000180046dc8 f   MSVCRT:_initsect_.obj
 0001:00045e14       _guard_check_icall         0000000180046e14 f i MSVCRT:checkcfg.obj
 0001:00045e1c       __isa_available_init       0000000180046e1c f   MSVCRT:_cpu_disp_.obj
 0001:00045fe4       _get_startup_argv_mode     0000000180046fe4 f   MSVCRT:argv_mode.obj
 0001:00045fec       __scrt_is_ucrt_dll_in_use  0000000180046fec f   MSVCRT:ucrt_detection.obj
 0001:00045ff8       _guard_check_icall_nop     0000000180046ff8 f i MSVCRT:guard_support.obj
 0001:00045ffc       _guard_icall_checks_enforced 0000000180046ffc f i MSVCRT:guard_support.obj
 0001:00046020       RtlCaptureContext          0000000180047020 f   kernel32:KERNEL32.dll
 0001:00046026       RtlLookupFunctionEntry     0000000180047026 f   kernel32:KERNEL32.dll
 0001:0004602c       RtlVirtualUnwind           000000018004702c f   kernel32:KERNEL32.dll
 0001:00046032       UnhandledExceptionFilter   0000000180047032 f   kernel32:KERNEL32.dll
 0001:00046038       SetUnhandledExceptionFilter 0000000180047038 f   kernel32:KERNEL32.dll
 0001:0004603e       GetCurrentProcess          000000018004703e f   kernel32:KERNEL32.dll
 0001:00046044       TerminateProcess           0000000180047044 f   kernel32:KERNEL32.dll
 0001:0004604a       IsProcessorFeaturePresent  000000018004704a f   kernel32:KERNEL32.dll
 0001:00046050       QueryPerformanceCounter    0000000180047050 f   kernel32:KERNEL32.dll
 0001:00046056       GetCurrentProcessId        0000000180047056 f   kernel32:KERNEL32.dll
 0001:0004605c       GetCurrentThreadId         000000018004705c f   kernel32:KERNEL32.dll
 0001:00046062       GetSystemTimeAsFileTime    0000000180047062 f   kernel32:KERNEL32.dll
 0001:00046068       DisableThreadLibraryCalls  0000000180047068 f   kernel32:KERNEL32.dll
 0001:0004606e       InitializeSListHead        000000018004706e f   kernel32:KERNEL32.dll
 0001:00046074       IsDebuggerPresent          0000000180047074 f   kernel32:KERNEL32.dll
 0001:0004607a       GetStartupInfoW            000000018004707a f   kernel32:KERNEL32.dll
 0001:00046080       GetModuleHandleW           0000000180047080 f   kernel32:KERNEL32.dll
 0001:00046086       memset                     0000000180047086 f   vcruntime:VCRUNTIME140.dll
 0001:0004608c       memcpy                     000000018004708c f   vcruntime:VCRUNTIME140.dll
 0001:00046092       __C_specific_handler       0000000180047092 f   vcruntime:VCRUNTIME140.dll
 0001:00046098       __std_type_info_destroy_list 0000000180047098 f   vcruntime:VCRUNTIME140.dll
 0001:0004609e       strcmp                     000000018004709e f   ucrt:api-ms-win-crt-string-l1-1-0.dll
 0001:000460a4       free                       00000001800470a4 f   ucrt:api-ms-win-crt-heap-l1-1-0.dll
 0001:000460aa       malloc                     00000001800470aa f   ucrt:api-ms-win-crt-heap-l1-1-0.dll
 0001:000460b0       __stdio_common_vsprintf    00000001800470b0 f   ucrt:api-ms-win-crt-stdio-l1-1-0.dll
 0001:000460b6       cos                        00000001800470b6 f   ucrt:api-ms-win-crt-math-l1-1-0.dll
 0001:000460bc       sin                        00000001800470bc f   ucrt:api-ms-win-crt-math-l1-1-0.dll
 0001:000460c2       _initterm                  00000001800470c2 f   ucrt:api-ms-win-crt-runtime-l1-1-0.dll
 0001:000460c8       _initterm_e                00000001800470c8 f   ucrt:api-ms-win-crt-runtime-l1-1-0.dll
 0001:000460ce       _seh_filter_dll            00000001800470ce f   ucrt:api-ms-win-crt-runtime-l1-1-0.dll
 0001:000460d4       _configure_narrow_argv     00000001800470d4 f   ucrt:api-ms-win-crt-runtime-l1-1-0.dll
 0001:000460da       _initialize_narrow_environment 00000001800470da f   ucrt:api-ms-win-crt-runtime-l1-1-0.dll
 0001:000460e0       _initialize_onexit_table   00000001800470e0 f   ucrt:api-ms-win-crt-runtime-l1-1-0.dll
 0001:000460e6       _register_onexit_function  00000001800470e6 f   ucrt:api-ms-win-crt-runtime-l1-1-0.dll
 0001:000460ec       _execute_onexit_table      00000001800470ec f   ucrt:api-ms-win-crt-runtime-l1-1-0.dll
 0001:000460f2       _crt_atexit                00000001800470f2 f   ucrt:api-ms-win-crt-runtime-l1-1-0.dll
 0001:000460f8       _crt_at_quick_exit         00000001800470f8 f   ucrt:api-ms-win-crt-runtime-l1-1-0.dll
 0001:000460fe       _cexit                     00000001800470fe f   ucrt:api-ms-win-crt-runtime-l1-1-0.dll
 0001:00046104       terminate                  0000000180047104 f   ucrt:api-ms-win-crt-runtime-l1-1-0.dll
 0001:0004610c       __acrt_initialize          000000018004710c f   MSVCRT:ucrt_stubs.obj
 0001:0004610c       __scrt_stub_for_acrt_initialize 000000018004710c f   MSVCRT:ucrt_stubs.obj
 0001:0004610c       __vcrt_initialize          000000018004710c f   MSVCRT:ucrt_stubs.obj
 0001:00046110       __acrt_thread_attach       0000000180047110 f   MSVCRT:ucrt_stubs.obj
 0001:00046110       __scrt_stub_for_acrt_thread_attach 0000000180047110 f   MSVCRT:ucrt_stubs.obj
 0001:00046110       __vcrt_thread_attach       0000000180047110 f   MSVCRT:ucrt_stubs.obj
 0001:00046114       __scrt_stub_for_acrt_thread_detach 0000000180047114 f   MSVCRT:ucrt_stubs.obj
 0001:00046114       __acrt_thread_detach       0000000180047114 f   MSVCRT:ucrt_stubs.obj
 0001:00046114       __vcrt_thread_detach       0000000180047114 f   MSVCRT:ucrt_stubs.obj
 0001:00046118       __acrt_uninitialize        0000000180047118 f   MSVCRT:ucrt_stubs.obj
 0001:00046118       __scrt_stub_for_acrt_uninitialize 0000000180047118 f   MSVCRT:ucrt_stubs.obj
 0001:00046118       __vcrt_uninitialize        0000000180047118 f   MSVCRT:ucrt_stubs.obj
 0001:0004611c       __acrt_uninitialize_critical 000000018004711c f   MSVCRT:ucrt_stubs.obj
 0001:0004611c       __scrt_stub_for_acrt_uninitialize_critical 000000018004711c f   MSVCRT:ucrt_stubs.obj
 0001:0004611c       __vcrt_uninitialize_critical 000000018004711c f   MSVCRT:ucrt_stubs.obj
 0001:00046120       __scrt_stub_for_is_c_termination_complete 0000000180047120 f   MSVCRT:ucrt_stubs.obj
 0001:00046120       _is_c_termination_complete 0000000180047120 f   MSVCRT:ucrt_stubs.obj
 0001:00046140       _guard_dispatch_icall_nop  0000000180047140 f   MSVCRT:_guard_dispatch_.obj
 0002:00000000       __imp_DisableThreadLibraryCalls 0000000180048000     kernel32:KERNEL32.dll
 0002:00000008       __imp_GetCurrentProcess    0000000180048008     kernel32:KERNEL32.dll
 0002:00000010       __imp_RtlCaptureContext    0000000180048010     kernel32:KERNEL32.dll
 0002:00000018       __imp_TerminateProcess     0000000180048018     kernel32:KERNEL32.dll
 0002:00000020       __imp_RtlLookupFunctionEntry 0000000180048020     kernel32:KERNEL32.dll
 0002:00000028       __imp_IsProcessorFeaturePresent 0000000180048028     kernel32:KERNEL32.dll
 0002:00000030       __imp_QueryPerformanceCounter 0000000180048030     kernel32:KERNEL32.dll
 0002:00000038       __imp_GetCurrentProcessId  0000000180048038     kernel32:KERNEL32.dll
 0002:00000040       __imp_GetCurrentThreadId   0000000180048040     kernel32:KERNEL32.dll
 0002:00000048       __imp_GetSystemTimeAsFileTime 0000000180048048     kernel32:KERNEL32.dll
 0002:00000050       __imp_InitializeSListHead  0000000180048050     kernel32:KERNEL32.dll
 0002:00000058       __imp_IsDebuggerPresent    0000000180048058     kernel32:KERNEL32.dll
 0002:00000060       __imp_GetStartupInfoW      0000000180048060     kernel32:KERNEL32.dll
 0002:00000068       __imp_GetModuleHandleW     0000000180048068     kernel32:KERNEL32.dll
 0002:00000070       __imp_UnhandledExceptionFilter 0000000180048070     kernel32:KERNEL32.dll
 0002:00000078       __imp_SetUnhandledExceptionFilter 0000000180048078     kernel32:KERNEL32.dll
 0002:00000080       __imp_RtlVirtualUnwind     0000000180048080     kernel32:KERNEL32.dll
 0002:00000088       \177KERNEL32_NULL_THUNK_DATA 0000000180048088     kernel32:KERNEL32.dll
 0002:00000090       __imp_memcpy               0000000180048090     vcruntime:VCRUNTIME140.dll
 0002:00000098       __imp___C_specific_handler 0000000180048098     vcruntime:VCRUNTIME140.dll
 0002:000000a0       __imp___std_type_info_destroy_list 00000001800480a0     vcruntime:VCRUNTIME140.dll
 0002:000000a8       __imp_memset               00000001800480a8     vcruntime:VCRUNTIME140.dll
 0002:000000b0       \177VCRUNTIME140_NULL_THUNK_DATA 00000001800480b0     vcruntime:VCRUNTIME140.dll
 0002:000000b8       __imp_free                 00000001800480b8     ucrt:api-ms-win-crt-heap-l1-1-0.dll
 0002:000000c0       __imp_malloc               00000001800480c0     ucrt:api-ms-win-crt-heap-l1-1-0.dll
 0002:000000c8       \177api-ms-win-crt-heap-l1-1-0_NULL_THUNK_DATA 00000001800480c8     ucrt:api-ms-win-crt-heap-l1-1-0.dll
 0002:000000d0       __imp_sin                  00000001800480d0     ucrt:api-ms-win-crt-math-l1-1-0.dll
 0002:000000d8       __imp_cos                  00000001800480d8     ucrt:api-ms-win-crt-math-l1-1-0.dll
 0002:000000e0       \177api-ms-win-crt-math-l1-1-0_NULL_THUNK_DATA 00000001800480e0     ucrt:api-ms-win-crt-math-l1-1-0.dll
 0002:000000e8       __imp__configure_narrow_argv 00000001800480e8     ucrt:api-ms-win-crt-runtime-l1-1-0.dll
 0002:000000f0       __imp__seh_filter_dll      00000001800480f0     ucrt:api-ms-win-crt-runtime-l1-1-0.dll
 0002:000000f8       __imp__initialize_onexit_table 00000001800480f8     ucrt:api-ms-win-crt-runtime-l1-1-0.dll
 0002:00000100       __imp__register_onexit_function 0000000180048100     ucrt:api-ms-win-crt-runtime-l1-1-0.dll
 0002:00000108       __imp__execute_onexit_table 0000000180048108     ucrt:api-ms-win-crt-runtime-l1-1-0.dll
 0002:00000110       __imp__crt_atexit          0000000180048110     ucrt:api-ms-win-crt-runtime-l1-1-0.dll
 0002:00000118       __imp__crt_at_quick_exit   0000000180048118     ucrt:api-ms-win-crt-runtime-l1-1-0.dll
 0002:00000120       __imp__cexit               0000000180048120     ucrt:api-ms-win-crt-runtime-l1-1-0.dll
 0002:00000128       __imp_terminate            0000000180048128     ucrt:api-ms-win-crt-runtime-l1-1-0.dll
 0002:00000130       __imp__initterm_e          0000000180048130     ucrt:api-ms-win-crt-runtime-l1-1-0.dll
 0002:00000138       __imp__initterm            0000000180048138     ucrt:api-ms-win-crt-runtime-l1-1-0.dll
 0002:00000140       __imp__initialize_narrow_environment 0000000180048140     ucrt:api-ms-win-crt-runtime-l1-1-0.dll
 0002:00000148       \177api-ms-win-crt-runtime-l1-1-0_NULL_THUNK_DATA 0000000180048148     ucrt:api-ms-win-crt-runtime-l1-1-0.dll
 0002:00000150       __imp___stdio_common_vsprintf 0000000180048150     ucrt:api-ms-win-crt-stdio-l1-1-0.dll
 0002:00000158       \177api-ms-win-crt-stdio-l1-1-0_NULL_THUNK_DATA 0000000180048158     ucrt:api-ms-win-crt-stdio-l1-1-0.dll
 0002:00000160       __imp_strcmp               0000000180048160     ucrt:api-ms-win-crt-string-l1-1-0.dll
 0002:00000168       \177api-ms-win-crt-string-l1-1-0_NULL_THUNK_DATA 0000000180048168     ucrt:api-ms-win-crt-string-l1-1-0.dll
 0002:00000170       __imp_emlrtNameCaptureMxArrayR2016a 0000000180048170     libemlrt:libemlrt.dll
 0002:00000178       \177libemlrt_NULL_THUNK_DATA 0000000180048178     libemlrt:libemlrt.dll
 0002:00000180       __imp_mexErrMsgTxt         0000000180048180     libmex:libmex.dll
 0002:00000188       __imp_mexWarnMsgTxt        0000000180048188     libmex:libmex.dll
 0002:00000190       __imp_mexCallMATLABWithObject 0000000180048190     libmex:libmex.dll
 0002:00000198       __imp_mexLock              0000000180048198     libmex:libmex.dll
 0002:000001a0       __imp_mexUnlock            00000001800481a0     libmex:libmex.dll
 0002:000001a8       __imp_mexIsLocked          00000001800481a8     libmex:libmex.dll
 0002:000001b0       __imp_mexMakeArrayPersistent 00000001800481b0     libmex:libmex.dll
 0002:000001b8       \177libmex_NULL_THUNK_DATA 00000001800481b8     libmex:libmex.dll
 0002:000001c0       __imp_muDoubleScalarSin    00000001800481c0     libmwmathutil:libmwmathutil.dll
 0002:000001c8       __imp_muDoubleScalarCos    00000001800481c8     libmwmathutil:libmwmathutil.dll
 0002:000001d0       __imp_muDoubleScalarIsNaN  00000001800481d0     libmwmathutil:libmwmathutil.dll
 0002:000001d8       __imp_muDoubleScalarAsin   00000001800481d8     libmwmathutil:libmwmathutil.dll
 0002:000001e0       __imp_muDoubleScalarAtan2  00000001800481e0     libmwmathutil:libmwmathutil.dll
 0002:000001e8       __imp_muDoubleScalarSqrt   00000001800481e8     libmwmathutil:libmwmathutil.dll
 0002:000001f0       __imp_muDoubleScalarMax    00000001800481f0     libmwmathutil:libmwmathutil.dll
 0002:000001f8       __imp_muDoubleScalarMin    00000001800481f8     libmwmathutil:libmwmathutil.dll
 0002:00000200       __imp_muDoubleScalarAbs    0000000180048200     libmwmathutil:libmwmathutil.dll
 0002:00000208       \177libmwmathutil_NULL_THUNK_DATA 0000000180048208     libmwmathutil:libmwmathutil.dll
 0002:00000210       __imp_mxGetN               0000000180048210     libmx:libmx.dll
 0002:00000218       __imp_mxIsComplex          0000000180048218     libmx:libmx.dll
 0002:00000220       __imp_mxIsNumeric          0000000180048220     libmx:libmx.dll
 0002:00000228       __imp_mxGetClassID         0000000180048228     libmx:libmx.dll
 0002:00000230       __imp_mxGetM               0000000180048230     libmx:libmx.dll
 0002:00000238       __imp_mxCalloc             0000000180048238     libmx:libmx.dll
 0002:00000240       __imp_mxCreateStructArray_730 0000000180048240     libmx:libmx.dll
 0002:00000248       __imp_mxCreateStructMatrix_730 0000000180048248     libmx:libmx.dll
 0002:00000250       __imp_mxCreateCellArray_730 0000000180048250     libmx:libmx.dll
 0002:00000258       __imp_mxCreateCellMatrix_730 0000000180048258     libmx:libmx.dll
 0002:00000260       __imp_mxCreateString       0000000180048260     libmx:libmx.dll
 0002:00000268       __imp_mxCreateDoubleScalar 0000000180048268     libmx:libmx.dll
 0002:00000270       __imp_mxSetField_730       0000000180048270     libmx:libmx.dll
 0002:00000278       __imp_mxDuplicateArray     0000000180048278     libmx:libmx.dll
 0002:00000280       __imp_mxGetString_730      0000000180048280     libmx:libmx.dll
 0002:00000288       __imp_mxCreateDoubleMatrix_730 0000000180048288     libmx:libmx.dll
 0002:00000290       __imp_mxDestroyArray       0000000180048290     libmx:libmx.dll
 0002:00000298       __imp_mxGetScalar          0000000180048298     libmx:libmx.dll
 0002:000002a0       __imp_mxGetPr              00000001800482a0     libmx:libmx.dll
 0002:000002a8       __imp_mxIsChar             00000001800482a8     libmx:libmx.dll
 0002:000002b0       \177libmx_NULL_THUNK_DATA  00000001800482b0     libmx:libmx.dll
 0002:000002b8       __imp_utMalloc             00000001800482b8     libut:libut.dll
 0002:000002c0       __imp_utFree               00000001800482c0     libut:libut.dll
 0002:000002c8       \177libut_NULL_THUNK_DATA  00000001800482c8     libut:libut.dll
 0002:000002d0       __imp_sf_integer_check     00000001800482d0     sf_runtime:sf_runtime.dll
 0002:000002d8       __imp_sf_mex_createstruct  00000001800482d8     sf_runtime:sf_runtime.dll
 0002:000002e0       __imp_sf_mex_addfield      00000001800482e0     sf_runtime:sf_runtime.dll
 0002:000002e8       __imp_sf_debug_api         00000001800482e8     sf_runtime:sf_runtime.dll
 0002:000002f0       __imp_sf_debug_terminate   00000001800482f0     sf_runtime:sf_runtime.dll
 0002:000002f8       __imp_sf_debug_create_debug_instance_struct 00000001800482f8     sf_runtime:sf_runtime.dll
 0002:00000300       __imp_sf_clear_error_manager_info 0000000180048300     sf_runtime:sf_runtime.dll
 0002:00000308       __imp_sf_mex_error_direct_call 0000000180048308     sf_runtime:sf_runtime.dll
 0002:00000310       __imp_call_sf_machine_global_method_dispatcher 0000000180048310     sf_runtime:sf_runtime.dll
 0002:00000318       __imp_callMdlMethodAndReportError 0000000180048318     sf_runtime:sf_runtime.dll
 0002:00000320       __imp_sf_set_compiledInfo  0000000180048320     sf_runtime:sf_runtime.dll
 0002:00000328       __imp_sf_get_isEnhancedMooreMachine 0000000180048328     sf_runtime:sf_runtime.dll
 0002:00000330       __imp_cv_script_init_relational 0000000180048330     sf_runtime:sf_runtime.dll
 0002:00000338       __imp_sf_debug_symbol_switch 0000000180048338     sf_runtime:sf_runtime.dll
 0002:00000340       __imp_cv_eml_init_mcdc     0000000180048340     sf_runtime:sf_runtime.dll
 0002:00000348       __imp_sf_debug_set_script_translation 0000000180048348     sf_runtime:sf_runtime.dll
 0002:00000350       __imp_sf_debug_get_script_id 0000000180048350     sf_runtime:sf_runtime.dll
 0002:00000358       __imp_sf_debug_cv_init_state 0000000180048358     sf_runtime:sf_runtime.dll
 0002:00000360       __imp_sf_debug_cv_init_chart 0000000180048360     sf_runtime:sf_runtime.dll
 0002:00000368       __imp_sf_debug_cv_init_trans 0000000180048368     sf_runtime:sf_runtime.dll
 0002:00000370       __imp_sf_debug_data_range_wrapper 0000000180048370     sf_runtime:sf_runtime.dll
 0002:00000378       __imp_sf_debug_set_chart_substate_count 0000000180048378     sf_runtime:sf_runtime.dll
 0002:00000380       __imp_sf_debug_set_chart_decomposition 0000000180048380     sf_runtime:sf_runtime.dll
 0002:00000388       __imp_sf_debug_set_chart_state_info 0000000180048388     sf_runtime:sf_runtime.dll
 0002:00000390       __imp_sf_debug_set_chart_event_thresholds 0000000180048390     sf_runtime:sf_runtime.dll
 0002:00000398       __imp_cv_script_init_switch 0000000180048398     sf_runtime:sf_runtime.dll
 0002:000003a0       __imp_sf_get_ChartInfoStruct_CodeGen 00000001800483a0     sf_runtime:sf_runtime.dll
 0002:000003a8       __imp_sf_debug_set_chart_disable_implicit_casting 00000001800483a8     sf_runtime:sf_runtime.dll
 0002:000003b0       __imp_sf_debug_set_instance_data_value_ptr 00000001800483b0     sf_runtime:sf_runtime.dll
 0002:000003b8       __imp_sf_debug_symbol_scope_add_eml_importable 00000001800483b8     sf_runtime:sf_runtime.dll
 0002:000003c0       __imp_sf_debug_symbol_scope_add_eml 00000001800483c0     sf_runtime:sf_runtime.dll
 0002:000003c8       __imp_sf_debug_symbol_scope_pop 00000001800483c8     sf_runtime:sf_runtime.dll
 0002:000003d0       __imp_sf_debug_symbol_scope_push_eml 00000001800483d0     sf_runtime:sf_runtime.dll
 0002:000003d8       __imp_sf_debug_symbol_scope_push 00000001800483d8     sf_runtime:sf_runtime.dll
 0002:000003e0       __imp_sf_debug_set_chart_data_compiled_props 00000001800483e0     sf_runtime:sf_runtime.dll
 0002:000003e8       __imp_sf_debug_set_chart_data_props 00000001800483e8     sf_runtime:sf_runtime.dll
 0002:000003f0       __imp_sf_debug_check_for_state_inconsistency 00000001800483f0     sf_runtime:sf_runtime.dll
 0002:000003f8       __imp_sf_debug_reset_current_state_configuration 00000001800483f8     sf_runtime:sf_runtime.dll
 0002:00000400       __imp_cv_script_init_if    0000000180048400     sf_runtime:sf_runtime.dll
 0002:00000408       __imp_cv_script_init_fcn   0000000180048408     sf_runtime:sf_runtime.dll
 0002:00000410       __imp_cv_script_init_script 0000000180048410     sf_runtime:sf_runtime.dll
 0002:00000418       __imp_cv_script_eval       0000000180048418     sf_runtime:sf_runtime.dll
 0002:00000420       __imp_cv_eml_init_relational 0000000180048420     sf_runtime:sf_runtime.dll
 0002:00000428       __imp_cv_eml_init_if       0000000180048428     sf_runtime:sf_runtime.dll
 0002:00000430       __imp_cv_eml_init_fcn      0000000180048430     sf_runtime:sf_runtime.dll
 0002:00000438       __imp_cv_eml_init_script   0000000180048438     sf_runtime:sf_runtime.dll
 0002:00000440       __imp_cv_eval_relational   0000000180048440     sf_runtime:sf_runtime.dll
 0002:00000448       __imp_cv_eml_eval          0000000180048448     sf_runtime:sf_runtime.dll
 0002:00000450       __imp_eml_debug_line_call  0000000180048450     sf_runtime:sf_runtime.dll
 0002:00000458       __imp_sf_debug_call        0000000180048458     sf_runtime:sf_runtime.dll
 0002:00000460       __imp_sf_debug_initialize_chart 0000000180048460     sf_runtime:sf_runtime.dll
 0002:00000468       __imp_ssGetOutputPortSignal_wrapper 0000000180048468     sf_runtime:sf_runtime.dll
 0002:00000470       __imp_ssGetInputPortSignal_wrapper 0000000180048470     sf_runtime:sf_runtime.dll
 0002:00000478       __imp_sf_mex_decode_encoded_mx_struct_array 0000000180048478     sf_runtime:sf_runtime.dll
 0002:00000480       __imp_sf_mex_import        0000000180048480     sf_runtime:sf_runtime.dll
 0002:00000488       __imp_sf_mex_destroy       0000000180048488     sf_runtime:sf_runtime.dll
 0002:00000490       __imp_sf_mex_dup           0000000180048490     sf_runtime:sf_runtime.dll
 0002:00000498       __imp_sf_mex_assign        0000000180048498     sf_runtime:sf_runtime.dll
 0002:000004a0       __imp_sf_mex_getcell       00000001800484a0     sf_runtime:sf_runtime.dll
 0002:000004a8       __imp_sf_mex_setcell       00000001800484a8     sf_runtime:sf_runtime.dll
 0002:000004b0       __imp_sf_mex_createcellmatrix 00000001800484b0     sf_runtime:sf_runtime.dll
 0002:000004b8       __imp_sf_mex_create        00000001800484b8     sf_runtime:sf_runtime.dll
 0002:000004c0       __imp_sf_mex_error_message 00000001800484c0     sf_runtime:sf_runtime.dll
 0002:000004c8       __imp_sf_mex_call_debug    00000001800484c8     sf_runtime:sf_runtime.dll
 0002:000004d0       __imp_sf_register_codegen_names_for_scoped_functions_defined_by_chart 00000001800484d0     sf_runtime:sf_runtime.dll
 0002:000004d8       __imp_sf_set_chart_accesses_machine_info 00000001800484d8     sf_runtime:sf_runtime.dll
 0002:000004e0       __imp_sf_is_first_init_cond 00000001800484e0     sf_runtime:sf_runtime.dll
 0002:000004e8       __imp_sf_get_time          00000001800484e8     sf_runtime:sf_runtime.dll
 0002:000004f0       __imp_sf_set_rtw_dwork_info 00000001800484f0     sf_runtime:sf_runtime.dll
 0002:000004f8       __imp_sf_clear_rtw_identifier 00000001800484f8     sf_runtime:sf_runtime.dll
 0002:00000500       __imp_sim_mode_is_modelref_sim 0000000180048500     sf_runtime:sf_runtime.dll
 0002:00000508       __imp_sim_mode_is_external 0000000180048508     sf_runtime:sf_runtime.dll
 0002:00000510       __imp_sim_mode_is_rtw_gen  0000000180048510     sf_runtime:sf_runtime.dll
 0002:00000518       __imp_sf_mark_chart_expressionable_inputs 0000000180048518     sf_runtime:sf_runtime.dll
 0002:00000520       __imp_sf_mark_chart_reusable_outputs 0000000180048520     sf_runtime:sf_runtime.dll
 0002:00000528       __imp_sf_is_chart_inlinable 0000000180048528     sf_runtime:sf_runtime.dll
 0002:00000530       __imp_sf_update_buildInfo  0000000180048530     sf_runtime:sf_runtime.dll
 0002:00000538       __imp_sf_rtw_info_uint_prop 0000000180048538     sf_runtime:sf_runtime.dll
 0002:00000540       __imp_sf_get_chart_instance_ptr 0000000180048540     sf_runtime:sf_runtime.dll
 0002:00000548       __imp_sf_free_ChartRunTimeInfo 0000000180048548     sf_runtime:sf_runtime.dll
 0002:00000550       __imp_sf_init_ChartRunTimeInfo 0000000180048550     sf_runtime:sf_runtime.dll
 0002:00000558       __imp_sf_debug_set_machine_data_thresholds 0000000180048558     sf_runtime:sf_runtime.dll
 0002:00000560       __imp_sf_debug_set_machine_event_thresholds 0000000180048560     sf_runtime:sf_runtime.dll
 0002:00000568       __imp_sf_debug_initialize_machine 0000000180048568     sf_runtime:sf_runtime.dll
 0002:00000570       __imp_sf_load_rtw_optimization_info 0000000180048570     sf_runtime:sf_runtime.dll
 0002:00000578       \177sf_runtime_NULL_THUNK_DATA 0000000180048578     sf_runtime:sf_runtime.dll
 0002:00000580       __guard_check_icall_fptr   0000000180048580     MSVCRT:guard_support.obj
 0002:00000588       __guard_dispatch_icall_fptr 0000000180048588     MSVCRT:guard_support.obj
 0002:00000590       __xc_a                     0000000180048590     MSVCRT:initializers.obj
 0002:00000598       __xc_z                     0000000180048598     MSVCRT:initializers.obj
 0002:000005a0       __xi_a                     00000001800485a0     MSVCRT:initializers.obj
 0002:000005a8       __xi_z                     00000001800485a8     MSVCRT:initializers.obj
 0002:000005b0       __xp_a                     00000001800485b0     MSVCRT:initializers.obj
 0002:000005b8       __xp_z                     00000001800485b8     MSVCRT:initializers.obj
 0002:000005c0       __xt_a                     00000001800485c0     MSVCRT:initializers.obj
 0002:000005c8       __xt_z                     00000001800485c8     MSVCRT:initializers.obj
 0002:000005d0       ??_C@_0BB@FLJEPEHM@sf_get_check_sum?$AA@ 00000001800485d0     RightInvariant_EKF_sfun.obj
 0002:000005e8       ??_C@_07MHDNFCJE@machine?$AA@ 00000001800485e8     RightInvariant_EKF_sfun.obj
 0002:000005f0       ??_C@_05PGKDIPIO@chart?$AA@ 00000001800485f0     RightInvariant_EKF_sfun.obj
 0002:000005f8       ??_C@_06JJLAMBGK@target?$AA@ 00000001800485f8     RightInvariant_EKF_sfun.obj
 0002:00000600       ??_C@_0BJ@FMGCKEMJ@get_autoinheritance_info?$AA@ 0000000180048600     RightInvariant_EKF_sfun.obj
 0002:00000620       ??_C@_0BH@KPDHADII@cDssarRYE4MmcIMu2238WF?$AA@ 0000000180048620     RightInvariant_EKF_sfun.obj
 0002:00000638       ??_C@_0BH@OHMGGNNF@ZG2eaketZJedU4skUn79uC?$AA@ 0000000180048638     RightInvariant_EKF_sfun.obj
 0002:00000650       ??_C@_0CA@EADCEDHE@get_eml_resolved_functions_info?$AA@ 0000000180048650     RightInvariant_EKF_sfun.obj
 0002:00000670       ??_C@_0BK@OHOOMENA@get_third_party_uses_info?$AA@ 0000000180048670     RightInvariant_EKF_sfun.obj
 0002:00000690       ??_C@_0BI@KMKFCNOM@s68KJL4KQMPJgncb37M5v2G?$AA@ 0000000180048690     RightInvariant_EKF_sfun.obj
 0002:000006a8       ??_C@_0BI@DMDHGLPE@sIsERV9pAUW4VxZZDP1pwUC?$AA@ 00000001800486a8     RightInvariant_EKF_sfun.obj
 0002:000006c0       ??_C@_0BG@LBHKCKOM@get_jit_fallback_info?$AA@ 00000001800486c0     RightInvariant_EKF_sfun.obj
 0002:000006d8       ??_C@_0BO@DEKBDHJJ@get_updateBuildInfo_args_info?$AA@ 00000001800486d8     RightInvariant_EKF_sfun.obj
 0002:000006f8       ??_C@_04DAKGNGLA@sfun?$AA@ 00000001800486f8     RightInvariant_EKF_sfun.obj
 0002:00000700       ??_C@_0BD@FNHBMCKI@RightInvariant_EKF?$AA@ 0000000180048700     RightInvariant_EKF_sfun.obj
 0002:00000714       ??_C@_01DGKLNCNG@R?$AA@    0000000180048714     c2_RightInvariant_EKF.obj
 0002:00000718       ??_C@_01JBBJJEPG@p?$AA@    0000000180048718     c2_RightInvariant_EKF.obj
 0002:0000071c       ??_C@_01MHEDDDHA@v?$AA@    000000018004871c     c2_RightInvariant_EKF.obj
 0002:00000720       ??_C@_02MHONHKMH@dR?$AA@   0000000180048720     c2_RightInvariant_EKF.obj
 0002:00000724       ??_C@_02BDKMEFBI@dL?$AA@   0000000180048724     c2_RightInvariant_EKF.obj
 0002:00000728       ??_C@_06ODCJABFF@nargin?$AA@ 0000000180048728     c2_RightInvariant_EKF.obj
 0002:00000730       ??_C@_07GFKJCDMF@nargout?$AA@ 0000000180048730     c2_RightInvariant_EKF.obj
 0002:00000738       ??_C@_0L@JPALPDGI@quaternion?$AA@ 0000000180048738     c2_RightInvariant_EKF.obj
 0002:00000748       ??_C@_08ICEJNDOI@velocity?$AA@ 0000000180048748     c2_RightInvariant_EKF.obj
 0002:00000758       ??_C@_08LKLCDGHD@encoders?$AA@ 0000000180048758     c2_RightInvariant_EKF.obj
 0002:00000768       ??_C@_07FLDMKAK@contact?$AA@ 0000000180048768     c2_RightInvariant_EKF.obj
 0002:00000770       ??_C@_06MMPPOECC@X_init?$AA@ 0000000180048770     c2_RightInvariant_EKF.obj
 0002:00000778       ??_C@_02JGAADCOE@Ax?$AA@   0000000180048778     c2_RightInvariant_EKF.obj
 0002:0000077c       ??_C@_02CMOIPKPK@qv?$AA@   000000018004877c     c2_RightInvariant_EKF.obj
 0002:00000780       ??_C@_02DFPDMLLL@qw?$AA@   0000000180048780     c2_RightInvariant_EKF.obj
 0002:00000784       ??_C@_01IIACKFLH@q?$AA@    0000000180048784     c2_RightInvariant_EKF.obj
 0002:00000788       ??_C@_04FNPNDGGH@var1?$AA@ 0000000180048788     c2_RightInvariant_EKF.obj
 0002:00000790       ??_C@_07INGDFFIF@output1?$AA@ 0000000180048790     c2_RightInvariant_EKF.obj
 0002:00000798       ??_C@_01EANLCPLP@y?$AA@    0000000180048798     c2_RightInvariant_EKF.obj
 0002:000007a0       ??_C@_0CA@BGDOJII@is_active_c2_RightInvariant_EKF?$AA@ 00000001800487a0     c2_RightInvariant_EKF.obj
 0002:000007c0       ??_C@_0HB@LIFHLFJL@C?3?2Users?2Ross?5Hartley?2Documents?2@ 00000001800487c0     c2_RightInvariant_EKF.obj
 0002:00000840       ??_C@_0FP@OPJECDPA@C?3?2Users?2Ross?5Hartley?2Documents?2@ 0000000180048840     c2_RightInvariant_EKF.obj
 0002:000008a0       ??_C@_0IA@MNALAMBH@C?3?2Users?2Ross?5Hartley?2Documents?2@ 00000001800488a0     c2_RightInvariant_EKF.obj
 0002:00000920       ??_C@_0IB@HEIOOLIC@C?3?2Users?2Ross?5Hartley?2Documents?2@ 0000000180048920     c2_RightInvariant_EKF.obj
 0002:000009b0       ??_C@_0BAB@CPPFKGK@789ced56d16ed330147551a940138827@ 00000001800489b0     c2_RightInvariant_EKF.obj
 0002:00000ac0       ??_C@_0BAB@IFGPDJNF@e589e67404c807cec8189c59a4eb1268@ 0000000180048ac0     c2_RightInvariant_EKF.obj
 0002:00000bd0       ??_C@_0BAB@PHNDIDGB@5f1098e20ab3030a9ee0587585167466@ 0000000180048bd0     c2_RightInvariant_EKF.obj
 0002:00000ce0       ??_C@_0BAB@KIBNFAJH@9ff2214c1679b6f5e5f70cbe95e25bd7@ 0000000180048ce0     c2_RightInvariant_EKF.obj
 0002:00000df0       ??_C@_0HL@HHMAIOEI@5dd5b59cceb13cfffb527bc8747bfd25@ 0000000180048df0     c2_RightInvariant_EKF.obj
 0002:00000e6b       ??_C@_00CNPNBAHC@?$AA@     0000000180048e6b     c2_RightInvariant_EKF.obj
 0002:00000e70       ??_C@_07ONPBMBOP@message?$AA@ 0000000180048e70     c2_RightInvariant_EKF.obj
 0002:00000e78       ??_C@_05KKCIMGE@error?$AA@ 0000000180048e78     c2_RightInvariant_EKF.obj
 0002:00000e80       ??_C@_08DNPJAFPH@checksum?$AA@ 0000000180048e80     c2_RightInvariant_EKF.obj
 0002:00000e8c       ??_C@_06LMJKBNEF@inputs?$AA@ 0000000180048e8c     c2_RightInvariant_EKF.obj
 0002:00000e98       ??_C@_0L@HHPOFMCB@parameters?$AA@ 0000000180048e98     c2_RightInvariant_EKF.obj
 0002:00000ea8       ??_C@_07EPCMHIAC@outputs?$AA@ 0000000180048ea8     c2_RightInvariant_EKF.obj
 0002:00000eb0       ??_C@_06MPPADOBF@locals?$AA@ 0000000180048eb0     c2_RightInvariant_EKF.obj
 0002:00000eb8       ??_C@_0BA@GNIFLIGG@postCodegenInfo?$AA@ 0000000180048eb8     c2_RightInvariant_EKF.obj
 0002:00000ec8       ??_C@_04IAGNFIBA@size?$AA@ 0000000180048ec8     c2_RightInvariant_EKF.obj
 0002:00000ed0       ??_C@_04GPMDFGEJ@type?$AA@ 0000000180048ed0     c2_RightInvariant_EKF.obj
 0002:00000ed8       ??_C@_0L@EKHILPHI@complexity?$AA@ 0000000180048ed8     c2_RightInvariant_EKF.obj
 0002:00000ee4       ??_C@_04BHIIPFEC@base?$AA@ 0000000180048ee4     c2_RightInvariant_EKF.obj
 0002:00000eec       ??_C@_05LFJLPLPG@fixpt?$AA@ 0000000180048eec     c2_RightInvariant_EKF.obj
 0002:00000ef8       ??_C@_0BB@IBODCOLK@isFixedPointType?$AA@ 0000000180048ef8     c2_RightInvariant_EKF.obj
 0002:00000f10       ??_C@_0N@FNBJKNNB@fallbackType?$AA@ 0000000180048f10     c2_RightInvariant_EKF.obj
 0002:00000f20       ??_C@_0P@LHIHPNIN@fallbackReason?$AA@ 0000000180048f20     c2_RightInvariant_EKF.obj
 0002:00000f30       ??_C@_0BD@JNJMKOMN@hiddenFallbackType?$AA@ 0000000180048f30     c2_RightInvariant_EKF.obj
 0002:00000f48       ??_C@_0BF@MIPJDBOP@hiddenFallbackReason?$AA@ 0000000180048f48     c2_RightInvariant_EKF.obj
 0002:00000f60       ??_C@_0BD@MBPFBLBL@incompatibleSymbol?$AA@ 0000000180048f60     c2_RightInvariant_EKF.obj
 0002:00000f74       ??_C@_04KNPHFNKG@late?$AA@ 0000000180048f74     c2_RightInvariant_EKF.obj
 0002:00000f80       ??_C@_0BC@DKPECNGA@ir_function_calls?$AA@ 0000000180048f80     c2_RightInvariant_EKF.obj
 0002:00000f98       ??_C@_0CB@EBGIKAGN@p_VectorNav_to_LeftToeBottom_src@ 0000000180048f98     c2_RightInvariant_EKF.obj
 0002:00000fc0       ??_C@_0CB@OGALNHBM@exportedFunctionsUsedByThisChart@ 0000000180048fc0     c2_RightInvariant_EKF.obj
 0002:00000fe8       ??_C@_0BK@PBMGMDMC@exportedFunctionsChecksum?$AA@ 0000000180048fe8     c2_RightInvariant_EKF.obj
 0002:00001008       ??_C@_0O@MGONKHEL@chartChecksum?$AA@ 0000000180049008     c2_RightInvariant_EKF.obj
 0002:00001018       ??_C@_07LLOMCJOI@varInfo?$AA@ 0000000180049018     c2_RightInvariant_EKF.obj
 0002:00001020       ??_C@_0HA@CKIDPIJJ@100?5S1x2?8type?8?0?8srcId?8?0?8name?8?0?8a@ 0000000180049020     c2_RightInvariant_EKF.obj
 0002:00001090       ??_C@_0P@FJGKMAOK@eML_blk_kernel?$AA@ 0000000180049090     c2_RightInvariant_EKF.obj
 0002:000010a0       ??_C@_0BH@CPLKEBHN@Quaternion_to_Rotation?$AA@ 00000001800490a0     c2_RightInvariant_EKF.obj
 0002:000010b8       ??_C@_04EFOKAEAF@skew?$AA@ 00000001800490b8     c2_RightInvariant_EKF.obj
 0002:000010c0       ??_C@_0BN@LEKPEEPE@p_VectorNav_to_LeftToeBottom?$AA@ 00000001800490c0     c2_RightInvariant_EKF.obj
 0002:000010e0       ??_C@_0BO@OKCFKHJ@p_VectorNav_to_RightToeBottom?$AA@ 00000001800490e0     c2_RightInvariant_EKF.obj
 0002:00001100       ??_C@_0CE@GCOMPGOI@gatewayCannotBeInlinedMultipleTi@ 0000000180049100     c2_RightInvariant_EKF.obj
 0002:00001128       ??_C@_0BA@MNMMMMOJ@Embedded?5MATLAB?$AA@ 0000000180049128     c2_RightInvariant_EKF.obj
 0002:00001138       ??_C@_0BD@LODGPJN@StateflowChartType?$AA@ 0000000180049138     c2_RightInvariant_EKF.obj
 0002:00001150       ??_C@_0CO@DMGIOHMB@Could?5not?5allocate?5memory?5for?5ch@ 0000000180049150     c2_RightInvariant_EKF.obj
 0002:00001180       ??_C@_0GK@NMDGMLCG@Stateflow?5Internal?5Error?3?6Error?5@ 0000000180049180     c2_RightInvariant_EKF.obj
 0002:000011f0       __real@3ff0000000000000    00000001800491f0     c2_RightInvariant_EKF.obj
 0002:000011f8       __real@4000000000000000    00000001800491f8     c2_RightInvariant_EKF.obj
 0002:00001200       __real@4010000000000000    0000000180049200     c2_RightInvariant_EKF.obj
 0002:00001208       __real@4024000000000000    0000000180049208     c2_RightInvariant_EKF.obj
 0002:00001210       __xmm@80000000000000008000000000000000 0000000180049210     c2_RightInvariant_EKF.obj
 0002:00001220       ??_C@_0BB@BDHKFOPE@use_ekf_position?$AA@ 0000000180049220     c40_RightInvariant_EKF.obj
 0002:00001238       ??_C@_0BE@OOIAGGJA@use_ekf_orientation?$AA@ 0000000180049238     c40_RightInvariant_EKF.obj
 0002:00001250       ??_C@_0BB@HBFPLHBJ@use_ekf_velocity?$AA@ 0000000180049250     c40_RightInvariant_EKF.obj
 0002:00001264       ??_C@_01KGKMHCOC@e?$AA@    0000000180049264     c40_RightInvariant_EKF.obj
 0002:00001268       ??_C@_05BANLMIBE@e_dot?$AA@ 0000000180049268     c40_RightInvariant_EKF.obj
 0002:00001270       ??_C@_02IIDEOLE@pL?$AA@    0000000180049270     c40_RightInvariant_EKF.obj
 0002:00001274       ??_C@_04LAMNDPKH@J_pL?$AA@ 0000000180049274     c40_RightInvariant_EKF.obj
 0002:0000127c       ??_C@_02NMMCHBGL@pR?$AA@   000000018004927c     c40_RightInvariant_EKF.obj
 0002:00001280       ??_C@_04GEIMAAHI@J_pR?$AA@ 0000000180049280     c40_RightInvariant_EKF.obj
 0002:00001288       ??_C@_03EANDCIGK@Rbi?$AA@  0000000180049288     c40_RightInvariant_EKF.obj
 0002:0000128c       ??_C@_03FKDOEJPB@Rwi?$AA@  000000018004928c     c40_RightInvariant_EKF.obj
 0002:00001290       ??_C@_03LJMKJADK@Rwb?$AA@  0000000180049290     c40_RightInvariant_EKF.obj
 0002:00001294       ??_C@_02HJEEANKG@dq?$AA@   0000000180049294     c40_RightInvariant_EKF.obj
 0002:00001298       ??_C@_01NOFIACDB@w?$AA@    0000000180049298     c40_RightInvariant_EKF.obj
 0002:0000129c       ??_C@_01MMEEDKFM@X?$AA@    000000018004929c     c40_RightInvariant_EKF.obj
 0002:000012a0       ??_C@_0M@GLJJEHAC@ekf_enabled?$AA@ 00000001800492a0     c40_RightInvariant_EKF.obj
 0002:000012b0       ??_C@_0BD@PDDJJPEM@velocity_kinematic?$AA@ 00000001800492b0     c40_RightInvariant_EKF.obj
 0002:000012c8       ??_C@_0BA@OOFKGDDE@filter_selector?$AA@ 00000001800492c8     c40_RightInvariant_EKF.obj
 0002:000012d8       ??_C@_05FECKLAFM@theta?$AA@ 00000001800492d8     c40_RightInvariant_EKF.obj
 0002:000012e0       ??_C@_03IBHELMNB@ypr?$AA@  00000001800492e0     c40_RightInvariant_EKF.obj
 0002:000012e8       ??_C@_0CB@EHPCGEDM@is_active_c40_RightInvariant_EKF@ 00000001800492e8     c40_RightInvariant_EKF.obj
 0002:00001310       ??_C@_0IA@EOAJAKEM@C?3?2Users?2Ross?5Hartley?2Documents?2@ 0000000180049310     c40_RightInvariant_EKF.obj
 0002:00001390       ??_C@_0IB@IILEGBPI@C?3?2Users?2Ross?5Hartley?2Documents?2@ 0000000180049390     c40_RightInvariant_EKF.obj
 0002:00001420       ??_C@_0HJ@HDIGLNAN@C?3?2Users?2Ross?5Hartley?2Documents?2@ 0000000180049420     c40_RightInvariant_EKF.obj
 0002:000014a0       ??_C@_0HJ@FEGLIPHI@C?3?2Users?2Ross?5Hartley?2Documents?2@ 00000001800494a0     c40_RightInvariant_EKF.obj
 0002:00001520       ??_C@_0GM@CDFMJOMH@C?3?2Users?2Ross?5Hartley?2Documents?2@ 0000000180049520     c40_RightInvariant_EKF.obj
 0002:00001590       ??_C@_0FN@DDJAIALN@C?3?2Users?2Ross?5Hartley?2Documents?2@ 0000000180049590     c40_RightInvariant_EKF.obj
 0002:000015f0       ??_C@_0FN@CBCFCPFD@C?3?2Users?2Ross?5Hartley?2Documents?2@ 00000001800495f0     c40_RightInvariant_EKF.obj
 0002:00001650       ??_C@_0FN@JJJJEIDG@C?3?2Users?2Ross?5Hartley?2Documents?2@ 0000000180049650     c40_RightInvariant_EKF.obj
 0002:000016b0       ??_C@_0BAB@INKEBMJJ@789ced984d6fda300086cdd455abaa4d@ 00000001800496b0     c40_RightInvariant_EKF.obj
 0002:000017c0       ??_C@_0BAB@EBGBBAPL@4a459021186c55248b8aa09053438540@ 00000001800497c0     c40_RightInvariant_EKF.obj
 0002:000018d0       ??_C@_0BAB@DAJEMMLL@fee843f42d53c050c30c8f307e991434@ 00000001800498d0     c40_RightInvariant_EKF.obj
 0002:000019e0       ??_C@_0BAB@MEHPPMIN@f65e5bdaf34d680f58f66e8e5f243fec@ 00000001800499e0     c40_RightInvariant_EKF.obj
 0002:00001af0       ??_C@_0BAB@IJLFMPOH@24bc58ab8f2d288b584f3edbfc54ff83@ 0000000180049af0     c40_RightInvariant_EKF.obj
 0002:00001c00       ??_C@_0BAB@KHNEIMJ@b0b7b7e70fed1c7702398d7091e5e345@ 0000000180049c00     c40_RightInvariant_EKF.obj
 0002:00001d10       ??_C@_0PH@GPNLHDKC@ef58f2cecae157077fc9e62fddeef5e2@ 0000000180049d10     c40_RightInvariant_EKF.obj
 0002:00001e10       ??_C@_0NP@ICBBFDIN@100?5S1x6?8type?8?0?8srcId?8?0?8name?8?0?8a@ 0000000180049e10     c40_RightInvariant_EKF.obj
 0002:00001ef0       ??_C@_0BN@IMFEKCFA@J_VectorNav_to_LeftToeBottom?$AA@ 0000000180049ef0     c40_RightInvariant_EKF.obj
 0002:00001f10       ??_C@_0BO@NPCBMGGO@J_VectorNav_to_RightToeBottom?$AA@ 0000000180049f10     c40_RightInvariant_EKF.obj
 0002:00001f30       ??_C@_0BG@ENNCCMCN@R_VectorNav_to_Pelvis?$AA@ 0000000180049f30     c40_RightInvariant_EKF.obj
 0002:00001f48       ??_C@_0BG@OLBNHHGO@p_VectorNav_to_Pelvis?$AA@ 0000000180049f48     c40_RightInvariant_EKF.obj
 0002:00001f60       ??_C@_0BC@EMLOPBGD@Euler_to_Rotation?$AA@ 0000000180049f60     c40_RightInvariant_EKF.obj
 0002:00001f74       ??_C@_02LKFGENEP@Rz?$AA@   0000000180049f74     c40_RightInvariant_EKF.obj
 0002:00001f78       ??_C@_02JBHLBOIM@Ry?$AA@   0000000180049f78     c40_RightInvariant_EKF.obj
 0002:00001f7c       ??_C@_02IIGACPMN@Rx?$AA@   0000000180049f7c     c40_RightInvariant_EKF.obj
[...]
 0004:000014e8       $pdata$disable_c42_StateEstimation 00000001800554e8     StateEstimation_sfun:c42_StateEstimation.obj
 0004:000014f4       $pdata$enable_c42_StateEstimation 00000001800554f4     StateEstimation_sfun:c42_StateEstimation.obj
 0004:00001500       $pdata$get_sim_state_c42_StateEstimation 0000000180055500     StateEstimation_sfun:c42_StateEstimation.obj
 0004:0000150c       $pdata$init_script_number_translation 000000018005550c     StateEstimation_sfun:c42_StateEstimation.obj
 0004:00001518       $pdata$init_simulink_io_address 0000000180055518     StateEstimation_sfun:c42_StateEstimation.obj
 0004:00001524       $pdata$initialize_c42_StateEstimation 0000000180055524     StateEstimation_sfun:c42_StateEstimation.obj
 0004:00001530       $pdata$mdlProcessParameters_c42_StateEstimation 0000000180055530     StateEstimation_sfun:c42_StateEstimation.obj
 0004:0000153c       $pdata$0$mdlProcessParameters_c42_StateEstimation 000000018005553c     StateEstimation_sfun:c42_StateEstimation.obj
 0004:00001548       $pdata$1$mdlProcessParameters_c42_StateEstimation 0000000180055548     StateEstimation_sfun:c42_StateEstimation.obj
 0004:00001554       $pdata$2$mdlProcessParameters_c42_StateEstimation 0000000180055554     StateEstimation_sfun:c42_StateEstimation.obj
 0004:00001560       $pdata$3$mdlProcessParameters_c42_StateEstimation 0000000180055560     StateEstimation_sfun:c42_StateEstimation.obj
 0004:0000156c       $pdata$mdlRTW_c42_StateEstimation 000000018005556c     StateEstimation_sfun:c42_StateEstimation.obj
 0004:00001578       $pdata$mdlSetWorkWidths_c42_StateEstimation 0000000180055578     StateEstimation_sfun:c42_StateEstimation.obj
 0004:00001584       $pdata$2$mdlSetWorkWidths_c42_StateEstimation 0000000180055584     StateEstimation_sfun:c42_StateEstimation.obj
 0004:00001590       $pdata$3$mdlSetWorkWidths_c42_StateEstimation 0000000180055590     StateEstimation_sfun:c42_StateEstimation.obj
 0004:0000159c       $pdata$4$mdlSetWorkWidths_c42_StateEstimation 000000018005559c     StateEstimation_sfun:c42_StateEstimation.obj
 0004:000015a8       $pdata$mdlStart_c42_StateEstimation 00000001800555a8     StateEstimation_sfun:c42_StateEstimation.obj
 0004:000015b4       $pdata$set_sim_state_c42_StateEstimation 00000001800555b4     StateEstimation_sfun:c42_StateEstimation.obj
 0004:000015c0       $pdata$sf_c42_StateEstimation_get_autoinheritance_info 00000001800555c0     StateEstimation_sfun:c42_StateEstimation.obj
 0004:000015cc       $pdata$sf_c42_StateEstimation_get_check_sum 00000001800555cc     StateEstimation_sfun:c42_StateEstimation.obj
 0004:000015d8       $pdata$sf_c42_StateEstimation_get_eml_resolved_functions_info 00000001800555d8     StateEstimation_sfun:c42_StateEstimation.obj
 0004:000015e4       $pdata$sf_c42_StateEstimation_get_post_codegen_info 00000001800555e4     StateEstimation_sfun:c42_StateEstimation.obj
 0004:000015f0       $pdata$sf_c42_StateEstimation_jit_fallback_info 00000001800555f0     StateEstimation_sfun:c42_StateEstimation.obj
 0004:000015fc       $pdata$sf_gateway_c42_StateEstimation 00000001800555fc     StateEstimation_sfun:c42_StateEstimation.obj
 0004:00001608       $pdata$sf_get_sim_state_info_c42_StateEstimation 0000000180055608     StateEstimation_sfun:c42_StateEstimation.obj
 0004:00001614       $pdata$sf_opaque_disable_c42_StateEstimation 0000000180055614     StateEstimation_sfun:c42_StateEstimation.obj
 0004:00001620       $pdata$sf_opaque_enable_c42_StateEstimation 0000000180055620     StateEstimation_sfun:c42_StateEstimation.obj
 0004:0000162c       $pdata$sf_opaque_get_sim_state_c42_StateEstimation 000000018005562c     StateEstimation_sfun:c42_StateEstimation.obj
 0004:00001638       $pdata$sf_opaque_initialize_c42_StateEstimation 0000000180055638     StateEstimation_sfun:c42_StateEstimation.obj
 0004:00001644       $pdata$sf_opaque_set_sim_state_c42_StateEstimation 0000000180055644     StateEstimation_sfun:c42_StateEstimation.obj
 0004:00001650       $pdata$sf_opaque_terminate_c42_StateEstimation 0000000180055650     StateEstimation_sfun:c42_StateEstimation.obj
 0004:0000165c       $pdata$0$sf_opaque_terminate_c42_StateEstimation 000000018005565c     StateEstimation_sfun:c42_StateEstimation.obj
 0004:00001668       $pdata$1$sf_opaque_terminate_c42_StateEstimation 0000000180055668     StateEstimation_sfun:c42_StateEstimation.obj
 0004:00001674       $pdata$UDP_Communication_debug_initialize 0000000180055674     UDP_Communication_sfun:UDP_Communication_sfun.obj
 0004:00001680       $pdata$load_UDP_Communication_optimization_info 0000000180055680     UDP_Communication_sfun:UDP_Communication_sfun.obj
 0004:0000168c       $pdata$sf_UDP_Communication_autoinheritance_info 000000018005568c     UDP_Communication_sfun:UDP_Communication_sfun.obj
 0004:00001698       $pdata$sf_UDP_Communication_get_eml_resolved_functions_info 0000000180055698     UDP_Communication_sfun:UDP_Communication_sfun.obj
 0004:000016a4       $pdata$sf_UDP_Communication_jit_fallback_info 00000001800556a4     UDP_Communication_sfun:UDP_Communication_sfun.obj
 0004:000016b0       $pdata$sf_UDP_Communication_method_dispatcher 00000001800556b0     UDP_Communication_sfun:UDP_Communication_sfun.obj
 0004:000016bc       $pdata$sf_UDP_Communication_process_check_sum_call 00000001800556bc     UDP_Communication_sfun:UDP_Communication_sfun.obj
 0004:000016c8       $pdata$0$sf_UDP_Communication_process_check_sum_call 00000001800556c8     UDP_Communication_sfun:UDP_Communication_sfun.obj
 0004:000016d4       $pdata$1$sf_UDP_Communication_process_check_sum_call 00000001800556d4     UDP_Communication_sfun:UDP_Communication_sfun.obj
 0004:000016e0       $pdata$sf_UDP_Communication_third_party_uses_info 00000001800556e0     UDP_Communication_sfun:UDP_Communication_sfun.obj
 0004:000016ec       $pdata$sf_UDP_Communication_updateBuildInfo_args_info 00000001800556ec     UDP_Communication_sfun:UDP_Communication_sfun.obj
 0004:000016f8       $pdata$unload_UDP_Communication_optimization_info 00000001800556f8     UDP_Communication_sfun:UDP_Communication_sfun.obj
 0004:00001704       $pdata$c43_Rotation_to_Quaternion 0000000180055704     UDP_Communication_sfun:c43_UDP_Communication.obj
 0004:00001710       $pdata$c43_abs             0000000180055710     UDP_Communication_sfun:c43_UDP_Communication.obj
 0004:0000171c       $pdata$c43_b_emlrt_marshallIn 000000018005571c     UDP_Communication_sfun:c43_UDP_Communication.obj
 0004:00001728       $pdata$c43_b_sf_marshallIn 0000000180055728     UDP_Communication_sfun:c43_UDP_Communication.obj
 0004:00001734       $pdata$c43_b_sf_marshallOut 0000000180055734     UDP_Communication_sfun:c43_UDP_Communication.obj
 0004:00001740       $pdata$c43_c_emlrt_marshallIn 0000000180055740     UDP_Communication_sfun:c43_UDP_Communication.obj
 0004:0000174c       $pdata$c43_c_sf_marshallIn 000000018005574c     UDP_Communication_sfun:c43_UDP_Communication.obj
 0004:00001758       $pdata$c43_c_sf_marshallOut 0000000180055758     UDP_Communication_sfun:c43_UDP_Communication.obj
 0004:00001764       $pdata$c43_check_forloop_overflow_error 0000000180055764     UDP_Communication_sfun:c43_UDP_Communication.obj
 0004:00001770       $pdata$c43_d_emlrt_marshallIn 0000000180055770     UDP_Communication_sfun:c43_UDP_Communication.obj
 0004:0000177c       $pdata$c43_d_sf_marshallIn 000000018005577c     UDP_Communication_sfun:c43_UDP_Communication.obj
 0004:00001788       $pdata$c43_d_sf_marshallOut 0000000180055788     UDP_Communication_sfun:c43_UDP_Communication.obj
 0004:00001794       $pdata$c43_e_emlrt_marshallIn 0000000180055794     UDP_Communication_sfun:c43_UDP_Communication.obj
 0004:000017a0       $pdata$c43_e_sf_marshallIn 00000001800557a0     UDP_Communication_sfun:c43_UDP_Communication.obj
 0004:000017ac       $pdata$c43_e_sf_marshallOut 00000001800557ac     UDP_Communication_sfun:c43_UDP_Communication.obj
 0004:000017b8       $pdata$c43_emlrt_marshallIn 00000001800557b8     UDP_Communication_sfun:c43_UDP_Communication.obj
 0004:000017c4       $pdata$c43_error           00000001800557c4     UDP_Communication_sfun:c43_UDP_Communication.obj
 0004:000017d0       $pdata$c43_f_emlrt_marshallIn 00000001800557d0     UDP_Communication_sfun:c43_UDP_Communication.obj
 0004:000017dc       $pdata$c43_f_sf_marshallIn 00000001800557dc     UDP_Communication_sfun:c43_UDP_Communication.obj
 0004:000017e8       $pdata$c43_f_sf_marshallOut 00000001800557e8     UDP_Communication_sfun:c43_UDP_Communication.obj
 0004:000017f4       $pdata$c43_g_emlrt_marshallIn 00000001800557f4     UDP_Communication_sfun:c43_UDP_Communication.obj
 0004:00001800       $pdata$c43_g_sf_marshallOut 0000000180055800     UDP_Communication_sfun:c43_UDP_Communication.obj
 0004:0000180c       $pdata$c43_h_sf_marshallOut 000000018005580c     UDP_Communication_sfun:c43_UDP_Communication.obj
 0004:00001818       $pdata$c43_i_emlrt_marshallIn 0000000180055818     UDP_Communication_sfun:c43_UDP_Communication.obj
 0004:00001824       $pdata$c43_j_emlrt_marshallIn 0000000180055824     UDP_Communication_sfun:c43_UDP_Communication.obj
 0004:00001830       $pdata$c43_sf_marshallIn   0000000180055830     UDP_Communication_sfun:c43_UDP_Communication.obj
 0004:0000183c       $pdata$c43_sf_marshallOut  000000018005583c     UDP_Communication_sfun:c43_UDP_Communication.obj
 0004:00001848       $pdata$chart_debug_initialization 0000000180055848     UDP_Communication_sfun:c43_UDP_Communication.obj
 0004:00001854       $pdata$3$chart_debug_initialization 0000000180055854     UDP_Communication_sfun:c43_UDP_Communication.obj
 0004:00001860       $pdata$4$chart_debug_initialization 0000000180055860     UDP_Communication_sfun:c43_UDP_Communication.obj
 0004:0000186c       $pdata$chart_debug_initialize_data_addresses 000000018005586c     UDP_Communication_sfun:c43_UDP_Communication.obj
 0004:00001878       $pdata$0$chart_debug_initialize_data_addresses 0000000180055878     UDP_Communication_sfun:c43_UDP_Communication.obj
 0004:00001884       $pdata$1$chart_debug_initialize_data_addresses 0000000180055884     UDP_Communication_sfun:c43_UDP_Communication.obj
 0004:00001890       $pdata$disable_c43_UDP_Communication 0000000180055890     UDP_Communication_sfun:c43_UDP_Communication.obj
 0004:0000189c       $pdata$enable_c43_UDP_Communication 000000018005589c     UDP_Communication_sfun:c43_UDP_Communication.obj
 0004:000018a8       $pdata$get_sim_state_c43_UDP_Communication 00000001800558a8     UDP_Communication_sfun:c43_UDP_Communication.obj
 0004:000018b4       $pdata$init_script_number_translation 00000001800558b4     UDP_Communication_sfun:c43_UDP_Communication.obj
 0004:000018c0       $pdata$init_simulink_io_address 00000001800558c0     UDP_Communication_sfun:c43_UDP_Communication.obj
 0004:000018cc       $pdata$initialize_c43_UDP_Communication 00000001800558cc     UDP_Communication_sfun:c43_UDP_Communication.obj
 0004:000018d8       $pdata$mdlProcessParameters_c43_UDP_Communication 00000001800558d8     UDP_Communication_sfun:c43_UDP_Communication.obj
 0004:000018e4       $pdata$0$mdlProcessParameters_c43_UDP_Communication 00000001800558e4     UDP_Communication_sfun:c43_UDP_Communication.obj
 0004:000018f0       $pdata$1$mdlProcessParameters_c43_UDP_Communication 00000001800558f0     UDP_Communication_sfun:c43_UDP_Communication.obj
 0004:000018fc       $pdata$2$mdlProcessParameters_c43_UDP_Communication 00000001800558fc     UDP_Communication_sfun:c43_UDP_Communication.obj
 0004:00001908       $pdata$3$mdlProcessParameters_c43_UDP_Communication 0000000180055908     UDP_Communication_sfun:c43_UDP_Communication.obj
 0004:00001914       $pdata$mdlRTW_c43_UDP_Communication 0000000180055914     UDP_Communication_sfun:c43_UDP_Communication.obj
 0004:00001920       $pdata$mdlSetWorkWidths_c43_UDP_Communication 0000000180055920     UDP_Communication_sfun:c43_UDP_Communication.obj
 0004:0000192c       $pdata$2$mdlSetWorkWidths_c43_UDP_Communication 000000018005592c     UDP_Communication_sfun:c43_UDP_Communication.obj
 0004:00001938       $pdata$3$mdlSetWorkWidths_c43_UDP_Communication 0000000180055938     UDP_Communication_sfun:c43_UDP_Communication.obj
 0004:00001944       $pdata$4$mdlSetWorkWidths_c43_UDP_Communication 0000000180055944     UDP_Communication_sfun:c43_UDP_Communication.obj
 0004:00001950       $pdata$mdlStart_c43_UDP_Communication 0000000180055950     UDP_Communication_sfun:c43_UDP_Communication.obj
 0004:0000195c       $pdata$set_sim_state_c43_UDP_Communication 000000018005595c     UDP_Communication_sfun:c43_UDP_Communication.obj
 0004:00001968       $pdata$sf_c43_UDP_Communication_get_autoinheritance_info 0000000180055968     UDP_Communication_sfun:c43_UDP_Communication.obj
 0004:00001974       $pdata$sf_c43_UDP_Communication_get_check_sum 0000000180055974     UDP_Communication_sfun:c43_UDP_Communication.obj
 0004:00001980       $pdata$sf_c43_UDP_Communication_get_eml_resolved_functions_info 0000000180055980     UDP_Communication_sfun:c43_UDP_Communication.obj
 0004:0000198c       $pdata$sf_c43_UDP_Communication_get_post_codegen_info 000000018005598c     UDP_Communication_sfun:c43_UDP_Communication.obj
 0004:00001998       $pdata$sf_c43_UDP_Communication_jit_fallback_info 0000000180055998     UDP_Communication_sfun:c43_UDP_Communication.obj
 0004:000019a4       $pdata$sf_gateway_c43_UDP_Communication 00000001800559a4     UDP_Communication_sfun:c43_UDP_Communication.obj
 0004:000019b0       $pdata$sf_get_sim_state_info_c43_UDP_Communication 00000001800559b0     UDP_Communication_sfun:c43_UDP_Communication.obj
 0004:000019bc       $pdata$sf_opaque_disable_c43_UDP_Communication 00000001800559bc     UDP_Communication_sfun:c43_UDP_Communication.obj
 0004:000019c8       $pdata$sf_opaque_enable_c43_UDP_Communication 00000001800559c8     UDP_Communication_sfun:c43_UDP_Communication.obj
 0004:000019d4       $pdata$sf_opaque_get_sim_state_c43_UDP_Communication 00000001800559d4     UDP_Communication_sfun:c43_UDP_Communication.obj
 0004:000019e0       $pdata$sf_opaque_initialize_c43_UDP_Communication 00000001800559e0     UDP_Communication_sfun:c43_UDP_Communication.obj
 0004:000019ec       $pdata$sf_opaque_set_sim_state_c43_UDP_Communication 00000001800559ec     UDP_Communication_sfun:c43_UDP_Communication.obj
 0004:000019f8       $pdata$sf_opaque_terminate_c43_UDP_Communication 00000001800559f8     UDP_Communication_sfun:c43_UDP_Communication.obj
 0004:00001a04       $pdata$0$sf_opaque_terminate_c43_UDP_Communication 0000000180055a04     UDP_Communication_sfun:c43_UDP_Communication.obj
 0004:00001a10       $pdata$1$sf_opaque_terminate_c43_UDP_Communication 0000000180055a10     UDP_Communication_sfun:c43_UDP_Communication.obj
 0004:00001a1c       $pdata$__GSHandlerCheck    0000000180055a1c     MSVCRT:_gshandler_.obj
 0004:00001a28       $pdata$__GSHandlerCheckCommon 0000000180055a28     MSVCRT:_gshandler_.obj
 0004:00001a4c       $pdata$?dllmain_crt_dispatch@@YAHQEAUHINSTANCE__@@KQEAX@Z 0000000180055a4c     MSVCRT:dll_dllmain.obj
 0004:00001a58       $pdata$?dllmain_crt_process_attach@@YAHQEAUHINSTANCE__@@QEAX@Z 0000000180055a58     MSVCRT:dll_dllmain.obj
 0004:00001a64       $pdata$?dllmain_crt_process_detach@@YAH_N@Z 0000000180055a64     MSVCRT:dll_dllmain.obj
 0004:00001a70       $pdata$?dllmain_dispatch@@YAHQEAUHINSTANCE__@@KQEAX@Z 0000000180055a70     MSVCRT:dll_dllmain.obj
 0004:00001a7c       $pdata$?dllmain_raw@@YAHQEAUHINSTANCE__@@KQEAX@Z 0000000180055a7c     MSVCRT:dll_dllmain.obj
 0004:00001a88       $pdata$_DllMainCRTStartup  0000000180055a88     MSVCRT:dll_dllmain.obj
 0004:00001a94       $pdata$__raise_securityfailure 0000000180055a94     MSVCRT:gs_report.obj
 0004:00001aa0       $pdata$__report_gsfailure  0000000180055aa0     MSVCRT:gs_report.obj
 0004:00001aac       $pdata$__report_rangecheckfailure 0000000180055aac     MSVCRT:gs_report.obj
 0004:00001ab8       $pdata$__report_securityfailure 0000000180055ab8     MSVCRT:gs_report.obj
 0004:00001ac4       $pdata$__report_securityfailureEx 0000000180055ac4     MSVCRT:gs_report.obj
 0004:00001ad0       $pdata$capture_current_context 0000000180055ad0     MSVCRT:gs_report.obj
 0004:00001adc       $pdata$capture_previous_context 0000000180055adc     MSVCRT:gs_report.obj
 0004:00001ae8       $pdata$?configure_argv@__scrt_narrow_argv_policy@@SAHXZ 0000000180055ae8     MSVCRT:utility.obj
 0004:00001af4       $pdata$__scrt_acquire_startup_lock 0000000180055af4     MSVCRT:utility.obj
 0004:00001b00       $pdata$__scrt_dllmain_after_initialize_c 0000000180055b00     MSVCRT:utility.obj
 0004:00001b0c       $pdata$__scrt_dllmain_before_initialize_c 0000000180055b0c     MSVCRT:utility.obj
 0004:00001b18       $pdata$__scrt_dllmain_crt_thread_attach 0000000180055b18     MSVCRT:utility.obj
 0004:00001b24       $pdata$__scrt_dllmain_crt_thread_detach 0000000180055b24     MSVCRT:utility.obj
 0004:00001b30       $pdata$__scrt_dllmain_exception_filter 0000000180055b30     MSVCRT:utility.obj
 0004:00001b3c       $pdata$__scrt_dllmain_uninitialize_c 0000000180055b3c     MSVCRT:utility.obj
 0004:00001b48       $pdata$__scrt_dllmain_uninitialize_critical 0000000180055b48     MSVCRT:utility.obj
 0004:00001b54       $pdata$__scrt_initialize_crt 0000000180055b54     MSVCRT:utility.obj
 0004:00001b60       $pdata$__scrt_initialize_onexit_tables 0000000180055b60     MSVCRT:utility.obj
 0004:00001b6c       $pdata$__scrt_is_nonwritable_in_current_image 0000000180055b6c     MSVCRT:utility.obj
 0004:00001b78       $pdata$__scrt_release_startup_lock 0000000180055b78     MSVCRT:utility.obj
 0004:00001b84       $pdata$__scrt_uninitialize_crt 0000000180055b84     MSVCRT:utility.obj
 0004:00001b90       $pdata$_onexit             0000000180055b90     MSVCRT:utility.obj
 0004:00001b9c       $pdata$atexit              0000000180055b9c     MSVCRT:utility.obj
 0004:00001ba8       $pdata$__security_init_cookie 0000000180055ba8     MSVCRT:gs_support.obj
 0004:00001bb4       $pdata$DllMain             0000000180055bb4     MSVCRT:dll_dllmain_stub.obj
 0004:00001bc0       $pdata$__scrt_initialize_default_local_stdio_options 0000000180055bc0     MSVCRT:default_local_stdio_options.obj
 0004:00001bcc       $pdata$__scrt_fastfail     0000000180055bcc     MSVCRT:utility_desktop.obj
 0004:00001bd8       $pdata$__scrt_get_show_window_mode 0000000180055bd8     MSVCRT:utility_desktop.obj
 0004:00001be4       $pdata$__scrt_is_managed_app 0000000180055be4     MSVCRT:utility_desktop.obj
 0004:00001bf0       $pdata$__scrt_unhandled_exception_filter 0000000180055bf0     MSVCRT:utility_desktop.obj
 0004:00001bfc       $pdata$_RTC_Initialize     0000000180055bfc     MSVCRT:_initsect_.obj
 0004:00001c08       $pdata$_RTC_Terminate      0000000180055c08     MSVCRT:_initsect_.obj
 0004:00001c14       $pdata$__isa_available_init 0000000180055c14     MSVCRT:_cpu_disp_.obj
 0004:00001c2c       $pdata$?fin$0@?0??dllmain_crt_process_attach@@YAHQEAUHINSTANCE__@@QEAX@Z@4HA 0000000180055c2c     MSVCRT:dll_dllmain.obj
 0004:00001c38       $pdata$?fin$0@?0??dllmain_crt_process_detach@@YAH_N@Z@4HA 0000000180055c38     MSVCRT:dll_dllmain.obj
 0004:00001c44       $pdata$?filt$0@?0??dllmain_dispatch@@YAHQEAUHINSTANCE__@@KQEAX@Z@4HA 0000000180055c44     MSVCRT:dll_dllmain.obj
 0004:00001c50       $pdata$__scrt_is_nonwritable_in_current_image$filt$0 0000000180055c50     MSVCRT:utility.obj
 0005:00000000       __guard_fids_?dllmain_crt_process_attach@@YAHQEAUHINSTANCE__@@QEAX@Z 0000000180056000     MSVCRT:dll_dllmain.obj
 0005:00000008       __guard_fids_?dllmain_dispatch@@YAHQEAUHINSTANCE__@@KQEAX@Z 0000000180056008     MSVCRT:dll_dllmain.obj
 0005:0000000c       __guard_fids___scrt_set_unhandled_exception_filter 000000018005600c     MSVCRT:utility_desktop.obj
 0005:00000010       __guard_fids__             0000000180056010     MSVCRT:guard_support.obj
 0005:00000014       __guard_fids__guard_icall_checks_enforced 0000000180056014     MSVCRT:guard_support.obj
