 RightInvariant_EKF_sfun

 Timestamp is 5aba6608 (Tue Mar 27 11:40:56 2018)

 Preferred load address is 0000000180000000

 Start         Length     Name                   Class
 0001:00000000 0004d390H .text$mn                CODE
 0001:0004d390 00000012H .text$mn$00             CODE
 0001:0004d3a2 00000081H .text$x                 CODE
 0002:00000000 000005f8H .idata$5                DATA
 0002:000005f8 00000010H .00cfg                  DATA
 0002:00000608 00000008H .CRT$XCA                DATA
 0002:00000610 00000008H .CRT$XCZ                DATA
 0002:00000618 00000008H .CRT$XIA                DATA
 0002:00000620 00000008H .CRT$XIZ                DATA
 0002:00000628 00000008H .CRT$XPA                DATA
 0002:00000630 00000008H .CRT$XPZ                DATA
 0002:00000638 00000008H .CRT$XTA                DATA
 0002:00000640 00000010H .CRT$XTZ                DATA
 0002:00000650 00005834H .rdata                  DATA
 0002:00005e84 0000022cH .rdata$zzzdbg           DATA
 0002:000060b0 00000008H .rtc$IAA                DATA
 0002:000060b8 00000008H .rtc$IZZ                DATA
 0002:000060c0 00000008H .rtc$TAA                DATA
 0002:000060c8 00000008H .rtc$TZZ                DATA
 0002:000060d0 00002ef0H .xdata                  DATA
 0002:00008fc0 00000060H .edata                  DATA
 0002:00009020 00000104H .idata$2                DATA
 0002:00009124 00000014H .idata$3                DATA
 0002:00009138 000005f8H .idata$4                DATA
 0002:00009730 000011b8H .idata$6                DATA
 0003:00000000 00000fd0H .data                   DATA
 0003:00000fd0 00000758H .bss                    DATA
 0004:00000000 00002058H .pdata                  DATA
 0005:00000000 00000018H .gfids$y                DATA

  Address         Publics by Value              Rva+Base               Lib:Object

 0000:00000000       __guard_iat_table          0000000000000000     <absolute>
 0000:00000000       __dynamic_value_reloc_table 0000000000000000     <absolute>
 0000:00000000       __guard_longjmp_count      0000000000000000     <absolute>
 0000:00000000       __guard_fids_table         0000000000000000     <absolute>
 0000:00000000       ___safe_se_handler_count   0000000000000000     <absolute>
 0000:00000000       __guard_longjmp_table      0000000000000000     <absolute>
 0000:00000000       ___safe_se_handler_table   0000000000000000     <absolute>
 0000:00000000       __guard_iat_count          0000000000000000     <absolute>
 0000:00000000       __guard_fids_count         0000000000000000     <absolute>
 0000:00000100       __guard_flags              0000000000000100     <absolute>
 0000:00000000       __ImageBase                0000000180000000     <linker-defined>
 0001:00000000       RightInvariant_EKF_debug_initialize 0000000180001000 f   RightInvariant_EKF_sfun.obj
 0001:00000070       RightInvariant_EKF_initializer 0000000180001070 f   RightInvariant_EKF_sfun.obj
 0001:00000080       RightInvariant_EKF_register_exported_symbols 0000000180001080 f   RightInvariant_EKF_sfun.obj
 0001:00000090       RightInvariant_EKF_terminator 0000000180001090 f   RightInvariant_EKF_sfun.obj
 0001:000000a0       load_RightInvariant_EKF_optimization_info 00000001800010a0 f   RightInvariant_EKF_sfun.obj
 0001:00000150       sf_RightInvariant_EKF_autoinheritance_info 0000000180001150 f   RightInvariant_EKF_sfun.obj
 0001:000002a0       sf_RightInvariant_EKF_get_eml_resolved_functions_info 00000001800012a0 f   RightInvariant_EKF_sfun.obj
 0001:00000390       sf_RightInvariant_EKF_jit_fallback_info 0000000180001390 f   RightInvariant_EKF_sfun.obj
 0001:000004e0       sf_RightInvariant_EKF_method_dispatcher 00000001800014e0 f   RightInvariant_EKF_sfun.obj
 0001:00000540       sf_RightInvariant_EKF_process_check_sum_call 0000000180001540 f   RightInvariant_EKF_sfun.obj
 0001:00000820       sf_RightInvariant_EKF_third_party_uses_info 0000000180001820 f   RightInvariant_EKF_sfun.obj
 0001:00000970       sf_RightInvariant_EKF_updateBuildInfo_args_info 0000000180001970 f   RightInvariant_EKF_sfun.obj
 0001:00000ac0       unload_RightInvariant_EKF_optimization_info 0000000180001ac0 f   RightInvariant_EKF_sfun.obj
 0001:00000af0       c1_RightInvariant_EKF_method_dispatcher 0000000180001af0 f   c1_RightInvariant_EKF.obj
 0001:00006cf0       sf_c1_RightInvariant_EKF_get_autoinheritance_info 0000000180007cf0 f   c1_RightInvariant_EKF.obj
 0001:00007340       sf_c1_RightInvariant_EKF_get_check_sum 0000000180008340 f   c1_RightInvariant_EKF.obj
 0001:000073b0       sf_c1_RightInvariant_EKF_get_eml_resolved_functions_info 00000001800083b0 f   c1_RightInvariant_EKF.obj
 0001:00007430       sf_c1_RightInvariant_EKF_get_post_codegen_info 0000000180008430 f   c1_RightInvariant_EKF.obj
 0001:000074f0       sf_c1_RightInvariant_EKF_jit_fallback_info 00000001800084f0 f   c1_RightInvariant_EKF.obj
 0001:00007640       sf_c1_RightInvariant_EKF_third_party_uses_info 0000000180008640 f   c1_RightInvariant_EKF.obj
 0001:00007650       sf_c1_RightInvariant_EKF_updateBuildInfo_args_info 0000000180008650 f   c1_RightInvariant_EKF.obj
 0001:00007c40       c2_RightInvariant_EKF_method_dispatcher 0000000180008c40 f   c2_RightInvariant_EKF.obj
 0001:0000a7e0       sf_c2_RightInvariant_EKF_get_autoinheritance_info 000000018000b7e0 f   c2_RightInvariant_EKF.obj
 0001:0000ae50       sf_c2_RightInvariant_EKF_get_check_sum 000000018000be50 f   c2_RightInvariant_EKF.obj
 0001:0000aec0       sf_c2_RightInvariant_EKF_get_eml_resolved_functions_info 000000018000bec0 f   c2_RightInvariant_EKF.obj
 0001:0000af50       sf_c2_RightInvariant_EKF_get_post_codegen_info 000000018000bf50 f   c2_RightInvariant_EKF.obj
 0001:0000b010       sf_c2_RightInvariant_EKF_jit_fallback_info 000000018000c010 f   c2_RightInvariant_EKF.obj
 0001:0000b160       sf_c2_RightInvariant_EKF_third_party_uses_info 000000018000c160 f   c2_RightInvariant_EKF.obj
 0001:0000b170       sf_c2_RightInvariant_EKF_updateBuildInfo_args_info 000000018000c170 f   c2_RightInvariant_EKF.obj
 0001:0000dc30       c40_RightInvariant_EKF_method_dispatcher 000000018000ec30 f   c40_RightInvariant_EKF.obj
 0001:00018060       sf_c40_RightInvariant_EKF_get_autoinheritance_info 0000000180019060 f   c40_RightInvariant_EKF.obj
 0001:00018c60       sf_c40_RightInvariant_EKF_get_check_sum 0000000180019c60 f   c40_RightInvariant_EKF.obj
 0001:00018cd0       sf_c40_RightInvariant_EKF_get_eml_resolved_functions_info 0000000180019cd0 f   c40_RightInvariant_EKF.obj
 0001:00018d80       sf_c40_RightInvariant_EKF_get_post_codegen_info 0000000180019d80 f   c40_RightInvariant_EKF.obj
 0001:00018e40       sf_c40_RightInvariant_EKF_jit_fallback_info 0000000180019e40 f   c40_RightInvariant_EKF.obj
 0001:00018f90       sf_c40_RightInvariant_EKF_third_party_uses_info 0000000180019f90 f   c40_RightInvariant_EKF.obj
 0001:00018fa0       sf_c40_RightInvariant_EKF_updateBuildInfo_args_info 0000000180019fa0 f   c40_RightInvariant_EKF.obj
 0001:00019910       ProcessMexSfunctionEveryCall 000000018001a910 f   RightInvariant_EKF_sfun_registry.obj
 0001:0001a0c0       __local_stdio_printf_options 000000018001b0c0 f i RightInvariant_EKF_sfun_registry.obj
 0001:0001a170       _ssGetAbsTol               000000018001b170 f   RightInvariant_EKF_sfun_registry.obj
 0001:0001a230       _ssGetCallSystemNumFcnCallDestinations 000000018001b230 f   RightInvariant_EKF_sfun_registry.obj
 0001:0001a270       _ssGetCompInputPortSymbolicDimsId 000000018001b270 f   RightInvariant_EKF_sfun_registry.obj
 0001:0001a2b0       _ssGetCompOutputPortSymbolicDimsId 000000018001b2b0 f   RightInvariant_EKF_sfun_registry.obj
 0001:0001a2f0       _ssGetCurrentInputPortWidth 000000018001b2f0 f   RightInvariant_EKF_sfun_registry.obj
 0001:0001a350       _ssGetCurrentOutputPortWidth 000000018001b350 f   RightInvariant_EKF_sfun_registry.obj
 0001:0001a3b0       _ssGetInputPortSignalFcn   000000018001b3b0 f   RightInvariant_EKF_sfun_registry.obj
 0001:0001a650       _ssGetInputPortSignalPtrsFcn 000000018001b650 f   RightInvariant_EKF_sfun_registry.obj
 0001:0001a8f0       _ssGetNumSymbolicDims      000000018001b8f0 f   RightInvariant_EKF_sfun_registry.obj
 0001:0001a940       _ssGetSymbolicDim          000000018001b940 f   RightInvariant_EKF_sfun_registry.obj
 0001:0001a980       _ssRegisterSymbolicDims    000000018001b980 f   RightInvariant_EKF_sfun_registry.obj
 0001:0001a9d0       _ssRegisterSymbolicDimsDivide 000000018001b9d0 f   RightInvariant_EKF_sfun_registry.obj
 0001:0001aa10       _ssRegisterSymbolicDimsExpr 000000018001ba10 f   RightInvariant_EKF_sfun_registry.obj
 0001:0001aa60       _ssRegisterSymbolicDimsIntValue 000000018001ba60 f   RightInvariant_EKF_sfun_registry.obj
 0001:0001aaa0       _ssRegisterSymbolicDimsMinus 000000018001baa0 f   RightInvariant_EKF_sfun_registry.obj
 0001:0001aae0       _ssRegisterSymbolicDimsMultiply 000000018001bae0 f   RightInvariant_EKF_sfun_registry.obj
 0001:0001ab20       _ssRegisterSymbolicDimsPlus 000000018001bb20 f   RightInvariant_EKF_sfun_registry.obj
 0001:0001ab60       _ssRegisterSymbolicDimsString 000000018001bb60 f   RightInvariant_EKF_sfun_registry.obj
 0001:0001abb0       _ssSetCompDWorkSymbolicDimsId 000000018001bbb0 f   RightInvariant_EKF_sfun_registry.obj
 0001:0001abf0       _ssSetCompInputPortSymbolicDimsId 000000018001bbf0 f   RightInvariant_EKF_sfun_registry.obj
 0001:0001ac30       _ssSetCompOutputPortSymbolicDimsId 000000018001bc30 f   RightInvariant_EKF_sfun_registry.obj
 0001:0001ac70       _ssSetInputPortDirectFeedThroughFcn 000000018001bc70 f   RightInvariant_EKF_sfun_registry.obj
 0001:0001add0       _ssSetInputPortMatrixDimensions 000000018001bdd0 f   RightInvariant_EKF_sfun_registry.obj
 0001:0001ae70       _ssSetInputPortReusableFcn 000000018001be70 f   RightInvariant_EKF_sfun_registry.obj
 0001:0001af10       _ssSetInputPortSymbolicDimsId 000000018001bf10 f   RightInvariant_EKF_sfun_registry.obj
 0001:0001af50       _ssSetInputPortVectorDimension 000000018001bf50 f   RightInvariant_EKF_sfun_registry.obj
 0001:0001afb0       _ssSetOutputPortMatrixDimensions 000000018001bfb0 f   RightInvariant_EKF_sfun_registry.obj
 0001:0001b050       _ssSetOutputPortReusableFcn 000000018001c050 f   RightInvariant_EKF_sfun_registry.obj
 0001:0001b0f0       _ssSetOutputPortSymbolicDimsId 000000018001c0f0 f   RightInvariant_EKF_sfun_registry.obj
 0001:0001b130       _ssSetOutputPortVectorDimension 000000018001c130 f   RightInvariant_EKF_sfun_registry.obj
 0001:0001b190       _ssSetStateAbsTol          000000018001c190 f   RightInvariant_EKF_sfun_registry.obj
 0001:0001b200       _ssSetSymbolicDimsSupport  000000018001c200 f   RightInvariant_EKF_sfun_registry.obj
 0001:0001b230       _vsnprintf_l               000000018001c230 f i RightInvariant_EKF_sfun_registry.obj
 0001:0001b2a0       _vsprintf_l                000000018001c2a0 f i RightInvariant_EKF_sfun_registry.obj
 0001:0001b310       callCustomFcn              000000018001c310 f   RightInvariant_EKF_sfun_registry.obj
 0001:0001b360       mdlGetSimState             000000018001c360 f   RightInvariant_EKF_sfun_registry.obj
 0001:0001b470       mdlSetSimState             000000018001c470 f   RightInvariant_EKF_sfun_registry.obj
 0001:0001b830       mexFunction                000000018001c830 f   RightInvariant_EKF_sfun_registry.obj
 0001:0001c2e0       sf_machine_global_initializer 000000018001d2e0 f   RightInvariant_EKF_sfun_registry.obj
 0001:0001c380       sf_machine_global_initializer_called 000000018001d380 f   RightInvariant_EKF_sfun_registry.obj
 0001:0001c390       sf_machine_global_method_dispatcher 000000018001d390 f   RightInvariant_EKF_sfun_registry.obj
 0001:0001c460       sf_machine_global_terminator 000000018001d460 f   RightInvariant_EKF_sfun_registry.obj
 0001:0001c4a0       sf_mex_unlock_call         000000018001d4a0 f   RightInvariant_EKF_sfun_registry.obj
 0001:0001c540       sf_process_autoinheritance_call 000000018001d540 f   RightInvariant_EKF_sfun_registry.obj
 0001:0001c6e0       sf_process_check_sum_call  000000018001d6e0 f   RightInvariant_EKF_sfun_registry.obj
 0001:0001c760       sf_process_get_eml_resolved_functions_info_call 000000018001d760 f   RightInvariant_EKF_sfun_registry.obj
 0001:0001c8e0       sf_process_get_jit_fallback_info_call 000000018001d8e0 f   RightInvariant_EKF_sfun_registry.obj
 0001:0001ca80       sf_process_get_third_party_uses_info_call 000000018001da80 f   RightInvariant_EKF_sfun_registry.obj
 0001:0001cc20       sf_process_get_updateBuildInfo_args_info_call 000000018001dc20 f   RightInvariant_EKF_sfun_registry.obj
 0001:0001cdc0       sf_register_machine_exported_symbols 000000018001ddc0 f   RightInvariant_EKF_sfun_registry.obj
 0001:0001cdf0       sprintf                    000000018001ddf0 f i RightInvariant_EKF_sfun_registry.obj
 0001:0001ce50       ssCloneAndAddZcSignalInfo  000000018001de50 f   RightInvariant_EKF_sfun_registry.obj
 0001:0001ce90       ssCreateAndAddZcSignalInfo 000000018001de90 f   RightInvariant_EKF_sfun_registry.obj
 0001:0001ced0       ssGetDTypeIdFromMxArray    000000018001ded0 f   RightInvariant_EKF_sfun_registry.obj
 0001:0001cfa0       ssGetIsInputPortElementContinuous 000000018001dfa0 f   RightInvariant_EKF_sfun_registry.obj
 0001:0001d010       ssGetIsZeroCrossControlDisabled 000000018001e010 f   RightInvariant_EKF_sfun_registry.obj
 0001:0001d050       ssGetNumZcSignals          000000018001e050 f   RightInvariant_EKF_sfun_registry.obj
 0001:0001d090       ssGetParameterTuningCompliance 000000018001e090 f   RightInvariant_EKF_sfun_registry.obj
 0001:0001d0d0       ssGetSFuncBlockHandle      000000018001e0d0 f   RightInvariant_EKF_sfun_registry.obj
 0001:0001d110       ssGetZcSignalIsZcElementDisc 000000018001e110 f   RightInvariant_EKF_sfun_registry.obj
 0001:0001d180       ssGetZcSignalName          000000018001e180 f   RightInvariant_EKF_sfun_registry.obj
 0001:0001d1d0       ssGetZcSignalNeedsEventNotification 000000018001e1d0 f   RightInvariant_EKF_sfun_registry.obj
 0001:0001d210       ssGetZcSignalType          000000018001e210 f   RightInvariant_EKF_sfun_registry.obj
 0001:0001d250       ssGetZcSignalVector        000000018001e250 f   RightInvariant_EKF_sfun_registry.obj
 0001:0001d2a0       ssGetZcSignalWidth         000000018001e2a0 f   RightInvariant_EKF_sfun_registry.obj
 0001:0001d2e0       ssGetZcSignalZcEventType   000000018001e2e0 f   RightInvariant_EKF_sfun_registry.obj
 0001:0001d320       ssGetZcSignalZcEvents      000000018001e320 f   RightInvariant_EKF_sfun_registry.obj
 0001:0001d370       ssGetZcSignalZcTol         000000018001e370 f   RightInvariant_EKF_sfun_registry.obj
 0001:0001d3b0       ssIsRunTimeParamTunable    000000018001e3b0 f   RightInvariant_EKF_sfun_registry.obj
 0001:0001d3f0       ssSetIsInputPortUsedForContZcSignal 000000018001e3f0 f   RightInvariant_EKF_sfun_registry.obj
 0001:0001d430       ssSetZcSignalIsZcElementDisc 000000018001e430 f   RightInvariant_EKF_sfun_registry.obj
 0001:0001d490       ssSetZcSignalName          000000018001e490 f   RightInvariant_EKF_sfun_registry.obj
 0001:0001d4c0       ssSetZcSignalNeedsEventNotification 000000018001e4c0 f   RightInvariant_EKF_sfun_registry.obj
 0001:0001d500       ssSetZcSignalType          000000018001e500 f   RightInvariant_EKF_sfun_registry.obj
 0001:0001d540       ssSetZcSignalWidth         000000018001e540 f   RightInvariant_EKF_sfun_registry.obj
 0001:0001d580       ssSetZcSignalZcEventType   000000018001e580 f   RightInvariant_EKF_sfun_registry.obj
 0001:0001d5c0       ssSetZcSignalZcTol         000000018001e5c0 f   RightInvariant_EKF_sfun_registry.obj
 0001:0001d600       ssWarning                  000000018001e600 f   RightInvariant_EKF_sfun_registry.obj
 0001:0001d6e0       ssWriteRTWMx2dMatParam     000000018001e6e0 f   RightInvariant_EKF_sfun_registry.obj
 0001:0001d730       ssWriteRTWMxVectParam      000000018001e730 f   RightInvariant_EKF_sfun_registry.obj
 0001:0001d770       ssWriteRTWNameValuePair    000000018001e770 f   RightInvariant_EKF_sfun_registry.obj
 0001:0001d960       ssWriteRTWParamSettings    000000018001e960 f   RightInvariant_EKF_sfun_registry.obj
 0001:0001dc30       ssWriteRTWParameters       000000018001ec30 f   RightInvariant_EKF_sfun_registry.obj
 0001:0001de20       ssWriteRTWStr              000000018001ee20 f   RightInvariant_EKF_sfun_registry.obj
 0001:0001de40       ssWriteRTWWorkVect         000000018001ee40 f   RightInvariant_EKF_sfun_registry.obj
 0001:0001e1c0       Cos                        000000018001f1c0 f i p_RightToeBottom_src.obj
 0001:0001e1d0       Sin                        000000018001f1d0 f i p_RightToeBottom_src.obj
 0001:0001f150       p_RightToeBottom_src       0000000180020150 f   p_RightToeBottom_src.obj
 0001:000200f0       p_LeftToeBottom_src        00000001800210f0 f   p_LeftToeBottom_src.obj
 0001:00020100       J_RightToeBottom_src       0000000180021100 f   J_RightToeBottom_src.obj
 0001:000249a0       J_LeftToeBottom_src        00000001800259a0 f   J_LeftToeBottom_src.obj
 0001:00029dd0       p_VectorNav_to_RightToeBottom_src 000000018002add0 f   p_VectorNav_to_RightToeBottom_src.obj
 0001:00029de0       R_VectorNav_to_RightToeBottom_src 000000018002ade0 f   R_VectorNav_to_RightToeBottom_src.obj
 0001:0002aec0       p_VectorNav_to_LeftToeBottom_src 000000018002bec0 f   p_VectorNav_to_LeftToeBottom_src.obj
 0001:0002aed0       R_VectorNav_to_LeftToeBottom_src 000000018002bed0 f   R_VectorNav_to_LeftToeBottom_src.obj
 0001:0002b460       J_VectorNav_to_RightToeBottom_src 000000018002c460 f   J_VectorNav_to_RightToeBottom_src.obj
 0001:0002da60       J_VectorNav_to_LeftToeBottom_src 000000018002ea60 f   J_VectorNav_to_LeftToeBottom_src.obj
 0001:0002fff0       p_VectorNav_to_Pelvis_src  0000000180030ff0 f   p_VectorNav_to_Pelvis_src.obj
 0001:00030020       R_VectorNav_to_Pelvis_src  0000000180031020 f   R_VectorNav_to_Pelvis_src.obj
 0001:000300a0       StateEstimation_debug_initialize 00000001800310a0 f   StateEstimation_sfun:StateEstimation_sfun.obj
 0001:00030110       StateEstimation_initializer 0000000180031110 f   StateEstimation_sfun:StateEstimation_sfun.obj
 0001:00030120       StateEstimation_register_exported_symbols 0000000180031120 f   StateEstimation_sfun:StateEstimation_sfun.obj
 0001:00030130       StateEstimation_terminator 0000000180031130 f   StateEstimation_sfun:StateEstimation_sfun.obj
 0001:00030140       load_StateEstimation_optimization_info 0000000180031140 f   StateEstimation_sfun:StateEstimation_sfun.obj
 0001:000301f0       sf_StateEstimation_autoinheritance_info 00000001800311f0 f   StateEstimation_sfun:StateEstimation_sfun.obj
 0001:00030340       sf_StateEstimation_get_eml_resolved_functions_info 0000000180031340 f   StateEstimation_sfun:StateEstimation_sfun.obj
 0001:00030430       sf_StateEstimation_jit_fallback_info 0000000180031430 f   StateEstimation_sfun:StateEstimation_sfun.obj
 0001:00030580       sf_StateEstimation_method_dispatcher 0000000180031580 f   StateEstimation_sfun:StateEstimation_sfun.obj
 0001:000305e0       sf_StateEstimation_process_check_sum_call 00000001800315e0 f   StateEstimation_sfun:StateEstimation_sfun.obj
 0001:00030800       sf_StateEstimation_third_party_uses_info 0000000180031800 f   StateEstimation_sfun:StateEstimation_sfun.obj
 0001:00030950       sf_StateEstimation_updateBuildInfo_args_info 0000000180031950 f   StateEstimation_sfun:StateEstimation_sfun.obj
 0001:00030aa0       unload_StateEstimation_optimization_info 0000000180031aa0 f   StateEstimation_sfun:StateEstimation_sfun.obj
 0001:00030ad0       c21_StateEstimation_method_dispatcher 0000000180031ad0 f   StateEstimation_sfun:c21_StateEstimation.obj
 0001:000337a0       sf_c21_StateEstimation_get_autoinheritance_info 00000001800347a0 f   StateEstimation_sfun:c21_StateEstimation.obj
 0001:00033e10       sf_c21_StateEstimation_get_check_sum 0000000180034e10 f   StateEstimation_sfun:c21_StateEstimation.obj
 0001:00033e80       sf_c21_StateEstimation_get_eml_resolved_functions_info 0000000180034e80 f   StateEstimation_sfun:c21_StateEstimation.obj
 0001:00033f10       sf_c21_StateEstimation_get_post_codegen_info 0000000180034f10 f   StateEstimation_sfun:c21_StateEstimation.obj
 0001:00033fd0       sf_c21_StateEstimation_jit_fallback_info 0000000180034fd0 f   StateEstimation_sfun:c21_StateEstimation.obj
 0001:00034120       sf_c21_StateEstimation_third_party_uses_info 0000000180035120 f   StateEstimation_sfun:c21_StateEstimation.obj
 0001:00034130       sf_c21_StateEstimation_updateBuildInfo_args_info 0000000180035130 f   StateEstimation_sfun:c21_StateEstimation.obj
 0001:000377d0       c41_StateEstimation_method_dispatcher 00000001800387d0 f   StateEstimation_sfun:c41_StateEstimation.obj
 0001:0003f980       sf_c41_StateEstimation_get_autoinheritance_info 0000000180040980 f   StateEstimation_sfun:c41_StateEstimation.obj
 0001:000400a0       sf_c41_StateEstimation_get_check_sum 00000001800410a0 f   StateEstimation_sfun:c41_StateEstimation.obj
 0001:00040110       sf_c41_StateEstimation_get_eml_resolved_functions_info 0000000180041110 f   StateEstimation_sfun:c41_StateEstimation.obj
 0001:000401c0       sf_c41_StateEstimation_get_post_codegen_info 00000001800411c0 f   StateEstimation_sfun:c41_StateEstimation.obj
 0001:00040280       sf_c41_StateEstimation_jit_fallback_info 0000000180041280 f   StateEstimation_sfun:c41_StateEstimation.obj
 0001:000403d0       sf_c41_StateEstimation_third_party_uses_info 00000001800413d0 f   StateEstimation_sfun:c41_StateEstimation.obj
 0001:000403e0       sf_c41_StateEstimation_updateBuildInfo_args_info 00000001800413e0 f   StateEstimation_sfun:c41_StateEstimation.obj
 0001:000409a0       c42_StateEstimation_method_dispatcher 00000001800419a0 f   StateEstimation_sfun:c42_StateEstimation.obj
 0001:00043600       sf_c42_StateEstimation_get_autoinheritance_info 0000000180044600 f   StateEstimation_sfun:c42_StateEstimation.obj
 0001:00043a80       sf_c42_StateEstimation_get_check_sum 0000000180044a80 f   StateEstimation_sfun:c42_StateEstimation.obj
 0001:00043af0       sf_c42_StateEstimation_get_eml_resolved_functions_info 0000000180044af0 f   StateEstimation_sfun:c42_StateEstimation.obj
 0001:00043b80       sf_c42_StateEstimation_get_post_codegen_info 0000000180044b80 f   StateEstimation_sfun:c42_StateEstimation.obj
 0001:00043c40       sf_c42_StateEstimation_jit_fallback_info 0000000180044c40 f   StateEstimation_sfun:c42_StateEstimation.obj
 0001:00043d90       sf_c42_StateEstimation_third_party_uses_info 0000000180044d90 f   StateEstimation_sfun:c42_StateEstimation.obj
 0001:00043da0       sf_c42_StateEstimation_updateBuildInfo_args_info 0000000180044da0 f   StateEstimation_sfun:c42_StateEstimation.obj
 0001:00045690       UDP_Communication_debug_initialize 0000000180046690 f   UDP_Communication_sfun:UDP_Communication_sfun.obj
 0001:00045700       UDP_Communication_initializer 0000000180046700 f   UDP_Communication_sfun:UDP_Communication_sfun.obj
 0001:00045710       UDP_Communication_register_exported_symbols 0000000180046710 f   UDP_Communication_sfun:UDP_Communication_sfun.obj
 0001:00045720       UDP_Communication_terminator 0000000180046720 f   UDP_Communication_sfun:UDP_Communication_sfun.obj
 0001:00045730       load_UDP_Communication_optimization_info 0000000180046730 f   UDP_Communication_sfun:UDP_Communication_sfun.obj
 0001:000457e0       sf_UDP_Communication_autoinheritance_info 00000001800467e0 f   UDP_Communication_sfun:UDP_Communication_sfun.obj
 0001:000458e0       sf_UDP_Communication_get_eml_resolved_functions_info 00000001800468e0 f   UDP_Communication_sfun:UDP_Communication_sfun.obj
 0001:000459b0       sf_UDP_Communication_jit_fallback_info 00000001800469b0 f   UDP_Communication_sfun:UDP_Communication_sfun.obj
 0001:00045ab0       sf_UDP_Communication_method_dispatcher 0000000180046ab0 f   UDP_Communication_sfun:UDP_Communication_sfun.obj
 0001:00045ae0       sf_UDP_Communication_process_check_sum_call 0000000180046ae0 f   UDP_Communication_sfun:UDP_Communication_sfun.obj
 0001:00045cd0       sf_UDP_Communication_third_party_uses_info 0000000180046cd0 f   UDP_Communication_sfun:UDP_Communication_sfun.obj
 0001:00045dd0       sf_UDP_Communication_updateBuildInfo_args_info 0000000180046dd0 f   UDP_Communication_sfun:UDP_Communication_sfun.obj
 0001:00045ed0       unload_UDP_Communication_optimization_info 0000000180046ed0 f   UDP_Communication_sfun:UDP_Communication_sfun.obj
 0001:000471b0       c43_UDP_Communication_method_dispatcher 00000001800481b0 f   UDP_Communication_sfun:c43_UDP_Communication.obj
 0001:00049de0       sf_c43_UDP_Communication_get_autoinheritance_info 000000018004ade0 f   UDP_Communication_sfun:c43_UDP_Communication.obj
 0001:0004a260       sf_c43_UDP_Communication_get_check_sum 000000018004b260 f   UDP_Communication_sfun:c43_UDP_Communication.obj
 0001:0004a2d0       sf_c43_UDP_Communication_get_eml_resolved_functions_info 000000018004b2d0 f   UDP_Communication_sfun:c43_UDP_Communication.obj
 0001:0004a350       sf_c43_UDP_Communication_get_post_codegen_info 000000018004b350 f   UDP_Communication_sfun:c43_UDP_Communication.obj
 0001:0004a410       sf_c43_UDP_Communication_jit_fallback_info 000000018004b410 f   UDP_Communication_sfun:c43_UDP_Communication.obj
 0001:0004a560       sf_c43_UDP_Communication_third_party_uses_info 000000018004b560 f   UDP_Communication_sfun:c43_UDP_Communication.obj
 0001:0004a570       sf_c43_UDP_Communication_updateBuildInfo_args_info 000000018004b570 f   UDP_Communication_sfun:c43_UDP_Communication.obj
 0001:0004bc0a       sf_load_rtw_optimization_info 000000018004cc0a f   sf_runtime:sf_runtime.dll
 0001:0004bc10       sf_debug_initialize_machine 000000018004cc10 f   sf_runtime:sf_runtime.dll
 0001:0004bc16       sf_debug_set_machine_event_thresholds 000000018004cc16 f   sf_runtime:sf_runtime.dll
 0001:0004bc1c       sf_debug_set_machine_data_thresholds 000000018004cc1c f   sf_runtime:sf_runtime.dll
 0001:0004bc22       sf_init_ChartRunTimeInfo   000000018004cc22 f   sf_runtime:sf_runtime.dll
 0001:0004bc28       sf_free_ChartRunTimeInfo   000000018004cc28 f   sf_runtime:sf_runtime.dll
 0001:0004bc2e       sf_get_chart_instance_ptr  000000018004cc2e f   sf_runtime:sf_runtime.dll
 0001:0004bc34       sf_rtw_info_uint_prop      000000018004cc34 f   sf_runtime:sf_runtime.dll
 0001:0004bc3a       sf_update_buildInfo        000000018004cc3a f   sf_runtime:sf_runtime.dll
 0001:0004bc40       sf_is_chart_inlinable      000000018004cc40 f   sf_runtime:sf_runtime.dll
 0001:0004bc46       sf_mark_chart_reusable_outputs 000000018004cc46 f   sf_runtime:sf_runtime.dll
 0001:0004bc4c       sf_mark_chart_expressionable_inputs 000000018004cc4c f   sf_runtime:sf_runtime.dll
 0001:0004bc52       sim_mode_is_rtw_gen        000000018004cc52 f   sf_runtime:sf_runtime.dll
 0001:0004bc58       sim_mode_is_external       000000018004cc58 f   sf_runtime:sf_runtime.dll
 0001:0004bc5e       sim_mode_is_modelref_sim   000000018004cc5e f   sf_runtime:sf_runtime.dll
 0001:0004bc64       sf_mex_listen_for_ctrl_c_with_debugger 000000018004cc64 f   sf_runtime:sf_runtime.dll
 0001:0004bc6a       sf_clear_rtw_identifier    000000018004cc6a f   sf_runtime:sf_runtime.dll
 0001:0004bc70       sf_set_rtw_dwork_info      000000018004cc70 f   sf_runtime:sf_runtime.dll
 0001:0004bc76       sf_get_time                000000018004cc76 f   sf_runtime:sf_runtime.dll
 0001:0004bc7c       sf_is_first_init_cond      000000018004cc7c f   sf_runtime:sf_runtime.dll
 0001:0004bc82       sf_set_chart_accesses_machine_info 000000018004cc82 f   sf_runtime:sf_runtime.dll
 0001:0004bc88       sf_register_codegen_names_for_scoped_functions_defined_by_chart 000000018004cc88 f   sf_runtime:sf_runtime.dll
 0001:0004bc8e       sf_mex_call_debug          000000018004cc8e f   sf_runtime:sf_runtime.dll
 0001:0004bc94       sf_mex_error_message       000000018004cc94 f   sf_runtime:sf_runtime.dll
 0001:0004bc9a       sf_mex_create              000000018004cc9a f   sf_runtime:sf_runtime.dll
 0001:0004bca0       sf_mex_createcellmatrix    000000018004cca0 f   sf_runtime:sf_runtime.dll
 0001:0004bca6       sf_mex_setcell             000000018004cca6 f   sf_runtime:sf_runtime.dll
 0001:0004bcac       sf_mex_getcell             000000018004ccac f   sf_runtime:sf_runtime.dll
 0001:0004bcb2       sf_mex_assign              000000018004ccb2 f   sf_runtime:sf_runtime.dll
 0001:0004bcb8       sf_mex_dup                 000000018004ccb8 f   sf_runtime:sf_runtime.dll
 0001:0004bcbe       sf_mex_destroy             000000018004ccbe f   sf_runtime:sf_runtime.dll
 0001:0004bcc4       sf_mex_import              000000018004ccc4 f   sf_runtime:sf_runtime.dll
 0001:0004bcca       sf_mex_import_vs           000000018004ccca f   sf_runtime:sf_runtime.dll
 0001:0004bcd0       sf_mex_decode_encoded_mx_struct_array 000000018004ccd0 f   sf_runtime:sf_runtime.dll
 0001:0004bcd6       ssGetCurrentOutputPortDimensions_wrapper 000000018004ccd6 f   sf_runtime:sf_runtime.dll
 0001:0004bcdc       ssSetCurrentOutputPortDimensions_wrapper 000000018004ccdc f   sf_runtime:sf_runtime.dll
 0001:0004bce2       ssGetInputPortSignal_wrapper 000000018004cce2 f   sf_runtime:sf_runtime.dll
 0001:0004bce8       ssGetOutputPortSignal_wrapper 000000018004cce8 f   sf_runtime:sf_runtime.dll
 0001:0004bcee       sf_eml_array_bounds_check  000000018004ccee f   sf_runtime:sf_runtime.dll
 0001:0004bcf4       sf_integer_check           000000018004ccf4 f   sf_runtime:sf_runtime.dll
 0001:0004bcfa       sf_debug_initialize_chart  000000018004ccfa f   sf_runtime:sf_runtime.dll
 0001:0004bd00       sf_debug_call              000000018004cd00 f   sf_runtime:sf_runtime.dll
 0001:0004bd06       eml_debug_line_call        000000018004cd06 f   sf_runtime:sf_runtime.dll
 0001:0004bd0c       cv_eml_eval                000000018004cd0c f   sf_runtime:sf_runtime.dll
 0001:0004bd12       cv_eml_init_script         000000018004cd12 f   sf_runtime:sf_runtime.dll
 0001:0004bd18       cv_eml_init_fcn            000000018004cd18 f   sf_runtime:sf_runtime.dll
 0001:0004bd1e       cv_eml_init_if             000000018004cd1e f   sf_runtime:sf_runtime.dll
 0001:0004bd24       cv_eml_init_while          000000018004cd24 f   sf_runtime:sf_runtime.dll
 0001:0004bd2a       cv_eml_init_mcdc           000000018004cd2a f   sf_runtime:sf_runtime.dll
 0001:0004bd30       cv_script_eval             000000018004cd30 f   sf_runtime:sf_runtime.dll
 0001:0004bd36       cv_script_init_script      000000018004cd36 f   sf_runtime:sf_runtime.dll
 0001:0004bd3c       cv_script_init_fcn         000000018004cd3c f   sf_runtime:sf_runtime.dll
 0001:0004bd42       sf_debug_reset_current_state_configuration 000000018004cd42 f   sf_runtime:sf_runtime.dll
 0001:0004bd48       sf_debug_check_for_state_inconsistency 000000018004cd48 f   sf_runtime:sf_runtime.dll
 0001:0004bd4e       sf_debug_set_chart_data_props 000000018004cd4e f   sf_runtime:sf_runtime.dll
 0001:0004bd54       sf_debug_set_chart_data_compiled_props 000000018004cd54 f   sf_runtime:sf_runtime.dll
 0001:0004bd5a       sf_debug_symbol_scope_push 000000018004cd5a f   sf_runtime:sf_runtime.dll
 0001:0004bd60       sf_debug_symbol_scope_push_eml 000000018004cd60 f   sf_runtime:sf_runtime.dll
 0001:0004bd66       sf_debug_symbol_scope_pop  000000018004cd66 f   sf_runtime:sf_runtime.dll
 0001:0004bd6c       sf_debug_symbol_scope_add_eml 000000018004cd6c f   sf_runtime:sf_runtime.dll
 0001:0004bd72       sf_debug_symbol_scope_add_eml_importable 000000018004cd72 f   sf_runtime:sf_runtime.dll
 0001:0004bd78       sf_debug_symbol_scope_add_eml_dyn_importable 000000018004cd78 f   sf_runtime:sf_runtime.dll
 0001:0004bd7e       sf_debug_set_instance_data_value_ptr 000000018004cd7e f   sf_runtime:sf_runtime.dll
 0001:0004bd84       sf_debug_set_chart_disable_implicit_casting 000000018004cd84 f   sf_runtime:sf_runtime.dll
 0001:0004bd8a       sf_debug_set_chart_event_thresholds 000000018004cd8a f   sf_runtime:sf_runtime.dll
 0001:0004bd90       sf_debug_set_chart_state_info 000000018004cd90 f   sf_runtime:sf_runtime.dll
 0001:0004bd96       sf_debug_set_chart_decomposition 000000018004cd96 f   sf_runtime:sf_runtime.dll
 0001:0004bd9c       sf_debug_set_chart_substate_count 000000018004cd9c f   sf_runtime:sf_runtime.dll
 0001:0004bda2       sf_debug_dim_size_geq_check 000000018004cda2 f   sf_runtime:sf_runtime.dll
 0001:0004bda8       sf_debug_data_range_wrapper 000000018004cda8 f   sf_runtime:sf_runtime.dll
 0001:0004bdae       sf_debug_cv_init_trans     000000018004cdae f   sf_runtime:sf_runtime.dll
 0001:0004bdb4       sf_debug_cv_init_chart     000000018004cdb4 f   sf_runtime:sf_runtime.dll
 0001:0004bdba       sf_debug_cv_init_state     000000018004cdba f   sf_runtime:sf_runtime.dll
 0001:0004bdc0       sf_debug_get_script_id     000000018004cdc0 f   sf_runtime:sf_runtime.dll
 0001:0004bdc6       sf_debug_set_script_translation 000000018004cdc6 f   sf_runtime:sf_runtime.dll
 0001:0004bdcc       cv_eval_relational         000000018004cdcc f   sf_runtime:sf_runtime.dll
 0001:0004bdd2       cv_eml_init_relational     000000018004cdd2 f   sf_runtime:sf_runtime.dll
 0001:0004bdd8       cv_script_init_if          000000018004cdd8 f   sf_runtime:sf_runtime.dll
 0001:0004bdde       sf_debug_symbol_switch     000000018004cdde f   sf_runtime:sf_runtime.dll
 0001:0004bde4       sf_get_ChartInfoStruct_CodeGen 000000018004cde4 f   sf_runtime:sf_runtime.dll
 0001:0004bdea       sf_get_isEnhancedMooreMachine 000000018004cdea f   sf_runtime:sf_runtime.dll
 0001:0004bdf0       sf_set_compiledInfo        000000018004cdf0 f   sf_runtime:sf_runtime.dll
 0001:0004bdf6       callMdlMethodAndReportError 000000018004cdf6 f   sf_runtime:sf_runtime.dll
 0001:0004bdfc       call_sf_machine_global_method_dispatcher 000000018004cdfc f   sf_runtime:sf_runtime.dll
 0001:0004be02       sf_mex_error_direct_call   000000018004ce02 f   sf_runtime:sf_runtime.dll
 0001:0004be08       sf_clear_error_manager_info 000000018004ce08 f   sf_runtime:sf_runtime.dll
 0001:0004be0e       sf_debug_create_debug_instance_struct 000000018004ce0e f   sf_runtime:sf_runtime.dll
 0001:0004be14       sf_debug_terminate         000000018004ce14 f   sf_runtime:sf_runtime.dll
 0001:0004be1a       sf_debug_api               000000018004ce1a f   sf_runtime:sf_runtime.dll
 0001:0004be20       sf_mex_addfield            000000018004ce20 f   sf_runtime:sf_runtime.dll
 0001:0004be26       sf_mex_createstruct        000000018004ce26 f   sf_runtime:sf_runtime.dll
 0001:0004be2c       cv_script_init_relational  000000018004ce2c f   sf_runtime:sf_runtime.dll
 0001:0004be32       cv_script_init_switch      000000018004ce32 f   sf_runtime:sf_runtime.dll
 0001:0004be38       mxIsChar                   000000018004ce38 f   libmx:libmx.dll
 0001:0004be3e       mxGetPr                    000000018004ce3e f   libmx:libmx.dll
 0001:0004be44       mxGetScalar                000000018004ce44 f   libmx:libmx.dll
 0001:0004be4a       mxDestroyArray             000000018004ce4a f   libmx:libmx.dll
 0001:0004be50       mxCreateDoubleMatrix_730   000000018004ce50 f   libmx:libmx.dll
 0001:0004be56       mxGetString_730            000000018004ce56 f   libmx:libmx.dll
 0001:0004be5c       mxDuplicateArray           000000018004ce5c f   libmx:libmx.dll
 0001:0004be62       mxIsEmpty                  000000018004ce62 f   libmx:libmx.dll
 0001:0004be68       mxSetField_730             000000018004ce68 f   libmx:libmx.dll
 0001:0004be6e       mxCreateDoubleScalar       000000018004ce6e f   libmx:libmx.dll
 0001:0004be74       mxCreateString             000000018004ce74 f   libmx:libmx.dll
 0001:0004be7a       mxCreateCellMatrix_730     000000018004ce7a f   libmx:libmx.dll
 0001:0004be80       mxCreateCellArray_730      000000018004ce80 f   libmx:libmx.dll
 0001:0004be86       mxCreateStructMatrix_730   000000018004ce86 f   libmx:libmx.dll
 0001:0004be8c       mxCreateStructArray_730    000000018004ce8c f   libmx:libmx.dll
 0001:0004be92       mxGetNaN                   000000018004ce92 f   libmx:libmx.dll
 0001:0004be98       mxCalloc                   000000018004ce98 f   libmx:libmx.dll
 0001:0004be9e       mxGetM                     000000018004ce9e f   libmx:libmx.dll
 0001:0004bea4       mxGetClassID               000000018004cea4 f   libmx:libmx.dll
 0001:0004beaa       mxIsNumeric                000000018004ceaa f   libmx:libmx.dll
 0001:0004beb0       mxIsComplex                000000018004ceb0 f   libmx:libmx.dll
 0001:0004beb6       mxGetN                     000000018004ceb6 f   libmx:libmx.dll
 0001:0004bebc       mexMakeArrayPersistent     000000018004cebc f   libmex:libmex.dll
 0001:0004bec2       mexErrMsgTxt               000000018004cec2 f   libmex:libmex.dll
 0001:0004bec8       mexWarnMsgTxt              000000018004cec8 f   libmex:libmex.dll
 0001:0004bece       mexCallMATLABWithObject    000000018004cece f   libmex:libmex.dll
 0001:0004bed4       mexLock                    000000018004ced4 f   libmex:libmex.dll
 0001:0004beda       mexUnlock                  000000018004ceda f   libmex:libmex.dll
 0001:0004bee0       mexIsLocked                000000018004cee0 f   libmex:libmex.dll
 0001:0004bee6       utMalloc                   000000018004cee6 f   libut:libut.dll
 0001:0004beec       utFree                     000000018004ceec f   libut:libut.dll
 0001:0004bef2       muDoubleScalarAbs          000000018004cef2 f   libmwmathutil:libmwmathutil.dll
 0001:0004bef8       muDoubleScalarFloor        000000018004cef8 f   libmwmathutil:libmwmathutil.dll
 0001:0004befe       muDoubleScalarRound        000000018004cefe f   libmwmathutil:libmwmathutil.dll
 0001:0004bf04       muDoubleScalarIsNaN        000000018004cf04 f   libmwmathutil:libmwmathutil.dll
 0001:0004bf0a       muDoubleScalarIsInf        000000018004cf0a f   libmwmathutil:libmwmathutil.dll
 0001:0004bf10       muDoubleScalarCos          000000018004cf10 f   libmwmathutil:libmwmathutil.dll
 0001:0004bf16       muDoubleScalarSin          000000018004cf16 f   libmwmathutil:libmwmathutil.dll
 0001:0004bf1c       muDoubleScalarAsin         000000018004cf1c f   libmwmathutil:libmwmathutil.dll
 0001:0004bf22       muDoubleScalarAtan2        000000018004cf22 f   libmwmathutil:libmwmathutil.dll
 0001:0004bf28       muDoubleScalarSqrt         000000018004cf28 f   libmwmathutil:libmwmathutil.dll
 0001:0004bf2e       muDoubleScalarMax          000000018004cf2e f   libmwmathutil:libmwmathutil.dll
 0001:0004bf34       muDoubleScalarMin          000000018004cf34 f   libmwmathutil:libmwmathutil.dll
 0001:0004bf3a       emlrtNameCaptureMxArrayR2016a 000000018004cf3a f   libemlrt:libemlrt.dll
 0001:0004bf40       __GSHandlerCheck           000000018004cf40 f   MSVCRT:_gshandler_.obj
 0001:0004bf60       __GSHandlerCheckCommon     000000018004cf60 f   MSVCRT:_gshandler_.obj
 0001:0004bfd0       __security_check_cookie    000000018004cfd0 f   MSVCRT:_amdsecgs_.obj
 0001:0004c010       _alloca_probe              000000018004d010 f   MSVCRT:_chkstk_.obj
 0001:0004c010       __chkstk                   000000018004d010 f   MSVCRT:_chkstk_.obj
 0001:0004c3b0       _CRT_INIT                  000000018004d3b0 f   MSVCRT:dll_dllmain.obj
 0001:0004c3b8       _DllMainCRTStartup         000000018004d3b8 f   MSVCRT:dll_dllmain.obj
 0001:0004c3f8       __raise_securityfailure    000000018004d3f8 f   MSVCRT:gs_report.obj
 0001:0004c42c       __report_gsfailure         000000018004d42c f   MSVCRT:gs_report.obj
 0001:0004c500       __report_rangecheckfailure 000000018004d500 f   MSVCRT:gs_report.obj
 0001:0004c514       __report_securityfailure   000000018004d514 f   MSVCRT:gs_report.obj
 0001:0004c5b0       __report_securityfailureEx 000000018004d5b0 f   MSVCRT:gs_report.obj
 0001:0004c7a4       ??$__crt_fast_decode_pointer@PEAP6AXXZ@@YAPEAP6AXXZQEAP6AXXZ@Z 000000018004d7a4 f i MSVCRT:utility.obj
 0001:0004c7bc       ??$__crt_fast_encode_pointer@PEAP6AXXZ@@YAPEAP6AXXZQEAP6AXXZ@Z 000000018004d7bc f i MSVCRT:utility.obj
 0001:0004c7dc       ?__crt_rotate_pointer_value@@YA_K_KH@Z 000000018004d7dc f i MSVCRT:utility.obj
 0001:0004c7e8       ?configure_argv@__scrt_narrow_argv_policy@@SAHXZ 000000018004d7e8 f i MSVCRT:utility.obj
 0001:0004c878       NtCurrentTeb               000000018004d878 f i MSVCRT:utility.obj
 0001:0004c884       __scrt_acquire_startup_lock 000000018004d884 f   MSVCRT:utility.obj
 0001:0004c8c0       __scrt_dllmain_after_initialize_c 000000018004d8c0 f   MSVCRT:utility.obj
 0001:0004c8f4       __scrt_dllmain_before_initialize_c 000000018004d8f4 f   MSVCRT:utility.obj
 0001:0004c90c       __scrt_dllmain_crt_thread_attach 000000018004d90c f   MSVCRT:utility.obj
 0001:0004c934       __scrt_dllmain_crt_thread_detach 000000018004d934 f   MSVCRT:utility.obj
 0001:0004c94c       __scrt_dllmain_exception_filter 000000018004d94c f   MSVCRT:utility.obj
 0001:0004c9b0       __scrt_dllmain_uninitialize_c 000000018004d9b0 f   MSVCRT:utility.obj
 0001:0004c9e0       __scrt_dllmain_uninitialize_critical 000000018004d9e0 f   MSVCRT:utility.obj
 0001:0004c9f4       __scrt_initialize_crt      000000018004d9f4 f   MSVCRT:utility.obj
 0001:0004ca40       __scrt_initialize_onexit_tables 000000018004da40 f   MSVCRT:utility.obj
 0001:0004cb0c       __scrt_is_nonwritable_in_current_image 000000018004db0c f   MSVCRT:utility.obj
 0001:0004cba8       __scrt_release_startup_lock 000000018004dba8 f   MSVCRT:utility.obj
 0001:0004cbcc       __scrt_uninitialize_crt    000000018004dbcc f   MSVCRT:utility.obj
 0001:0004cbf8       _onexit                    000000018004dbf8 f   MSVCRT:utility.obj
 0001:0004cc48       at_quick_exit              000000018004dc48 f   MSVCRT:utility.obj
 0001:0004cc80       atexit                     000000018004dc80 f   MSVCRT:utility.obj
 0001:0004cc98       __security_init_cookie     000000018004dc98 f   MSVCRT:gs_support.obj
 0001:0004cd44       DllMain                    000000018004dd44 f   MSVCRT:dll_dllmain_stub.obj
 0001:0004cd68       ?__scrt_initialize_type_info@@YAXXZ 000000018004dd68 f   MSVCRT:tncleanup.obj
 0001:0004cd78       ?__scrt_uninitialize_type_info@@YAXXZ 000000018004dd78 f   MSVCRT:tncleanup.obj
 0001:0004cd84       __local_stdio_scanf_options 000000018004dd84 f i MSVCRT:default_local_stdio_options.obj
 0001:0004cd8c       __scrt_initialize_default_local_stdio_options 000000018004dd8c f   MSVCRT:default_local_stdio_options.obj
 0001:0004cda8       __scrt_get_dyn_tls_init_callback 000000018004dda8 f   MSVCRT:dyn_tls_init.obj
 0001:0004cdb0       __crt_debugger_hook        000000018004ddb0 f   MSVCRT:utility_desktop.obj
 0001:0004cdb8       __scrt_fastfail            000000018004ddb8 f   MSVCRT:utility_desktop.obj
 0001:0004cf00       __scrt_get_show_window_mode 000000018004df00 f   MSVCRT:utility_desktop.obj
 0001:0004cf3c       __scrt_initialize_winrt    000000018004df3c f   MSVCRT:utility_desktop.obj
 0001:0004cf40       __scrt_is_managed_app      000000018004df40 f   MSVCRT:utility_desktop.obj
 0001:0004cf94       __scrt_set_unhandled_exception_filter 000000018004df94 f   MSVCRT:utility_desktop.obj
 0001:0004cfa4       __scrt_unhandled_exception_filter 000000018004dfa4 f   MSVCRT:utility_desktop.obj
 0001:0004cfdc       _RTC_Initialize            000000018004dfdc f   MSVCRT:_initsect_.obj
 0001:0004d028       _RTC_Terminate             000000018004e028 f   MSVCRT:_initsect_.obj
 0001:0004d074       _guard_check_icall         000000018004e074 f i MSVCRT:checkcfg.obj
 0001:0004d07c       __isa_available_init       000000018004e07c f   MSVCRT:_cpu_disp_.obj
 0001:0004d244       _get_startup_argv_mode     000000018004e244 f   MSVCRT:argv_mode.obj
 0001:0004d24c       __scrt_is_ucrt_dll_in_use  000000018004e24c f   MSVCRT:ucrt_detection.obj
 0001:0004d258       _guard_check_icall_nop     000000018004e258 f i MSVCRT:guard_support.obj
 0001:0004d25c       _guard_icall_checks_enforced 000000018004e25c f i MSVCRT:guard_support.obj
 0001:0004d280       RtlCaptureContext          000000018004e280 f   kernel32:KERNEL32.dll
 0001:0004d286       RtlLookupFunctionEntry     000000018004e286 f   kernel32:KERNEL32.dll
 0001:0004d28c       RtlVirtualUnwind           000000018004e28c f   kernel32:KERNEL32.dll
 0001:0004d292       UnhandledExceptionFilter   000000018004e292 f   kernel32:KERNEL32.dll
 0001:0004d298       SetUnhandledExceptionFilter 000000018004e298 f   kernel32:KERNEL32.dll
 0001:0004d29e       GetCurrentProcess          000000018004e29e f   kernel32:KERNEL32.dll
 0001:0004d2a4       TerminateProcess           000000018004e2a4 f   kernel32:KERNEL32.dll
 0001:0004d2aa       IsProcessorFeaturePresent  000000018004e2aa f   kernel32:KERNEL32.dll
 0001:0004d2b0       QueryPerformanceCounter    000000018004e2b0 f   kernel32:KERNEL32.dll
 0001:0004d2b6       GetCurrentProcessId        000000018004e2b6 f   kernel32:KERNEL32.dll
 0001:0004d2bc       GetCurrentThreadId         000000018004e2bc f   kernel32:KERNEL32.dll
 0001:0004d2c2       GetSystemTimeAsFileTime    000000018004e2c2 f   kernel32:KERNEL32.dll
 0001:0004d2c8       DisableThreadLibraryCalls  000000018004e2c8 f   kernel32:KERNEL32.dll
 0001:0004d2ce       InitializeSListHead        000000018004e2ce f   kernel32:KERNEL32.dll
 0001:0004d2d4       IsDebuggerPresent          000000018004e2d4 f   kernel32:KERNEL32.dll
 0001:0004d2da       GetStartupInfoW            000000018004e2da f   kernel32:KERNEL32.dll
 0001:0004d2e0       GetModuleHandleW           000000018004e2e0 f   kernel32:KERNEL32.dll
 0001:0004d2e6       memcpy                     000000018004e2e6 f   vcruntime:VCRUNTIME140.dll
 0001:0004d2ec       memset                     000000018004e2ec f   vcruntime:VCRUNTIME140.dll
 0001:0004d2f2       __C_specific_handler       000000018004e2f2 f   vcruntime:VCRUNTIME140.dll
 0001:0004d2f8       __std_type_info_destroy_list 000000018004e2f8 f   vcruntime:VCRUNTIME140.dll
 0001:0004d2fe       strcmp                     000000018004e2fe f   ucrt:api-ms-win-crt-string-l1-1-0.dll
 0001:0004d304       frexp                      000000018004e304 f   ucrt:api-ms-win-crt-math-l1-1-0.dll
 0001:0004d30a       ldexp                      000000018004e30a f   ucrt:api-ms-win-crt-math-l1-1-0.dll
 0001:0004d310       free                       000000018004e310 f   ucrt:api-ms-win-crt-heap-l1-1-0.dll
 0001:0004d316       malloc                     000000018004e316 f   ucrt:api-ms-win-crt-heap-l1-1-0.dll
 0001:0004d31c       __stdio_common_vsprintf    000000018004e31c f   ucrt:api-ms-win-crt-stdio-l1-1-0.dll
 0001:0004d322       cos                        000000018004e322 f   ucrt:api-ms-win-crt-math-l1-1-0.dll
 0001:0004d328       sin                        000000018004e328 f   ucrt:api-ms-win-crt-math-l1-1-0.dll
 0001:0004d32e       _initterm                  000000018004e32e f   ucrt:api-ms-win-crt-runtime-l1-1-0.dll
 0001:0004d334       _initterm_e                000000018004e334 f   ucrt:api-ms-win-crt-runtime-l1-1-0.dll
 0001:0004d33a       _seh_filter_dll            000000018004e33a f   ucrt:api-ms-win-crt-runtime-l1-1-0.dll
 0001:0004d340       _configure_narrow_argv     000000018004e340 f   ucrt:api-ms-win-crt-runtime-l1-1-0.dll
 0001:0004d346       _initialize_narrow_environment 000000018004e346 f   ucrt:api-ms-win-crt-runtime-l1-1-0.dll
 0001:0004d34c       _initialize_onexit_table   000000018004e34c f   ucrt:api-ms-win-crt-runtime-l1-1-0.dll
 0001:0004d352       _register_onexit_function  000000018004e352 f   ucrt:api-ms-win-crt-runtime-l1-1-0.dll
 0001:0004d358       _execute_onexit_table      000000018004e358 f   ucrt:api-ms-win-crt-runtime-l1-1-0.dll
 0001:0004d35e       _crt_atexit                000000018004e35e f   ucrt:api-ms-win-crt-runtime-l1-1-0.dll
 0001:0004d364       _crt_at_quick_exit         000000018004e364 f   ucrt:api-ms-win-crt-runtime-l1-1-0.dll
 0001:0004d36a       _cexit                     000000018004e36a f   ucrt:api-ms-win-crt-runtime-l1-1-0.dll
 0001:0004d370       terminate                  000000018004e370 f   ucrt:api-ms-win-crt-runtime-l1-1-0.dll
 0001:0004d378       __scrt_stub_for_acrt_initialize 000000018004e378 f   MSVCRT:ucrt_stubs.obj
 0001:0004d378       __acrt_initialize          000000018004e378 f   MSVCRT:ucrt_stubs.obj
 0001:0004d378       __vcrt_initialize          000000018004e378 f   MSVCRT:ucrt_stubs.obj
 0001:0004d37c       __acrt_thread_attach       000000018004e37c f   MSVCRT:ucrt_stubs.obj
 0001:0004d37c       __scrt_stub_for_acrt_thread_attach 000000018004e37c f   MSVCRT:ucrt_stubs.obj
 0001:0004d37c       __vcrt_thread_attach       000000018004e37c f   MSVCRT:ucrt_stubs.obj
 0001:0004d380       __acrt_thread_detach       000000018004e380 f   MSVCRT:ucrt_stubs.obj
 0001:0004d380       __vcrt_thread_detach       000000018004e380 f   MSVCRT:ucrt_stubs.obj
 0001:0004d380       __scrt_stub_for_acrt_thread_detach 000000018004e380 f   MSVCRT:ucrt_stubs.obj
 0001:0004d384       __acrt_uninitialize        000000018004e384 f   MSVCRT:ucrt_stubs.obj
 0001:0004d384       __scrt_stub_for_acrt_uninitialize 000000018004e384 f   MSVCRT:ucrt_stubs.obj
 0001:0004d384       __vcrt_uninitialize        000000018004e384 f   MSVCRT:ucrt_stubs.obj
 0001:0004d388       __vcrt_uninitialize_critical 000000018004e388 f   MSVCRT:ucrt_stubs.obj
 0001:0004d388       __scrt_stub_for_acrt_uninitialize_critical 000000018004e388 f   MSVCRT:ucrt_stubs.obj
 0001:0004d388       __acrt_uninitialize_critical 000000018004e388 f   MSVCRT:ucrt_stubs.obj
 0001:0004d38c       _is_c_termination_complete 000000018004e38c f   MSVCRT:ucrt_stubs.obj
 0001:0004d38c       __scrt_stub_for_is_c_termination_complete 000000018004e38c f   MSVCRT:ucrt_stubs.obj
 0001:0004d3a0       _guard_dispatch_icall_nop  000000018004e3a0 f   MSVCRT:_guard_dispatch_.obj
 0002:00000000       __imp_DisableThreadLibraryCalls 000000018004f000     kernel32:KERNEL32.dll
 0002:00000008       __imp_RtlCaptureContext    000000018004f008     kernel32:KERNEL32.dll
 0002:00000010       __imp_GetCurrentProcess    000000018004f010     kernel32:KERNEL32.dll
 0002:00000018       __imp_TerminateProcess     000000018004f018     kernel32:KERNEL32.dll
 0002:00000020       __imp_RtlLookupFunctionEntry 000000018004f020     kernel32:KERNEL32.dll
 0002:00000028       __imp_IsProcessorFeaturePresent 000000018004f028     kernel32:KERNEL32.dll
 0002:00000030       __imp_QueryPerformanceCounter 000000018004f030     kernel32:KERNEL32.dll
 0002:00000038       __imp_GetCurrentProcessId  000000018004f038     kernel32:KERNEL32.dll
 0002:00000040       __imp_GetCurrentThreadId   000000018004f040     kernel32:KERNEL32.dll
 0002:00000048       __imp_GetSystemTimeAsFileTime 000000018004f048     kernel32:KERNEL32.dll
 0002:00000050       __imp_InitializeSListHead  000000018004f050     kernel32:KERNEL32.dll
 0002:00000058       __imp_IsDebuggerPresent    000000018004f058     kernel32:KERNEL32.dll
 0002:00000060       __imp_GetStartupInfoW      000000018004f060     kernel32:KERNEL32.dll
 0002:00000068       __imp_GetModuleHandleW     000000018004f068     kernel32:KERNEL32.dll
 0002:00000070       __imp_UnhandledExceptionFilter 000000018004f070     kernel32:KERNEL32.dll
 0002:00000078       __imp_SetUnhandledExceptionFilter 000000018004f078     kernel32:KERNEL32.dll
 0002:00000080       __imp_RtlVirtualUnwind     000000018004f080     kernel32:KERNEL32.dll
 0002:00000088       \177KERNEL32_NULL_THUNK_DATA 000000018004f088     kernel32:KERNEL32.dll
 0002:00000090       __imp_memcpy               000000018004f090     vcruntime:VCRUNTIME140.dll
 0002:00000098       __imp___C_specific_handler 000000018004f098     vcruntime:VCRUNTIME140.dll
 0002:000000a0       __imp___std_type_info_destroy_list 000000018004f0a0     vcruntime:VCRUNTIME140.dll
 0002:000000a8       __imp_memset               000000018004f0a8     vcruntime:VCRUNTIME140.dll
 0002:000000b0       \177VCRUNTIME140_NULL_THUNK_DATA 000000018004f0b0     vcruntime:VCRUNTIME140.dll
 0002:000000b8       __imp_malloc               000000018004f0b8     ucrt:api-ms-win-crt-heap-l1-1-0.dll
 0002:000000c0       __imp_free                 000000018004f0c0     ucrt:api-ms-win-crt-heap-l1-1-0.dll
 0002:000000c8       \177api-ms-win-crt-heap-l1-1-0_NULL_THUNK_DATA 000000018004f0c8     ucrt:api-ms-win-crt-heap-l1-1-0.dll
 0002:000000d0       __imp_sin                  000000018004f0d0     ucrt:api-ms-win-crt-math-l1-1-0.dll
 0002:000000d8       __imp_frexp                000000018004f0d8     ucrt:api-ms-win-crt-math-l1-1-0.dll
 0002:000000e0       __imp_cos                  000000018004f0e0     ucrt:api-ms-win-crt-math-l1-1-0.dll
 0002:000000e8       __imp_ldexp                000000018004f0e8     ucrt:api-ms-win-crt-math-l1-1-0.dll
 0002:000000f0       \177api-ms-win-crt-math-l1-1-0_NULL_THUNK_DATA 000000018004f0f0     ucrt:api-ms-win-crt-math-l1-1-0.dll
 0002:000000f8       __imp__seh_filter_dll      000000018004f0f8     ucrt:api-ms-win-crt-runtime-l1-1-0.dll
 0002:00000100       __imp__initialize_narrow_environment 000000018004f100     ucrt:api-ms-win-crt-runtime-l1-1-0.dll
 0002:00000108       __imp__initialize_onexit_table 000000018004f108     ucrt:api-ms-win-crt-runtime-l1-1-0.dll
 0002:00000110       __imp__register_onexit_function 000000018004f110     ucrt:api-ms-win-crt-runtime-l1-1-0.dll
 0002:00000118       __imp__execute_onexit_table 000000018004f118     ucrt:api-ms-win-crt-runtime-l1-1-0.dll
 0002:00000120       __imp__crt_atexit          000000018004f120     ucrt:api-ms-win-crt-runtime-l1-1-0.dll
 0002:00000128       __imp__crt_at_quick_exit   000000018004f128     ucrt:api-ms-win-crt-runtime-l1-1-0.dll
 0002:00000130       __imp__cexit               000000018004f130     ucrt:api-ms-win-crt-runtime-l1-1-0.dll
 0002:00000138       __imp_terminate            000000018004f138     ucrt:api-ms-win-crt-runtime-l1-1-0.dll
 0002:00000140       __imp__initterm_e          000000018004f140     ucrt:api-ms-win-crt-runtime-l1-1-0.dll
 0002:00000148       __imp__initterm            000000018004f148     ucrt:api-ms-win-crt-runtime-l1-1-0.dll
 0002:00000150       __imp__configure_narrow_argv 000000018004f150     ucrt:api-ms-win-crt-runtime-l1-1-0.dll
 0002:00000158       \177api-ms-win-crt-runtime-l1-1-0_NULL_THUNK_DATA 000000018004f158     ucrt:api-ms-win-crt-runtime-l1-1-0.dll
 0002:00000160       __imp___stdio_common_vsprintf 000000018004f160     ucrt:api-ms-win-crt-stdio-l1-1-0.dll
 0002:00000168       \177api-ms-win-crt-stdio-l1-1-0_NULL_THUNK_DATA 000000018004f168     ucrt:api-ms-win-crt-stdio-l1-1-0.dll
 0002:00000170       __imp_strcmp               000000018004f170     ucrt:api-ms-win-crt-string-l1-1-0.dll
 0002:00000178       \177api-ms-win-crt-string-l1-1-0_NULL_THUNK_DATA 000000018004f178     ucrt:api-ms-win-crt-string-l1-1-0.dll
 0002:00000180       __imp_emlrtNameCaptureMxArrayR2016a 000000018004f180     libemlrt:libemlrt.dll
 0002:00000188       \177libemlrt_NULL_THUNK_DATA 000000018004f188     libemlrt:libemlrt.dll
 0002:00000190       __imp_mexErrMsgTxt         000000018004f190     libmex:libmex.dll
 0002:00000198       __imp_mexWarnMsgTxt        000000018004f198     libmex:libmex.dll
 0002:000001a0       __imp_mexCallMATLABWithObject 000000018004f1a0     libmex:libmex.dll
 0002:000001a8       __imp_mexLock              000000018004f1a8     libmex:libmex.dll
 0002:000001b0       __imp_mexUnlock            000000018004f1b0     libmex:libmex.dll
 0002:000001b8       __imp_mexIsLocked          000000018004f1b8     libmex:libmex.dll
 0002:000001c0       __imp_mexMakeArrayPersistent 000000018004f1c0     libmex:libmex.dll
 0002:000001c8       \177libmex_NULL_THUNK_DATA 000000018004f1c8     libmex:libmex.dll
 0002:000001d0       __imp_muDoubleScalarIsInf  000000018004f1d0     libmwmathutil:libmwmathutil.dll
 0002:000001d8       __imp_muDoubleScalarIsNaN  000000018004f1d8     libmwmathutil:libmwmathutil.dll
 0002:000001e0       __imp_muDoubleScalarRound  000000018004f1e0     libmwmathutil:libmwmathutil.dll
 0002:000001e8       __imp_muDoubleScalarFloor  000000018004f1e8     libmwmathutil:libmwmathutil.dll
 0002:000001f0       __imp_muDoubleScalarAbs    000000018004f1f0     libmwmathutil:libmwmathutil.dll
 0002:000001f8       __imp_muDoubleScalarSin    000000018004f1f8     libmwmathutil:libmwmathutil.dll
 0002:00000200       __imp_muDoubleScalarAsin   000000018004f200     libmwmathutil:libmwmathutil.dll
 0002:00000208       __imp_muDoubleScalarAtan2  000000018004f208     libmwmathutil:libmwmathutil.dll
 0002:00000210       __imp_muDoubleScalarSqrt   000000018004f210     libmwmathutil:libmwmathutil.dll
 0002:00000218       __imp_muDoubleScalarMax    000000018004f218     libmwmathutil:libmwmathutil.dll
 0002:00000220       __imp_muDoubleScalarMin    000000018004f220     libmwmathutil:libmwmathutil.dll
 0002:00000228       __imp_muDoubleScalarCos    000000018004f228     libmwmathutil:libmwmathutil.dll
 0002:00000230       \177libmwmathutil_NULL_THUNK_DATA 000000018004f230     libmwmathutil:libmwmathutil.dll
 0002:00000238       __imp_mxGetN               000000018004f238     libmx:libmx.dll
 0002:00000240       __imp_mxIsComplex          000000018004f240     libmx:libmx.dll
 0002:00000248       __imp_mxIsNumeric          000000018004f248     libmx:libmx.dll
 0002:00000250       __imp_mxGetClassID         000000018004f250     libmx:libmx.dll
 0002:00000258       __imp_mxGetM               000000018004f258     libmx:libmx.dll
 0002:00000260       __imp_mxCalloc             000000018004f260     libmx:libmx.dll
 0002:00000268       __imp_mxGetNaN             000000018004f268     libmx:libmx.dll
 0002:00000270       __imp_mxCreateStructArray_730 000000018004f270     libmx:libmx.dll
 0002:00000278       __imp_mxCreateStructMatrix_730 000000018004f278     libmx:libmx.dll
 0002:00000280       __imp_mxCreateCellArray_730 000000018004f280     libmx:libmx.dll
 0002:00000288       __imp_mxCreateCellMatrix_730 000000018004f288     libmx:libmx.dll
 0002:00000290       __imp_mxCreateString       000000018004f290     libmx:libmx.dll
 0002:00000298       __imp_mxCreateDoubleScalar 000000018004f298     libmx:libmx.dll
 0002:000002a0       __imp_mxSetField_730       000000018004f2a0     libmx:libmx.dll
 0002:000002a8       __imp_mxIsEmpty            000000018004f2a8     libmx:libmx.dll
 0002:000002b0       __imp_mxDuplicateArray     000000018004f2b0     libmx:libmx.dll
 0002:000002b8       __imp_mxGetString_730      000000018004f2b8     libmx:libmx.dll
 0002:000002c0       __imp_mxCreateDoubleMatrix_730 000000018004f2c0     libmx:libmx.dll
 0002:000002c8       __imp_mxDestroyArray       000000018004f2c8     libmx:libmx.dll
 0002:000002d0       __imp_mxGetScalar          000000018004f2d0     libmx:libmx.dll
 0002:000002d8       __imp_mxGetPr              000000018004f2d8     libmx:libmx.dll
 0002:000002e0       __imp_mxIsChar             000000018004f2e0     libmx:libmx.dll
 0002:000002e8       \177libmx_NULL_THUNK_DATA  000000018004f2e8     libmx:libmx.dll
 0002:000002f0       __imp_utMalloc             000000018004f2f0     libut:libut.dll
 0002:000002f8       __imp_utFree               000000018004f2f8     libut:libut.dll
 0002:00000300       \177libut_NULL_THUNK_DATA  000000018004f300     libut:libut.dll
 0002:00000308       __imp_sf_mex_createstruct  000000018004f308     sf_runtime:sf_runtime.dll
 0002:00000310       __imp_sf_mex_addfield      000000018004f310     sf_runtime:sf_runtime.dll
 0002:00000318       __imp_sf_debug_api         000000018004f318     sf_runtime:sf_runtime.dll
 0002:00000320       __imp_sf_debug_terminate   000000018004f320     sf_runtime:sf_runtime.dll
 0002:00000328       __imp_sf_debug_create_debug_instance_struct 000000018004f328     sf_runtime:sf_runtime.dll
 0002:00000330       __imp_sf_clear_error_manager_info 000000018004f330     sf_runtime:sf_runtime.dll
 0002:00000338       __imp_sf_mex_error_direct_call 000000018004f338     sf_runtime:sf_runtime.dll
 0002:00000340       __imp_call_sf_machine_global_method_dispatcher 000000018004f340     sf_runtime:sf_runtime.dll
 0002:00000348       __imp_callMdlMethodAndReportError 000000018004f348     sf_runtime:sf_runtime.dll
 0002:00000350       __imp_sf_set_compiledInfo  000000018004f350     sf_runtime:sf_runtime.dll
 0002:00000358       __imp_sf_get_isEnhancedMooreMachine 000000018004f358     sf_runtime:sf_runtime.dll
 0002:00000360       __imp_sf_get_ChartInfoStruct_CodeGen 000000018004f360     sf_runtime:sf_runtime.dll
 0002:00000368       __imp_sf_debug_symbol_switch 000000018004f368     sf_runtime:sf_runtime.dll
 0002:00000370       __imp_cv_script_init_relational 000000018004f370     sf_runtime:sf_runtime.dll
 0002:00000378       __imp_cv_eml_init_relational 000000018004f378     sf_runtime:sf_runtime.dll
 0002:00000380       __imp_cv_eval_relational   000000018004f380     sf_runtime:sf_runtime.dll
 0002:00000388       __imp_sf_debug_set_script_translation 000000018004f388     sf_runtime:sf_runtime.dll
 0002:00000390       __imp_sf_debug_get_script_id 000000018004f390     sf_runtime:sf_runtime.dll
 0002:00000398       __imp_sf_debug_cv_init_state 000000018004f398     sf_runtime:sf_runtime.dll
 0002:000003a0       __imp_sf_debug_cv_init_chart 000000018004f3a0     sf_runtime:sf_runtime.dll
 0002:000003a8       __imp_sf_debug_cv_init_trans 000000018004f3a8     sf_runtime:sf_runtime.dll
 0002:000003b0       __imp_sf_debug_data_range_wrapper 000000018004f3b0     sf_runtime:sf_runtime.dll
 0002:000003b8       __imp_sf_debug_dim_size_geq_check 000000018004f3b8     sf_runtime:sf_runtime.dll
 0002:000003c0       __imp_sf_debug_set_chart_substate_count 000000018004f3c0     sf_runtime:sf_runtime.dll
 0002:000003c8       __imp_sf_debug_set_chart_decomposition 000000018004f3c8     sf_runtime:sf_runtime.dll
 0002:000003d0       __imp_sf_debug_set_chart_state_info 000000018004f3d0     sf_runtime:sf_runtime.dll
 0002:000003d8       __imp_sf_debug_set_chart_event_thresholds 000000018004f3d8     sf_runtime:sf_runtime.dll
 0002:000003e0       __imp_sf_debug_set_chart_disable_implicit_casting 000000018004f3e0     sf_runtime:sf_runtime.dll
 0002:000003e8       __imp_cv_script_init_switch 000000018004f3e8     sf_runtime:sf_runtime.dll
 0002:000003f0       __imp_cv_script_init_if    000000018004f3f0     sf_runtime:sf_runtime.dll
 0002:000003f8       __imp_sf_debug_set_instance_data_value_ptr 000000018004f3f8     sf_runtime:sf_runtime.dll
 0002:00000400       __imp_sf_debug_symbol_scope_add_eml_dyn_importable 000000018004f400     sf_runtime:sf_runtime.dll
 0002:00000408       __imp_sf_debug_symbol_scope_add_eml_importable 000000018004f408     sf_runtime:sf_runtime.dll
 0002:00000410       __imp_sf_debug_symbol_scope_add_eml 000000018004f410     sf_runtime:sf_runtime.dll
 0002:00000418       __imp_sf_debug_symbol_scope_pop 000000018004f418     sf_runtime:sf_runtime.dll
 0002:00000420       __imp_sf_debug_symbol_scope_push_eml 000000018004f420     sf_runtime:sf_runtime.dll
 0002:00000428       __imp_sf_debug_symbol_scope_push 000000018004f428     sf_runtime:sf_runtime.dll
 0002:00000430       __imp_sf_debug_set_chart_data_compiled_props 000000018004f430     sf_runtime:sf_runtime.dll
 0002:00000438       __imp_sf_debug_set_chart_data_props 000000018004f438     sf_runtime:sf_runtime.dll
 0002:00000440       __imp_sf_debug_check_for_state_inconsistency 000000018004f440     sf_runtime:sf_runtime.dll
 0002:00000448       __imp_sf_debug_reset_current_state_configuration 000000018004f448     sf_runtime:sf_runtime.dll
 0002:00000450       __imp_cv_script_init_fcn   000000018004f450     sf_runtime:sf_runtime.dll
 0002:00000458       __imp_cv_script_init_script 000000018004f458     sf_runtime:sf_runtime.dll
 0002:00000460       __imp_cv_script_eval       000000018004f460     sf_runtime:sf_runtime.dll
 0002:00000468       __imp_cv_eml_init_mcdc     000000018004f468     sf_runtime:sf_runtime.dll
 0002:00000470       __imp_cv_eml_init_while    000000018004f470     sf_runtime:sf_runtime.dll
 0002:00000478       __imp_cv_eml_init_if       000000018004f478     sf_runtime:sf_runtime.dll
 0002:00000480       __imp_cv_eml_init_fcn      000000018004f480     sf_runtime:sf_runtime.dll
 0002:00000488       __imp_cv_eml_init_script   000000018004f488     sf_runtime:sf_runtime.dll
 0002:00000490       __imp_cv_eml_eval          000000018004f490     sf_runtime:sf_runtime.dll
 0002:00000498       __imp_eml_debug_line_call  000000018004f498     sf_runtime:sf_runtime.dll
 0002:000004a0       __imp_sf_debug_call        000000018004f4a0     sf_runtime:sf_runtime.dll
 0002:000004a8       __imp_sf_debug_initialize_chart 000000018004f4a8     sf_runtime:sf_runtime.dll
 0002:000004b0       __imp_sf_integer_check     000000018004f4b0     sf_runtime:sf_runtime.dll
 0002:000004b8       __imp_sf_eml_array_bounds_check 000000018004f4b8     sf_runtime:sf_runtime.dll
 0002:000004c0       __imp_ssGetOutputPortSignal_wrapper 000000018004f4c0     sf_runtime:sf_runtime.dll
 0002:000004c8       __imp_ssGetInputPortSignal_wrapper 000000018004f4c8     sf_runtime:sf_runtime.dll
 0002:000004d0       __imp_ssSetCurrentOutputPortDimensions_wrapper 000000018004f4d0     sf_runtime:sf_runtime.dll
 0002:000004d8       __imp_ssGetCurrentOutputPortDimensions_wrapper 000000018004f4d8     sf_runtime:sf_runtime.dll
 0002:000004e0       __imp_sf_mex_decode_encoded_mx_struct_array 000000018004f4e0     sf_runtime:sf_runtime.dll
 0002:000004e8       __imp_sf_mex_import_vs     000000018004f4e8     sf_runtime:sf_runtime.dll
 0002:000004f0       __imp_sf_mex_import        000000018004f4f0     sf_runtime:sf_runtime.dll
 0002:000004f8       __imp_sf_mex_destroy       000000018004f4f8     sf_runtime:sf_runtime.dll
 0002:00000500       __imp_sf_mex_dup           000000018004f500     sf_runtime:sf_runtime.dll
 0002:00000508       __imp_sf_mex_assign        000000018004f508     sf_runtime:sf_runtime.dll
 0002:00000510       __imp_sf_mex_getcell       000000018004f510     sf_runtime:sf_runtime.dll
 0002:00000518       __imp_sf_mex_setcell       000000018004f518     sf_runtime:sf_runtime.dll
 0002:00000520       __imp_sf_mex_createcellmatrix 000000018004f520     sf_runtime:sf_runtime.dll
 0002:00000528       __imp_sf_mex_create        000000018004f528     sf_runtime:sf_runtime.dll
 0002:00000530       __imp_sf_mex_error_message 000000018004f530     sf_runtime:sf_runtime.dll
 0002:00000538       __imp_sf_mex_call_debug    000000018004f538     sf_runtime:sf_runtime.dll
 0002:00000540       __imp_sf_register_codegen_names_for_scoped_functions_defined_by_chart 000000018004f540     sf_runtime:sf_runtime.dll
 0002:00000548       __imp_sf_set_chart_accesses_machine_info 000000018004f548     sf_runtime:sf_runtime.dll
 0002:00000550       __imp_sf_is_first_init_cond 000000018004f550     sf_runtime:sf_runtime.dll
 0002:00000558       __imp_sf_get_time          000000018004f558     sf_runtime:sf_runtime.dll
 0002:00000560       __imp_sf_set_rtw_dwork_info 000000018004f560     sf_runtime:sf_runtime.dll
 0002:00000568       __imp_sf_clear_rtw_identifier 000000018004f568     sf_runtime:sf_runtime.dll
 0002:00000570       __imp_sf_mex_listen_for_ctrl_c_with_debugger 000000018004f570     sf_runtime:sf_runtime.dll
 0002:00000578       __imp_sim_mode_is_modelref_sim 000000018004f578     sf_runtime:sf_runtime.dll
 0002:00000580       __imp_sim_mode_is_external 000000018004f580     sf_runtime:sf_runtime.dll
 0002:00000588       __imp_sim_mode_is_rtw_gen  000000018004f588     sf_runtime:sf_runtime.dll
 0002:00000590       __imp_sf_mark_chart_expressionable_inputs 000000018004f590     sf_runtime:sf_runtime.dll
 0002:00000598       __imp_sf_mark_chart_reusable_outputs 000000018004f598     sf_runtime:sf_runtime.dll
 0002:000005a0       __imp_sf_is_chart_inlinable 000000018004f5a0     sf_runtime:sf_runtime.dll
 0002:000005a8       __imp_sf_update_buildInfo  000000018004f5a8     sf_runtime:sf_runtime.dll
 0002:000005b0       __imp_sf_rtw_info_uint_prop 000000018004f5b0     sf_runtime:sf_runtime.dll
 0002:000005b8       __imp_sf_get_chart_instance_ptr 000000018004f5b8     sf_runtime:sf_runtime.dll
 0002:000005c0       __imp_sf_free_ChartRunTimeInfo 000000018004f5c0     sf_runtime:sf_runtime.dll
 0002:000005c8       __imp_sf_init_ChartRunTimeInfo 000000018004f5c8     sf_runtime:sf_runtime.dll
 0002:000005d0       __imp_sf_debug_set_machine_data_thresholds 000000018004f5d0     sf_runtime:sf_runtime.dll
 0002:000005d8       __imp_sf_debug_set_machine_event_thresholds 000000018004f5d8     sf_runtime:sf_runtime.dll
 0002:000005e0       __imp_sf_debug_initialize_machine 000000018004f5e0     sf_runtime:sf_runtime.dll
 0002:000005e8       __imp_sf_load_rtw_optimization_info 000000018004f5e8     sf_runtime:sf_runtime.dll
 0002:000005f0       \177sf_runtime_NULL_THUNK_DATA 000000018004f5f0     sf_runtime:sf_runtime.dll
 0002:000005f8       __guard_check_icall_fptr   000000018004f5f8     MSVCRT:guard_support.obj
 0002:00000600       __guard_dispatch_icall_fptr 000000018004f600     MSVCRT:guard_support.obj
 0002:00000608       __xc_a                     000000018004f608     MSVCRT:initializers.obj
 0002:00000610       __xc_z                     000000018004f610     MSVCRT:initializers.obj
 0002:00000618       __xi_a                     000000018004f618     MSVCRT:initializers.obj
 0002:00000620       __xi_z                     000000018004f620     MSVCRT:initializers.obj
 0002:00000628       __xp_a                     000000018004f628     MSVCRT:initializers.obj
 0002:00000630       __xp_z                     000000018004f630     MSVCRT:initializers.obj
 0002:00000638       __xt_a                     000000018004f638     MSVCRT:initializers.obj
 0002:00000640       __xt_z                     000000018004f640     MSVCRT:initializers.obj
 0002:00000650       ??_C@_0BB@FLJEPEHM@sf_get_check_sum?$AA@ 000000018004f650     RightInvariant_EKF_sfun.obj
 0002:00000668       ??_C@_07MHDNFCJE@machine?$AA@ 000000018004f668     RightInvariant_EKF_sfun.obj
 0002:00000670       ??_C@_05PGKDIPIO@chart?$AA@ 000000018004f670     RightInvariant_EKF_sfun.obj
 0002:00000678       ??_C@_06JJLAMBGK@target?$AA@ 000000018004f678     RightInvariant_EKF_sfun.obj
 0002:00000680       ??_C@_0BJ@FMGCKEMJ@get_autoinheritance_info?$AA@ 000000018004f680     RightInvariant_EKF_sfun.obj
 0002:000006a0       ??_C@_0BH@DMJCPKFB@xnX6DPkXSAEgDYfsFgx1DB?$AA@ 000000018004f6a0     RightInvariant_EKF_sfun.obj
 0002:000006b8       ??_C@_0BH@KPDHADII@cDssarRYE4MmcIMu2238WF?$AA@ 000000018004f6b8     RightInvariant_EKF_sfun.obj
 0002:000006d0       ??_C@_0BH@OHMGGNNF@ZG2eaketZJedU4skUn79uC?$AA@ 000000018004f6d0     RightInvariant_EKF_sfun.obj
 0002:000006e8       ??_C@_0CA@EADCEDHE@get_eml_resolved_functions_info?$AA@ 000000018004f6e8     RightInvariant_EKF_sfun.obj
 0002:00000708       ??_C@_0BK@OHOOMENA@get_third_party_uses_info?$AA@ 000000018004f708     RightInvariant_EKF_sfun.obj
 0002:00000728       ??_C@_0BI@HBCMCLM@sM6jw19MmtVGn2AtFHugBTG?$AA@ 000000018004f728     RightInvariant_EKF_sfun.obj
 0002:00000740       ??_C@_0BI@KMKFCNOM@s68KJL4KQMPJgncb37M5v2G?$AA@ 000000018004f740     RightInvariant_EKF_sfun.obj
 0002:00000758       ??_C@_0BI@DMDHGLPE@sIsERV9pAUW4VxZZDP1pwUC?$AA@ 000000018004f758     RightInvariant_EKF_sfun.obj
 0002:00000770       ??_C@_0BG@LBHKCKOM@get_jit_fallback_info?$AA@ 000000018004f770     RightInvariant_EKF_sfun.obj
 0002:00000788       ??_C@_0BO@DEKBDHJJ@get_updateBuildInfo_args_info?$AA@ 000000018004f788     RightInvariant_EKF_sfun.obj
 0002:000007a8       ??_C@_04DAKGNGLA@sfun?$AA@ 000000018004f7a8     RightInvariant_EKF_sfun.obj
 0002:000007b0       ??_C@_0BD@FNHBMCKI@RightInvariant_EKF?$AA@ 000000018004f7b0     RightInvariant_EKF_sfun.obj
 0002:000007c4       ??_C@_06OFNJOBDK@enable?$AA@ 000000018004f7c4     c1_RightInvariant_EKF.obj
 0002:000007cc       ??_C@_01DGKLNCNG@R?$AA@    000000018004f7cc     c1_RightInvariant_EKF.obj
 0002:000007d0       ??_C@_02IIDEOLE@pL?$AA@    000000018004f7d0     c1_RightInvariant_EKF.obj
 0002:000007d4       ??_C@_01NANMIPIL@N?$AA@    000000018004f7d4     c1_RightInvariant_EKF.obj
 0002:000007d8       ??_C@_07OKCKIPNN@indices?$AA@ 000000018004f7d8     c1_RightInvariant_EKF.obj
 0002:000007e0       ??_C@_06ODCJABFF@nargin?$AA@ 000000018004f7e0     c1_RightInvariant_EKF.obj
 0002:000007e8       ??_C@_07GFKJCDMF@nargout?$AA@ 000000018004f7e8     c1_RightInvariant_EKF.obj
 0002:000007f0       ??_C@_08OAGMDKAF@position?$AA@ 000000018004f7f0     c1_RightInvariant_EKF.obj
 0002:00000800       ??_C@_0M@KPMDGEHG@orientation?$AA@ 000000018004f800     c1_RightInvariant_EKF.obj
 0002:0000080c       ??_C@_06HIBNPHJP@pulse1?$AA@ 000000018004f80c     c1_RightInvariant_EKF.obj
 0002:00000814       ??_C@_06FDDAKEFM@pulse2?$AA@ 000000018004f814     c1_RightInvariant_EKF.obj
 0002:00000820       ??_C@_09LHLABIHF@landmarks?$AA@ 000000018004f820     c1_RightInvariant_EKF.obj
 0002:0000082c       ??_C@_01MHEDDDHA@v?$AA@    000000018004f82c     c1_RightInvariant_EKF.obj
 0002:00000830       ??_C@_02JGAADCOE@Ax?$AA@   000000018004f830     c1_RightInvariant_EKF.obj
 0002:00000834       ??_C@_02CMOIPKPK@qv?$AA@   000000018004f834     c1_RightInvariant_EKF.obj
 0002:00000838       ??_C@_02DFPDMLLL@qw?$AA@   000000018004f838     c1_RightInvariant_EKF.obj
 0002:0000083c       ??_C@_01IIACKFLH@q?$AA@    000000018004f83c     c1_RightInvariant_EKF.obj
 0002:00000840       ??_C@_01EANLCPLP@y?$AA@    000000018004f840     c1_RightInvariant_EKF.obj
 0002:00000844       ??_C@_06GABBCIBA@method?$AA@ 000000018004f844     c1_RightInvariant_EKF.obj
 0002:0000084c       ??_C@_05HDBKIDE@state?$AA@ 000000018004f84c     c1_RightInvariant_EKF.obj
 0002:00000858       ??_C@_0CA@HKHNGLGL@is_active_c1_RightInvariant_EKF?$AA@ 000000018004f858     c1_RightInvariant_EKF.obj
 0002:00000878       ??_C@_07ONPBMBOP@message?$AA@ 000000018004f878     c1_RightInvariant_EKF.obj
 0002:00000880       ??_C@_05KKCIMGE@error?$AA@ 000000018004f880     c1_RightInvariant_EKF.obj
 0002:00000890       ??_C@_0HB@LIFHLFJL@C?3?2Users?2Ross?5Hartley?2Documents?2@ 000000018004f890     c1_RightInvariant_EKF.obj
 0002:00000910       ??_C@_0FP@OPJECDPA@C?3?2Users?2Ross?5Hartley?2Documents?2@ 000000018004f910     c1_RightInvariant_EKF.obj
 0002:00000970       ??_C@_0BAB@HGMHFEHB@789ced53cd4ac34010de48ad4a513c79@ 000000018004f970     c1_RightInvariant_EKF.obj
 0002:00000a80       ??_C@_0BAB@MHPLPEFM@67303d4fd7c2d0b408d46804542c0148@ 000000018004fa80     c1_RightInvariant_EKF.obj
 0002:00000b90       ??_C@_0BAB@IHHOFEOE@658b57dcb6e76d69066316b434d14d87@ 000000018004fb90     c1_RightInvariant_EKF.obj
 0002:00000ca0       ??_C@_0FF@DKGNGCAP@18df586edda4b6a04aff73b8e81c9af5@ 000000018004fca0     c1_RightInvariant_EKF.obj
 0002:00000cf5       ??_C@_00CNPNBAHC@?$AA@     000000018004fcf5     c1_RightInvariant_EKF.obj
 0002:00000cf8       ??_C@_08DNPJAFPH@checksum?$AA@ 000000018004fcf8     c1_RightInvariant_EKF.obj
 0002:00000d04       ??_C@_06LMJKBNEF@inputs?$AA@ 000000018004fd04     c1_RightInvariant_EKF.obj
 0002:00000d10       ??_C@_0L@HHPOFMCB@parameters?$AA@ 000000018004fd10     c1_RightInvariant_EKF.obj
 0002:00000d20       ??_C@_07EPCMHIAC@outputs?$AA@ 000000018004fd20     c1_RightInvariant_EKF.obj
 0002:00000d28       ??_C@_06MPPADOBF@locals?$AA@ 000000018004fd28     c1_RightInvariant_EKF.obj
 0002:00000d30       ??_C@_0BA@GNIFLIGG@postCodegenInfo?$AA@ 000000018004fd30     c1_RightInvariant_EKF.obj
 0002:00000d40       ??_C@_04IAGNFIBA@size?$AA@ 000000018004fd40     c1_RightInvariant_EKF.obj
 0002:00000d48       ??_C@_04GPMDFGEJ@type?$AA@ 000000018004fd48     c1_RightInvariant_EKF.obj
 0002:00000d50       ??_C@_0L@EKHILPHI@complexity?$AA@ 000000018004fd50     c1_RightInvariant_EKF.obj
 0002:00000d5c       ??_C@_04BHIIPFEC@base?$AA@ 000000018004fd5c     c1_RightInvariant_EKF.obj
 0002:00000d64       ??_C@_05LFJLPLPG@fixpt?$AA@ 000000018004fd64     c1_RightInvariant_EKF.obj
 0002:00000d70       ??_C@_0BB@IBODCOLK@isFixedPointType?$AA@ 000000018004fd70     c1_RightInvariant_EKF.obj
 0002:00000d88       ??_C@_0N@FNBJKNNB@fallbackType?$AA@ 000000018004fd88     c1_RightInvariant_EKF.obj
 0002:00000d98       ??_C@_0P@LHIHPNIN@fallbackReason?$AA@ 000000018004fd98     c1_RightInvariant_EKF.obj
 0002:00000da8       ??_C@_0BD@JNJMKOMN@hiddenFallbackType?$AA@ 000000018004fda8     c1_RightInvariant_EKF.obj
 0002:00000dc0       ??_C@_0BF@MIPJDBOP@hiddenFallbackReason?$AA@ 000000018004fdc0     c1_RightInvariant_EKF.obj
 0002:00000dd8       ??_C@_0BD@MBPFBLBL@incompatibleSymbol?$AA@ 000000018004fdd8     c1_RightInvariant_EKF.obj
 0002:00000dec       ??_C@_03PKHLKDKD@pre?$AA@  000000018004fdec     c1_RightInvariant_EKF.obj
 0002:00000df0       ??_C@_0P@DFMNDNBL@hasBreakpoints?$AA@ 000000018004fdf0     c1_RightInvariant_EKF.obj
 0002:00000e00       ??_C@_04CGFJFPFD@none?$AA@ 000000018004fe00     c1_RightInvariant_EKF.obj
 0002:00000e08       ??_C@_0CB@OGALNHBM@exportedFunctionsUsedByThisChart@ 000000018004fe08     c1_RightInvariant_EKF.obj
 0002:00000e30       ??_C@_0BK@PBMGMDMC@exportedFunctionsChecksum?$AA@ 000000018004fe30     c1_RightInvariant_EKF.obj
 0002:00000e50       ??_C@_0O@MGONKHEL@chartChecksum?$AA@ 000000018004fe50     c1_RightInvariant_EKF.obj
 0002:00000e60       ??_C@_07LLOMCJOI@varInfo?$AA@ 000000018004fe60     c1_RightInvariant_EKF.obj
 0002:00000e70       ??_C@_0CNL@EFLOLOD@100?5S1x6?8type?8?0?8srcId?8?0?8name?8?0?8a@ 000000018004fe70     c1_RightInvariant_EKF.obj
 0002:00001150       ??_C@_0P@FJGKMAOK@eML_blk_kernel?$AA@ 0000000180050150     c1_RightInvariant_EKF.obj
 0002:00001160       ??_C@_0BH@CPLKEBHN@Quaternion_to_Rotation?$AA@ 0000000180050160     c1_RightInvariant_EKF.obj
 0002:00001178       ??_C@_04EFOKAEAF@skew?$AA@ 0000000180050178     c1_RightInvariant_EKF.obj
 0002:00001180       ??_C@_0CE@GCOMPGOI@gatewayCannotBeInlinedMultipleTi@ 0000000180050180     c1_RightInvariant_EKF.obj
 0002:000011a8       ??_C@_0BA@MNMMMMOJ@Embedded?5MATLAB?$AA@ 00000001800501a8     c1_RightInvariant_EKF.obj
 0002:000011b8       ??_C@_0BD@LODGPJN@StateflowChartType?$AA@ 00000001800501b8     c1_RightInvariant_EKF.obj
 0002:000011d0       ??_C@_0CO@DMGIOHMB@Could?5not?5allocate?5memory?5for?5ch@ 00000001800501d0     c1_RightInvariant_EKF.obj
 0002:00001200       ??_C@_0GK@IGHJDKEN@Stateflow?5Internal?5Error?3?6Error?5@ 0000000180050200     c1_RightInvariant_EKF.obj
 0002:00001270       __real@0000000000000001    0000000180050270     c1_RightInvariant_EKF.obj
 0002:00001278       __real@0010000000000000    0000000180050278     c1_RightInvariant_EKF.obj
 0002:00001280       __real@3ca0000000000000    0000000180050280     c1_RightInvariant_EKF.obj
 0002:00001288       __real@3fe0000000000000    0000000180050288     c1_RightInvariant_EKF.obj
 0002:00001290       __real@3ff0000000000000    0000000180050290     c1_RightInvariant_EKF.obj
 0002:00001298       __real@4000000000000000    0000000180050298     c1_RightInvariant_EKF.obj
 0002:000012a0       __real@4008000000000000    00000001800502a0     c1_RightInvariant_EKF.obj
 0002:000012a8       __real@4010000000000000    00000001800502a8     c1_RightInvariant_EKF.obj
 0002:000012b0       __real@4024000000000000    00000001800502b0     c1_RightInvariant_EKF.obj
 0002:000012b8       __real@406c800000000000    00000001800502b8     c1_RightInvariant_EKF.obj
 0002:000012c0       __real@4078d00000000000    00000001800502c0     c1_RightInvariant_EKF.obj
 0002:000012c8       __real@4083880000000000    00000001800502c8     c1_RightInvariant_EKF.obj
 0002:000012d0       __real@4190000000000000    00000001800502d0     c1_RightInvariant_EKF.obj
 0002:000012d8       __real@41f0000000000000    00000001800502d8     c1_RightInvariant_EKF.obj
 0002:000012e0       __xmm@80000000000000008000000000000000 00000001800502e0     c1_RightInvariant_EKF.obj
 0002:000012f0       ??_C@_01JBBJJEPG@p?$AA@    00000001800502f0     c2_RightInvariant_EKF.obj
 0002:000012f4       ??_C@_02MHONHKMH@dR?$AA@   00000001800502f4     c2_RightInvariant_EKF.obj
 0002:000012f8       ??_C@_02BDKMEFBI@dL?$AA@   00000001800502f8     c2_RightInvariant_EKF.obj
 0002:00001300       ??_C@_0L@JPALPDGI@quaternion?$AA@ 0000000180050300     c2_RightInvariant_EKF.obj
 0002:00001310       ??_C@_08ICEJNDOI@velocity?$AA@ 0000000180050310     c2_RightInvariant_EKF.obj
[...]
 0004:000018e4       $pdata$disable_c42_StateEstimation 000000018005d8e4     StateEstimation_sfun:c42_StateEstimation.obj
 0004:000018f0       $pdata$enable_c42_StateEstimation 000000018005d8f0     StateEstimation_sfun:c42_StateEstimation.obj
 0004:000018fc       $pdata$get_sim_state_c42_StateEstimation 000000018005d8fc     StateEstimation_sfun:c42_StateEstimation.obj
 0004:00001908       $pdata$init_script_number_translation 000000018005d908     StateEstimation_sfun:c42_StateEstimation.obj
 0004:00001914       $pdata$init_simulink_io_address 000000018005d914     StateEstimation_sfun:c42_StateEstimation.obj
 0004:00001920       $pdata$initialize_c42_StateEstimation 000000018005d920     StateEstimation_sfun:c42_StateEstimation.obj
 0004:0000192c       $pdata$mdlProcessParameters_c42_StateEstimation 000000018005d92c     StateEstimation_sfun:c42_StateEstimation.obj
 0004:00001938       $pdata$0$mdlProcessParameters_c42_StateEstimation 000000018005d938     StateEstimation_sfun:c42_StateEstimation.obj
 0004:00001944       $pdata$1$mdlProcessParameters_c42_StateEstimation 000000018005d944     StateEstimation_sfun:c42_StateEstimation.obj
 0004:00001950       $pdata$2$mdlProcessParameters_c42_StateEstimation 000000018005d950     StateEstimation_sfun:c42_StateEstimation.obj
 0004:0000195c       $pdata$3$mdlProcessParameters_c42_StateEstimation 000000018005d95c     StateEstimation_sfun:c42_StateEstimation.obj
 0004:00001968       $pdata$mdlRTW_c42_StateEstimation 000000018005d968     StateEstimation_sfun:c42_StateEstimation.obj
 0004:00001974       $pdata$mdlSetWorkWidths_c42_StateEstimation 000000018005d974     StateEstimation_sfun:c42_StateEstimation.obj
 0004:00001980       $pdata$2$mdlSetWorkWidths_c42_StateEstimation 000000018005d980     StateEstimation_sfun:c42_StateEstimation.obj
 0004:0000198c       $pdata$3$mdlSetWorkWidths_c42_StateEstimation 000000018005d98c     StateEstimation_sfun:c42_StateEstimation.obj
 0004:00001998       $pdata$4$mdlSetWorkWidths_c42_StateEstimation 000000018005d998     StateEstimation_sfun:c42_StateEstimation.obj
 0004:000019a4       $pdata$mdlStart_c42_StateEstimation 000000018005d9a4     StateEstimation_sfun:c42_StateEstimation.obj
 0004:000019b0       $pdata$set_sim_state_c42_StateEstimation 000000018005d9b0     StateEstimation_sfun:c42_StateEstimation.obj
 0004:000019bc       $pdata$sf_c42_StateEstimation_get_autoinheritance_info 000000018005d9bc     StateEstimation_sfun:c42_StateEstimation.obj
 0004:000019c8       $pdata$sf_c42_StateEstimation_get_check_sum 000000018005d9c8     StateEstimation_sfun:c42_StateEstimation.obj
 0004:000019d4       $pdata$sf_c42_StateEstimation_get_eml_resolved_functions_info 000000018005d9d4     StateEstimation_sfun:c42_StateEstimation.obj
 0004:000019e0       $pdata$sf_c42_StateEstimation_get_post_codegen_info 000000018005d9e0     StateEstimation_sfun:c42_StateEstimation.obj
 0004:000019ec       $pdata$sf_c42_StateEstimation_jit_fallback_info 000000018005d9ec     StateEstimation_sfun:c42_StateEstimation.obj
 0004:000019f8       $pdata$sf_gateway_c42_StateEstimation 000000018005d9f8     StateEstimation_sfun:c42_StateEstimation.obj
 0004:00001a04       $pdata$sf_get_sim_state_info_c42_StateEstimation 000000018005da04     StateEstimation_sfun:c42_StateEstimation.obj
 0004:00001a10       $pdata$sf_opaque_disable_c42_StateEstimation 000000018005da10     StateEstimation_sfun:c42_StateEstimation.obj
 0004:00001a1c       $pdata$sf_opaque_enable_c42_StateEstimation 000000018005da1c     StateEstimation_sfun:c42_StateEstimation.obj
 0004:00001a28       $pdata$sf_opaque_get_sim_state_c42_StateEstimation 000000018005da28     StateEstimation_sfun:c42_StateEstimation.obj
 0004:00001a34       $pdata$sf_opaque_initialize_c42_StateEstimation 000000018005da34     StateEstimation_sfun:c42_StateEstimation.obj
 0004:00001a40       $pdata$sf_opaque_set_sim_state_c42_StateEstimation 000000018005da40     StateEstimation_sfun:c42_StateEstimation.obj
 0004:00001a4c       $pdata$sf_opaque_terminate_c42_StateEstimation 000000018005da4c     StateEstimation_sfun:c42_StateEstimation.obj
 0004:00001a58       $pdata$0$sf_opaque_terminate_c42_StateEstimation 000000018005da58     StateEstimation_sfun:c42_StateEstimation.obj
 0004:00001a64       $pdata$1$sf_opaque_terminate_c42_StateEstimation 000000018005da64     StateEstimation_sfun:c42_StateEstimation.obj
 0004:00001a70       $pdata$UDP_Communication_debug_initialize 000000018005da70     UDP_Communication_sfun:UDP_Communication_sfun.obj
 0004:00001a7c       $pdata$load_UDP_Communication_optimization_info 000000018005da7c     UDP_Communication_sfun:UDP_Communication_sfun.obj
 0004:00001a88       $pdata$sf_UDP_Communication_autoinheritance_info 000000018005da88     UDP_Communication_sfun:UDP_Communication_sfun.obj
 0004:00001a94       $pdata$sf_UDP_Communication_get_eml_resolved_functions_info 000000018005da94     UDP_Communication_sfun:UDP_Communication_sfun.obj
 0004:00001aa0       $pdata$sf_UDP_Communication_jit_fallback_info 000000018005daa0     UDP_Communication_sfun:UDP_Communication_sfun.obj
 0004:00001aac       $pdata$sf_UDP_Communication_method_dispatcher 000000018005daac     UDP_Communication_sfun:UDP_Communication_sfun.obj
 0004:00001ab8       $pdata$sf_UDP_Communication_process_check_sum_call 000000018005dab8     UDP_Communication_sfun:UDP_Communication_sfun.obj
 0004:00001ac4       $pdata$0$sf_UDP_Communication_process_check_sum_call 000000018005dac4     UDP_Communication_sfun:UDP_Communication_sfun.obj
 0004:00001ad0       $pdata$1$sf_UDP_Communication_process_check_sum_call 000000018005dad0     UDP_Communication_sfun:UDP_Communication_sfun.obj
 0004:00001adc       $pdata$sf_UDP_Communication_third_party_uses_info 000000018005dadc     UDP_Communication_sfun:UDP_Communication_sfun.obj
 0004:00001ae8       $pdata$sf_UDP_Communication_updateBuildInfo_args_info 000000018005dae8     UDP_Communication_sfun:UDP_Communication_sfun.obj
 0004:00001af4       $pdata$unload_UDP_Communication_optimization_info 000000018005daf4     UDP_Communication_sfun:UDP_Communication_sfun.obj
 0004:00001b00       $pdata$c43_Rotation_to_Quaternion 000000018005db00     UDP_Communication_sfun:c43_UDP_Communication.obj
 0004:00001b0c       $pdata$c43_abs             000000018005db0c     UDP_Communication_sfun:c43_UDP_Communication.obj
 0004:00001b18       $pdata$c43_b_emlrt_marshallIn 000000018005db18     UDP_Communication_sfun:c43_UDP_Communication.obj
 0004:00001b24       $pdata$c43_b_sf_marshallIn 000000018005db24     UDP_Communication_sfun:c43_UDP_Communication.obj
 0004:00001b30       $pdata$c43_b_sf_marshallOut 000000018005db30     UDP_Communication_sfun:c43_UDP_Communication.obj
 0004:00001b3c       $pdata$c43_c_emlrt_marshallIn 000000018005db3c     UDP_Communication_sfun:c43_UDP_Communication.obj
 0004:00001b48       $pdata$c43_c_sf_marshallIn 000000018005db48     UDP_Communication_sfun:c43_UDP_Communication.obj
 0004:00001b54       $pdata$c43_c_sf_marshallOut 000000018005db54     UDP_Communication_sfun:c43_UDP_Communication.obj
 0004:00001b60       $pdata$c43_check_forloop_overflow_error 000000018005db60     UDP_Communication_sfun:c43_UDP_Communication.obj
 0004:00001b6c       $pdata$c43_d_emlrt_marshallIn 000000018005db6c     UDP_Communication_sfun:c43_UDP_Communication.obj
 0004:00001b78       $pdata$c43_d_sf_marshallIn 000000018005db78     UDP_Communication_sfun:c43_UDP_Communication.obj
 0004:00001b84       $pdata$c43_d_sf_marshallOut 000000018005db84     UDP_Communication_sfun:c43_UDP_Communication.obj
 0004:00001b90       $pdata$c43_e_emlrt_marshallIn 000000018005db90     UDP_Communication_sfun:c43_UDP_Communication.obj
 0004:00001b9c       $pdata$c43_e_sf_marshallIn 000000018005db9c     UDP_Communication_sfun:c43_UDP_Communication.obj
 0004:00001ba8       $pdata$c43_e_sf_marshallOut 000000018005dba8     UDP_Communication_sfun:c43_UDP_Communication.obj
 0004:00001bb4       $pdata$c43_emlrt_marshallIn 000000018005dbb4     UDP_Communication_sfun:c43_UDP_Communication.obj
 0004:00001bc0       $pdata$c43_error           000000018005dbc0     UDP_Communication_sfun:c43_UDP_Communication.obj
 0004:00001bcc       $pdata$c43_f_emlrt_marshallIn 000000018005dbcc     UDP_Communication_sfun:c43_UDP_Communication.obj
 0004:00001bd8       $pdata$c43_f_sf_marshallIn 000000018005dbd8     UDP_Communication_sfun:c43_UDP_Communication.obj
 0004:00001be4       $pdata$c43_f_sf_marshallOut 000000018005dbe4     UDP_Communication_sfun:c43_UDP_Communication.obj
 0004:00001bf0       $pdata$c43_g_emlrt_marshallIn 000000018005dbf0     UDP_Communication_sfun:c43_UDP_Communication.obj
 0004:00001bfc       $pdata$c43_g_sf_marshallOut 000000018005dbfc     UDP_Communication_sfun:c43_UDP_Communication.obj
 0004:00001c08       $pdata$c43_h_sf_marshallOut 000000018005dc08     UDP_Communication_sfun:c43_UDP_Communication.obj
 0004:00001c14       $pdata$c43_i_emlrt_marshallIn 000000018005dc14     UDP_Communication_sfun:c43_UDP_Communication.obj
 0004:00001c20       $pdata$c43_j_emlrt_marshallIn 000000018005dc20     UDP_Communication_sfun:c43_UDP_Communication.obj
 0004:00001c2c       $pdata$c43_sf_marshallIn   000000018005dc2c     UDP_Communication_sfun:c43_UDP_Communication.obj
 0004:00001c38       $pdata$c43_sf_marshallOut  000000018005dc38     UDP_Communication_sfun:c43_UDP_Communication.obj
 0004:00001c44       $pdata$chart_debug_initialization 000000018005dc44     UDP_Communication_sfun:c43_UDP_Communication.obj
 0004:00001c50       $pdata$3$chart_debug_initialization 000000018005dc50     UDP_Communication_sfun:c43_UDP_Communication.obj
 0004:00001c5c       $pdata$4$chart_debug_initialization 000000018005dc5c     UDP_Communication_sfun:c43_UDP_Communication.obj
 0004:00001c68       $pdata$chart_debug_initialize_data_addresses 000000018005dc68     UDP_Communication_sfun:c43_UDP_Communication.obj
 0004:00001c74       $pdata$0$chart_debug_initialize_data_addresses 000000018005dc74     UDP_Communication_sfun:c43_UDP_Communication.obj
 0004:00001c80       $pdata$1$chart_debug_initialize_data_addresses 000000018005dc80     UDP_Communication_sfun:c43_UDP_Communication.obj
 0004:00001c8c       $pdata$disable_c43_UDP_Communication 000000018005dc8c     UDP_Communication_sfun:c43_UDP_Communication.obj
 0004:00001c98       $pdata$enable_c43_UDP_Communication 000000018005dc98     UDP_Communication_sfun:c43_UDP_Communication.obj
 0004:00001ca4       $pdata$get_sim_state_c43_UDP_Communication 000000018005dca4     UDP_Communication_sfun:c43_UDP_Communication.obj
 0004:00001cb0       $pdata$init_script_number_translation 000000018005dcb0     UDP_Communication_sfun:c43_UDP_Communication.obj
 0004:00001cbc       $pdata$init_simulink_io_address 000000018005dcbc     UDP_Communication_sfun:c43_UDP_Communication.obj
 0004:00001cc8       $pdata$initialize_c43_UDP_Communication 000000018005dcc8     UDP_Communication_sfun:c43_UDP_Communication.obj
 0004:00001cd4       $pdata$mdlProcessParameters_c43_UDP_Communication 000000018005dcd4     UDP_Communication_sfun:c43_UDP_Communication.obj
 0004:00001ce0       $pdata$0$mdlProcessParameters_c43_UDP_Communication 000000018005dce0     UDP_Communication_sfun:c43_UDP_Communication.obj
 0004:00001cec       $pdata$1$mdlProcessParameters_c43_UDP_Communication 000000018005dcec     UDP_Communication_sfun:c43_UDP_Communication.obj
 0004:00001cf8       $pdata$2$mdlProcessParameters_c43_UDP_Communication 000000018005dcf8     UDP_Communication_sfun:c43_UDP_Communication.obj
 0004:00001d04       $pdata$3$mdlProcessParameters_c43_UDP_Communication 000000018005dd04     UDP_Communication_sfun:c43_UDP_Communication.obj
 0004:00001d10       $pdata$mdlRTW_c43_UDP_Communication 000000018005dd10     UDP_Communication_sfun:c43_UDP_Communication.obj
 0004:00001d1c       $pdata$mdlSetWorkWidths_c43_UDP_Communication 000000018005dd1c     UDP_Communication_sfun:c43_UDP_Communication.obj
 0004:00001d28       $pdata$2$mdlSetWorkWidths_c43_UDP_Communication 000000018005dd28     UDP_Communication_sfun:c43_UDP_Communication.obj
 0004:00001d34       $pdata$3$mdlSetWorkWidths_c43_UDP_Communication 000000018005dd34     UDP_Communication_sfun:c43_UDP_Communication.obj
 0004:00001d40       $pdata$4$mdlSetWorkWidths_c43_UDP_Communication 000000018005dd40     UDP_Communication_sfun:c43_UDP_Communication.obj
 0004:00001d4c       $pdata$mdlStart_c43_UDP_Communication 000000018005dd4c     UDP_Communication_sfun:c43_UDP_Communication.obj
 0004:00001d58       $pdata$set_sim_state_c43_UDP_Communication 000000018005dd58     UDP_Communication_sfun:c43_UDP_Communication.obj
 0004:00001d64       $pdata$sf_c43_UDP_Communication_get_autoinheritance_info 000000018005dd64     UDP_Communication_sfun:c43_UDP_Communication.obj
 0004:00001d70       $pdata$sf_c43_UDP_Communication_get_check_sum 000000018005dd70     UDP_Communication_sfun:c43_UDP_Communication.obj
 0004:00001d7c       $pdata$sf_c43_UDP_Communication_get_eml_resolved_functions_info 000000018005dd7c     UDP_Communication_sfun:c43_UDP_Communication.obj
 0004:00001d88       $pdata$sf_c43_UDP_Communication_get_post_codegen_info 000000018005dd88     UDP_Communication_sfun:c43_UDP_Communication.obj
 0004:00001d94       $pdata$sf_c43_UDP_Communication_jit_fallback_info 000000018005dd94     UDP_Communication_sfun:c43_UDP_Communication.obj
 0004:00001da0       $pdata$sf_gateway_c43_UDP_Communication 000000018005dda0     UDP_Communication_sfun:c43_UDP_Communication.obj
 0004:00001dac       $pdata$sf_get_sim_state_info_c43_UDP_Communication 000000018005ddac     UDP_Communication_sfun:c43_UDP_Communication.obj
 0004:00001db8       $pdata$sf_opaque_disable_c43_UDP_Communication 000000018005ddb8     UDP_Communication_sfun:c43_UDP_Communication.obj
 0004:00001dc4       $pdata$sf_opaque_enable_c43_UDP_Communication 000000018005ddc4     UDP_Communication_sfun:c43_UDP_Communication.obj
 0004:00001dd0       $pdata$sf_opaque_get_sim_state_c43_UDP_Communication 000000018005ddd0     UDP_Communication_sfun:c43_UDP_Communication.obj
 0004:00001ddc       $pdata$sf_opaque_initialize_c43_UDP_Communication 000000018005dddc     UDP_Communication_sfun:c43_UDP_Communication.obj
 0004:00001de8       $pdata$sf_opaque_set_sim_state_c43_UDP_Communication 000000018005dde8     UDP_Communication_sfun:c43_UDP_Communication.obj
 0004:00001df4       $pdata$sf_opaque_terminate_c43_UDP_Communication 000000018005ddf4     UDP_Communication_sfun:c43_UDP_Communication.obj
 0004:00001e00       $pdata$0$sf_opaque_terminate_c43_UDP_Communication 000000018005de00     UDP_Communication_sfun:c43_UDP_Communication.obj
 0004:00001e0c       $pdata$1$sf_opaque_terminate_c43_UDP_Communication 000000018005de0c     UDP_Communication_sfun:c43_UDP_Communication.obj
 0004:00001e18       $pdata$__GSHandlerCheck    000000018005de18     MSVCRT:_gshandler_.obj
 0004:00001e24       $pdata$__GSHandlerCheckCommon 000000018005de24     MSVCRT:_gshandler_.obj
 0004:00001e48       $pdata$?dllmain_crt_dispatch@@YAHQEAUHINSTANCE__@@KQEAX@Z 000000018005de48     MSVCRT:dll_dllmain.obj
 0004:00001e54       $pdata$?dllmain_crt_process_attach@@YAHQEAUHINSTANCE__@@QEAX@Z 000000018005de54     MSVCRT:dll_dllmain.obj
 0004:00001e60       $pdata$?dllmain_crt_process_detach@@YAH_N@Z 000000018005de60     MSVCRT:dll_dllmain.obj
 0004:00001e6c       $pdata$?dllmain_dispatch@@YAHQEAUHINSTANCE__@@KQEAX@Z 000000018005de6c     MSVCRT:dll_dllmain.obj
 0004:00001e78       $pdata$?dllmain_raw@@YAHQEAUHINSTANCE__@@KQEAX@Z 000000018005de78     MSVCRT:dll_dllmain.obj
 0004:00001e84       $pdata$_DllMainCRTStartup  000000018005de84     MSVCRT:dll_dllmain.obj
 0004:00001e90       $pdata$__raise_securityfailure 000000018005de90     MSVCRT:gs_report.obj
 0004:00001e9c       $pdata$__report_gsfailure  000000018005de9c     MSVCRT:gs_report.obj
 0004:00001ea8       $pdata$__report_rangecheckfailure 000000018005dea8     MSVCRT:gs_report.obj
 0004:00001eb4       $pdata$__report_securityfailure 000000018005deb4     MSVCRT:gs_report.obj
 0004:00001ec0       $pdata$__report_securityfailureEx 000000018005dec0     MSVCRT:gs_report.obj
 0004:00001ecc       $pdata$capture_current_context 000000018005decc     MSVCRT:gs_report.obj
 0004:00001ed8       $pdata$capture_previous_context 000000018005ded8     MSVCRT:gs_report.obj
 0004:00001ee4       $pdata$?configure_argv@__scrt_narrow_argv_policy@@SAHXZ 000000018005dee4     MSVCRT:utility.obj
 0004:00001ef0       $pdata$__scrt_acquire_startup_lock 000000018005def0     MSVCRT:utility.obj
 0004:00001efc       $pdata$__scrt_dllmain_after_initialize_c 000000018005defc     MSVCRT:utility.obj
 0004:00001f08       $pdata$__scrt_dllmain_before_initialize_c 000000018005df08     MSVCRT:utility.obj
 0004:00001f14       $pdata$__scrt_dllmain_crt_thread_attach 000000018005df14     MSVCRT:utility.obj
 0004:00001f20       $pdata$__scrt_dllmain_crt_thread_detach 000000018005df20     MSVCRT:utility.obj
 0004:00001f2c       $pdata$__scrt_dllmain_exception_filter 000000018005df2c     MSVCRT:utility.obj
 0004:00001f38       $pdata$__scrt_dllmain_uninitialize_c 000000018005df38     MSVCRT:utility.obj
 0004:00001f44       $pdata$__scrt_dllmain_uninitialize_critical 000000018005df44     MSVCRT:utility.obj
 0004:00001f50       $pdata$__scrt_initialize_crt 000000018005df50     MSVCRT:utility.obj
 0004:00001f5c       $pdata$__scrt_initialize_onexit_tables 000000018005df5c     MSVCRT:utility.obj
 0004:00001f68       $pdata$__scrt_is_nonwritable_in_current_image 000000018005df68     MSVCRT:utility.obj
 0004:00001f74       $pdata$__scrt_release_startup_lock 000000018005df74     MSVCRT:utility.obj
 0004:00001f80       $pdata$__scrt_uninitialize_crt 000000018005df80     MSVCRT:utility.obj
 0004:00001f8c       $pdata$_onexit             000000018005df8c     MSVCRT:utility.obj
 0004:00001f98       $pdata$atexit              000000018005df98     MSVCRT:utility.obj
 0004:00001fa4       $pdata$__security_init_cookie 000000018005dfa4     MSVCRT:gs_support.obj
 0004:00001fb0       $pdata$DllMain             000000018005dfb0     MSVCRT:dll_dllmain_stub.obj
 0004:00001fbc       $pdata$__scrt_initialize_default_local_stdio_options 000000018005dfbc     MSVCRT:default_local_stdio_options.obj
 0004:00001fc8       $pdata$__scrt_fastfail     000000018005dfc8     MSVCRT:utility_desktop.obj
 0004:00001fd4       $pdata$__scrt_get_show_window_mode 000000018005dfd4     MSVCRT:utility_desktop.obj
 0004:00001fe0       $pdata$__scrt_is_managed_app 000000018005dfe0     MSVCRT:utility_desktop.obj
 0004:00001fec       $pdata$__scrt_unhandled_exception_filter 000000018005dfec     MSVCRT:utility_desktop.obj
 0004:00001ff8       $pdata$_RTC_Initialize     000000018005dff8     MSVCRT:_initsect_.obj
 0004:00002004       $pdata$_RTC_Terminate      000000018005e004     MSVCRT:_initsect_.obj
 0004:00002010       $pdata$__isa_available_init 000000018005e010     MSVCRT:_cpu_disp_.obj
 0004:00002028       $pdata$?fin$0@?0??dllmain_crt_process_attach@@YAHQEAUHINSTANCE__@@QEAX@Z@4HA 000000018005e028     MSVCRT:dll_dllmain.obj
 0004:00002034       $pdata$?fin$0@?0??dllmain_crt_process_detach@@YAH_N@Z@4HA 000000018005e034     MSVCRT:dll_dllmain.obj
 0004:00002040       $pdata$?filt$0@?0??dllmain_dispatch@@YAHQEAUHINSTANCE__@@KQEAX@Z@4HA 000000018005e040     MSVCRT:dll_dllmain.obj
 0004:0000204c       $pdata$__scrt_is_nonwritable_in_current_image$filt$0 000000018005e04c     MSVCRT:utility.obj
 0005:00000000       __guard_fids_?dllmain_crt_process_attach@@YAHQEAUHINSTANCE__@@QEAX@Z 000000018005f000     MSVCRT:dll_dllmain.obj
 0005:00000008       __guard_fids_?dllmain_dispatch@@YAHQEAUHINSTANCE__@@KQEAX@Z 000000018005f008     MSVCRT:dll_dllmain.obj
 0005:0000000c       __guard_fids___scrt_set_unhandled_exception_filter 000000018005f00c     MSVCRT:utility_desktop.obj
 0005:00000010       __guard_fids__             000000018005f010     MSVCRT:guard_support.obj
 0005:00000014       __guard_fids__guard_icall_checks_enforced 000000018005f014     MSVCRT:guard_support.obj
